Running: max_stable_set_scs (rank=1)
==== max_stable_set SCS Batch Run Started at Mon  1 Jun 23:30:59 BST 2026 ====

▶ Running dim=11 with config=configs/max_stable_set_11.yaml at Mon  1 Jun 23:30:59 BST 2026
===Terminated Graph Sampling=== rank:  [1, 1, 1, 1, 1, 1, 1, 1, 1, 1]
------------------------------------------------------------------
	       SCS v3.2.9 - Splitting Conic Solver
	(c) Brendan O'Donoghue, Stanford University, 2012
------------------------------------------------------------------
problem:  variables n: 2098176, constraints m: 2116609
cones: 	  z: primal zero / dual free vars: 18433
	  s: psd vars: 2098176, ssize: 1
settings: eps_abs: 9.1e-07, eps_rel: 9.1e-07, eps_infeas: 1.0e-07
	  alpha: 1.50, scale: 1.00e-01, adaptive_scale: 1
	  max_iters: 100000, normalize: 1, rho_x: 1.00e-06
	  acceleration_lookback: 10, acceleration_interval: 10
lin-sys:  sparse-indirect-scs
	  nnz(A): 2118656, nnz(P): 0
------------------------------------------------------------------
 iter | pri res | dua res |   gap   |   obj   |  scale  | time (s)
------------------------------------------------------------------
     0| 3.63e+01  3.72e+00  8.31e+07 -4.16e+07  1.00e-01  6.58e+00 
   250| 6.73e+14  9.51e+14  1.55e+19 -6.99e+19  1.00e-01  8.03e+02 
   500| 1.34e+15  1.89e+15  7.87e+18 -6.61e+19  1.00e-01  1.63e+03 
   750| 1.09e-02  6.43e-09  3.29e+02 -3.23e+04  1.00e-01  2.60e+03 
  1000| 8.22e-05  1.23e-04  3.85e-04 -1.55e+03  8.41e+02  3.25e+03 
  1250| 6.81e-02  5.72e+01  1.91e-03 -1.53e+03  8.41e+02  3.55e+03 
  1500| 2.26e-08  3.61e-05  1.16e-05 -1.54e+03  8.41e+02  3.86e+03 
  1525| 5.79e-09  4.62e-08  5.86e-07 -1.54e+03  8.41e+02  3.91e+03 
------------------------------------------------------------------
status:  solved
timings: total: 3.91e+03s = setup: 1.34e+00s + solve: 3.90e+03s
	 lin-sys: 3.74e+02s, cones: 3.47e+03s, accel: 1.18e+01s
------------------------------------------------------------------
objective = -1536.000001
------------------------------------------------------------------
===Terminated Graph Sampling=== rank:  [1, 1, 1, 1, 1, 1, 1, 1, 1, 1]
------------------------------------------------------------------
	       SCS v3.2.9 - Splitting Conic Solver
	(c) Brendan O'Donoghue, Stanford University, 2012
------------------------------------------------------------------
problem:  variables n: 2098176, constraints m: 2294785
cones: 	  z: primal zero / dual free vars: 196609
	  s: psd vars: 2098176, ssize: 1
settings: eps_abs: 9.1e-07, eps_rel: 9.1e-07, eps_infeas: 1.0e-07
	  alpha: 1.50, scale: 1.00e-01, adaptive_scale: 1
	  max_iters: 100000, normalize: 1, rho_x: 1.00e-06
	  acceleration_lookback: 10, acceleration_interval: 10
lin-sys:  sparse-indirect-scs
	  nnz(A): 2296832, nnz(P): 0
------------------------------------------------------------------
 iter | pri res | dua res |   gap   |   obj   |  scale  | time (s)
------------------------------------------------------------------
     0| 3.04e+01  2.88e+00  7.60e+07 -3.80e+07  1.00e-01  6.29e+00 
   250| 9.35e-04  1.01e-09  1.58e-01 -2.51e+03  5.11e-01  9.42e+02 
   375| 9.56e-10  2.09e-07  6.18e-05 -1.02e+03  4.02e+02  1.17e+03 
------------------------------------------------------------------
status:  solved
timings: total: 1.17e+03s = setup: 1.33e+00s + solve: 1.17e+03s
	 lin-sys: 8.87e+01s, cones: 1.06e+03s, accel: 2.92e+00s
------------------------------------------------------------------
objective = -1023.999954
------------------------------------------------------------------
===Terminated Graph Sampling=== rank:  [1, 1, 1, 1, 1, 1, 1, 1, 1, 1]
------------------------------------------------------------------
	       SCS v3.2.9 - Splitting Conic Solver
	(c) Brendan O'Donoghue, Stanford University, 2012
------------------------------------------------------------------
problem:  variables n: 2098176, constraints m: 2135041
cones: 	  z: primal zero / dual free vars: 36865
	  s: psd vars: 2098176, ssize: 1
settings: eps_abs: 9.1e-07, eps_rel: 9.1e-07, eps_infeas: 1.0e-07
	  alpha: 1.50, scale: 1.00e-01, adaptive_scale: 1
	  max_iters: 100000, normalize: 1, rho_x: 1.00e-06
	  acceleration_lookback: 10, acceleration_interval: 10
lin-sys:  sparse-indirect-scs
	  nnz(A): 2137088, nnz(P): 0
------------------------------------------------------------------
 iter | pri res | dua res |   gap   |   obj   |  scale  | time (s)
------------------------------------------------------------------
     0| 3.56e+01  3.62e+00  8.24e+07 -4.12e+07  1.00e-01  6.29e+00 
   250| 1.15e+15  1.62e+15  1.33e+19 -6.95e+19  1.00e-01  9.36e+02 
   500| 1.79e+15  2.53e+15  2.17e+18 -6.39e+19  1.00e-01  2.06e+03 
   750| 8.19e-03  1.19e-09  2.06e+01 -2.39e+04  3.44e-01  3.00e+03 
  1000| 7.25e-08  1.85e-05  1.54e-04 -1.54e+03  1.57e+02  3.37e+03 
  1025| 1.03e-08  6.42e-07  1.38e-04 -1.54e+03  1.57e+02  3.44e+03 
------------------------------------------------------------------
status:  solved
timings: total: 3.44e+03s = setup: 1.27e+00s + solve: 3.44e+03s
	 lin-sys: 2.47e+02s, cones: 3.15e+03s, accel: 7.92e+00s
------------------------------------------------------------------
objective = -1535.999935
------------------------------------------------------------------
===Terminated Graph Sampling=== rank:  [1, 1, 1, 1, 1, 1, 1, 1, 1, 1]
------------------------------------------------------------------
	       SCS v3.2.9 - Splitting Conic Solver
	(c) Brendan O'Donoghue, Stanford University, 2012
------------------------------------------------------------------
problem:  variables n: 2098176, constraints m: 2540545
cones: 	  z: primal zero / dual free vars: 442369
	  s: psd vars: 2098176, ssize: 1
settings: eps_abs: 9.1e-07, eps_rel: 9.1e-07, eps_infeas: 1.0e-07
	  alpha: 1.50, scale: 1.00e-01, adaptive_scale: 1
	  max_iters: 100000, normalize: 1, rho_x: 1.00e-06
	  acceleration_lookback: 10, acceleration_interval: 10
lin-sys:  sparse-indirect-scs
	  nnz(A): 2542592, nnz(P): 0
------------------------------------------------------------------
 iter | pri res | dua res |   gap   |   obj   |  scale  | time (s)
------------------------------------------------------------------
     0| 3.02e+01  2.86e+00  6.62e+07 -3.31e+07  1.00e-01  6.22e+00 
   250| 4.95e-03  4.34e-07  1.02e+01 -1.16e+04  1.00e-01  1.18e+03 
   500| 2.30e-08  3.92e-07  5.29e-04 -1.02e+03  5.01e+01  1.74e+03 
------------------------------------------------------------------
status:  solved
timings: total: 1.74e+03s = setup: 1.38e+00s + solve: 1.74e+03s
	 lin-sys: 1.26e+02s, cones: 1.59e+03s, accel: 4.13e+00s
------------------------------------------------------------------
objective = -1023.999728
------------------------------------------------------------------
===Terminated Graph Sampling=== rank:  [1, 1, 1, 1, 1, 1, 1, 1, 1, 1]
------------------------------------------------------------------
	       SCS v3.2.9 - Splitting Conic Solver
	(c) Brendan O'Donoghue, Stanford University, 2012
------------------------------------------------------------------
problem:  variables n: 2098176, constraints m: 2147329
cones: 	  z: primal zero / dual free vars: 49153
	  s: psd vars: 2098176, ssize: 1
settings: eps_abs: 9.1e-07, eps_rel: 9.1e-07, eps_infeas: 1.0e-07
	  alpha: 1.50, scale: 1.00e-01, adaptive_scale: 1
	  max_iters: 100000, normalize: 1, rho_x: 1.00e-06
	  acceleration_lookback: 10, acceleration_interval: 10
lin-sys:  sparse-indirect-scs
	  nnz(A): 2149376, nnz(P): 0
------------------------------------------------------------------
 iter | pri res | dua res |   gap   |   obj   |  scale  | time (s)
------------------------------------------------------------------
     0| 3.23e+01  3.16e+00  8.19e+07 -4.09e+07  1.00e-01  6.34e+00 
   250| 6.15e-03  3.03e-05  1.02e+02 -1.79e+04  1.00e-01  8.97e+02 
   500| 2.17e-08  1.17e-05  6.05e-06 -1.02e+03  1.22e+03  1.48e+03 
   525| 1.28e-09  4.79e-07  1.16e-07 -1.02e+03  1.22e+03  1.52e+03 
------------------------------------------------------------------
status:  solved
timings: total: 1.52e+03s = setup: 1.28e+00s + solve: 1.51e+03s
	 lin-sys: 1.26e+02s, cones: 1.37e+03s, accel: 3.99e+00s
------------------------------------------------------------------
objective = -1023.999988
------------------------------------------------------------------
Number of failed seeds: 0

================================================================================
                             FINAL RESULTS SUMMARY                              
================================================================================
Most metrics are reported as Mean ± Standard Deviation over successful seeds [74, 592, 83, 75, 124].

  Metric                       |                     Value
  ---------------------------- | -------------------------
  Solution Time (s)            |       2357.445 ± 1101.733
  Runtime Median [IQR] (s)     |       1743.341 [1925.438]
  Worst Runtime (s)            |                  3908.128
  Problem Creation (s)         |             0.458 ± 0.092
  Iterations                   |             790.0 ± 429.4
  Feasibility Error            |       3.98e-17 ± 7.89e-17
  Dual Feasibility Error       |       6.54e+07 ± 4.93e+07
  Duality Gap                  |       1.52e-04 ± 1.98e-04
  Peak Memory (MB)             |        2577.073 ± 239.785
  Memory Median [IQR] (MB)     |        2702.145 [198.945]
  Worst Memory (MB)            |                  2761.594
  ---------------------------- | -------------------------
  Rank Statistics                                        
    Ranks X                 : [0.0±0.0]
    Ranks Y                 : [0.0±0.0]
    Ranks Z                 : [0.0±0.0]

================================================================================
✅ Completed dim=11 successfully

==== All runs completed at Tue  2 Jun 02:47:37 BST 2026 ====
