000 (011.000.000) 06/01 16:29:48 Job submitted from host: <146.169.53.168:9618?addrs=146.169.53.168-9618+[2a0c-5bc0-40-11c4-d106-335e-215-8219]-9618&noUDP&sock=53650_5484_3>
...
001 (011.000.000) 06/01 16:29:59 Job executing on host: <146.169.52.3:9618?addrs=146.169.52.3-9618+[2a0c-5bc0-40-11c4-b4fd-3cd3-ab4a-4bd7]-9618&noUDP&sock=56824_483f_4>
...
006 (011.000.000) 06/01 16:30:08 Image size of job updated: 4
	5  -  MemoryUsage of job (MB)
	5028  -  ResidentSetSize of job (KB)
...
006 (011.000.000) 06/01 16:35:08 Image size of job updated: 9258352
	438  -  MemoryUsage of job (MB)
	447940  -  ResidentSetSize of job (KB)
...
006 (011.000.000) 06/01 16:40:09 Image size of job updated: 10276948
	885  -  MemoryUsage of job (MB)
	905852  -  ResidentSetSize of job (KB)
...
006 (011.000.000) 06/01 16:45:10 Image size of job updated: 11258816
	2693  -  MemoryUsage of job (MB)
	2757540  -  ResidentSetSize of job (KB)
...
006 (011.000.000) 06/01 16:50:10 Image size of job updated: 11529336
	2852  -  MemoryUsage of job (MB)
	2919780  -  ResidentSetSize of job (KB)
...
006 (011.000.000) 06/01 16:55:11 Image size of job updated: 12945332
	4557  -  MemoryUsage of job (MB)
	4666224  -  ResidentSetSize of job (KB)
...
006 (011.000.000) 06/01 17:00:12 Image size of job updated: 16873472
	8394  -  MemoryUsage of job (MB)
	8594580  -  ResidentSetSize of job (KB)
...
006 (011.000.000) 06/01 17:05:12 Image size of job updated: 18088480
	9580  -  MemoryUsage of job (MB)
	9809172  -  ResidentSetSize of job (KB)
...
001 (011.000.000) 06/01 18:17:54 Job executing on host: <146.169.52.5:9618?addrs=146.169.52.5-9618+[2a0c-5bc0-40-11c4-2a1e-4162-1f2b-21d3]-9618&noUDP&sock=56083_2a70_4>
...
006 (011.000.000) 06/01 18:43:05 Image size of job updated: 15000000
	4971  -  MemoryUsage of job (MB)
	5090000  -  ResidentSetSize of job (KB)
...
006 (011.000.000) 06/01 18:48:06 Image size of job updated: 17865044
	9078  -  MemoryUsage of job (MB)
	9295340  -  ResidentSetSize of job (KB)
...
006 (011.000.000) 06/01 18:53:08 Image size of job updated: 18505692
	9956  -  MemoryUsage of job (MB)
	10194092  -  ResidentSetSize of job (KB)
...
006 (011.000.000) 06/01 19:03:09 Image size of job updated: 18628504
	10430  -  MemoryUsage of job (MB)
	10679716  -  ResidentSetSize of job (KB)
...
006 (011.000.000) 06/01 19:38:13 Image size of job updated: 19496288
	11452  -  MemoryUsage of job (MB)
	11725912  -  ResidentSetSize of job (KB)
...
006 (011.000.000) 06/01 19:43:13 Image size of job updated: 20296308
	12233  -  MemoryUsage of job (MB)
	12525784  -  ResidentSetSize of job (KB)
...
004 (011.000.000) 06/01 20:30:53 Job was evicted.
	(0) Job was not checkpointed.
		Usr 1 00:57:26, Sys 0 00:10:23  -  Run Remote Usage
		Usr 0 00:00:00, Sys 0 00:00:00  -  Run Local Usage
	0  -  Run Bytes Sent By Job
	0  -  Run Bytes Received By Job
	Partitionable Resources :    Usage  Request Allocated 
	   Cpus                 :    13.06       16        24 
	   Disk (KB)            :     4           4   5811224 
	   Gpus                 :                           0 
	   Memory (MB)          : 12233        4639     15626 
...
001 (011.000.000) 06/01 20:58:03 Job executing on host: <146.169.53.27:9618?addrs=146.169.53.27-9618+[2a0c-5bc0-40-11c4-aa28-39c6-615c-de39]-9618&noUDP&sock=49627_e302_4>
...
004 (011.000.000) 06/01 21:59:54 Job was evicted.
	(0) Job was not checkpointed.
		Usr 0 10:13:20, Sys 0 00:06:53  -  Run Remote Usage
		Usr 0 00:00:00, Sys 0 00:00:00  -  Run Local Usage
	0  -  Run Bytes Sent By Job
	0  -  Run Bytes Received By Job
	Partitionable Resources :    Usage  Request Allocated 
	   Cpus                 :    12.37       16        24 
	   Disk (KB)            :     4           4   6712560 
	   Gpus                 :                           0 
	   Memory (MB)          : 14649       14649     15626 
...
001 (011.000.000) 06/01 22:12:56 Job executing on host: <146.169.53.177:9618?addrs=146.169.53.177-9618+[2a0c-5bc0-40-11c4-45c-ff18-afeb-8819]-9618&noUDP&sock=56406_b787_4>
...
006 (011.000.000) 06/02 02:42:51 Image size of job updated: 23347816
	14649  -  MemoryUsage of job (MB)
	15000000  -  ResidentSetSize of job (KB)
...
005 (011.000.000) 06/02 02:42:51 Job terminated.
	(1) Normal termination (return value 0)
		Usr 1 23:11:33, Sys 0 00:31:23  -  Run Remote Usage
		Usr 0 00:00:00, Sys 0 00:00:00  -  Run Local Usage
		Usr 1 23:11:33, Sys 0 00:31:23  -  Total Remote Usage
		Usr 0 00:00:00, Sys 0 00:00:00  -  Total Local Usage
	0  -  Run Bytes Sent By Job
	0  -  Run Bytes Received By Job
	0  -  Total Bytes Sent By Job
	0  -  Total Bytes Received By Job
	Partitionable Resources :    Usage  Request Allocated 
	   Cpus                 :    10.59       16        24 
	   Disk (KB)            :     4           4   5809064 
	   Gpus                 :                           0 
	   Memory (MB)          : 14649       14649     15626 
...
