Running: maxcut (rank=4)
==== maxcut TT-IPM Batch Run Started at Mon  1 Jun 22:12:59 BST 2026 ====

▶ Running dim=10 with config=configs/maxcut_10.yaml at Mon  1 Jun 22:12:59 BST 2026

===== Processing Rank: 4 =====
Running seed 328
Creating Problem for dim=10, rank=4...
===Terminated Graph Sampling=== rank:  [2, 2, 3, 4, 4, 4, 4, 3, 2]
it 000 | main   | XZ  | ineq=not_in_use | mu=1.00e+00 eta=1.00e-03 sigma=5.00e-01 | err c/p/d=1.04e-02/7.25e+00/8.74e+00 | ok=cpd | rmax X/Y/Z/T=1/1/1/-
it 001 | main   | XZ  | ineq=not_in_use | mu=9.30e-02 eta=1.00e-03 sigma=3.73e-03 | err c/p/d=7.25e-03/2.41e-01/7.45e+00 | ok=cpd | rmax X/Y/Z/T=7/4/7/-
it 002 | main   | XZ  | ineq=not_in_use | mu=7.86e-03 eta=1.00e-03 sigma=1.58e-02 | err c/p/d=1.05e-03/2.05e-01/4.59e-02 | ok=cpd | rmax X/Y/Z/T=22/4/8/-
it 003 | main   | AHO | ineq=not_in_use | mu=8.47e-03 eta=1.00e-03 sigma=8.57e-01 | err c/p/d=7.02e-04/1.69e-01/2.86e-02 | ok=cpd | rmax X/Y/Z/T=28/4/8/-
it 004 | main   | AHO | ineq=not_in_use | mu=3.86e-03 eta=1.00e-03 sigma=7.27e-01 | err c/p/d=2.94e-04/3.36e-02/7.57e-03 | ok=cpd | rmax X/Y/Z/T=35/4/9/-
it 005 | repair | XZ  | ineq=not_in_use | mu=3.07e-03 eta=1.00e-03 sigma=7.22e-01 | err c/p/d=2.28e-04/2.68e-02/2.77e-04 | ok=cpD | rmax X/Y/Z/T=35/4/9/-
it 006 | repair | XZ  | ineq=not_in_use | mu=3.08e-03 eta=1.00e-03 sigma=0.00e+00 | err c/p/d=2.32e-04/1.46e-02/2.77e-04 | ok=cpD | rmax X/Y/Z/T=34/4/9/-
it 007 | repair | XZ  | ineq=not_in_use | mu=3.08e-03 eta=1.00e-03 sigma=0.00e+00 | err c/p/d=2.35e-04/7.71e-03/2.77e-04 | ok=cpD | rmax X/Y/Z/T=34/4/9/-
it 008 | main   | AHO | ineq=not_in_use | mu=3.08e-03 eta=1.00e-03 sigma=0.00e+00 | err c/p/d=2.36e-04/4.07e-03/2.77e-04 | ok=cpD | rmax X/Y/Z/T=34/4/9/-
it 009 | main   | AHO | ineq=not_in_use | mu=1.16e-03 eta=1.00e-03 sigma=3.68e-01 | err c/p/d=7.76e-05/1.91e-03/2.77e-04 | ok=CpD | rmax X/Y/Z/T=37/4/9/-
it 010 | main   | AHO | ineq=not_in_use | mu=1.16e-03 eta=1.00e-03 sigma=0.00e+00 | err c/p/d=7.80e-05/6.58e-04/2.77e-04 | ok=CpD | rmax X/Y/Z/T=36/4/9/-
it 011 | main   | AHO | ineq=not_in_use | mu=1.17e-03 eta=1.00e-03 sigma=0.00e+00 | err c/p/d=7.84e-05/6.75e-04/2.77e-04 | ok=CpD | rmax X/Y/Z/T=35/4/9/-
it 012 | finish | AHO | ineq=not_in_use | mu=1.17e-03 eta=1.00e-03 sigma=0.00e+00 | err c/p/d=7.85e-05/3.46e-05/2.77e-04 | ok=CPD | rmax X/Y/Z/T=35/4/9/-
it 013 | finish | AHO | ineq=not_in_use | mu=2.54e-04 eta=5.08e-04 sigma=0.00e+00 | err c/p/d=1.61e-05/4.77e-04/4.79e-05 | ok=CPD | rmax X/Y/Z/T=36/4/9/-
it 014 | finish | AHO | ineq=not_in_use | mu=2.21e-04 eta=4.42e-04 sigma=0.00e+00 | err c/p/d=1.40e-05/6.04e-04/4.54e-06 | ok=CpD | rmax X/Y/Z/T=36/4/9/-
it 015 | finish | AHO | ineq=not_in_use | mu=1.85e-05 eta=1.00e-04 sigma=0.00e+00 | err c/p/d=1.16e-06/3.66e-04/2.23e-06 | ok=CPD | rmax X/Y/Z/T=37/4/9/-
it 016 | finish | AHO | ineq=not_in_use | mu=2.90e-06 eta=1.00e-04 sigma=0.00e+00 | err c/p/d=1.81e-07/1.31e-04/7.43e-07 | ok=CPD | rmax X/Y/Z/T=37/4/9/-
it 017 | finish | AHO | ineq=not_in_use | mu=6.56e-07 eta=1.00e-04 sigma=0.00e+00 | err c/p/d=4.10e-08/7.10e-05/1.20e-07 | ok=CPD | rmax X/Y/Z/T=37/4/9/-
---Terminated---
Terminated in 17 iterations.
Ranks: X=[5, 7, 11, 37, 24, 22, 17, 9, 5], Z=[4, 5, 6, 9, 7, 7, 7, 6, 4], Y=[2, 2, 2, 4, 2, 2, 2, 2, 2], T=[0, 0, 0, 0, 0, 0, 0, 0, 0]
Run accepted after 17 iterations. Compl Slackness: 6.7127e-04. Feasibility error: 8.0608e-08. Dual Feasibility error: 1.1624e-12.
Run accepted in 129.80s. Memory: 669.20 MB.
Running seed 23
Creating Problem for dim=10, rank=4...
===Terminated Graph Sampling=== rank:  [2, 3, 3, 4, 4, 4, 2, 1, 1]
it 000 | main   | XZ  | ineq=not_in_use | mu=1.00e+00 eta=1.00e-03 sigma=5.00e-01 | err c/p/d=2.06e-02/7.25e+00/8.40e+00 | ok=cpd | rmax X/Y/Z/T=1/1/1/-
it 001 | main   | XZ  | ineq=not_in_use | mu=1.18e-01 eta=1.00e-03 sigma=1.90e-02 | err c/p/d=1.39e-02/4.91e-01/7.14e+00 | ok=cpd | rmax X/Y/Z/T=18/3/8/-
it 002 | main   | XZ  | ineq=not_in_use | mu=5.96e-03 eta=1.00e-03 sigma=2.77e-02 | err c/p/d=1.95e-03/4.22e-01/9.92e-01 | ok=cpd | rmax X/Y/Z/T=26/3/9/-
it 003 | main   | AHO | ineq=not_in_use | mu=1.43e-02 eta=1.00e-03 sigma=9.90e-01 | err c/p/d=1.71e-03/3.42e-01/8.47e-01 | ok=cpd | rmax X/Y/Z/T=46/5/10/-
it 004 | main   | AHO | ineq=not_in_use | mu=6.35e-03 eta=1.00e-03 sigma=6.64e-01 | err c/p/d=8.30e-04/1.50e-01/6.54e-02 | ok=cpd | rmax X/Y/Z/T=51/5/10/-
it 005 | main   | AHO | ineq=not_in_use | mu=3.11e-03 eta=1.00e-03 sigma=6.86e-01 | err c/p/d=4.00e-04/7.64e-02/4.11e-03 | ok=cpd | rmax X/Y/Z/T=51/5/10/-
it 006 | repair | XZ  | ineq=not_in_use | mu=1.61e-03 eta=1.00e-03 sigma=6.69e-01 | err c/p/d=2.00e-04/3.00e-02/4.94e-04 | ok=cpD | rmax X/Y/Z/T=52/5/10/-
it 007 | repair | XZ  | ineq=not_in_use | mu=1.61e-03 eta=1.00e-03 sigma=0.00e+00 | err c/p/d=2.04e-04/1.63e-02/4.94e-04 | ok=cpD | rmax X/Y/Z/T=51/5/10/-
it 008 | repair | XZ  | ineq=not_in_use | mu=1.61e-03 eta=1.00e-03 sigma=0.00e+00 | err c/p/d=2.06e-04/8.58e-03/4.94e-04 | ok=cpD | rmax X/Y/Z/T=51/5/10/-
it 009 | main   | AHO | ineq=not_in_use | mu=1.61e-03 eta=1.00e-03 sigma=0.00e+00 | err c/p/d=2.07e-04/4.51e-03/4.94e-04 | ok=cpD | rmax X/Y/Z/T=51/5/10/-
it 010 | main   | AHO | ineq=not_in_use | mu=5.69e-04 eta=1.00e-03 sigma=4.94e-01 | err c/p/d=6.86e-05/1.22e-03/4.96e-04 | ok=CpD | rmax X/Y/Z/T=56/5/10/-
it 011 | finish | AHO | ineq=not_in_use | mu=5.71e-04 eta=1.00e-03 sigma=0.00e+00 | err c/p/d=6.90e-05/5.16e-04/4.96e-04 | ok=CPD | rmax X/Y/Z/T=55/5/10/-
it 012 | finish | AHO | ineq=not_in_use | mu=1.44e-04 eta=2.87e-04 sigma=0.00e+00 | err c/p/d=1.70e-05/7.74e-04/4.97e-05 | ok=CpD | rmax X/Y/Z/T=55/5/10/-
it 013 | finish | AHO | ineq=not_in_use | mu=1.95e-05 eta=1.00e-04 sigma=0.00e+00 | err c/p/d=2.29e-06/2.68e-04/2.25e-04 | ok=CPD | rmax X/Y/Z/T=64/4/9/-
it 014 | finish | AHO | ineq=not_in_use | mu=2.03e-06 eta=1.00e-04 sigma=0.00e+00 | err c/p/d=2.38e-07/1.11e-04/6.97e-05 | ok=CPD | rmax X/Y/Z/T=76/4/9/-
warn   | step-eig | target=miss | residual=1.60e-06 > 1.00e-08 | action=damp
it 015 | finish | AHO | ineq=not_in_use | mu=1.46e-06 eta=1.00e-04 sigma=0.00e+00 | err c/p/d=1.71e-07/1.32e-04/7.15e-05 | ok=CPD | rmax X/Y/Z/T=100/4/9/-
warn   | step-eig | target=miss | residual=6.09e-07 > 1.00e-08 | action=damp
it 016 | finish | AHO | ineq=not_in_use | mu=1.47e-06 eta=1.00e-04 sigma=0.00e+00 | err c/p/d=1.72e-07/1.53e-04/7.11e-05 | ok=CPD | rmax X/Y/Z/T=105/4/9/-
---Terminated---
Terminated in 16 iterations.
Ranks: X=[5, 15, 23, 53, 105, 64, 22, 12, 5], Z=[4, 5, 6, 9, 8, 8, 5, 4, 3], Y=[2, 2, 2, 4, 2, 2, 1, 1, 1], T=[0, 0, 0, 0, 0, 0, 0, 0, 0]
Run accepted after 16 iterations. Compl Slackness: 1.5085e-03. Feasibility error: 3.7347e-07. Dual Feasibility error: 8.0988e-08.
Run accepted in 7396.03s. Memory: 13011.33 MB.
Running seed 836
Creating Problem for dim=10, rank=4...
===Terminated Graph Sampling=== rank:  [1, 1, 3, 3, 4, 2, 3, 2, 2]
it 000 | main   | XZ  | ineq=not_in_use | mu=1.00e+00 eta=1.00e-03 sigma=5.00e-01 | err c/p/d=1.68e-02/7.25e+00/8.48e+00 | ok=cpd | rmax X/Y/Z/T=1/1/1/-
it 001 | main   | XZ  | ineq=not_in_use | mu=1.12e-01 eta=1.00e-03 sigma=1.37e-02 | err c/p/d=1.15e-02/4.31e-01/7.21e+00 | ok=cpd | rmax X/Y/Z/T=17/5/10/-
it 002 | main   | XZ  | ineq=not_in_use | mu=6.79e-03 eta=1.00e-03 sigma=2.58e-02 | err c/p/d=1.76e-03/3.69e-01/7.22e-01 | ok=cpd | rmax X/Y/Z/T=24/5/10/-
it 003 | main   | AHO | ineq=not_in_use | mu=1.39e-02 eta=1.00e-03 sigma=9.90e-01 | err c/p/d=1.52e-03/3.00e-01/6.01e-01 | ok=cpd | rmax X/Y/Z/T=51/6/10/-
it 004 | main   | AHO | ineq=not_in_use | mu=8.31e-03 eta=1.00e-03 sigma=6.84e-01 | err c/p/d=8.69e-04/2.15e-01/1.78e-01 | ok=cpd | rmax X/Y/Z/T=71/8/12/-
it 005 | main   | AHO | ineq=not_in_use | mu=4.31e-03 eta=1.00e-03 sigma=5.90e-01 | err c/p/d=4.58e-04/9.70e-02/3.44e-02 | ok=cpd | rmax X/Y/Z/T=73/8/12/-
it 006 | main   | AHO | ineq=not_in_use | mu=2.31e-03 eta=1.00e-03 sigma=6.75e-01 | err c/p/d=2.36e-04/4.44e-02/1.78e-03 | ok=cpd | rmax X/Y/Z/T=73/8/12/-
it 007 | main   | AHO | ineq=not_in_use | mu=7.45e-04 eta=1.00e-03 sigma=5.16e-01 | err c/p/d=7.19e-05/5.15e-03/7.62e-05 | ok=CpD | rmax X/Y/Z/T=73/8/12/-
it 008 | finish | AHO | ineq=not_in_use | mu=7.45e-04 eta=1.00e-03 sigma=0.00e+00 | err c/p/d=7.24e-05/2.59e-04/7.64e-05 | ok=CPD | rmax X/Y/Z/T=73/8/12/-
it 009 | finish | AHO | ineq=not_in_use | mu=3.23e-04 eta=6.47e-04 sigma=0.00e+00 | err c/p/d=3.08e-05/3.55e-04/2.96e-05 | ok=CPD | rmax X/Y/Z/T=73/8/12/-
it 010 | finish | AHO | ineq=not_in_use | mu=9.17e-05 eta=1.83e-04 sigma=0.00e+00 | err c/p/d=8.62e-06/4.71e-04/4.68e-06 | ok=CPD | rmax X/Y/Z/T=73/8/12/-
it 011 | finish | AHO | ineq=not_in_use | mu=5.78e-06 eta=1.00e-04 sigma=0.00e+00 | err c/p/d=5.40e-07/1.84e-04/6.44e-06 | ok=CPD | rmax X/Y/Z/T=74/8/12/-
it 012 | finish | AHO | ineq=not_in_use | mu=1.34e-06 eta=1.00e-04 sigma=0.00e+00 | err c/p/d=1.25e-07/1.02e-04/4.50e-05 | ok=CPD | rmax X/Y/Z/T=106/8/12/-
it 013 | finish | AHO | ineq=not_in_use | mu=9.57e-07 eta=1.00e-04 sigma=0.00e+00 | err c/p/d=8.93e-08/1.01e-04/3.35e-05 | ok=CPD | rmax X/Y/Z/T=121/8/12/-
---Terminated---
Terminated in 13 iterations.
Ranks: X=[3, 4, 11, 15, 48, 121, 65, 17, 5], Z=[3, 4, 7, 7, 10, 11, 12, 7, 4], Y=[1, 1, 2, 2, 4, 8, 8, 4, 2], T=[0, 0, 0, 0, 0, 0, 0, 0, 0]
Run accepted after 13 iterations. Compl Slackness: 9.8007e-04. Feasibility error: 1.6403e-07. Dual Feasibility error: 1.8010e-08.
Run accepted in 2955.54s. Memory: 6841.69 MB.
Running seed 837
Creating Problem for dim=10, rank=4...
===Terminated Graph Sampling=== rank:  [2, 2, 2, 2, 3, 4, 4, 2, 2]
it 000 | main   | XZ  | ineq=not_in_use | mu=1.00e+00 eta=1.00e-03 sigma=5.00e-01 | err c/p/d=1.65e-02/7.25e+00/8.49e+00 | ok=cpd | rmax X/Y/Z/T=1/1/1/-
it 001 | main   | XZ  | ineq=not_in_use | mu=1.08e-01 eta=1.00e-03 sigma=1.08e-02 | err c/p/d=1.12e-02/3.94e-01/7.22e+00 | ok=cpd | rmax X/Y/Z/T=15/5/9/-
it 002 | main   | XZ  | ineq=not_in_use | mu=8.63e-03 eta=1.00e-03 sigma=2.44e-02 | err c/p/d=2.07e-03/3.36e-01/2.19e-01 | ok=cpd | rmax X/Y/Z/T=44/6/11/-
it 003 | main   | AHO | ineq=not_in_use | mu=1.66e-02 eta=1.00e-03 sigma=9.90e-01 | err c/p/d=1.81e-03/2.73e-01/1.85e-01 | ok=cpd | rmax X/Y/Z/T=102/8/14/-
warn   | step-eig | target=miss | residual=6.63e-03 > 1.00e-08 | action=damp
it 004 | main   | AHO | ineq=not_in_use | mu=1.12e-02 eta=1.00e-03 sigma=9.43e-01 | err c/p/d=1.17e-03/2.07e-01/1.50e-01 | ok=cpd | rmax X/Y/Z/T=174/12/17/-
warn   | step-eig | target=miss | residual=3.07e-03 > 1.00e-08 | action=damp
it 005 | main   | AHO | ineq=not_in_use | mu=7.56e-03 eta=1.00e-03 sigma=4.50e-01 | err c/p/d=7.87e-04/2.08e-01/5.39e-02 | ok=cpd | rmax X/Y/Z/T=168/12/17/-
it 006 | main   | AHO | ineq=not_in_use | mu=5.77e-03 eta=1.00e-03 sigma=5.56e-01 | err c/p/d=5.66e-04/1.53e-01/4.40e-02 | ok=cpd | rmax X/Y/Z/T=202/12/17/-
it 007 | main   | AHO | ineq=not_in_use | mu=3.96e-03 eta=1.00e-03 sigma=6.11e-01 | err c/p/d=3.79e-04/1.03e-01/7.81e-03 | ok=cpd | rmax X/Y/Z/T=202/12/17/-
it 008 | main   | AHO | ineq=not_in_use | mu=1.23e-03 eta=1.00e-03 sigma=5.27e-01 | err c/p/d=1.08e-04/1.36e-02/3.49e-03 | ok=cpd | rmax X/Y/Z/T=222/12/17/-
it 009 | main   | AHO | ineq=not_in_use | mu=3.63e-04 eta=7.27e-04 sigma=5.86e-01 | err c/p/d=3.05e-05/1.35e-03/1.21e-03 | ok=Cpd | rmax X/Y/Z/T=239/11/17/-
it 010 | main   | AHO | ineq=not_in_use | mu=3.68e-04 eta=7.27e-04 sigma=0.00e+00 | err c/p/d=3.09e-05/7.11e-04/6.96e-05 | ok=CpD | rmax X/Y/Z/T=233/12/17/-
Terminated
❌ Error occurred for dim=10 (exit code 143)
Process MemTimer-4:

==== All runs completed at Tue  2 Jun 02:42:51 BST 2026 ====
Traceback (most recent call last):
  File "/homes/fjk20/miniforge3/envs/ttipm/lib/python3.14/multiprocessing/process.py", line 320, in _bootstrap
    self.run()
    ~~~~~~~~^^
  File "/homes/fjk20/miniforge3/envs/ttipm/lib/python3.14/site-packages/memory_profiler.py", line 252, in run
    cur_mem = _get_memory(
        self.monitor_pid, self.backend, timestamps=self.timestamps,
        include_children=self.include_children,)
  File "/homes/fjk20/miniforge3/envs/ttipm/lib/python3.14/site-packages/memory_profiler.py", line 221, in _get_memory
    return tools[backend]()
           ~~~~~~~~~~~~~~^^
  File "/homes/fjk20/miniforge3/envs/ttipm/lib/python3.14/site-packages/memory_profiler.py", line 134, in ps_util_tool
    process = psutil.Process(pid)
  File "/homes/fjk20/miniforge3/envs/ttipm/lib/python3.14/site-packages/psutil/__init__.py", line 313, in __init__
    self._init(pid)
    ~~~~~~~~~~^^^^^
  File "/homes/fjk20/miniforge3/envs/ttipm/lib/python3.14/site-packages/psutil/__init__.py", line 359, in _init
    raise NoSuchProcess(pid, msg=msg) from None
psutil.NoSuchProcess: process PID not found (pid=3616445)
