Running: maxcut (rank=3)
==== maxcut TT-IPM Batch Run Started at Mon  1 Jun 18:18:01 BST 2026 ====

▶ Running dim=11 with config=configs/maxcut_11.yaml at Mon  1 Jun 18:18:01 BST 2026

===== Processing Rank: 3 =====
Running seed 832
Creating Problem for dim=11, rank=3...
===Terminated Graph Sampling=== rank:  [1, 1, 1, 1, 1, 3, 3, 3, 3, 2]
it 000 | main   | XZ  | ineq=not_in_use | mu=1.00e+00 eta=1.00e-03 sigma=5.00e-01 | err c/p/d=8.14e-03/1.06e+01/1.20e+01 | ok=cpd | rmax X/Y/Z/T=1/1/1/-
it 001 | main   | XZ  | ineq=not_in_use | mu=9.16e-02 eta=1.00e-03 sigma=2.93e-03 | err c/p/d=6.26e-03/5.11e-01/1.02e+01 | ok=cpd | rmax X/Y/Z/T=7/2/6/-
it 002 | main   | XZ  | ineq=not_in_use | mu=2.76e-03 eta=1.00e-03 sigma=2.82e-02 | err c/p/d=6.36e-04/4.42e-01/2.55e+00 | ok=cpd | rmax X/Y/Z/T=9/2/6/-
it 003 | main   | AHO | ineq=not_in_use | mu=6.09e-03 eta=1.00e-03 sigma=9.90e-01 | err c/p/d=4.60e-04/3.59e-01/2.04e+00 | ok=cpd | rmax X/Y/Z/T=9/2/6/-
it 004 | main   | AHO | ineq=not_in_use | mu=1.88e-03 eta=1.00e-03 sigma=5.86e-01 | err c/p/d=1.28e-04/6.18e-02/3.17e-01 | ok=cpd | rmax X/Y/Z/T=9/2/6/-
it 005 | main   | AHO | ineq=not_in_use | mu=1.22e-03 eta=1.00e-03 sigma=6.34e-01 | err c/p/d=8.08e-05/3.46e-02/5.59e-02 | ok=Cpd | rmax X/Y/Z/T=9/2/6/-
it 006 | main   | AHO | ineq=not_in_use | mu=1.22e-03 eta=1.00e-03 sigma=0.00e+00 | err c/p/d=8.44e-05/1.73e-03/2.80e-03 | ok=Cpd | rmax X/Y/Z/T=9/2/6/-
it 007 | finish | AHO | ineq=not_in_use | mu=1.22e-03 eta=1.00e-03 sigma=0.00e+00 | err c/p/d=8.46e-05/8.65e-05/1.40e-04 | ok=CPD | rmax X/Y/Z/T=9/2/6/-
it 008 | finish | AHO | ineq=not_in_use | mu=6.62e-04 eta=1.00e-03 sigma=0.00e+00 | err c/p/d=4.36e-05/4.26e-05/8.67e-05 | ok=CPD | rmax X/Y/Z/T=9/2/6/-
it 009 | finish | AHO | ineq=not_in_use | mu=3.56e-04 eta=7.12e-04 sigma=0.00e+00 | err c/p/d=2.29e-05/2.78e-05/1.73e-05 | ok=CPD | rmax X/Y/Z/T=9/2/6/-
it 010 | finish | AHO | ineq=not_in_use | mu=1.11e-04 eta=2.21e-04 sigma=0.00e+00 | err c/p/d=6.88e-06/4.80e-05/1.93e-06 | ok=CPD | rmax X/Y/Z/T=9/2/6/-
it 011 | finish | AHO | ineq=not_in_use | mu=5.75e-06 eta=1.00e-04 sigma=0.00e+00 | err c/p/d=3.53e-07/4.11e-05/6.99e-06 | ok=CPD | rmax X/Y/Z/T=10/2/6/-
warn   | step-eig | target=miss | residual=1.58e-08 > 1.00e-08 | action=damp
it 012 | finish | AHO | ineq=not_in_use | mu=2.56e-06 eta=1.00e-04 sigma=0.00e+00 | err c/p/d=1.57e-07/5.43e-05/4.52e-06 | ok=CPD | rmax X/Y/Z/T=13/2/6/-
---Terminated---
Terminated in 12 iterations.
Ranks: X=[3, 3, 3, 3, 3, 7, 13, 13, 5, 3], Z=[3, 3, 3, 3, 3, 6, 5, 5, 4, 3], Y=[1, 1, 1, 1, 1, 2, 1, 1, 1, 1], T=[0, 0, 0, 0, 0, 0, 0, 0, 0, 0]
Run terminated after 12 iterations. Compl Slackness: 5.2471e-03. Feasibility error: 4.7236e-08. Dual Feasibility error: 3.2858e-10.
Run terminated in 13.98s. Memory: 405.38 MB.
Seed 832 terminated (feasibility error: 4.72e-08, dual feasibility error: 3.29e-10, slackness: 5.25e-03). Suggesting a new seed.
New seed suggested: 689
Creating Problem for dim=11, rank=3...
===Terminated Graph Sampling=== rank:  [3, 3, 3, 3, 3, 2, 2, 1, 1, 1]
it 000 | main   | XZ  | ineq=not_in_use | mu=1.00e+00 eta=1.00e-03 sigma=5.00e-01 | err c/p/d=1.93e-02/1.06e+01/1.16e+01 | ok=cpd | rmax X/Y/Z/T=1/1/1/-
it 001 | main   | XZ  | ineq=not_in_use | mu=1.33e-01 eta=1.00e-03 sigma=3.23e-02 | err c/p/d=1.45e-02/1.02e+00/9.86e+00 | ok=cpd | rmax X/Y/Z/T=12/4/8/-
it 002 | main   | XZ  | ineq=not_in_use | mu=1.50e-03 eta=1.00e-03 sigma=2.90e-02 | err c/p/d=8.82e-04/6.02e-01/6.17e+00 | ok=cpd | rmax X/Y/Z/T=16/4/8/-
it 003 | main   | AHO | ineq=not_in_use | mu=9.63e-03 eta=1.00e-03 sigma=9.90e-01 | err c/p/d=1.31e-03/4.84e-01/5.88e+00 | ok=cpd | rmax X/Y/Z/T=23/4/8/-
it 004 | main   | AHO | ineq=not_in_use | mu=7.50e-03 eta=1.00e-03 sigma=7.84e-01 | err c/p/d=9.84e-04/4.15e-01/4.81e-01 | ok=cpd | rmax X/Y/Z/T=23/4/8/-
it 005 | main   | AHO | ineq=not_in_use | mu=3.19e-03 eta=1.00e-03 sigma=5.36e-01 | err c/p/d=4.69e-04/7.16e-02/1.21e-01 | ok=cpd | rmax X/Y/Z/T=23/4/8/-
it 006 | main   | AHO | ineq=not_in_use | mu=1.02e-03 eta=1.00e-03 sigma=5.10e-01 | err c/p/d=1.39e-04/6.98e-03/7.61e-03 | ok=cpd | rmax X/Y/Z/T=24/4/8/-
it 007 | main   | AHO | ineq=not_in_use | mu=2.77e-04 eta=5.54e-04 sigma=4.73e-01 | err c/p/d=3.63e-05/1.03e-03/3.67e-04 | ok=CpD | rmax X/Y/Z/T=29/4/8/-
it 008 | finish | AHO | ineq=not_in_use | mu=2.78e-04 eta=5.54e-04 sigma=0.00e+00 | err c/p/d=3.65e-05/2.71e-04/4.08e-04 | ok=CPD | rmax X/Y/Z/T=29/4/8/-
it 009 | finish | AHO | ineq=not_in_use | mu=3.23e-05 eta=1.00e-04 sigma=0.00e+00 | err c/p/d=4.19e-06/6.11e-04/4.29e-05 | ok=CpD | rmax X/Y/Z/T=30/4/8/-
it 010 | finish | AHO | ineq=not_in_use | mu=3.36e-06 eta=1.00e-04 sigma=0.00e+00 | err c/p/d=4.35e-07/2.62e-04/6.67e-05 | ok=CPD | rmax X/Y/Z/T=47/4/9/-
it 011 | finish | AHO | ineq=not_in_use | mu=1.08e-06 eta=1.00e-04 sigma=0.00e+00 | err c/p/d=1.40e-07/2.30e-04/8.21e-05 | ok=CPD | rmax X/Y/Z/T=70/4/8/-
Process MemTimer-2:
/vol/bitbucket/fjk20/projects/Tensor-Train-Interior-Point-Method/tt_ipm.sh: line 111: 3272736 Killed                  timeout "$CURRENT_TIMEOUT" "${cmd[@]}"
❌ Error occurred for dim=11 (exit code 137)
Traceback (most recent call last):
  File "/homes/fjk20/miniforge3/envs/ttipm/lib/python3.14/multiprocessing/process.py", line 320, in _bootstrap
    self.run()
    ~~~~~~~~^^
  File "/homes/fjk20/miniforge3/envs/ttipm/lib/python3.14/site-packages/memory_profiler.py", line 252, in run
    cur_mem = _get_memory(
        self.monitor_pid, self.backend, timestamps=self.timestamps,
        include_children=self.include_children,)
  File "/homes/fjk20/miniforge3/envs/ttipm/lib/python3.14/site-packages/memory_profiler.py", line 221, in _get_memory
    return tools[backend]()
           ~~~~~~~~~~~~~~^^
  File "/homes/fjk20/miniforge3/envs/ttipm/lib/python3.14/site-packages/memory_profiler.py", line 134, in ps_util_tool
    process = psutil.Process(pid)
  File "/homes/fjk20/miniforge3/envs/ttipm/lib/python3.14/site-packages/psutil/__init__.py", line 313, in __init__
    self._init(pid)
    ~~~~~~~~~~^^^^^
  File "/homes/fjk20/miniforge3/envs/ttipm/lib/python3.14/site-packages/psutil/__init__.py", line 359, in _init
    raise NoSuchProcess(pid, msg=msg) from None
psutil.NoSuchProcess: process PID not found (pid=3272737)

==== All runs completed at Mon  1 Jun 19:35:10 BST 2026 ====
