000 (014.000.000) 06/01 16:31:15 Job submitted from host: <146.169.53.168:9618?addrs=146.169.53.168-9618+[2a0c-5bc0-40-11c4-d106-335e-215-8219]-9618&noUDP&sock=53650_5484_3>
...
001 (014.000.000) 06/01 16:31:53 Job executing on host: <146.169.52.5:9618?addrs=146.169.52.5-9618+[2a0c-5bc0-40-11c4-2a1e-4162-1f2b-21d3]-9618&noUDP&sock=56083_2a70_4>
...
006 (014.000.000) 06/01 16:31:56 Image size of job updated: 4
	0  -  MemoryUsage of job (MB)
	0  -  ResidentSetSize of job (KB)
...
005 (014.000.000) 06/01 16:31:56 Job terminated.
	(1) Normal termination (return value 0)
		Usr 0 00:00:00, Sys 0 00:00:00  -  Run Remote Usage
		Usr 0 00:00:00, Sys 0 00:00:00  -  Run Local Usage
		Usr 0 00:00:00, Sys 0 00:00:00  -  Total Remote Usage
		Usr 0 00:00:00, Sys 0 00:00:00  -  Total Local Usage
	0  -  Run Bytes Sent By Job
	0  -  Run Bytes Received By Job
	0  -  Total Bytes Sent By Job
	0  -  Total Bytes Received By Job
	Partitionable Resources :    Usage  Request Allocated 
	   Cpus                 :        0       16        24 
	   Disk (KB)            :        4        4   5811224 
	   Gpus                 :                           0 
	   Memory (MB)          :        0        1     15626 
...
