Running: corr_clust (rank=1)
==== corr_clust TT-IPM Batch Run Started at Mon  1 Jun 22:29:58 BST 2026 ====

▶ Running dim=10 with config=configs/corr_clust_10.yaml at Mon  1 Jun 22:29:58 BST 2026

===== Processing Rank: 1 =====
Running seed 253
Creating Problem for dim=10, rank=1...
===Terminated Graph Sampling=== rank:  [1, 1, 1, 1, 1, 1, 1, 1, 1]
===Terminated Graph Sampling=== rank:  [1, 1, 1, 1, 1, 1, 1, 1, 1]
Actual graph TT-rank: [1, 1, 1, 1, 1, 1, 1, 1, 1]
Obj TT-rank: [1, 1, 1, 1, 1, 1, 1, 1, 1]
it 000 | main   | XZ  | ineq=active   | mu=4.00e+00 eta=1.00e-03 sigma=5.00e-01 | err c/p/d=2.14e-02/1.53e+01/1.53e+01 | ok=cpd | rmax X/Y/Z/T=1/1/1/1
it 001 | main   | XZ  | ineq=inactive | mu=2.61e-01 eta=1.00e-03 sigma=1.49e-03 | err c/p/d=1.75e-02/4.46e-01/1.30e+01 | ok=cpd | rmax X/Y/Z/T=4/2/4/1
it 002 | main   | XZ  | ineq=inactive | mu=5.31e-03 eta=1.00e-03 sigma=2.64e-02 | err c/p/d=1.02e-03/3.88e-01/3.61e+00 | ok=cpd | rmax X/Y/Z/T=4/2/4/1
it 003 | main   | AHO | ineq=inactive | mu=1.74e-03 eta=1.00e-03 sigma=1.99e-01 | err c/p/d=1.29e-04/3.20e-01/1.98e+00 | ok=cpd | rmax X/Y/Z/T=4/2/4/1
it 004 | main   | AHO | ineq=inactive | mu=2.20e-04 eta=4.40e-04 sigma=2.03e-02 | err c/p/d=3.30e-05/2.60e-01/2.40e-01 | ok=Cpd | rmax X/Y/Z/T=10/2/4/1
it 005 | main   | AHO | ineq=inactive | mu=2.41e-04 eta=4.40e-04 sigma=0.00e+00 | err c/p/d=2.55e-05/1.84e-02/1.20e-01 | ok=Cpd | rmax X/Y/Z/T=16/2/4/1
it 006 | main   | AHO | ineq=inactive | mu=2.43e-04 eta=4.40e-04 sigma=0.00e+00 | err c/p/d=2.51e-05/4.36e-04/6.12e-03 | ok=CPd | rmax X/Y/Z/T=17/2/4/1
it 007 | finish | AHO | ineq=inactive | mu=2.43e-04 eta=4.40e-04 sigma=0.00e+00 | err c/p/d=2.51e-05/1.23e-04/3.08e-04 | ok=CPD | rmax X/Y/Z/T=16/2/4/1
it 008 | finish | AHO | ineq=inactive | mu=1.62e-04 eta=3.24e-04 sigma=0.00e+00 | err c/p/d=1.68e-05/5.80e-04/3.59e-04 | ok=CPD | rmax X/Y/Z/T=31/3/5/1
it 009 | finish | AHO | ineq=inactive | mu=1.11e-04 eta=2.23e-04 sigma=0.00e+00 | err c/p/d=1.16e-05/8.84e-04/1.95e-04 | ok=CpD | rmax X/Y/Z/T=38/3/6/1
it 010 | finish | AHO | ineq=inactive | mu=8.89e-05 eta=1.78e-04 sigma=0.00e+00 | err c/p/d=9.27e-06/1.06e-03/2.48e-04 | ok=CpD | rmax X/Y/Z/T=113/3/5/1

	⚠️ Attention: 
	Number of restarts exhausted, Relative Error = 6.969189e+00. Consider increasing rank ceiling.

	==> Full traceback (most recent call last):
Traceback (most recent call last):
  File "/vol/bitbucket/fjk20/projects/Tensor-Train-Interior-Point-Method/psd_system/corr_clust/../../src/tt_ipm.py", line 755, in _tt_ipm_newton_step
    Delta_tt, _ = solver(
                  ~~~~~~^
        lhs_pred_tt,
        ^^^^^^^^^^^^
    ...<5 lines>...
        strict_first_attempt=status.aho_direction,
        ^^^^^^^^^^^^^^^^^^^^^^^^^^^^^^^^^^^^^^^^^^
    )
    ^
  File "/vol/bitbucket/fjk20/projects/Tensor-Train-Interior-Point-Method/psd_system/corr_clust/../../src/tt_ipm.py", line 1189, in <lambda>
    solver_eq = lambda lhs, rhs, x0, nwsp, restriction, termination_tol, strict_first_attempt=False: tt_restarted_block_amen(
                                                                                                     ~~~~~~~~~~~~~~~~~~~~~~~^
        lhs,
        ^^^^
    ...<9 lines>...
        strict_first_attempt=strict_first_attempt
        ^^^^^^^^^^^^^^^^^^^^^^^^^^^^^^^^^^^^^^^^^
    )
    ^
  File "/vol/bitbucket/fjk20/projects/Tensor-Train-Interior-Point-Method/psd_system/corr_clust/../../src/tt_als.py", line 799, in tt_restarted_block_amen
    raise RuntimeError(f"\n\tTarget residual not reached after first AMEn attempt, Relative Error = {rhs_norm / orig_rhs_norm:.3e}.")
RuntimeError: 
	Target residual not reached after first AMEn attempt, Relative Error = 3.928e+00.

During handling of the above exception, another exception occurred:

Traceback (most recent call last):
  File "/vol/bitbucket/fjk20/projects/Tensor-Train-Interior-Point-Method/psd_system/corr_clust/../../src/tt_ipm.py", line 770, in _tt_ipm_newton_step
    Delta_tt, _ = solver(lhs_pred_tt, rhs_pred_tt, status.mals_delta0, status.kkt_iterations + status.is_last_iter, status.mals_rank_restriction, status.eta)
                  ~~~~~~^^^^^^^^^^^^^^^^^^^^^^^^^^^^^^^^^^^^^^^^^^^^^^^^^^^^^^^^^^^^^^^^^^^^^^^^^^^^^^^^^^^^^^^^^^^^^^^^^^^^^^^^^^^^^^^^^^^^^^^^^^^^^^^^^^^^^
  File "/vol/bitbucket/fjk20/projects/Tensor-Train-Interior-Point-Method/psd_system/corr_clust/../../src/tt_ipm.py", line 1189, in <lambda>
    solver_eq = lambda lhs, rhs, x0, nwsp, restriction, termination_tol, strict_first_attempt=False: tt_restarted_block_amen(
                                                                                                     ~~~~~~~~~~~~~~~~~~~~~~~^
        lhs,
        ^^^^
    ...<9 lines>...
        strict_first_attempt=strict_first_attempt
        ^^^^^^^^^^^^^^^^^^^^^^^^^^^^^^^^^^^^^^^^^
    )
    ^
  File "/vol/bitbucket/fjk20/projects/Tensor-Train-Interior-Point-Method/psd_system/corr_clust/../../src/tt_als.py", line 828, in tt_restarted_block_amen
    raise RuntimeError(f"\n\tNumber of restarts exhausted, Relative Error = {rhs_norm / orig_rhs_norm:3e}. Consider increasing rank ceiling.")
RuntimeError: 
	Number of restarts exhausted, Relative Error = 6.969189e+00. Consider increasing rank ceiling.
---Terminated---
Terminated in 11 iterations.
Ranks: X=[3, 9, 28, 59, 86, 113, 59, 17, 5], Z=[3, 4, 5, 5, 5, 5, 4, 4, 4], Y=[1, 2, 3, 3, 3, 3, 2, 2, 2], T=[1, 1, 1, 1, 1, 1, 1, 1, 1]
Run terminated after 11 iterations. Compl Slackness: 9.0994e-02. Feasibility error: 1.7908e-05. Dual Feasibility error: 9.8591e-07.
Run terminated in 29844.80s. Memory: 13795.87 MB.
Seed 253 terminated (feasibility error: 1.79e-05, dual feasibility error: 9.86e-07, slackness: 9.10e-02). Suggesting a new seed.
New seed suggested: 608
Creating Problem for dim=10, rank=1...
===Terminated Graph Sampling=== rank:  [1, 1, 1, 1, 1, 1, 1, 1, 1]
===Terminated Graph Sampling=== rank:  [1, 1, 1, 1, 1, 1, 1, 1, 1]
Actual graph TT-rank: [1, 1, 1, 1, 1, 1, 1, 1, 1]
Obj TT-rank: [2, 2, 2, 2, 2, 2, 2, 2, 2]
it 000 | main   | XZ  | ineq=active   | mu=9.64e-02 eta=1.00e-03 sigma=5.00e-01 | err c/p/d=6.24e-04/1.53e+01/1.66e+01 | ok=cpd | rmax X/Y/Z/T=2/1/1/1
it 001 | main   | XZ  | ineq=active   | mu=1.21e-02 eta=1.00e-03 sigma=1.49e-03 | err c/p/d=5.31e-04/1.54e+00/1.41e+01 | ok=cpd | rmax X/Y/Z/T=5/2/4/2
it 002 | main   | XZ  | ineq=active   | mu=1.47e-03 eta=1.00e-03 sigma=2.30e-02 | err c/p/d=2.09e-04/1.02e-01/5.49e+00 | ok=cpd | rmax X/Y/Z/T=8/2/6/4
it 003 | main   | AHO | ineq=active   | mu=1.71e-04 eta=3.41e-04 sigma=9.42e-03 | err c/p/d=1.93e-05/8.66e-02/1.12e+00 | ok=Cpd | rmax X/Y/Z/T=10/2/6/4
it 004 | main   | AHO | ineq=active   | mu=1.69e-04 eta=3.39e-04 sigma=0.00e+00 | err c/p/d=2.11e-05/4.55e-03/5.62e-02 | ok=Cpd | rmax X/Y/Z/T=11/2/6/4
it 005 | main   | AHO | ineq=active   | mu=1.70e-04 eta=3.39e-04 sigma=0.00e+00 | err c/p/d=2.12e-05/3.60e-04/2.90e-03 | ok=CPd | rmax X/Y/Z/T=11/2/6/4
it 006 | finish | AHO | ineq=active   | mu=1.70e-04 eta=3.39e-04 sigma=0.00e+00 | err c/p/d=2.12e-05/3.75e-04/1.54e-04 | ok=CPD | rmax X/Y/Z/T=11/2/6/4
it 007 | finish | AHO | ineq=active   | mu=5.94e-05 eta=1.19e-04 sigma=0.00e+00 | err c/p/d=7.28e-06/5.42e-04/6.92e-04 | ok=CPD | rmax X/Y/Z/T=14/2/9/6
it 008 | finish | AHO | ineq=active   | mu=5.06e-05 eta=1.01e-04 sigma=0.00e+00 | err c/p/d=6.16e-06/5.21e-04/8.36e-04 | ok=CPD | rmax X/Y/Z/T=14/2/9/6
it 009 | finish | AHO | ineq=active   | mu=4.14e-05 eta=1.00e-04 sigma=0.00e+00 | err c/p/d=4.84e-06/2.58e-04/8.73e-04 | ok=CPD | rmax X/Y/Z/T=16/2/8/6
it 010 | finish | AHO | ineq=active   | mu=1.56e-05 eta=1.00e-04 sigma=0.00e+00 | err c/p/d=1.73e-06/7.56e-05/4.24e-04 | ok=CPD | rmax X/Y/Z/T=17/3/10/7
it 011 | finish | AHO | ineq=active   | mu=7.31e-07 eta=1.00e-04 sigma=0.00e+00 | err c/p/d=8.12e-08/9.83e-05/5.27e-04 | ok=CPD | rmax X/Y/Z/T=18/3/9/6
it 012 | finish | AHO | ineq=active   | mu=4.79e-08 eta=1.00e-04 sigma=0.00e+00 | err c/p/d=5.32e-09/9.25e-05/3.16e-04 | ok=CPD | rmax X/Y/Z/T=26/3/8/5
it 013 | finish | AHO | ineq=active   | mu=2.17e-08 eta=1.00e-04 sigma=0.00e+00 | err c/p/d=2.41e-09/9.73e-05/4.25e-04 | ok=CPD | rmax X/Y/Z/T=37/2/7/5
---Terminated---
Terminated in 13 iterations.
Ranks: X=[5, 5, 9, 9, 17, 37, 27, 17, 5], Z=[5, 5, 5, 5, 5, 7, 7, 7, 5], Y=[2, 2, 2, 2, 2, 2, 2, 2, 2], T=[4, 4, 4, 4, 4, 5, 5, 5, 4]
Run accepted after 13 iterations. Compl Slackness: 8.3380e-04. Feasibility error: 1.5133e-07. Dual Feasibility error: 2.8943e-06.
Run accepted in 2062.54s. Memory: 1880.05 MB.
Rerun with new seed 608 accepted. Feasibility error: 1.51e-07, dual feasibility error: 2.89e-06, slackness: 8.34e-04
Running seed 599
Creating Problem for dim=10, rank=1...
===Terminated Graph Sampling=== rank:  [1, 1, 1, 1, 1, 1, 1, 1, 1]
===Terminated Graph Sampling=== rank:  [1, 1, 1, 1, 1, 1, 1, 1, 1]
Actual graph TT-rank: [1, 1, 1, 1, 1, 1, 1, 1, 1]
Obj TT-rank: [3, 4, 4, 4, 4, 4, 4, 2, 2]
it 000 | main   | XZ  | ineq=active   | mu=9.64e-02 eta=1.00e-03 sigma=5.00e-01 | err c/p/d=6.21e-04/1.52e+01/1.66e+01 | ok=cpd | rmax X/Y/Z/T=2/1/1/1
	Attention: Exited at iteration 100 with accuracies 
[0.]
not reaching the requested tolerance 1e-08.
Use iteration 0 instead with accuracy 
3.359118893286209e-08.

	Attention: Exited at iteration 100 with accuracies 
[0.]
not reaching the requested tolerance 1e-08.
Use iteration 0 instead with accuracy 
3.385168792552233e-08.

	Attention: Exited at iteration 100 with accuracies 
[0.]
not reaching the requested tolerance 1e-08.
Use iteration 91 instead with accuracy 
1.6622980729662652e-08.

	Attention: Exited at iteration 100 with accuracies 
[0.]
not reaching the requested tolerance 1e-08.
Use iteration 88 instead with accuracy 
1.807495245341146e-08.

	Attention: Exited at iteration 100 with accuracies 
[0.]
not reaching the requested tolerance 1e-08.
Use iteration 0 instead with accuracy 
2.967834358600806e-08.

	Attention: Exited at iteration 100 with accuracies 
[0.]
not reaching the requested tolerance 1e-08.
Use iteration 0 instead with accuracy 
2.9701206798057243e-08.

	Attention: Exited at iteration 100 with accuracies 
[0.]
not reaching the requested tolerance 1e-08.
Use iteration 11 instead with accuracy 
4.077629148975878e-08.

	Attention: Exited at iteration 100 with accuracies 
[0.]
not reaching the requested tolerance 1e-08.
Use iteration 4 instead with accuracy 
3.467882410964508e-08.

	Attention: Exited at iteration 100 with accuracies 
[0.]
not reaching the requested tolerance 1e-08.
Use iteration 1 instead with accuracy 
2.3902148864950694e-08.

	Attention: Exited at iteration 100 with accuracies 
[0.]
not reaching the requested tolerance 1e-08.
Use iteration 1 instead with accuracy 
3.211231228120409e-08.

	Attention: Exited at iteration 100 with accuracies 
[0.]
not reaching the requested tolerance 1e-08.
Use iteration 1 instead with accuracy 
2.7485867440823874e-08.

	Attention: Exited at iteration 100 with accuracies 
[0.]
not reaching the requested tolerance 1e-08.
Use iteration 1 instead with accuracy 
2.6229985781490983e-08.

	Attention: Exited at iteration 100 with accuracies 
[0.]
not reaching the requested tolerance 1e-08.
Use iteration 19 instead with accuracy 
1.517771143499869e-08.

	Attention: Exited at iteration 100 with accuracies 
[0.]
not reaching the requested tolerance 1e-08.
Use iteration 34 instead with accuracy 
1.611702912940861e-08.

	Attention: Exited at iteration 100 with accuracies 
[0.]
not reaching the requested tolerance 1e-08.
Use iteration 1 instead with accuracy 
1.5427339502852828e-07.

	Attention: Exited at iteration 100 with accuracies 
[0.]
not reaching the requested tolerance 1e-08.
Use iteration 1 instead with accuracy 
1.2092886125280133e-07.

	Attention: Exited at iteration 100 with accuracies 
[0.]
not reaching the requested tolerance 1e-08.
Use iteration 1 instead with accuracy 
1.0656213610865285e-07.

	Attention: Exited at iteration 100 with accuracies 
[0.]
not reaching the requested tolerance 1e-08.
Use iteration 1 instead with accuracy 
1.088878604899678e-07.

	Attention: Exited at iteration 100 with accuracies 
[0.]
not reaching the requested tolerance 1e-08.
Use iteration 5 instead with accuracy 
1.0960170275705532e-07.

	Attention: Exited at iteration 100 with accuracies 
[0.]
not reaching the requested tolerance 1e-08.
Use iteration 23 instead with accuracy 
3.163521151064049e-08.

	Attention: Exited at iteration 100 with accuracies 
[0.]
not reaching the requested tolerance 1e-08.
Use iteration 23 instead with accuracy 
3.476965962367076e-08.

	Attention: Exited at iteration 100 with accuracies 
[0.]
not reaching the requested tolerance 1e-08.
Use iteration 5 instead with accuracy 
1.0858730222300027e-07.

	Attention: Exited at iteration 100 with accuracies 
[0.]
not reaching the requested tolerance 1e-08.
Use iteration 1 instead with accuracy 
1.0893435925063899e-07.

	Attention: Exited at iteration 100 with accuracies 
[0.]
not reaching the requested tolerance 1e-08.
Use iteration 1 instead with accuracy 
1.0657842487793753e-07.

	Attention: Exited at iteration 100 with accuracies 
[0.]
not reaching the requested tolerance 1e-08.
Use iteration 1 instead with accuracy 
1.255525628820345e-07.

	Attention: Exited at iteration 100 with accuracies 
[0.]
not reaching the requested tolerance 1e-08.
Use iteration 1 instead with accuracy 
1.2770382046168423e-07.

	Attention: Exited at iteration 100 with accuracies 
[0.]
not reaching the requested tolerance 1e-08.
Use iteration 2 instead with accuracy 
1.3526559659285006e-07.

	Attention: Exited at iteration 100 with accuracies 
[0.]
not reaching the requested tolerance 1e-08.
Use iteration 1 instead with accuracy 
1.5292357920043733e-07.

	Attention: Exited at iteration 100 with accuracies 
[0.]
not reaching the requested tolerance 1e-08.
Use iteration 1 instead with accuracy 
1.0811799327408089e-07.

	Attention: Exited at iteration 100 with accuracies 
[0.]
not reaching the requested tolerance 1e-08.
Use iteration 1 instead with accuracy 
1.0716334015362125e-07.

	Attention: Exited at iteration 100 with accuracies 
[0.]
not reaching the requested tolerance 1e-08.
Use iteration 4 instead with accuracy 
1.1908818612035166e-07.

	Attention: Exited at iteration 100 with accuracies 
[0.]
not reaching the requested tolerance 1e-08.
Use iteration 28 instead with accuracy 
3.3490332061831146e-08.

	Attention: Exited at iteration 100 with accuracies 
[0.]
not reaching the requested tolerance 1e-08.
Use iteration 29 instead with accuracy 
3.7151202168958255e-08.

	Attention: Exited at iteration 100 with accuracies 
[0.]
not reaching the requested tolerance 1e-08.
Use iteration 4 instead with accuracy 
1.1876332489708244e-07.

	Attention: Exited at iteration 100 with accuracies 
[0.]
not reaching the requested tolerance 1e-08.
Use iteration 1 instead with accuracy 
1.06843932028086e-07.

	Attention: Exited at iteration 100 with accuracies 
[0.]
not reaching the requested tolerance 1e-08.
Use iteration 1 instead with accuracy 
1.0662575839153738e-07.

	Attention: Exited at iteration 100 with accuracies 
[0.]
not reaching the requested tolerance 1e-08.
Use iteration 1 instead with accuracy 
1.4243456177447898e-07.

	Attention: Exited at iteration 100 with accuracies 
[0.]
not reaching the requested tolerance 1e-08.
Use iteration 2 instead with accuracy 
1.2318191380555462e-07.

	Attention: Exited at iteration 100 with accuracies 
[0.]
not reaching the requested tolerance 1e-08.
Use iteration 2 instead with accuracy 
1.1947685626518356e-07.

	Attention: Exited at iteration 100 with accuracies 
[0.]
not reaching the requested tolerance 1e-08.
Use iteration 1 instead with accuracy 
1.4869058143106148e-07.

	Attention: Exited at iteration 100 with accuracies 
[0.]
not reaching the requested tolerance 1e-08.
Use iteration 1 instead with accuracy 
1.0702261706935813e-07.

	Attention: Exited at iteration 100 with accuracies 
[0.]
not reaching the requested tolerance 1e-08.
Use iteration 1 instead with accuracy 
1.0672770248055495e-07.

	Attention: Exited at iteration 100 with accuracies 
[0.]
not reaching the requested tolerance 1e-08.
Use iteration 5 instead with accuracy 
1.0232094063275542e-07.

	Attention: Exited at iteration 100 with accuracies 
[0.]
not reaching the requested tolerance 1e-08.
Use iteration 29 instead with accuracy 
3.4414350951852056e-08.

	Attention: Exited at iteration 100 with accuracies 
[0.]
not reaching the requested tolerance 1e-08.
Use iteration 29 instead with accuracy 
3.499080220722315e-08.

	Attention: Exited at iteration 100 with accuracies 
[0.]
not reaching the requested tolerance 1e-08.
Use iteration 5 instead with accuracy 
1.0232825363200583e-07.

	Attention: Exited at iteration 100 with accuracies 
[0.]
not reaching the requested tolerance 1e-08.
Use iteration 1 instead with accuracy 
1.0666536403644038e-07.

	Attention: Exited at iteration 100 with accuracies 
[0.]
not reaching the requested tolerance 1e-08.
Use iteration 1 instead with accuracy 
1.06660215252539e-07.

	Attention: Exited at iteration 100 with accuracies 
[0.]
not reaching the requested tolerance 1e-08.
Use iteration 1 instead with accuracy 
1.4672969859672373e-07.

	Attention: Exited at iteration 100 with accuracies 
[0.]
not reaching the requested tolerance 1e-08.
Use iteration 2 instead with accuracy 
1.2243842952045193e-07.

	Attention: Exited at iteration 100 with accuracies 
[0.]
not reaching the requested tolerance 1e-08.
Use iteration 2 instead with accuracy 
1.2207246213817846e-07.

	Attention: Exited at iteration 100 with accuracies 
[0.]
not reaching the requested tolerance 1e-08.
Use iteration 1 instead with accuracy 
1.4891479302004424e-07.

	Attention: Exited at iteration 100 with accuracies 
[0.]
not reaching the requested tolerance 1e-08.
Use iteration 1 instead with accuracy 
1.0674743160092788e-07.

	Attention: Exited at iteration 100 with accuracies 
[0.]
not reaching the requested tolerance 1e-08.
Use iteration 1 instead with accuracy 
1.0668548969132612e-07.

	Attention: Exited at iteration 100 with accuracies 
[0.]
not reaching the requested tolerance 1e-08.
Use iteration 4 instead with accuracy 
1.2702289063160347e-07.

	Attention: Exited at iteration 100 with accuracies 
[0.]
not reaching the requested tolerance 1e-08.
Use iteration 37 instead with accuracy 
3.379517967198728e-08.

	Attention: Exited at iteration 100 with accuracies 
[0.]
not reaching the requested tolerance 1e-08.
Use iteration 37 instead with accuracy 
3.2905235126565014e-08.

	Attention: Exited at iteration 100 with accuracies 
[0.]
not reaching the requested tolerance 1e-08.
Use iteration 4 instead with accuracy 
1.2745444356207202e-07.

	Attention: Exited at iteration 100 with accuracies 
[0.]
not reaching the requested tolerance 1e-08.
Use iteration 25 instead with accuracy 
1.0012261269732937e-07.

	Attention: Exited at iteration 100 with accuracies 
[0.]
not reaching the requested tolerance 1e-08.
Use iteration 1 instead with accuracy 
1.0670687184188341e-07.

	Attention: Exited at iteration 100 with accuracies 
[0.]
not reaching the requested tolerance 1e-08.
Use iteration 1 instead with accuracy 
1.4814488489083181e-07.

	Attention: Exited at iteration 100 with accuracies 
[0.]
not reaching the requested tolerance 1e-08.
Use iteration 68 instead with accuracy 
1.1650270396441609e-07.

	Attention: Exited at iteration 100 with accuracies 
[0.]
not reaching the requested tolerance 1e-08.
Use iteration 70 instead with accuracy 
1.146012355750138e-07.

	Attention: Exited at iteration 100 with accuracies 
[0.]
not reaching the requested tolerance 1e-08.
Use iteration 1 instead with accuracy 
1.5173241863959784e-07.

	Attention: Exited at iteration 100 with accuracies 
[0.]
not reaching the requested tolerance 1e-08.
Use iteration 19 instead with accuracy 
9.708705548776987e-08.

	Attention: Exited at iteration 100 with accuracies 
[0.]
not reaching the requested tolerance 1e-08.
Use iteration 1 instead with accuracy 
1.0670921488516116e-07.

	Attention: Exited at iteration 100 with accuracies 
[0.]
not reaching the requested tolerance 1e-08.
Use iteration 4 instead with accuracy 
1.1750815841333105e-07.

	Attention: Exited at iteration 100 with accuracies 
[0.]
not reaching the requested tolerance 1e-08.
Use iteration 24 instead with accuracy 
3.198790411637038e-08.

	Attention: Exited at iteration 100 with accuracies 
[0.]
not reaching the requested tolerance 1e-08.
Use iteration 23 instead with accuracy 
3.441369559277504e-08.

	Attention: Exited at iteration 100 with accuracies 
[0.]
not reaching the requested tolerance 1e-08.
Use iteration 4 instead with accuracy 
1.1788878734753678e-07.

	Attention: Exited at iteration 100 with accuracies 
[0.]
not reaching the requested tolerance 1e-08.
Use iteration 1 instead with accuracy 
1.0671037106127963e-07.

	Attention: Exited at iteration 100 with accuracies 
[0.]
not reaching the requested tolerance 1e-08.
Use iteration 20 instead with accuracy 
9.313378849253243e-08.

	Attention: Exited at iteration 100 with accuracies 
[0.]
not reaching the requested tolerance 1e-08.
Use iteration 1 instead with accuracy 
1.5356686417926256e-07.

	Attention: Exited at iteration 100 with accuracies 
[0.]
not reaching the requested tolerance 1e-08.
Use iteration 70 instead with accuracy 
1.1244438311136089e-07.

	Attention: Exited at iteration 100 with accuracies 
[0.]
not reaching the requested tolerance 1e-08.
Use iteration 70 instead with accuracy 
1.0948301283860008e-07.

	Attention: Exited at iteration 100 with accuracies 
[0.]
not reaching the requested tolerance 1e-08.
Use iteration 1 instead with accuracy 
1.5402561489591536e-07.

	Attention: Exited at iteration 100 with accuracies 
[0.]
not reaching the requested tolerance 1e-08.
Use iteration 19 instead with accuracy 
9.750481476023147e-08.

	Attention: Exited at iteration 100 with accuracies 
[0.]
not reaching the requested tolerance 1e-08.
Use iteration 1 instead with accuracy 
1.0670842284675899e-07.

	Attention: Exited at iteration 100 with accuracies 
[0.]
not reaching the requested tolerance 1e-08.
Use iteration 7 instead with accuracy 
9.905582409341702e-08.

	Attention: Exited at iteration 100 with accuracies 
[0.]
not reaching the requested tolerance 1e-08.
Use iteration 31 instead with accuracy 
2.7284875337673303e-08.

	Attention: Exited at iteration 100 with accuracies 
[0.]
not reaching the requested tolerance 1e-08.
Use iteration 31 instead with accuracy 
2.7040483205409607e-08.

	Attention: Exited at iteration 100 with accuracies 
[0.]
not reaching the requested tolerance 1e-08.
Use iteration 7 instead with accuracy 
9.783245899502279e-08.

	Attention: Exited at iteration 100 with accuracies 
[0.]
not reaching the requested tolerance 1e-08.
Use iteration 1 instead with accuracy 
1.067136700003652e-07.

	Attention: Exited at iteration 100 with accuracies 
[0.]
not reaching the requested tolerance 1e-08.
Use iteration 1 instead with accuracy 
1.0671541365284914e-07.

	Attention: Exited at iteration 100 with accuracies 
[0.]
not reaching the requested tolerance 1e-08.
Use iteration 1 instead with accuracy 
1.500031673329097e-07.

	Attention: Exited at iteration 100 with accuracies 
[0.]
not reaching the requested tolerance 1e-08.
Use iteration 2 instead with accuracy 
1.1742438964752984e-07.

	Attention: Exited at iteration 100 with accuracies 
[0.]
not reaching the requested tolerance 1e-08.
Use iteration 2 instead with accuracy 
1.1490081642028208e-07.

	Attention: Exited at iteration 100 with accuracies 
[0.]
not reaching the requested tolerance 1e-08.
Use iteration 1 instead with accuracy 
1.5156728949501364e-07.

	Attention: Exited at iteration 100 with accuracies 
[0.]
not reaching the requested tolerance 1e-08.
Use iteration 96 instead with accuracy 
9.482010610064485e-08.

	Attention: Exited at iteration 100 with accuracies 
[0.]
not reaching the requested tolerance 1e-08.
Use iteration 1 instead with accuracy 
1.0674024988254337e-07.

	Attention: Exited at iteration 100 with accuracies 
[0.]
not reaching the requested tolerance 1e-08.
Use iteration 3 instead with accuracy 
1.1937873301662428e-07.

	Attention: Exited at iteration 100 with accuracies 
[0.]
not reaching the requested tolerance 1e-08.
Use iteration 32 instead with accuracy 
3.235923722968772e-08.

	Attention: Exited at iteration 100 with accuracies 
[0.]
not reaching the requested tolerance 1e-08.
Use iteration 32 instead with accuracy 
3.3798481079201995e-08.

	Attention: Exited at iteration 100 with accuracies 
[0.]
not reaching the requested tolerance 1e-08.
Use iteration 3 instead with accuracy 
1.1993802195517417e-07.

	Attention: Exited at iteration 100 with accuracies 
[0.]
not reaching the requested tolerance 1e-08.
Use iteration 1 instead with accuracy 
1.0676995277942867e-07.

	Attention: Exited at iteration 100 with accuracies 
[0.]
not reaching the requested tolerance 1e-08.
Use iteration 1 instead with accuracy 
1.0677287456138366e-07.

	Attention: Exited at iteration 100 with accuracies 
[0.]
not reaching the requested tolerance 1e-08.
Use iteration 1 instead with accuracy 
1.5323405669310832e-07.

	Attention: Exited at iteration 100 with accuracies 
[0.]
not reaching the requested tolerance 1e-08.
Use iteration 2 instead with accuracy 
1.185862217631831e-07.

	Attention: Exited at iteration 100 with accuracies 
[0.]
not reaching the requested tolerance 1e-08.
Use iteration 2 instead with accuracy 
1.2099730371719862e-07.

	Attention: Exited at iteration 100 with accuracies 
[0.]
not reaching the requested tolerance 1e-08.
Use iteration 1 instead with accuracy 
1.6018452158742265e-07.

	Attention: Exited at iteration 100 with accuracies 
[0.]
not reaching the requested tolerance 1e-08.
Use iteration 1 instead with accuracy 
1.0683709081461533e-07.

	Attention: Exited at iteration 100 with accuracies 
[0.]
not reaching the requested tolerance 1e-08.
Use iteration 1 instead with accuracy 
1.068525316686004e-07.

	Attention: Exited at iteration 100 with accuracies 
[0.]
not reaching the requested tolerance 1e-08.
Use iteration 34 instead with accuracy 
1.4439503870555536e-07.

	Attention: Exited at iteration 100 with accuracies 
[0.]
not reaching the requested tolerance 1e-08.
Use iteration 39 instead with accuracy 
4.515623860563569e-08.

	Attention: Exited at iteration 100 with accuracies 
[0.]
not reaching the requested tolerance 1e-08.
Use iteration 39 instead with accuracy 
4.5063498803756033e-08.

	Attention: Exited at iteration 100 with accuracies 
[0.]
not reaching the requested tolerance 1e-08.
Use iteration 2 instead with accuracy 
1.663971566612342e-07.

	Attention: Exited at iteration 100 with accuracies 
[0.]
not reaching the requested tolerance 1e-08.
Use iteration 1 instead with accuracy 
1.0684149591447436e-07.

	Attention: Exited at iteration 100 with accuracies 
[0.]
not reaching the requested tolerance 1e-08.
Use iteration 1 instead with accuracy 
1.068477498307401e-07.

	Attention: Exited at iteration 100 with accuracies 
[0.]
not reaching the requested tolerance 1e-08.
Use iteration 1 instead with accuracy 
1.5347796855422568e-07.

	Attention: Exited at iteration 100 with accuracies 
[0.]
not reaching the requested tolerance 1e-08.
Use iteration 2 instead with accuracy 
1.1961220513692166e-07.

	Attention: Exited at iteration 100 with accuracies 
[0.]
not reaching the requested tolerance 1e-08.
Use iteration 2 instead with accuracy 
1.1994746663920646e-07.

	Attention: Exited at iteration 100 with accuracies 
[0.]
not reaching the requested tolerance 1e-08.
Use iteration 1 instead with accuracy 
1.5208491928198346e-07.

	Attention: Exited at iteration 100 with accuracies 
[0.]
not reaching the requested tolerance 1e-08.
Use iteration 1 instead with accuracy 
1.0686494450122676e-07.

	Attention: Exited at iteration 100 with accuracies 
[0.]
not reaching the requested tolerance 1e-08.
Use iteration 1 instead with accuracy 
1.0686835063065846e-07.

	Attention: Exited at iteration 100 with accuracies 
[0.]
not reaching the requested tolerance 1e-08.
Use iteration 3 instead with accuracy 
1.0115662155332766e-07.

	Attention: Exited at iteration 100 with accuracies 
[0.]
not reaching the requested tolerance 1e-08.
Use iteration 32 instead with accuracy 
3.77508801520896e-08.

	Attention: Exited at iteration 100 with accuracies 
[0.]
not reaching the requested tolerance 1e-08.
Use iteration 32 instead with accuracy 
2.9894233229465965e-08.

	Attention: Exited at iteration 100 with accuracies 
[0.]
not reaching the requested tolerance 1e-08.
Use iteration 27 instead with accuracy 
7.755447662408449e-08.

	Attention: Exited at iteration 100 with accuracies 
[0.]
not reaching the requested tolerance 1e-08.
Use iteration 1 instead with accuracy 
1.068719676805779e-07.

	Attention: Exited at iteration 100 with accuracies 
[0.]
not reaching the requested tolerance 1e-08.
Use iteration 1 instead with accuracy 
1.0687169285580784e-07.

	Attention: Exited at iteration 100 with accuracies 
[0.]
not reaching the requested tolerance 1e-08.
Use iteration 1 instead with accuracy 
1.5005796088985943e-07.

	Attention: Exited at iteration 100 with accuracies 
[0.]
not reaching the requested tolerance 1e-08.
Use iteration 2 instead with accuracy 
1.1830996687102119e-07.

	Attention: Exited at iteration 100 with accuracies 
[0.]
not reaching the requested tolerance 1e-08.
Use iteration 32 instead with accuracy 
7.163006334931169e-08.

it 001 | main   | XZ  | ineq=active   | mu=1.46e-02 eta=1.00e-03 sigma=1.49e-03 | err c/p/d=5.34e-04/2.01e+00/1.41e+01 | ok=cpd | rmax X/Y/Z/T=8/3/6/3
	Attention: Exited at iteration 100 with accuracies 
[0.0002]
not reaching the requested tolerance 1e-08.
Use iteration 7 instead with accuracy 
2.2592060557118736e-08.

	Attention: Exited at iteration 100 with accuracies 
[0.]
not reaching the requested tolerance 1e-08.
Use iteration 6 instead with accuracy 
1.3015339135011898e-07.

	Attention: Exited at iteration 100 with accuracies 
[0.]
not reaching the requested tolerance 1e-08.
Use iteration 87 instead with accuracy 
9.230740158896209e-08.

	Attention: Exited at iteration 100 with accuracies 
[0.]
not reaching the requested tolerance 1e-08.
Use iteration 10 instead with accuracy 
2.923300537698864e-07.

	Attention: Exited at iteration 100 with accuracies 
[0.]
not reaching the requested tolerance 1e-08.
Use iteration 5 instead with accuracy 
1.1574722643530794e-07.

	Attention: Exited at iteration 100 with accuracies 
[0.]
not reaching the requested tolerance 1e-08.
Use iteration 5 instead with accuracy 
1.4124219732176708e-07.

	Attention: Exited at iteration 100 with accuracies 
[0.]
not reaching the requested tolerance 1e-08.
Use iteration 17 instead with accuracy 
3.08132361308968e-07.

	Attention: Exited at iteration 100 with accuracies 
[0.]
not reaching the requested tolerance 1e-08.
Use iteration 53 instead with accuracy 
7.706077995336651e-08.

	Attention: Exited at iteration 100 with accuracies 
[0.]
not reaching the requested tolerance 1e-08.
Use iteration 18 instead with accuracy 
9.161084073624874e-08.

	Attention: Exited at iteration 100 with accuracies 
[0.]
not reaching the requested tolerance 1e-08.
Use iteration 3 instead with accuracy 
2.4546583774429982e-08.

	Attention: Exited at iteration 100 with accuracies 
[0.0002]
not reaching the requested tolerance 1e-08.
Use iteration 3 instead with accuracy 
4.8466319984950734e-08.

	Attention: Exited at iteration 100 with accuracies 
[0.0004]
not reaching the requested tolerance 1e-08.
Use iteration 3 instead with accuracy 
4.441330419555735e-08.

	Attention: Exited at iteration 100 with accuracies 
[0.]
not reaching the requested tolerance 1e-08.
Use iteration 9 instead with accuracy 
3.938389247153925e-08.

	Attention: Exited at iteration 100 with accuracies 
[0.]
not reaching the requested tolerance 1e-08.
Use iteration 9 instead with accuracy 
4.05271552371756e-08.

	Attention: Exited at iteration 100 with accuracies 
[0.0002]
not reaching the requested tolerance 1e-08.
Use iteration 2 instead with accuracy 
5.985935800058647e-08.

	Attention: Exited at iteration 100 with accuracies 
[0.0003]
not reaching the requested tolerance 1e-08.
Use iteration 3 instead with accuracy 
6.612674089981415e-08.

	Attention: Exited at iteration 100 with accuracies 
[0.0003]
not reaching the requested tolerance 1e-08.
Use iteration 2 instead with accuracy 
5.483922473390481e-08.

	Attention: Exited at iteration 100 with accuracies 
[0.]
not reaching the requested tolerance 1e-08.
Use iteration 3 instead with accuracy 
4.460327824912365e-08.

	Attention: Exited at iteration 100 with accuracies 
[0.0002]
not reaching the requested tolerance 1e-08.
Use iteration 2 instead with accuracy 
5.5678671131805417e-08.

	Attention: Exited at iteration 100 with accuracies 
[0.0001]
not reaching the requested tolerance 1e-08.
Use iteration 2 instead with accuracy 
3.843534504811534e-08.

	Attention: Exited at iteration 100 with accuracies 
[0.]
not reaching the requested tolerance 1e-08.
Use iteration 6 instead with accuracy 
3.8411186314327096e-08.

	Attention: Exited at iteration 100 with accuracies 
[0.]
not reaching the requested tolerance 1e-08.
Use iteration 6 instead with accuracy 
4.234175044522099e-08.

	Attention: Exited at iteration 100 with accuracies 
[0.0002]
not reaching the requested tolerance 1e-08.
Use iteration 2 instead with accuracy 
4.7788047829810414e-08.

	Attention: Exited at iteration 100 with accuracies 
[0.0001]
not reaching the requested tolerance 1e-08.
Use iteration 2 instead with accuracy 
5.208486227527439e-08.

	Attention: Exited at iteration 100 with accuracies 
[0.0001]
not reaching the requested tolerance 1e-08.
Use iteration 2 instead with accuracy 
5.5080195247439004e-08.

	Attention: Exited at iteration 100 with accuracies 
[0.0001]
not reaching the requested tolerance 1e-08.
Use iteration 6 instead with accuracy 
6.16124782548151e-08.

	Attention: Exited at iteration 100 with accuracies 
[0.0005]
not reaching the requested tolerance 1e-08.
Use iteration 2 instead with accuracy 
4.139871007257498e-08.

	Attention: Exited at iteration 100 with accuracies 
[0.0001]
not reaching the requested tolerance 1e-08.
Use iteration 1 instead with accuracy 
3.636808735262914e-08.

	Attention: Exited at iteration 100 with accuracies 
[0.]
not reaching the requested tolerance 1e-08.
Use iteration 1 instead with accuracy 
3.639119663428643e-08.

	Attention: Exited at iteration 100 with accuracies 
[0.]
not reaching the requested tolerance 1e-08.
Use iteration 2 instead with accuracy 
4.721823934701312e-08.

	Attention: Exited at iteration 100 with accuracies 
[0.0001]
not reaching the requested tolerance 1e-08.
Use iteration 1 instead with accuracy 
4.359781837410544e-08.

	Attention: Exited at iteration 100 with accuracies 
[0.0002]
not reaching the requested tolerance 1e-08.
Use iteration 1 instead with accuracy 
4.324770921631898e-08.

	Attention: Exited at iteration 100 with accuracies 
[0.0004]
not reaching the requested tolerance 1e-08.
Use iteration 1 instead with accuracy 
4.242740942851045e-08.

	Attention: Exited at iteration 100 with accuracies 
[0.0002]
not reaching the requested tolerance 1e-08.
Use iteration 2 instead with accuracy 
5.527809681034819e-08.

	Attention: Exited at iteration 100 with accuracies 
[0.0002]
not reaching the requested tolerance 1e-08.
Use iteration 1 instead with accuracy 
3.652863707966547e-08.

	Attention: Exited at iteration 100 with accuracies 
[0.0001]
not reaching the requested tolerance 1e-08.
Use iteration 1 instead with accuracy 
3.6501281584971353e-08.

	Attention: Exited at iteration 100 with accuracies 
[0.]
not reaching the requested tolerance 1e-08.
Use iteration 1 instead with accuracy 
3.651725326165491e-08.

	Attention: Exited at iteration 100 with accuracies 
[0.]
not reaching the requested tolerance 1e-08.
Use iteration 2 instead with accuracy 
5.2340982312240696e-08.

	Attention: Exited at iteration 100 with accuracies 
[0.0001]
not reaching the requested tolerance 1e-08.
Use iteration 1 instead with accuracy 
4.055576027268145e-08.

	Attention: Exited at iteration 100 with accuracies 
[0.0002]
not reaching the requested tolerance 1e-08.
Use iteration 1 instead with accuracy 
3.9412196798789986e-08.

	Attention: Exited at iteration 100 with accuracies 
[0.0003]
not reaching the requested tolerance 1e-08.
Use iteration 1 instead with accuracy 
3.88712319846581e-08.

	Attention: Exited at iteration 100 with accuracies 
[0.0001]
not reaching the requested tolerance 1e-08.
Use iteration 1 instead with accuracy 
4.863518739694286e-08.

	Attention: Exited at iteration 100 with accuracies 
[0.0002]
not reaching the requested tolerance 1e-08.
Use iteration 1 instead with accuracy 
3.8999080358058386e-08.

	Attention: Exited at iteration 100 with accuracies 
[0.0003]
not reaching the requested tolerance 1e-08.
Use iteration 1 instead with accuracy 
3.7069551866522096e-08.

	Attention: Exited at iteration 100 with accuracies 
[0.]
not reaching the requested tolerance 1e-08.
Use iteration 1 instead with accuracy 
3.7122140994064974e-08.

	Attention: Exited at iteration 100 with accuracies 
[0.]
not reaching the requested tolerance 1e-08.
Use iteration 1 instead with accuracy 
3.9764722500263737e-08.

	Attention: Exited at iteration 100 with accuracies 
[0.0002]
not reaching the requested tolerance 1e-08.
Use iteration 1 instead with accuracy 
3.853470041627919e-08.

	Attention: Exited at iteration 100 with accuracies 
[0.0002]
not reaching the requested tolerance 1e-08.
Use iteration 1 instead with accuracy 
3.842143164037797e-08.

	Attention: Exited at iteration 100 with accuracies 
[0.0006]
not reaching the requested tolerance 1e-08.
Use iteration 1 instead with accuracy 
3.865350601424753e-08.

	Attention: Exited at iteration 100 with accuracies 
[0.0006]
not reaching the requested tolerance 1e-08.
Use iteration 2 instead with accuracy 
6.637335680013657e-08.

	Attention: Exited at iteration 100 with accuracies 
[0.0001]
not reaching the requested tolerance 1e-08.
Use iteration 1 instead with accuracy 
3.704124268611421e-08.

	Attention: Exited at iteration 100 with accuracies 
[0.0001]
not reaching the requested tolerance 1e-08.
Use iteration 1 instead with accuracy 
3.678870538714145e-08.

	Attention: Exited at iteration 100 with accuracies 
[0.]
not reaching the requested tolerance 1e-08.
Use iteration 1 instead with accuracy 
3.681168190577553e-08.

	Attention: Exited at iteration 100 with accuracies 
[0.0002]
not reaching the requested tolerance 1e-08.
Use iteration 13 instead with accuracy 
1.1141519311601427e-08.

	Attention: Exited at iteration 100 with accuracies 
[0.0006]
not reaching the requested tolerance 1e-08.
Use iteration 39 instead with accuracy 
4.6838595154762204e-08.

	Attention: Exited at iteration 100 with accuracies 
[0.]
not reaching the requested tolerance 1e-08.
Use iteration 40 instead with accuracy 
2.1522008459471125e-08.

	Attention: Exited at iteration 100 with accuracies 
[0.]
not reaching the requested tolerance 1e-08.
Use iteration 99 instead with accuracy 
1.1454558883746431e-08.

	Attention: Exited at iteration 100 with accuracies 
[0.0002]
not reaching the requested tolerance 1e-08.
Use iteration 10 instead with accuracy 
1.6316641375695876e-08.

	Attention: Exited at iteration 100 with accuracies 
[0.]
not reaching the requested tolerance 1e-08.
Use iteration 4 instead with accuracy 
1.1361320103934451e-08.

	Attention: Exited at iteration 100 with accuracies 
[0.]
not reaching the requested tolerance 1e-08.
Use iteration 98 instead with accuracy 
1.3710262935404231e-08.

	Attention: Exited at iteration 100 with accuracies 
[0.]
not reaching the requested tolerance 1e-08.
Use iteration 98 instead with accuracy 
3.417984993510784e-07.

	Attention: Exited at iteration 100 with accuracies 
[0.]
not reaching the requested tolerance 1e-08.
Use iteration 85 instead with accuracy 
2.427116224254698e-07.

it 002 | main   | XZ  | ineq=active   | mu=1.38e-03 eta=1.00e-03 sigma=1.84e-02 | err c/p/d=2.00e-04/1.23e-01/9.57e+00 | ok=cpd | rmax X/Y/Z/T=12/3/9/7
	Attention: Exited at iteration 100 with accuracies 
[0.]
not reaching the requested tolerance 1e-08.
Use iteration 4 instead with accuracy 
2.264440954781739e-08.

	Attention: Exited at iteration 100 with accuracies 
[0.]
not reaching the requested tolerance 1e-08.
Use iteration 7 instead with accuracy 
2.265587064407091e-08.

	Attention: Exited at iteration 100 with accuracies 
[0.]
not reaching the requested tolerance 1e-08.
Use iteration 11 instead with accuracy 
2.8960604539477544e-08.

	Attention: Exited at iteration 100 with accuracies 
[0.]
not reaching the requested tolerance 1e-08.
Use iteration 50 instead with accuracy 
3.363450366408688e-08.

	Attention: Exited at iteration 100 with accuracies 
[0.]
not reaching the requested tolerance 1e-08.
Use iteration 73 instead with accuracy 
3.20244589146787e-08.

	Attention: Exited at iteration 100 with accuracies 
[0.]
not reaching the requested tolerance 1e-08.
Use iteration 25 instead with accuracy 
3.784381835661503e-08.

	Attention: Exited at iteration 100 with accuracies 
[0.]
not reaching the requested tolerance 1e-08.
Use iteration 41 instead with accuracy 
5.468225108992813e-08.

	Attention: Exited at iteration 100 with accuracies 
[0.]
not reaching the requested tolerance 1e-08.
Use iteration 15 instead with accuracy 
2.4824132287500026e-08.

	Attention: Exited at iteration 100 with accuracies 
[0.]
not reaching the requested tolerance 1e-08.
Use iteration 15 instead with accuracy 
2.4817896117747513e-08.

	Attention: Exited at iteration 100 with accuracies 
[0.]
not reaching the requested tolerance 1e-08.
Use iteration 38 instead with accuracy 
3.962546916277568e-08.

	Attention: Exited at iteration 100 with accuracies 
[0.]
not reaching the requested tolerance 1e-08.
Use iteration 20 instead with accuracy 
4.394432052536394e-08.

	Attention: Exited at iteration 100 with accuracies 
[0.]
not reaching the requested tolerance 1e-08.
Use iteration 11 instead with accuracy 
2.817533555005842e-08.

	Attention: Exited at iteration 100 with accuracies 
[0.]
not reaching the requested tolerance 1e-08.
Use iteration 14 instead with accuracy 
2.69084460634736e-08.

	Attention: Exited at iteration 100 with accuracies 
[0.]
not reaching the requested tolerance 1e-08.
Use iteration 50 instead with accuracy 
4.6493098819821805e-08.

	Attention: Exited at iteration 100 with accuracies 
[0.]
not reaching the requested tolerance 1e-08.
Use iteration 36 instead with accuracy 
5.250373594620704e-08.

	Attention: Exited at iteration 100 with accuracies 
[0.]
not reaching the requested tolerance 1e-08.
Use iteration 27 instead with accuracy 
3.5275511870090194e-08.

	Attention: Exited at iteration 100 with accuracies 
[0.]
not reaching the requested tolerance 1e-08.
Use iteration 27 instead with accuracy 
3.8581668589610934e-08.

	Attention: Exited at iteration 100 with accuracies 
[0.]
not reaching the requested tolerance 1e-08.
Use iteration 46 instead with accuracy 
4.566391233034893e-08.

	Attention: Exited at iteration 100 with accuracies 
[0.]
not reaching the requested tolerance 1e-08.
Use iteration 40 instead with accuracy 
3.996113310635669e-08.

	Attention: Exited at iteration 100 with accuracies 
[0.]
not reaching the requested tolerance 1e-08.
Use iteration 14 instead with accuracy 
2.9246413188683334e-08.

	Attention: Exited at iteration 100 with accuracies 
[0.0001]
not reaching the requested tolerance 1e-08.
Use iteration 14 instead with accuracy 
2.6386920967414366e-08.

	Attention: Exited at iteration 100 with accuracies 
[0.]
not reaching the requested tolerance 1e-08.
Use iteration 32 instead with accuracy 
3.7684028581601274e-08.

	Attention: Exited at iteration 100 with accuracies 
[0.]
not reaching the requested tolerance 1e-08.
Use iteration 48 instead with accuracy 
7.044457922719708e-08.

	Attention: Exited at iteration 100 with accuracies 
[0.]
not reaching the requested tolerance 1e-08.
Use iteration 28 instead with accuracy 
2.0695246593406434e-08.

	Attention: Exited at iteration 100 with accuracies 
[0.]
not reaching the requested tolerance 1e-08.
Use iteration 28 instead with accuracy 
2.0602542123785043e-08.

	Attention: Exited at iteration 100 with accuracies 
[0.]
not reaching the requested tolerance 1e-08.
Use iteration 58 instead with accuracy 
5.530390989371698e-08.

	Attention: Exited at iteration 100 with accuracies 
[0.]
not reaching the requested tolerance 1e-08.
Use iteration 44 instead with accuracy 
5.6159567812961244e-08.

	Attention: Exited at iteration 100 with accuracies 
[0.]
not reaching the requested tolerance 1e-08.
Use iteration 15 instead with accuracy 
3.1700990673834056e-08.

	Attention: Exited at iteration 100 with accuracies 
[0.]
not reaching the requested tolerance 1e-08.
Use iteration 19 instead with accuracy 
2.900739634974844e-08.

	Attention: Exited at iteration 100 with accuracies 
[0.]
not reaching the requested tolerance 1e-08.
Use iteration 44 instead with accuracy 
6.49514991792704e-08.

	Attention: Exited at iteration 100 with accuracies 
[0.]
not reaching the requested tolerance 1e-08.
Use iteration 28 instead with accuracy 
3.7545777954894734e-08.

	Attention: Exited at iteration 100 with accuracies 
[0.]
not reaching the requested tolerance 1e-08.
Use iteration 35 instead with accuracy 
2.9363448982941137e-08.

	Attention: Exited at iteration 100 with accuracies 
[0.]
not reaching the requested tolerance 1e-08.
Use iteration 27 instead with accuracy 
3.291335721440835e-08.

	Attention: Exited at iteration 100 with accuracies 
[0.]
not reaching the requested tolerance 1e-08.
Use iteration 40 instead with accuracy 
3.753108542568997e-08.

	Attention: Exited at iteration 100 with accuracies 
[0.]
not reaching the requested tolerance 1e-08.
Use iteration 52 instead with accuracy 
4.0432844885787575e-08.

	Attention: Exited at iteration 100 with accuracies 
[0.]
not reaching the requested tolerance 1e-08.
Use iteration 30 instead with accuracy 
4.366885361679776e-08.

	Attention: Exited at iteration 100 with accuracies 
[0.]
not reaching the requested tolerance 1e-08.
Use iteration 30 instead with accuracy 
4.0172333431929523e-08.

	Attention: Exited at iteration 100 with accuracies 
[0.]
not reaching the requested tolerance 1e-08.
Use iteration 55 instead with accuracy 
5.675117055278697e-08.

	Attention: Exited at iteration 100 with accuracies 
[0.]
not reaching the requested tolerance 1e-08.
Use iteration 40 instead with accuracy 
3.790197859181009e-08.

	Attention: Exited at iteration 100 with accuracies 
[0.]
not reaching the requested tolerance 1e-08.
Use iteration 11 instead with accuracy 
3.237659865853673e-08.

	Attention: Exited at iteration 100 with accuracies 
[0.]
not reaching the requested tolerance 1e-08.
Use iteration 15 instead with accuracy 
2.4103161527450727e-08.

	Attention: Exited at iteration 100 with accuracies 
[0.]
not reaching the requested tolerance 1e-08.
Use iteration 40 instead with accuracy 
4.585466887495098e-08.

	Attention: Exited at iteration 100 with accuracies 
[0.]
not reaching the requested tolerance 1e-08.
Use iteration 56 instead with accuracy 
3.5795226039901674e-08.

	Attention: Exited at iteration 100 with accuracies 
[0.]
not reaching the requested tolerance 1e-08.
Use iteration 34 instead with accuracy 
3.379597831744958e-08.

	Attention: Exited at iteration 100 with accuracies 
[0.]
not reaching the requested tolerance 1e-08.
Use iteration 45 instead with accuracy 
5.971807360146108e-08.

	Attention: Exited at iteration 100 with accuracies 
[0.]
not reaching the requested tolerance 1e-08.
Use iteration 58 instead with accuracy 
6.253026337480692e-08.

	Attention: Exited at iteration 100 with accuracies 
[0.]
not reaching the requested tolerance 1e-08.
Use iteration 31 instead with accuracy 
6.517874005613155e-08.

	Attention: Exited at iteration 100 with accuracies 
[0.]
not reaching the requested tolerance 1e-08.
Use iteration 23 instead with accuracy 
3.3970404571085934e-08.

	Attention: Exited at iteration 100 with accuracies 
[0.]
not reaching the requested tolerance 1e-08.
Use iteration 27 instead with accuracy 
3.8539286133823414e-08.

	Attention: Exited at iteration 100 with accuracies 
[0.]
not reaching the requested tolerance 1e-08.
Use iteration 70 instead with accuracy 
5.6807635548422415e-08.

	Attention: Exited at iteration 100 with accuracies 
[0.]
not reaching the requested tolerance 1e-08.
Use iteration 75 instead with accuracy 
6.868936905663318e-08.

	Attention: Exited at iteration 100 with accuracies 
[0.]
not reaching the requested tolerance 1e-08.
Use iteration 76 instead with accuracy 
6.729429235153984e-08.

	Attention: Exited at iteration 100 with accuracies 
[0.]
not reaching the requested tolerance 1e-08.
Use iteration 38 instead with accuracy 
4.307423546566317e-08.

	Attention: Exited at iteration 100 with accuracies 
[0.]
not reaching the requested tolerance 1e-08.
Use iteration 53 instead with accuracy 
5.80815608802176e-08.

	Attention: Exited at iteration 100 with accuracies 
[0.]
not reaching the requested tolerance 1e-08.
Use iteration 29 instead with accuracy 
4.536895920675654e-08.

	Attention: Exited at iteration 100 with accuracies 
[0.]
not reaching the requested tolerance 1e-08.
Use iteration 24 instead with accuracy 
4.666501033225189e-08.

	Attention: Exited at iteration 100 with accuracies 
[0.]
not reaching the requested tolerance 1e-08.
Use iteration 20 instead with accuracy 
3.757546496953117e-08.

	Attention: Exited at iteration 100 with accuracies 
[0.]
not reaching the requested tolerance 1e-08.
Use iteration 40 instead with accuracy 
5.215950297439204e-08.

	Attention: Exited at iteration 100 with accuracies 
[0.]
not reaching the requested tolerance 1e-08.
Use iteration 50 instead with accuracy 
6.298908988251362e-08.

	Attention: Exited at iteration 100 with accuracies 
[0.]
not reaching the requested tolerance 1e-08.
Use iteration 51 instead with accuracy 
4.282625005959653e-08.

	Attention: Exited at iteration 100 with accuracies 
[0.]
not reaching the requested tolerance 1e-08.
Use iteration 60 instead with accuracy 
5.196869334261216e-08.

	Attention: Exited at iteration 100 with accuracies 
[0.]
not reaching the requested tolerance 1e-08.
Use iteration 51 instead with accuracy 
4.328866012375138e-08.

	Attention: Exited at iteration 100 with accuracies 
[0.]
not reaching the requested tolerance 1e-08.
Use iteration 36 instead with accuracy 
3.044955940077068e-08.

	Attention: Exited at iteration 100 with accuracies 
[0.]
not reaching the requested tolerance 1e-08.
Use iteration 38 instead with accuracy 
5.350267018774704e-08.

	Attention: Exited at iteration 100 with accuracies 
[0.]
not reaching the requested tolerance 1e-08.
Use iteration 43 instead with accuracy 
5.3182556176019016e-08.

	Attention: Exited at iteration 100 with accuracies 
[0.]
not reaching the requested tolerance 1e-08.
Use iteration 37 instead with accuracy 
4.226495367009675e-08.

	Attention: Exited at iteration 100 with accuracies 
[0.]
not reaching the requested tolerance 1e-08.
Use iteration 48 instead with accuracy 
6.16792404212121e-08.

	Attention: Exited at iteration 100 with accuracies 
[0.]
not reaching the requested tolerance 1e-08.
Use iteration 45 instead with accuracy 
5.083070590727155e-08.

	Attention: Exited at iteration 100 with accuracies 
[0.]
not reaching the requested tolerance 1e-08.
Use iteration 47 instead with accuracy 
5.161127364888671e-08.

	Attention: Exited at iteration 100 with accuracies 
[0.]
not reaching the requested tolerance 1e-08.
Use iteration 37 instead with accuracy 
5.156139737302192e-08.

	Attention: Exited at iteration 100 with accuracies 
[0.]
not reaching the requested tolerance 1e-08.
Use iteration 29 instead with accuracy 
6.133598972448331e-08.

	Attention: Exited at iteration 100 with accuracies 
[0.]
not reaching the requested tolerance 1e-08.
Use iteration 42 instead with accuracy 
4.459965068280945e-08.

	Attention: Exited at iteration 100 with accuracies 
[0.]
not reaching the requested tolerance 1e-08.
Use iteration 29 instead with accuracy 
5.423729667066009e-08.

	Attention: Exited at iteration 100 with accuracies 
[0.]
not reaching the requested tolerance 1e-08.
Use iteration 16 instead with accuracy 
3.199625651984164e-08.

it 003 | main   | AHO | ineq=active   | mu=3.99e-04 eta=7.98e-04 sigma=1.73e-02 | err c/p/d=4.45e-05/1.04e-01/3.20e+00 | ok=Cpd | rmax X/Y/Z/T=18/3/10/7
it 004 | main   | AHO | ineq=active   | mu=3.96e-04 eta=7.91e-04 sigma=0.00e+00 | err c/p/d=4.89e-05/6.15e-03/1.60e-01 | ok=Cpd | rmax X/Y/Z/T=18/3/9/6
it 005 | main   | AHO | ineq=active   | mu=3.97e-04 eta=7.91e-04 sigma=0.00e+00 | err c/p/d=4.93e-05/1.01e-03/8.68e-03 | ok=Cpd | rmax X/Y/Z/T=17/3/10/7
it 006 | main   | AHO | ineq=active   | mu=3.97e-04 eta=7.91e-04 sigma=0.00e+00 | err c/p/d=4.95e-05/5.53e-04/1.85e-03 | ok=CPd | rmax X/Y/Z/T=17/3/10/7
it 007 | main   | AHO | ineq=active   | mu=3.98e-04 eta=7.91e-04 sigma=0.00e+00 | err c/p/d=4.96e-05/6.66e-04/1.32e-03 | ok=Cpd | rmax X/Y/Z/T=17/3/10/7
it 008 | finish | AHO | ineq=active   | mu=3.98e-04 eta=7.91e-04 sigma=0.00e+00 | err c/p/d=4.96e-05/1.30e-04/9.29e-04 | ok=CPD | rmax X/Y/Z/T=17/3/10/7
it 009 | finish | AHO | ineq=active   | mu=1.02e-04 eta=2.04e-04 sigma=0.00e+00 | err c/p/d=1.25e-05/7.20e-04/2.59e-03 | ok=Cpd | rmax X/Y/Z/T=24/3/14/10
it 010 | finish | AHO | ineq=active   | mu=6.55e-05 eta=1.31e-04 sigma=0.00e+00 | err c/p/d=7.98e-06/8.35e-04/2.43e-03 | ok=Cpd | rmax X/Y/Z/T=30/4/16/12
it 011 | finish | AHO | ineq=active   | mu=6.08e-05 eta=1.22e-04 sigma=0.00e+00 | err c/p/d=7.33e-06/6.80e-04/2.72e-03 | ok=Cpd | rmax X/Y/Z/T=36/4/16/12
it 012 | finish | AHO | ineq=active   | mu=4.89e-05 eta=1.00e-04 sigma=0.00e+00 | err c/p/d=5.65e-06/4.66e-04/2.85e-03 | ok=CPd | rmax X/Y/Z/T=38/4/17/13
it 013 | finish | AHO | ineq=active   | mu=2.69e-05 eta=1.00e-04 sigma=0.00e+00 | err c/p/d=3.05e-06/3.69e-04/1.92e-03 | ok=CPd | rmax X/Y/Z/T=38/4/18/14
it 014 | finish | AHO | ineq=active   | mu=9.65e-06 eta=1.00e-04 sigma=0.00e+00 | err c/p/d=1.07e-06/1.12e-04/1.19e-03 | ok=CPD | rmax X/Y/Z/T=40/4/18/14
it 015 | finish | AHO | ineq=active   | mu=1.19e-06 eta=1.00e-04 sigma=0.00e+00 | err c/p/d=1.32e-07/1.54e-04/4.65e-04 | ok=CPD | rmax X/Y/Z/T=40/4/17/13

	⚠️ Attention: 
	Number of restarts exhausted, Relative Error = 1.698954e+00. Consider increasing rank ceiling.

	==> Full traceback (most recent call last):
Traceback (most recent call last):
  File "/vol/bitbucket/fjk20/projects/Tensor-Train-Interior-Point-Method/psd_system/corr_clust/../../src/tt_ipm.py", line 755, in _tt_ipm_newton_step
    Delta_tt, _ = solver(
                  ~~~~~~^
        lhs_pred_tt,
        ^^^^^^^^^^^^
    ...<5 lines>...
        strict_first_attempt=status.aho_direction,
        ^^^^^^^^^^^^^^^^^^^^^^^^^^^^^^^^^^^^^^^^^^
    )
    ^
  File "/vol/bitbucket/fjk20/projects/Tensor-Train-Interior-Point-Method/psd_system/corr_clust/../../src/tt_ipm.py", line 1176, in <lambda>
    solver_ineq = lambda lhs, rhs, x0, nwsp, restriction, termination_tol, strict_first_attempt=False: tt_restarted_block_amen(
                                                                                                       ~~~~~~~~~~~~~~~~~~~~~~~^
        lhs,
        ^^^^
    ...<9 lines>...
        strict_first_attempt=strict_first_attempt
        ^^^^^^^^^^^^^^^^^^^^^^^^^^^^^^^^^^^^^^^^^
    )
    ^
  File "/vol/bitbucket/fjk20/projects/Tensor-Train-Interior-Point-Method/psd_system/corr_clust/../../src/tt_als.py", line 799, in tt_restarted_block_amen
    raise RuntimeError(f"\n\tTarget residual not reached after first AMEn attempt, Relative Error = {rhs_norm / orig_rhs_norm:.3e}.")
RuntimeError: 
	Target residual not reached after first AMEn attempt, Relative Error = 6.143e-01.

During handling of the above exception, another exception occurred:

Traceback (most recent call last):
  File "/vol/bitbucket/fjk20/projects/Tensor-Train-Interior-Point-Method/psd_system/corr_clust/../../src/tt_ipm.py", line 770, in _tt_ipm_newton_step
    Delta_tt, _ = solver(lhs_pred_tt, rhs_pred_tt, status.mals_delta0, status.kkt_iterations + status.is_last_iter, status.mals_rank_restriction, status.eta)
                  ~~~~~~^^^^^^^^^^^^^^^^^^^^^^^^^^^^^^^^^^^^^^^^^^^^^^^^^^^^^^^^^^^^^^^^^^^^^^^^^^^^^^^^^^^^^^^^^^^^^^^^^^^^^^^^^^^^^^^^^^^^^^^^^^^^^^^^^^^^^
  File "/vol/bitbucket/fjk20/projects/Tensor-Train-Interior-Point-Method/psd_system/corr_clust/../../src/tt_ipm.py", line 1176, in <lambda>
    solver_ineq = lambda lhs, rhs, x0, nwsp, restriction, termination_tol, strict_first_attempt=False: tt_restarted_block_amen(
                                                                                                       ~~~~~~~~~~~~~~~~~~~~~~~^
        lhs,
        ^^^^
    ...<9 lines>...
        strict_first_attempt=strict_first_attempt
        ^^^^^^^^^^^^^^^^^^^^^^^^^^^^^^^^^^^^^^^^^
    )
    ^
  File "/vol/bitbucket/fjk20/projects/Tensor-Train-Interior-Point-Method/psd_system/corr_clust/../../src/tt_als.py", line 828, in tt_restarted_block_amen
    raise RuntimeError(f"\n\tNumber of restarts exhausted, Relative Error = {rhs_norm / orig_rhs_norm:3e}. Consider increasing rank ceiling.")
RuntimeError: 
	Number of restarts exhausted, Relative Error = 1.698954e+00. Consider increasing rank ceiling.
---Terminated---
Terminated in 16 iterations.
Ranks: X=[5, 7, 12, 36, 40, 33, 9, 3, 3], Z=[5, 7, 7, 12, 17, 17, 9, 3, 3], Y=[2, 2, 2, 3, 4, 4, 4, 2, 2], T=[5, 5, 5, 9, 13, 13, 7, 3, 3]
Run terminated after 16 iterations. Compl Slackness: 4.1827e-02. Feasibility error: 3.8150e-07. Dual Feasibility error: 3.4618e-06.
Run terminated in 3493.78s. Memory: 6269.70 MB.
Seed 599 terminated (feasibility error: 3.82e-07, dual feasibility error: 3.46e-06, slackness: 4.18e-02). Suggesting a new seed.
New seed suggested: 657
Creating Problem for dim=10, rank=1...
===Terminated Graph Sampling=== rank:  [1, 1, 1, 1, 1, 1, 1, 1, 1]
===Terminated Graph Sampling=== rank:  [1, 1, 1, 1, 1, 1, 1, 1, 1]
Actual graph TT-rank: [1, 1, 1, 1, 1, 1, 1, 1, 1]
Obj TT-rank: [2, 2, 2, 2, 2, 2, 2, 2, 2]
it 000 | main   | XZ  | ineq=active   | mu=2.11e-01 eta=1.00e-03 sigma=5.00e-01 | err c/p/d=1.74e-03/1.53e+01/1.65e+01 | ok=cpd | rmax X/Y/Z/T=2/1/1/1
it 001 | main   | XZ  | ineq=active   | mu=3.86e-02 eta=1.00e-03 sigma=2.02e-03 | err c/p/d=1.50e-03/2.59e+00/1.39e+01 | ok=cpd | rmax X/Y/Z/T=5/2/4/2
it 002 | main   | XZ  | ineq=active   | mu=4.13e-03 eta=1.00e-03 sigma=1.42e-02 | err c/p/d=6.48e-04/7.90e-04/1.05e+01 | ok=cpd | rmax X/Y/Z/T=7/2/6/4
it 003 | main   | AHO | ineq=active   | mu=4.57e-04 eta=9.14e-04 sigma=2.81e-03 | err c/p/d=7.00e-05/7.06e-04/1.17e+00 | ok=Cpd | rmax X/Y/Z/T=7/2/6/4
it 004 | main   | AHO | ineq=active   | mu=4.57e-04 eta=9.14e-04 sigma=0.00e+00 | err c/p/d=7.00e-05/1.26e-04/5.87e-02 | ok=CPd | rmax X/Y/Z/T=7/2/6/4
it 005 | main   | AHO | ineq=active   | mu=4.57e-04 eta=9.14e-04 sigma=0.00e+00 | err c/p/d=7.00e-05/1.36e-04/2.94e-03 | ok=CPd | rmax X/Y/Z/T=7/2/6/4
it 006 | finish | AHO | ineq=active   | mu=4.57e-04 eta=9.14e-04 sigma=0.00e+00 | err c/p/d=7.00e-05/1.38e-04/1.47e-04 | ok=CPD | rmax X/Y/Z/T=7/2/6/4
it 007 | finish | AHO | ineq=active   | mu=2.20e-04 eta=4.41e-04 sigma=0.00e+00 | err c/p/d=3.32e-05/1.58e-04/9.51e-05 | ok=CPD | rmax X/Y/Z/T=7/2/6/4
it 008 | finish | AHO | ineq=active   | mu=2.01e-04 eta=4.03e-04 sigma=0.00e+00 | err c/p/d=2.99e-05/1.77e-04/8.97e-05 | ok=CPD | rmax X/Y/Z/T=7/2/6/4
it 009 | finish | AHO | ineq=active   | mu=1.58e-04 eta=3.15e-04 sigma=0.00e+00 | err c/p/d=2.16e-05/1.12e-04/8.20e-05 | ok=CPD | rmax X/Y/Z/T=7/2/6/4
it 010 | finish | AHO | ineq=active   | mu=3.17e-05 eta=1.00e-04 sigma=0.00e+00 | err c/p/d=4.36e-06/1.13e-04/1.24e-04 | ok=CPD | rmax X/Y/Z/T=7/2/6/4
it 011 | finish | AHO | ineq=active   | mu=1.59e-06 eta=1.00e-04 sigma=0.00e+00 | err c/p/d=2.19e-07/3.77e-05/6.27e-05 | ok=CPD | rmax X/Y/Z/T=8/2/6/4
it 012 | finish | AHO | ineq=active   | mu=1.22e-07 eta=1.00e-04 sigma=0.00e+00 | err c/p/d=1.68e-08/4.34e-05/1.57e-04 | ok=CPD | rmax X/Y/Z/T=9/2/4/2
it 013 | finish | AHO | ineq=active   | mu=4.20e-08 eta=1.00e-04 sigma=0.00e+00 | err c/p/d=5.78e-09/7.81e-05/2.01e-04 | ok=CPD | rmax X/Y/Z/T=14/1/2/2
---Terminated---
Terminated in 13 iterations.
Ranks: X=[5, 8, 12, 14, 14, 12, 12, 4, 3], Z=[2, 2, 2, 2, 2, 2, 2, 2, 2], Y=[1, 1, 1, 1, 1, 1, 1, 1, 1], T=[2, 2, 2, 2, 2, 2, 2, 2, 2]
Run accepted after 13 iterations. Compl Slackness: 8.0029e-04. Feasibility error: 9.7619e-08. Dual Feasibility error: 6.4589e-07.
Run accepted in 922.03s. Memory: 2210.78 MB.
Rerun with new seed 657 accepted. Feasibility error: 9.76e-08, dual feasibility error: 6.46e-07, slackness: 8.00e-04
Running seed 324
Creating Problem for dim=10, rank=1...
===Terminated Graph Sampling=== rank:  [1, 1, 1, 1, 1, 1, 1, 1, 1]
===Terminated Graph Sampling=== rank:  [1, 1, 1, 1, 1, 1, 1, 1, 1]
Actual graph TT-rank: [1, 1, 1, 1, 1, 1, 1, 1, 1]
Obj TT-rank: [1, 2, 2, 2, 2, 2, 2, 2, 2]
it 000 | main   | XZ  | ineq=active   | mu=2.11e-01 eta=1.00e-03 sigma=5.00e-01 | err c/p/d=1.74e-03/1.53e+01/1.65e+01 | ok=cpd | rmax X/Y/Z/T=2/1/1/1
it 001 | main   | XZ  | ineq=active   | mu=3.86e-02 eta=1.00e-03 sigma=2.02e-03 | err c/p/d=1.50e-03/2.59e+00/1.39e+01 | ok=cpd | rmax X/Y/Z/T=6/2/4/2
it 002 | main   | XZ  | ineq=active   | mu=4.13e-03 eta=1.00e-03 sigma=1.42e-02 | err c/p/d=6.48e-04/8.02e-04/1.05e+01 | ok=cpd | rmax X/Y/Z/T=7/2/6/4
it 003 | main   | AHO | ineq=active   | mu=4.57e-04 eta=9.15e-04 sigma=2.81e-03 | err c/p/d=7.01e-05/9.92e-04/1.17e+00 | ok=Cpd | rmax X/Y/Z/T=7/2/6/4
it 004 | main   | AHO | ineq=active   | mu=4.58e-04 eta=9.15e-04 sigma=0.00e+00 | err c/p/d=7.00e-05/5.72e-05/5.87e-02 | ok=CPd | rmax X/Y/Z/T=8/2/6/4
it 005 | main   | AHO | ineq=active   | mu=4.58e-04 eta=9.15e-04 sigma=0.00e+00 | err c/p/d=7.00e-05/5.85e-05/2.94e-03 | ok=CPd | rmax X/Y/Z/T=8/2/6/4
it 006 | finish | AHO | ineq=active   | mu=4.58e-04 eta=9.15e-04 sigma=0.00e+00 | err c/p/d=7.00e-05/5.88e-05/1.47e-04 | ok=CPD | rmax X/Y/Z/T=8/2/6/4
it 007 | finish | AHO | ineq=active   | mu=2.20e-04 eta=4.39e-04 sigma=0.00e+00 | err c/p/d=3.31e-05/2.79e-04/8.61e-05 | ok=CPD | rmax X/Y/Z/T=7/2/6/4
it 008 | finish | AHO | ineq=active   | mu=2.01e-04 eta=4.02e-04 sigma=0.00e+00 | err c/p/d=2.98e-05/5.74e-04/8.33e-05 | ok=CPD | rmax X/Y/Z/T=7/2/6/4
it 009 | finish | AHO | ineq=active   | mu=1.57e-04 eta=3.14e-04 sigma=0.00e+00 | err c/p/d=2.15e-05/3.42e-04/8.01e-05 | ok=CPD | rmax X/Y/Z/T=8/2/6/4
it 010 | finish | AHO | ineq=active   | mu=3.20e-05 eta=1.00e-04 sigma=0.00e+00 | err c/p/d=4.40e-06/1.92e-04/1.28e-04 | ok=CPD | rmax X/Y/Z/T=8/2/6/4
it 011 | finish | AHO | ineq=active   | mu=1.61e-06 eta=1.00e-04 sigma=0.00e+00 | err c/p/d=2.22e-07/8.05e-05/4.00e-05 | ok=CPD | rmax X/Y/Z/T=9/2/6/4
it 012 | finish | AHO | ineq=active   | mu=1.23e-07 eta=1.00e-04 sigma=0.00e+00 | err c/p/d=1.70e-08/6.08e-05/1.47e-04 | ok=CPD | rmax X/Y/Z/T=10/2/4/2
it 013 | finish | AHO | ineq=active   | mu=3.95e-08 eta=1.00e-04 sigma=0.00e+00 | err c/p/d=5.43e-09/1.39e-04/1.94e-04 | ok=CPD | rmax X/Y/Z/T=22/1/3/2
---Terminated---
Terminated in 13 iterations.
Ranks: X=[3, 6, 11, 22, 22, 19, 7, 4, 3], Z=[3, 3, 3, 3, 3, 3, 2, 2, 2], Y=[1, 1, 1, 1, 1, 1, 1, 1, 1], T=[2, 2, 2, 2, 2, 2, 2, 2, 2]
Run accepted after 13 iterations. Compl Slackness: 7.5425e-04. Feasibility error: 3.1046e-07. Dual Feasibility error: 5.9972e-07.
Run accepted in 251.24s. Memory: 905.71 MB.
Running seed 325
Creating Problem for dim=10, rank=1...
===Terminated Graph Sampling=== rank:  [1, 1, 1, 1, 1, 1, 1, 1, 1]
===Terminated Graph Sampling=== rank:  [1, 1, 1, 1, 1, 1, 1, 1, 1]
Actual graph TT-rank: [1, 1, 1, 1, 1, 1, 1, 1, 1]
Obj TT-rank: [2, 2, 2, 2, 2, 2, 2, 2, 2]
it 000 | main   | XZ  | ineq=active   | mu=8.16e-02 eta=1.00e-03 sigma=5.00e-01 | err c/p/d=4.51e-04/1.52e+01/1.67e+01 | ok=cpd | rmax X/Y/Z/T=2/1/1/1
it 001 | main   | XZ  | ineq=active   | mu=1.08e-02 eta=1.00e-03 sigma=1.49e-03 | err c/p/d=3.88e-04/1.65e+00/1.42e+01 | ok=cpd | rmax X/Y/Z/T=4/1/3/2
it 002 | main   | XZ  | ineq=active   | mu=9.19e-04 eta=1.00e-03 sigma=2.18e-02 | err c/p/d=1.32e-04/2.04e-01/8.46e+00 | ok=cpd | rmax X/Y/Z/T=4/1/3/2
it 003 | main   | AHO | ineq=active   | mu=1.10e-03 eta=1.00e-03 sigma=2.91e-01 | err c/p/d=1.09e-04/1.66e-01/6.67e+00 | ok=cpd | rmax X/Y/Z/T=4/1/3/2
it 004 | main   | AHO | ineq=active   | mu=9.59e-05 eta=1.92e-04 sigma=8.83e-03 | err c/p/d=1.26e-05/1.42e-01/5.89e-02 | ok=Cpd | rmax X/Y/Z/T=4/1/3/2
it 005 | main   | AHO | ineq=active   | mu=9.27e-05 eta=1.85e-04 sigma=0.00e+00 | err c/p/d=1.03e-05/7.08e-03/2.95e-03 | ok=Cpd | rmax X/Y/Z/T=4/1/3/2
it 006 | finish | AHO | ineq=active   | mu=9.27e-05 eta=1.85e-04 sigma=0.00e+00 | err c/p/d=1.02e-05/3.54e-04/1.47e-04 | ok=CPD | rmax X/Y/Z/T=4/1/3/2
it 007 | finish | AHO | ineq=active   | mu=3.19e-05 eta=1.00e-04 sigma=0.00e+00 | err c/p/d=3.40e-06/2.39e-04/4.01e-05 | ok=CPD | rmax X/Y/Z/T=4/1/3/2
warn   | step-eig | target=miss | residual=8.93e+01 > 1.00e-08 | action=damp
it 008 | finish | AHO | ineq=active   | mu=3.10e-05 eta=1.00e-04 sigma=0.00e+00 | err c/p/d=3.29e-06/2.22e-04/4.01e-05 | ok=CPD | rmax X/Y/Z/T=4/1/3/2
warn   | step-eig | target=miss | residual=2.49e-07 > 1.00e-08 | action=damp
warn   | step-eig | target=miss | residual=9.98e+02 > 1.00e-08 | action=damp
it 009 | finish | AHO | ineq=active   | mu=3.10e-05 eta=1.00e-04 sigma=0.00e+00 | err c/p/d=3.29e-06/2.21e-04/4.01e-05 | ok=CPD | rmax X/Y/Z/T=4/1/3/2
warn   | step-eig | target=miss | residual=3.49e+01 > 1.00e-08 | action=damp
it 010 | finish | AHO | ineq=active   | mu=3.02e-05 eta=1.00e-04 sigma=0.00e+00 | err c/p/d=3.20e-06/2.02e-04/4.01e-05 | ok=CPD | rmax X/Y/Z/T=4/1/3/2
warn   | step-eig | target=miss | residual=1.00e-08 > 1.00e-08 | action=damp
warn   | step-eig | target=miss | residual=2.48e+02 > 1.00e-08 | action=damp
it 011 | finish | AHO | ineq=active   | mu=3.01e-05 eta=1.00e-04 sigma=0.00e+00 | err c/p/d=3.18e-06/1.99e-04/4.01e-05 | ok=CPD | rmax X/Y/Z/T=4/1/3/2
warn   | step-eig | target=miss | residual=1.32e-07 > 1.00e-08 | action=damp
warn   | step-eig | target=miss | residual=9.81e+01 > 1.00e-08 | action=damp
it 012 | finish | AHO | ineq=active   | mu=3.01e-05 eta=1.00e-04 sigma=0.00e+00 | err c/p/d=3.18e-06/1.88e-04/4.01e-05 | ok=CPD | rmax X/Y/Z/T=4/1/3/2
warn   | step-eig | target=miss | residual=8.28e-08 > 1.00e-08 | action=damp
warn   | step-eig | target=miss | residual=4.85e+01 > 1.00e-08 | action=damp
it 013 | finish | AHO | ineq=active   | mu=3.01e-05 eta=1.00e-04 sigma=0.00e+00 | err c/p/d=3.18e-06/1.65e-04/4.01e-05 | ok=CPD | rmax X/Y/Z/T=4/1/3/2
warn   | step-eig | target=miss | residual=3.57e+02 > 1.00e-08 | action=damp
it 014 | finish | AHO | ineq=active   | mu=2.97e-05 eta=1.00e-04 sigma=0.00e+00 | err c/p/d=3.13e-06/1.43e-04/4.01e-05 | ok=CPD | rmax X/Y/Z/T=4/1/3/2
warn   | step-eig | target=miss | residual=6.76e-08 > 1.00e-08 | action=damp
warn   | step-eig | target=miss | residual=5.07e+01 > 1.00e-08 | action=damp
it 015 | finish | AHO | ineq=active   | mu=2.97e-05 eta=1.00e-04 sigma=0.00e+00 | err c/p/d=3.13e-06/1.43e-04/4.01e-05 | ok=CPD | rmax X/Y/Z/T=4/1/3/2
---Terminated---
Terminated in 15 iterations.
Ranks: X=[3, 4, 4, 4, 4, 4, 4, 4, 3], Z=[3, 3, 3, 3, 3, 3, 3, 3, 3], Y=[1, 1, 1, 1, 1, 1, 1, 1, 1], T=[2, 2, 2, 2, 2, 2, 2, 2, 2]
Run terminated after 15 iterations. Compl Slackness: 6.3468e-01. Feasibility error: 3.2513e-07. Dual Feasibility error: 2.5703e-08.
Run terminated in 432.85s. Memory: 215.29 MB.
Seed 325 terminated (feasibility error: 3.25e-07, dual feasibility error: 2.57e-08, slackness: 6.35e-01). Suggesting a new seed.
New seed suggested: 972
Creating Problem for dim=10, rank=1...
===Terminated Graph Sampling=== rank:  [1, 1, 1, 1, 1, 1, 1, 1, 1]
===Terminated Graph Sampling=== rank:  [1, 1, 1, 1, 1, 1, 1, 1, 1]
Actual graph TT-rank: [1, 1, 1, 1, 1, 1, 1, 1, 1]
Obj TT-rank: [2, 2, 2, 2, 2, 2, 2, 2, 2]
it 000 | main   | XZ  | ineq=active   | mu=2.76e-01 eta=1.00e-03 sigma=5.00e-01 | err c/p/d=2.40e-03/1.52e+01/1.65e+01 | ok=cpd | rmax X/Y/Z/T=2/1/1/1
it 001 | main   | XZ  | ineq=active   | mu=7.35e-02 eta=1.00e-03 sigma=2.46e-03 | err c/p/d=2.11e-03/4.10e+00/1.38e+01 | ok=cpd | rmax X/Y/Z/T=5/2/4/2
it 002 | main   | XZ  | ineq=active   | mu=1.77e-02 eta=1.00e-03 sigma=3.23e-02 | err c/p/d=1.73e-03/6.65e-01/1.06e+00 | ok=cpd | rmax X/Y/Z/T=11/2/7/4
it 003 | main   | AHO | ineq=active   | mu=7.22e-04 eta=1.00e-03 sigma=2.99e-02 | err c/p/d=3.47e-04/5.50e-01/1.98e-01 | ok=cpd | rmax X/Y/Z/T=11/3/7/4
it 004 | main   | AHO | ineq=active   | mu=1.17e-03 eta=1.00e-03 sigma=9.90e-01 | err c/p/d=3.81e-04/2.63e-01/1.80e-01 | ok=cpd | rmax X/Y/Z/T=11/3/7/4
it 005 | main   | AHO | ineq=active   | mu=8.97e-04 eta=1.00e-03 sigma=6.65e-01 | err c/p/d=2.86e-04/2.27e-01/1.37e-01 | ok=cpd | rmax X/Y/Z/T=11/3/6/4
it 006 | main   | AHO | ineq=active   | mu=8.04e-04 eta=1.00e-03 sigma=6.18e-01 | err c/p/d=2.37e-04/1.39e-01/1.09e-01 | ok=cpd | rmax X/Y/Z/T=11/3/7/4
it 007 | main   | AHO | ineq=active   | mu=7.78e-04 eta=1.00e-03 sigma=7.98e-01 | err c/p/d=2.27e-04/9.80e-02/9.62e-02 | ok=cpd | rmax X/Y/Z/T=11/3/7/4
it 008 | main   | AHO | ineq=active   | mu=7.39e-04 eta=1.00e-03 sigma=9.39e-01 | err c/p/d=2.18e-04/8.31e-02/8.60e-02 | ok=cpd | rmax X/Y/Z/T=11/3/7/4
it 009 | main   | AHO | ineq=active   | mu=6.87e-04 eta=1.00e-03 sigma=9.67e-01 | err c/p/d=2.04e-04/7.16e-02/7.44e-02 | ok=cpd | rmax X/Y/Z/T=11/3/7/4
it 010 | main   | AHO | ineq=active   | mu=6.28e-04 eta=1.00e-03 sigma=9.56e-01 | err c/p/d=1.88e-04/5.60e-02/6.16e-02 | ok=cpd | rmax X/Y/Z/T=11/3/7/4
it 011 | main   | AHO | ineq=active   | mu=5.36e-04 eta=1.00e-03 sigma=9.55e-01 | err c/p/d=1.61e-04/4.23e-02/4.50e-02 | ok=cpd | rmax X/Y/Z/T=11/3/7/4
it 012 | main   | AHO | ineq=active   | mu=3.70e-04 eta=7.41e-04 sigma=9.22e-01 | err c/p/d=1.10e-04/3.72e-02/2.09e-02 | ok=cpd | rmax X/Y/Z/T=11/3/7/4
it 013 | main   | AHO | ineq=active   | mu=3.02e-04 eta=6.03e-04 sigma=8.49e-01 | err c/p/d=8.86e-05/3.55e-02/1.27e-02 | ok=Cpd | rmax X/Y/Z/T=11/3/7/4
it 014 | repair | XZ  | ineq=active   | mu=2.98e-04 eta=5.95e-04 sigma=0.00e+00 | err c/p/d=8.61e-05/2.70e-02/1.10e-03 | ok=CpD | rmax X/Y/Z/T=11/3/7/4
warn   | ipm      | limit=max_iter | action=finish
it 015 | finish | AHO | ineq=active   | mu=2.96e-04 eta=5.92e-04 sigma=0.00e+00 | err c/p/d=8.55e-05/2.62e-02/1.11e-03 | ok=CpD | rmax X/Y/Z/T=11/3/7/4
warn   | step-eig | target=miss | residual=2.24e-08 > 1.00e-08 | action=damp
it 016 | finish | AHO | ineq=active   | mu=2.82e-04 eta=5.64e-04 sigma=0.00e+00 | err c/p/d=8.10e-05/2.60e-02/9.86e-04 | ok=CpD | rmax X/Y/Z/T=11/3/7/4
it 017 | finish | AHO | ineq=active   | mu=2.65e-04 eta=5.31e-04 sigma=0.00e+00 | err c/p/d=7.32e-05/2.47e-02/9.10e-04 | ok=CpD | rmax X/Y/Z/T=11/3/7/4
it 018 | finish | AHO | ineq=active   | mu=2.46e-04 eta=4.91e-04 sigma=0.00e+00 | err c/p/d=6.46e-05/2.29e-02/8.10e-04 | ok=CpD | rmax X/Y/Z/T=11/3/7/4
it 019 | finish | AHO | ineq=active   | mu=2.15e-04 eta=4.30e-04 sigma=0.00e+00 | err c/p/d=5.24e-05/2.02e-02/6.64e-04 | ok=CpD | rmax X/Y/Z/T=13/3/7/4
it 020 | finish | AHO | ineq=active   | mu=1.66e-04 eta=3.32e-04 sigma=0.00e+00 | err c/p/d=3.54e-05/1.54e-02/4.89e-04 | ok=CpD | rmax X/Y/Z/T=16/3/7/4
it 021 | finish | AHO | ineq=active   | mu=1.53e-04 eta=3.06e-04 sigma=0.00e+00 | err c/p/d=3.16e-05/1.39e-02/5.83e-04 | ok=CpD | rmax X/Y/Z/T=79/3/7/4
