000 (019.000.000) 06/01 16:34:24 Job submitted from host: <146.169.53.168:9618?addrs=146.169.53.168-9618+[2a0c-5bc0-40-11c4-d106-335e-215-8219]-9618&noUDP&sock=53650_5484_3>
...
001 (019.000.000) 06/01 16:34:52 Job executing on host: <146.169.52.23:9618?addrs=146.169.52.23-9618+[2a0c-5bc0-40-11c4-7b8a-dff6-8a0-9144]-9618&noUDP&sock=55899_f503_4>
...
006 (019.000.000) 06/01 16:35:01 Image size of job updated: 4
	5  -  MemoryUsage of job (MB)
	5108  -  ResidentSetSize of job (KB)
...
006 (019.000.000) 06/01 16:40:02 Image size of job updated: 9919576
	1137  -  MemoryUsage of job (MB)
	1163352  -  ResidentSetSize of job (KB)
...
006 (019.000.000) 06/01 16:50:03 Image size of job updated: 10075296
	1292  -  MemoryUsage of job (MB)
	1322920  -  ResidentSetSize of job (KB)
...
006 (019.000.000) 06/01 17:05:04 Image size of job updated: 10110008
	1327  -  MemoryUsage of job (MB)
	1358660  -  ResidentSetSize of job (KB)
...
001 (019.000.000) 06/01 18:17:54 Job executing on host: <146.169.52.16:9618?addrs=146.169.52.16-9618+[2a0c-5bc0-40-11c4-8875-a79d-7a99-a3a9]-9618&noUDP&sock=56651_c43b_4>
...
006 (019.000.000) 06/01 18:58:08 Image size of job updated: 12500000
	1478  -  MemoryUsage of job (MB)
	1513048  -  ResidentSetSize of job (KB)
...
006 (019.000.000) 06/01 19:13:09 Image size of job updated: 12500000
	1603  -  MemoryUsage of job (MB)
	1640772  -  ResidentSetSize of job (KB)
...
006 (019.000.000) 06/01 19:28:11 Image size of job updated: 12500000
	1838  -  MemoryUsage of job (MB)
	1881100  -  ResidentSetSize of job (KB)
...
006 (019.000.000) 06/01 20:03:15 Image size of job updated: 12500000
	2052  -  MemoryUsage of job (MB)
	2100736  -  ResidentSetSize of job (KB)
...
004 (019.000.000) 06/01 20:30:53 Job was evicted.
	(0) Job was not checkpointed.
		Usr 0 03:08:56, Sys 0 00:03:41  -  Run Remote Usage
		Usr 0 00:00:00, Sys 0 00:00:00  -  Run Local Usage
	0  -  Run Bytes Sent By Job
	0  -  Run Bytes Received By Job
	Partitionable Resources :    Usage  Request Allocated 
	   Cpus                 :     1.04       16        24 
	   Disk (KB)            :     4           4   5812408 
	   Gpus                 :                           0 
	   Memory (MB)          :  2052        1465     15626 
...
001 (019.000.000) 06/01 21:07:55 Job executing on host: <146.169.53.51:9618?addrs=146.169.53.51-9618+[2a0c-5bc0-40-11c4-8776-61de-5daa-4f9]-9618&noUDP&sock=50961_27f8_4>
...
010 (019.000.000) 06/01 21:18:10 Job was suspended.
	Number of processes actually suspended: 7
...
011 (019.000.000) 06/01 21:23:10 Job was unsuspended.
...
004 (019.000.000) 06/01 22:08:56 Job was evicted.
	(0) Job was not checkpointed.
		Usr 0 01:22:35, Sys 0 00:01:53  -  Run Remote Usage
		Usr 0 00:00:00, Sys 0 00:00:00  -  Run Local Usage
	0  -  Run Bytes Sent By Job
	0  -  Run Bytes Received By Job
	Partitionable Resources :    Usage  Request Allocated 
	   Cpus                 :     1.04       16        24 
	   Disk (KB)            :     4           4   6421648 
	   Gpus                 :                           0 
	   Memory (MB)          :  2198        2198     15626 
...
001 (019.000.000) 06/01 22:29:56 Job executing on host: <146.169.53.202:9618?addrs=146.169.53.202-9618+[2a0c-5bc0-40-11c4-7125-e937-1971-c68b]-9618&noUDP&sock=54251_90ef_4>
...
006 (019.000.000) 06/02 04:25:41 Image size of job updated: 12500000
	2641  -  MemoryUsage of job (MB)
	2703948  -  ResidentSetSize of job (KB)
...
006 (019.000.000) 06/02 04:35:42 Image size of job updated: 12500000
	3125  -  MemoryUsage of job (MB)
	3199468  -  ResidentSetSize of job (KB)
...
006 (019.000.000) 06/02 04:50:44 Image size of job updated: 12500000
	3317  -  MemoryUsage of job (MB)
	3396436  -  ResidentSetSize of job (KB)
...
006 (019.000.000) 06/02 05:10:46 Image size of job updated: 12627328
	4651  -  MemoryUsage of job (MB)
	4761676  -  ResidentSetSize of job (KB)
...
006 (019.000.000) 06/02 05:15:46 Image size of job updated: 14119548
	6106  -  MemoryUsage of job (MB)
	6251892  -  ResidentSetSize of job (KB)
...
006 (019.000.000) 06/02 05:20:47 Image size of job updated: 20127352
	9843  -  MemoryUsage of job (MB)
	10078652  -  ResidentSetSize of job (KB)
...
006 (019.000.000) 06/02 05:35:48 Image size of job updated: 20195824
	11389  -  MemoryUsage of job (MB)
	11661320  -  ResidentSetSize of job (KB)
...
006 (019.000.000) 06/02 05:40:48 Image size of job updated: 20963844
	12138  -  MemoryUsage of job (MB)
	12429128  -  ResidentSetSize of job (KB)
...
006 (019.000.000) 06/02 05:45:49 Image size of job updated: 20963844
	12139  -  MemoryUsage of job (MB)
	12429320  -  ResidentSetSize of job (KB)
...
006 (019.000.000) 06/02 06:05:51 Image size of job updated: 22823580
	12139  -  MemoryUsage of job (MB)
	12429320  -  ResidentSetSize of job (KB)
...
006 (019.000.000) 06/02 10:41:20 Image size of job updated: 25097540
	12960  -  MemoryUsage of job (MB)
	13270592  -  ResidentSetSize of job (KB)
...
006 (019.000.000) 06/02 10:46:21 Image size of job updated: 25097540
	12982  -  MemoryUsage of job (MB)
	13293056  -  ResidentSetSize of job (KB)
...
005 (019.000.000) 06/02 10:57:23 Job terminated.
	(1) Normal termination (return value 0)
		Usr 2 20:06:30, Sys 0 00:44:03  -  Run Remote Usage
		Usr 0 00:00:00, Sys 0 00:00:00  -  Run Local Usage
		Usr 2 20:06:30, Sys 0 00:44:03  -  Total Remote Usage
		Usr 0 00:00:00, Sys 0 00:00:00  -  Total Local Usage
	0  -  Run Bytes Sent By Job
	0  -  Run Bytes Received By Job
	0  -  Total Bytes Sent By Job
	0  -  Total Bytes Received By Job
	Partitionable Resources :    Usage  Request Allocated 
	   Cpus                 :    12.85       16        24 
	   Disk (KB)            :     4           4   5752420 
	   Gpus                 :                           0 
	   Memory (MB)          : 12982        2198     15626 
...
