000 (001.000.000) 06/01 11:20:45 Job submitted from host: <146.169.53.168:9618?addrs=146.169.53.168-9618+[2a0c-5bc0-40-11c4-d106-335e-215-8219]-9618&noUDP&sock=53650_5484_3>
...
001 (001.000.000) 06/01 11:20:49 Job executing on host: <146.169.52.3:9618?addrs=146.169.52.3-9618+[2a0c-5bc0-40-11c4-b4fd-3cd3-ab4a-4bd7]-9618&noUDP&sock=56824_483f_4>
...
006 (001.000.000) 06/01 11:20:58 Image size of job updated: 4
	6  -  MemoryUsage of job (MB)
	5224  -  ResidentSetSize of job (KB)
...
006 (001.000.000) 06/01 11:25:59 Image size of job updated: 9986816
	1304  -  MemoryUsage of job (MB)
	1335280  -  ResidentSetSize of job (KB)
...
006 (001.000.000) 06/01 11:30:59 Image size of job updated: 10268600
	1338  -  MemoryUsage of job (MB)
	1369480  -  ResidentSetSize of job (KB)
...
006 (001.000.000) 06/01 11:35:59 Image size of job updated: 10595604
	2106  -  MemoryUsage of job (MB)
	2156432  -  ResidentSetSize of job (KB)
...
006 (001.000.000) 06/01 11:41:01 Image size of job updated: 12581304
	4194  -  MemoryUsage of job (MB)
	4294040  -  ResidentSetSize of job (KB)
...
006 (001.000.000) 06/01 11:46:01 Image size of job updated: 14019008
	5598  -  MemoryUsage of job (MB)
	5731716  -  ResidentSetSize of job (KB)
...
006 (001.000.000) 06/01 11:51:01 Image size of job updated: 14019008
	5777  -  MemoryUsage of job (MB)
	5914688  -  ResidentSetSize of job (KB)
...
006 (001.000.000) 06/01 12:21:05 Image size of job updated: 14145584
	6141  -  MemoryUsage of job (MB)
	6287616  -  ResidentSetSize of job (KB)
...
006 (001.000.000) 06/01 12:26:05 Image size of job updated: 14182480
	6177  -  MemoryUsage of job (MB)
	6324628  -  ResidentSetSize of job (KB)
...
006 (001.000.000) 06/01 12:46:07 Image size of job updated: 14277424
	6177  -  MemoryUsage of job (MB)
	6324628  -  ResidentSetSize of job (KB)
...
006 (001.000.000) 06/01 12:51:08 Image size of job updated: 14518736
	6177  -  MemoryUsage of job (MB)
	6324628  -  ResidentSetSize of job (KB)
...
