Running: corr_clust (rank=2)
==== corr_clust TT-IPM Batch Run Started at Mon  1 Jun 11:20:51 BST 2026 ====

▶ Running dim=10 with config=configs/corr_clust_10.yaml at Mon  1 Jun 11:20:51 BST 2026

===== Processing Rank: 2 =====
Running seed 769
Creating Problem for dim=10, rank=2...
===Terminated Graph Sampling=== rank:  [2, 2, 2, 2, 2, 2, 1, 1, 1]
===Terminated Graph Sampling=== rank:  [1, 1, 1, 1, 1, 1, 1, 1, 1]
Actual graph TT-rank: [2, 2, 2, 2, 2, 2, 1, 1, 1]
Obj TT-rank: [3, 4, 4, 4, 5, 6, 3, 2, 2]
it 000 | main   | XZ  | ineq=active   | mu=1.18e-01 eta=1.00e-03 sigma=5.00e-01 | err c/p/d=7.94e-04/1.53e+01/1.66e+01 | ok=cpd | rmax X/Y/Z/T=3/1/1/2
it 001 | main   | XZ  | ineq=active   | mu=2.80e-02 eta=1.00e-03 sigma=2.51e-03 | err c/p/d=6.91e-04/3.59e+00/1.40e+01 | ok=cpd | rmax X/Y/Z/T=12/3/7/6
it 002 | main   | XZ  | ineq=active   | mu=1.04e-02 eta=1.00e-03 sigma=6.62e-02 | err c/p/d=6.33e-04/1.01e+00/7.45e+00 | ok=cpd | rmax X/Y/Z/T=17/3/11/9
it 003 | main   | AHO | ineq=active   | mu=1.71e-04 eta=3.42e-04 sigma=2.93e-02 | err c/p/d=7.65e-05/5.98e-01/4.48e+00 | ok=Cpd | rmax X/Y/Z/T=18/4/13/10
	 Target Residual not reached!
it 004 | main   | AHO | ineq=active   | mu=1.29e-04 eta=2.58e-04 sigma=0.00e+00 | err c/p/d=5.76e-05/5.98e-01/4.07e+00 | ok=Cpd | rmax X/Y/Z/T=18/4/13/10
	 Target Residual not reached!
it 005 | main   | AHO | ineq=active   | mu=1.14e-04 eta=2.29e-04 sigma=0.00e+00 | err c/p/d=5.11e-05/5.98e-01/3.89e+00 | ok=Cpd | rmax X/Y/Z/T=18/3/13/10
	 Target Residual not reached!
it 006 | main   | AHO | ineq=active   | mu=1.12e-04 eta=2.23e-04 sigma=0.00e+00 | err c/p/d=4.99e-05/5.98e-01/3.86e+00 | ok=Cpd | rmax X/Y/Z/T=18/3/12/10
	 Target Residual not reached!
it 007 | main   | AHO | ineq=active   | mu=1.11e-04 eta=2.22e-04 sigma=0.00e+00 | err c/p/d=4.95e-05/5.98e-01/3.84e+00 | ok=Cpd | rmax X/Y/Z/T=18/3/12/10
	 Target Residual not reached!
it 008 | main   | AHO | ineq=active   | mu=1.11e-04 eta=2.21e-04 sigma=0.00e+00 | err c/p/d=4.95e-05/5.98e-01/3.84e+00 | ok=Cpd | rmax X/Y/Z/T=18/3/12/10
it 009 | main   | AHO | ineq=active   | mu=1.11e-04 eta=2.21e-04 sigma=0.00e+00 | err c/p/d=4.95e-05/5.98e-01/3.84e+00 | ok=Cpd | rmax X/Y/Z/T=18/3/12/10
it 010 | main   | AHO | ineq=active   | mu=3.63e-04 eta=2.21e-04 sigma=0.00e+00 | err c/p/d=5.89e-05/5.96e-02/3.84e+00 | ok=Cpd | rmax X/Y/Z/T=26/3/12/10
it 011 | main   | AHO | ineq=active   | mu=3.65e-04 eta=2.21e-04 sigma=0.00e+00 | err c/p/d=5.44e-05/3.31e-03/8.09e-01 | ok=Cpd | rmax X/Y/Z/T=26/3/14/11
it 012 | main   | AHO | ineq=active   | mu=3.65e-04 eta=2.21e-04 sigma=0.00e+00 | err c/p/d=5.40e-05/1.33e-04/4.05e-02 | ok=CPd | rmax X/Y/Z/T=26/3/14/11
it 013 | main   | AHO | ineq=active   | mu=3.65e-04 eta=2.21e-04 sigma=0.00e+00 | err c/p/d=5.40e-05/1.25e-04/2.04e-03 | ok=CPd | rmax X/Y/Z/T=26/3/14/11
it 014 | finish | AHO | ineq=active   | mu=3.65e-04 eta=2.21e-04 sigma=0.00e+00 | err c/p/d=5.40e-05/1.18e-04/1.17e-04 | ok=CPD | rmax X/Y/Z/T=26/3/14/11
it 015 | finish | AHO | ineq=active   | mu=2.16e-04 eta=2.21e-04 sigma=0.00e+00 | err c/p/d=2.84e-05/1.79e-04/7.33e-04 | ok=CPD | rmax X/Y/Z/T=28/4/14/10
	 Target Residual not reached!
it 016 | finish | AHO | ineq=active   | mu=1.55e-04 eta=2.21e-04 sigma=0.00e+00 | err c/p/d=2.04e-05/1.79e-04/1.03e-03 | ok=CPD | rmax X/Y/Z/T=28/4/14/11
	 Target Residual not reached!
it 017 | finish | AHO | ineq=active   | mu=1.34e-04 eta=2.21e-04 sigma=0.00e+00 | err c/p/d=1.77e-05/1.79e-04/1.34e-03 | ok=CPd | rmax X/Y/Z/T=28/4/13/11
	 Target Residual not reached!
it 018 | finish | AHO | ineq=active   | mu=1.00e-04 eta=2.01e-04 sigma=0.00e+00 | err c/p/d=1.32e-05/1.79e-04/1.65e-03 | ok=CPd | rmax X/Y/Z/T=28/4/13/11
	 Target Residual not reached!
it 019 | finish | AHO | ineq=active   | mu=9.48e-05 eta=1.90e-04 sigma=0.00e+00 | err c/p/d=1.25e-05/1.79e-04/2.51e-03 | ok=CPd | rmax X/Y/Z/T=28/5/19/13
