000 (003.000.000) 06/01 11:21:03 Job submitted from host: <146.169.53.168:9618?addrs=146.169.53.168-9618+[2a0c-5bc0-40-11c4-d106-335e-215-8219]-9618&noUDP&sock=53650_5484_3>
...
001 (003.000.000) 06/01 11:21:49 Job executing on host: <146.169.52.6:9618?addrs=146.169.52.6-9618+[2a0c-5bc0-40-11c4-1874-3727-3782-c425]-9618&noUDP&sock=55984_c5ce_4>
...
006 (003.000.000) 06/01 11:21:58 Image size of job updated: 4
	5  -  MemoryUsage of job (MB)
	5092  -  ResidentSetSize of job (KB)
...
006 (003.000.000) 06/01 11:26:58 Image size of job updated: 9404216
	565  -  MemoryUsage of job (MB)
	578352  -  ResidentSetSize of job (KB)
...
006 (003.000.000) 06/01 11:31:58 Image size of job updated: 10220236
	1615  -  MemoryUsage of job (MB)
	1653676  -  ResidentSetSize of job (KB)
...
006 (003.000.000) 06/01 11:36:59 Image size of job updated: 10371996
	1615  -  MemoryUsage of job (MB)
	1653676  -  ResidentSetSize of job (KB)
...
006 (003.000.000) 06/01 11:42:00 Image size of job updated: 10488356
	1615  -  MemoryUsage of job (MB)
	1653676  -  ResidentSetSize of job (KB)
...
006 (003.000.000) 06/01 11:57:02 Image size of job updated: 10488356
	1986  -  MemoryUsage of job (MB)
	2032844  -  ResidentSetSize of job (KB)
...
006 (003.000.000) 06/01 12:07:02 Image size of job updated: 11762532
	3299  -  MemoryUsage of job (MB)
	3377332  -  ResidentSetSize of job (KB)
...
010 (003.000.000) 06/01 12:07:48 Job was suspended.
	Number of processes actually suspended: 7
...
011 (003.000.000) 06/01 12:12:48 Job was unsuspended.
...
006 (003.000.000) 06/01 12:17:03 Image size of job updated: 12582288
	4098  -  MemoryUsage of job (MB)
	4195608  -  ResidentSetSize of job (KB)
...
006 (003.000.000) 06/01 12:42:05 Image size of job updated: 15000444
	6497  -  MemoryUsage of job (MB)
	6652144  -  ResidentSetSize of job (KB)
...
010 (003.000.000) 06/01 13:16:36 Job was suspended.
	Number of processes actually suspended: 7
...
006 (003.000.000) 06/01 13:16:36 Image size of job updated: 15217688
	7031  -  MemoryUsage of job (MB)
	7198952  -  ResidentSetSize of job (KB)
...
011 (003.000.000) 06/01 13:22:37 Job was unsuspended.
...
004 (003.000.000) 06/01 13:23:37 Job was evicted.
	(0) Job was not checkpointed.
		Usr 0 15:25:54, Sys 0 00:13:28  -  Run Remote Usage
		Usr 0 00:00:00, Sys 0 00:00:00  -  Run Local Usage
	0  -  Run Bytes Sent By Job
	0  -  Run Bytes Received By Job
	Partitionable Resources :    Usage  Request Allocated 
	   Cpus                 :    11.36       16        24 
	   Disk (KB)            :     4           4   6186124 
	   Gpus                 :                           0 
	   Memory (MB)          :  7031           1     15626 
...
001 (003.000.000) 06/01 13:24:51 Job executing on host: <146.169.52.4:9618?addrs=146.169.52.4-9618+[2a0c-5bc0-40-11c4-1f3e-2cc6-d931-42cd]-9618&noUDP&sock=53556_b4bf_4>
...
006 (003.000.000) 06/01 15:05:09 Image size of job updated: 17500000
	7372  -  MemoryUsage of job (MB)
	7547912  -  ResidentSetSize of job (KB)
...
006 (003.000.000) 06/01 15:55:14 Image size of job updated: 17500000
	7860  -  MemoryUsage of job (MB)
	8048608  -  ResidentSetSize of job (KB)
...
006 (003.000.000) 06/01 16:00:15 Image size of job updated: 17765052
	9547  -  MemoryUsage of job (MB)
	9775184  -  ResidentSetSize of job (KB)
...
006 (003.000.000) 06/01 16:05:16 Image size of job updated: 18333396
	10101  -  MemoryUsage of job (MB)
	10343312  -  ResidentSetSize of job (KB)
...
006 (003.000.000) 06/01 16:10:16 Image size of job updated: 19924808
	10339  -  MemoryUsage of job (MB)
	10586664  -  ResidentSetSize of job (KB)
...
004 (003.000.000) 06/01 16:19:21 Job was evicted.
	(0) Job was not checkpointed.
		Usr 1 04:03:47, Sys 0 00:17:50  -  Run Remote Usage
		Usr 0 00:00:00, Sys 0 00:00:00  -  Run Local Usage
	0  -  Run Bytes Sent By Job
	0  -  Run Bytes Received By Job
	Partitionable Resources :    Usage  Request Allocated 
	   Cpus                 :    11.70       16        24 
	   Disk (KB)            :     4           4   5811440 
	   Gpus                 :                           0 
	   Memory (MB)          : 10339        7325     15626 
...
009 (003.000.000) 06/01 16:19:21 Job was aborted by the user.
	via condor_rm (by user fjk20)
...
