Running: max_stable_set (rank=2)
==== max_stable_set TT-IPM Batch Run Started at Mon  1 Jun 11:21:52 BST 2026 ====

▶ Running dim=10 with config=configs/max_stable_set_10.yaml at Mon  1 Jun 11:21:52 BST 2026

===== Processing Rank: 2 =====
Running seed 602
Creating Problem...
===Terminated Graph Sampling=== rank:  [1, 2, 2, 2, 2, 2, 1, 1, 1]
it 000 | main   | XZ  | ineq=not_in_use | mu=4.00e+00 eta=1.00e-03 sigma=5.00e-01 | err c/p/d=5.71e-01/5.11e+02/1.60e+01 | ok=cpd | rmax X/Y/Z/T=1/1/1/-
it 001 | main   | XZ  | ineq=not_in_use | mu=4.72e-01 eta=1.00e-03 sigma=6.48e-02 | err c/p/d=4.93e-02/5.91e+01/5.91e+00 | ok=cpd | rmax X/Y/Z/T=5/3/5/-
it 002 | main   | XZ  | ineq=not_in_use | mu=1.83e-01 eta=1.00e-03 sigma=4.34e-01 | err c/p/d=1.33e-02/2.09e+01/2.87e+00 | ok=cpd | rmax X/Y/Z/T=13/3/5/-
it 003 | main   | AHO | ineq=not_in_use | mu=1.46e-01 eta=1.00e-03 sigma=6.94e-01 | err c/p/d=3.71e-02/1.03e+01/2.38e+00 | ok=cpd | rmax X/Y/Z/T=16/3/5/-
	 Target Residual not reached!
it 004 | main   | AHO | ineq=not_in_use | mu=1.24e-01 eta=1.00e-03 sigma=5.08e-01 | err c/p/d=5.16e-02/8.15e+00/1.28e+00 | ok=cpd | rmax X/Y/Z/T=16/3/5/-
it 005 | main   | AHO | ineq=not_in_use | mu=3.20e-02 eta=1.00e-03 sigma=3.15e-03 | err c/p/d=1.92e-02/2.12e+00/8.41e-01 | ok=cpd | rmax X/Y/Z/T=15/3/5/-
	 Target Residual not reached!
it 006 | main   | AHO | ineq=not_in_use | mu=1.74e-02 eta=1.00e-03 sigma=8.36e-01 | err c/p/d=1.37e-02/6.22e-01/7.05e-01 | ok=cpd | rmax X/Y/Z/T=14/3/5/-
	 Target Residual not reached!
	 Target Residual not reached!
it 007 | main   | AHO | ineq=not_in_use | mu=7.56e-03 eta=1.00e-03 sigma=4.99e-01 | err c/p/d=3.77e-03/3.85e-02/3.98e-01 | ok=cpd | rmax X/Y/Z/T=15/3/5/-
	 Target Residual not reached!
	 Target Residual not reached!
it 008 | main   | AHO | ineq=not_in_use | mu=6.08e-03 eta=1.00e-03 sigma=8.61e-01 | err c/p/d=2.05e-03/3.37e-02/1.67e-01 | ok=cpd | rmax X/Y/Z/T=16/3/5/-
it 009 | main   | AHO | ineq=not_in_use | mu=3.69e-03 eta=1.00e-03 sigma=6.61e-01 | err c/p/d=8.15e-04/2.84e-02/2.98e-02 | ok=cpd | rmax X/Y/Z/T=14/3/5/-
it 010 | main   | AHO | ineq=not_in_use | mu=9.46e-04 eta=1.00e-03 sigma=6.36e-01 | err c/p/d=1.40e-04/6.27e-03/2.53e-02 | ok=cpd | rmax X/Y/Z/T=14/3/5/-
it 011 | main   | AHO | ineq=not_in_use | mu=5.10e-04 eta=1.00e-03 sigma=1.88e-01 | err c/p/d=6.76e-05/3.60e-02/1.57e-03 | ok=Cpd | rmax X/Y/Z/T=12/3/5/-
it 012 | main   | AHO | ineq=not_in_use | mu=5.13e-04 eta=1.00e-03 sigma=0.00e+00 | err c/p/d=7.08e-05/2.05e-03/5.08e-06 | ok=CpD | rmax X/Y/Z/T=12/3/5/-
it 013 | finish | AHO | ineq=not_in_use | mu=5.13e-04 eta=1.00e-03 sigma=0.00e+00 | err c/p/d=7.09e-05/1.09e-04/5.03e-06 | ok=CPD | rmax X/Y/Z/T=12/3/5/-
it 014 | finish | AHO | ineq=not_in_use | mu=2.16e-04 eta=4.33e-04 sigma=0.00e+00 | err c/p/d=2.80e-05/2.15e-02/6.30e-04 | ok=Cpd | rmax X/Y/Z/T=8/3/6/-
it 015 | finish | AHO | ineq=not_in_use | mu=6.16e-05 eta=1.23e-04 sigma=0.00e+00 | err c/p/d=7.95e-06/6.85e-03/3.33e-04 | ok=CpD | rmax X/Y/Z/T=9/7/9/-
it 016 | finish | AHO | ineq=not_in_use | mu=2.22e-05 eta=1.00e-04 sigma=0.00e+00 | err c/p/d=2.87e-06/2.52e-03/1.75e-04 | ok=CpD | rmax X/Y/Z/T=14/15/19/-
it 017 | finish | AHO | ineq=not_in_use | mu=2.54e-05 eta=1.00e-04 sigma=0.00e+00 | err c/p/d=3.28e-06/2.88e-03/1.27e-04 | ok=CpD | rmax X/Y/Z/T=19/24/34/-
