000 (004.000.000) 06/01 11:21:07 Job submitted from host: <146.169.53.168:9618?addrs=146.169.53.168-9618+[2a0c-5bc0-40-11c4-d106-335e-215-8219]-9618&noUDP&sock=53650_5484_3>
...
001 (004.000.000) 06/01 11:21:49 Job executing on host: <146.169.52.9:9618?addrs=146.169.52.9-9618+[2a0c-5bc0-40-11c4-163b-60f1-8b94-55e6]-9618&noUDP&sock=55227_055e_4>
...
006 (004.000.000) 06/01 11:21:58 Image size of job updated: 4
	6  -  MemoryUsage of job (MB)
	5168  -  ResidentSetSize of job (KB)
...
006 (004.000.000) 06/01 11:26:58 Image size of job updated: 11166048
	1148  -  MemoryUsage of job (MB)
	1175020  -  ResidentSetSize of job (KB)
...
006 (004.000.000) 06/01 11:42:00 Image size of job updated: 11166048
	1224  -  MemoryUsage of job (MB)
	1253208  -  ResidentSetSize of job (KB)
...
006 (004.000.000) 06/01 11:47:00 Image size of job updated: 11166048
	2111  -  MemoryUsage of job (MB)
	2161268  -  ResidentSetSize of job (KB)
...
006 (004.000.000) 06/01 11:52:01 Image size of job updated: 11166048
	2156  -  MemoryUsage of job (MB)
	2207188  -  ResidentSetSize of job (KB)
...
006 (004.000.000) 06/01 12:07:02 Image size of job updated: 15533700
	2238  -  MemoryUsage of job (MB)
	2291028  -  ResidentSetSize of job (KB)
...
006 (004.000.000) 06/01 12:12:03 Image size of job updated: 15533700
	2695  -  MemoryUsage of job (MB)
	2758680  -  ResidentSetSize of job (KB)
...
006 (004.000.000) 06/01 12:42:05 Image size of job updated: 15533700
	4150  -  MemoryUsage of job (MB)
	4249588  -  ResidentSetSize of job (KB)
...
006 (004.000.000) 06/01 12:47:06 Image size of job updated: 15533700
	5806  -  MemoryUsage of job (MB)
	5944396  -  ResidentSetSize of job (KB)
...
010 (004.000.000) 06/01 13:01:19 Job was suspended.
	Number of processes actually suspended: 7
...
006 (004.000.000) 06/01 13:01:19 Image size of job updated: 15603488
	7047  -  MemoryUsage of job (MB)
	7215524  -  ResidentSetSize of job (KB)
...
011 (004.000.000) 06/01 13:07:22 Job was unsuspended.
...
004 (004.000.000) 06/01 13:08:22 Job was evicted.
	(0) Job was not checkpointed.
		Usr 0 14:12:14, Sys 0 00:10:45  -  Run Remote Usage
		Usr 0 00:00:00, Sys 0 00:00:00  -  Run Local Usage
	0  -  Run Bytes Sent By Job
	0  -  Run Bytes Received By Job
	Partitionable Resources :    Usage  Request Allocated 
	   Cpus                 :    12.25       16        24 
	   Disk (KB)            :     4           4   5755356 
	   Gpus                 :                           0 
	   Memory (MB)          :  7047           1     15626 
...
001 (004.000.000) 06/01 13:08:51 Job executing on host: <146.169.52.8:9618?addrs=146.169.52.8-9618+[2a0c-5bc0-40-11c4-b3be-83e6-9024-f649]-9618&noUDP&sock=54282_579d_4>
...
010 (004.000.000) 06/01 15:19:34 Job was suspended.
	Number of processes actually suspended: 7
...
011 (004.000.000) 06/01 15:25:39 Job was unsuspended.
...
004 (004.000.000) 06/01 15:26:39 Job was evicted.
	(0) Job was not checkpointed.
		Usr 0 19:52:25, Sys 0 00:13:43  -  Run Remote Usage
		Usr 0 00:00:00, Sys 0 00:00:00  -  Run Local Usage
	0  -  Run Bytes Sent By Job
	0  -  Run Bytes Received By Job
	Partitionable Resources :    Usage  Request Allocated 
	   Cpus                 :    10.50       16        24 
	   Disk (KB)            :     4           4   5810196 
	   Gpus                 :                           0 
	   Memory (MB)          :  7325        7325     15626 
...
001 (004.000.000) 06/01 15:27:51 Job executing on host: <146.169.52.7:9618?addrs=146.169.52.7-9618+[2a0c-5bc0-40-11c4-c8df-aa93-211e-a5e6]-9618&noUDP&sock=55301_c760_4>
...
006 (004.000.000) 06/01 15:53:02 Image size of job updated: 17828564
	7325  -  MemoryUsage of job (MB)
	7500000  -  ResidentSetSize of job (KB)
...
004 (004.000.000) 06/01 16:19:39 Job was evicted.
	(0) Job was not checkpointed.
		Usr 0 07:49:25, Sys 0 00:05:10  -  Run Remote Usage
		Usr 0 00:00:00, Sys 0 00:00:00  -  Run Local Usage
	0  -  Run Bytes Sent By Job
	0  -  Run Bytes Received By Job
	Partitionable Resources :    Usage  Request Allocated 
	   Cpus                 :     9.57       16        24 
	   Disk (KB)            :     4           4   5810944 
	   Gpus                 :                           0 
	   Memory (MB)          :  7325        7325     15626 
...
009 (004.000.000) 06/01 16:19:39 Job was aborted by the user.
	via condor_rm (by user fjk20)
...
