Running: max_stable_set (rank=3)
==== max_stable_set TT-IPM Batch Run Started at Mon  1 Jun 13:08:54 BST 2026 ====

▶ Running dim=10 with config=configs/max_stable_set_10.yaml at Mon  1 Jun 13:08:54 BST 2026

===== Processing Rank: 3 =====
Running seed 588
Creating Problem...
===Terminated Graph Sampling=== rank:  [2, 2, 2, 2, 2, 3, 2, 2, 2]
it 000 | main   | XZ  | ineq=not_in_use | mu=4.00e+00 eta=1.00e-03 sigma=5.00e-01 | err c/p/d=5.71e-01/5.11e+02/1.60e+01 | ok=cpd | rmax X/Y/Z/T=1/1/1/-
it 001 | main   | XZ  | ineq=not_in_use | mu=6.93e-01 eta=1.00e-03 sigma=8.43e-02 | err c/p/d=7.67e-02/8.62e+01/5.28e+00 | ok=cpd | rmax X/Y/Z/T=6/4/6/-
	 Target Residual not reached!
it 002 | main   | XZ  | ineq=not_in_use | mu=1.99e-01 eta=1.00e-03 sigma=2.25e-01 | err c/p/d=2.61e-02/2.23e+01/5.93e-02 | ok=cpd | rmax X/Y/Z/T=43/19/25/-
it 003 | main   | AHO | ineq=not_in_use | mu=2.44e-02 eta=1.00e-03 sigma=4.89e-03 | err c/p/d=1.10e-02/2.36e+00/4.93e-02 | ok=cpd | rmax X/Y/Z/T=49/27/32/-
it 004 | main   | AHO | ineq=not_in_use | mu=4.74e-03 eta=1.00e-03 sigma=3.22e-01 | err c/p/d=3.19e-03/5.74e-02/2.37e-02 | ok=cpd | rmax X/Y/Z/T=42/30/35/-
	 Target Residual not reached!
	 Target Residual not reached!
it 005 | main   | AHO | ineq=not_in_use | mu=4.46e-03 eta=1.00e-03 sigma=8.98e-01 | err c/p/d=2.28e-03/8.43e-02/1.98e-02 | ok=cpd | rmax X/Y/Z/T=47/34/37/-
	 Target Residual not reached!
	 Target Residual not reached!
it 006 | main   | AHO | ineq=not_in_use | mu=4.59e-03 eta=1.00e-03 sigma=8.96e-01 | err c/p/d=2.28e-03/1.12e-01/1.96e-02 | ok=cpd | rmax X/Y/Z/T=43/34/37/-
	 Target Residual not reached!
	 Target Residual not reached!
it 007 | main   | AHO | ineq=not_in_use | mu=4.74e-03 eta=1.00e-03 sigma=9.51e-01 | err c/p/d=2.35e-03/1.38e-01/1.98e-02 | ok=cpd | rmax X/Y/Z/T=41/33/37/-
	 Target Residual not reached!
	 Target Residual not reached!
it 008 | main   | AHO | ineq=not_in_use | mu=4.88e-03 eta=1.00e-03 sigma=9.70e-01 | err c/p/d=2.41e-03/1.59e-01/1.96e-02 | ok=cpd | rmax X/Y/Z/T=40/33/37/-
	 Target Residual not reached!
	 Target Residual not reached!
	 Target Residual not reached!
it 009 | main   | AHO | ineq=not_in_use | mu=4.88e-03 eta=1.00e-03 sigma=9.79e-01 | err c/p/d=2.41e-03/1.59e-01/1.95e-02 | ok=cpd | rmax X/Y/Z/T=40/33/37/-
	 Target Residual not reached!
	 Target Residual not reached!
	 Target Residual not reached!
it 010 | main   | AHO | ineq=not_in_use | mu=4.88e-03 eta=1.00e-03 sigma=9.83e-01 | err c/p/d=2.40e-03/1.59e-01/1.95e-02 | ok=cpd | rmax X/Y/Z/T=40/33/37/-
	 Target Residual not reached!
	 Target Residual not reached!
	 Target Residual not reached!
it 011 | main   | AHO | ineq=not_in_use | mu=4.88e-03 eta=1.00e-03 sigma=9.86e-01 | err c/p/d=2.40e-03/1.59e-01/1.94e-02 | ok=cpd | rmax X/Y/Z/T=40/33/37/-
