000 (005.000.000) 06/01 13:45:16 Job submitted from host: <146.169.53.168:9618?addrs=146.169.53.168-9618+[2a0c-5bc0-40-11c4-d106-335e-215-8219]-9618&noUDP&sock=53650_5484_3>
...
001 (005.000.000) 06/01 13:45:51 Job executing on host: <146.169.52.5:9618?addrs=146.169.52.5-9618+[2a0c-5bc0-40-11c4-2a1e-4162-1f2b-21d3]-9618&noUDP&sock=56083_2a70_4>
...
006 (005.000.000) 06/01 13:45:59 Image size of job updated: 2193388
	30  -  MemoryUsage of job (MB)
	30420  -  ResidentSetSize of job (KB)
...
006 (005.000.000) 06/01 13:50:59 Image size of job updated: 9937032
	1153  -  MemoryUsage of job (MB)
	1180048  -  ResidentSetSize of job (KB)
...
006 (005.000.000) 06/01 13:55:59 Image size of job updated: 10096560
	1323  -  MemoryUsage of job (MB)
	1354360  -  ResidentSetSize of job (KB)
...
006 (005.000.000) 06/01 14:11:01 Image size of job updated: 10759628
	1975  -  MemoryUsage of job (MB)
	2021664  -  ResidentSetSize of job (KB)
...
006 (005.000.000) 06/01 14:16:02 Image size of job updated: 11679540
	2876  -  MemoryUsage of job (MB)
	2944360  -  ResidentSetSize of job (KB)
...
006 (005.000.000) 06/01 14:26:03 Image size of job updated: 13018348
	4188  -  MemoryUsage of job (MB)
	4287524  -  ResidentSetSize of job (KB)
...
