000 (006.000.000) 06/01 16:03:33 Job submitted from host: <146.169.53.168:9618?addrs=146.169.53.168-9618+[2a0c-5bc0-40-11c4-d106-335e-215-8219]-9618&noUDP&sock=53650_5484_3>
...
001 (006.000.000) 06/01 16:03:52 Job executing on host: <146.169.52.8:9618?addrs=146.169.52.8-9618+[2a0c-5bc0-40-11c4-b3be-83e6-9024-f649]-9618&noUDP&sock=54282_579d_4>
...
006 (006.000.000) 06/01 16:04:00 Image size of job updated: 4
	5  -  MemoryUsage of job (MB)
	5088  -  ResidentSetSize of job (KB)
...
006 (006.000.000) 06/01 16:09:00 Image size of job updated: 9664972
	633  -  MemoryUsage of job (MB)
	647512  -  ResidentSetSize of job (KB)
...
006 (006.000.000) 06/01 16:19:01 Image size of job updated: 9664972
	769  -  MemoryUsage of job (MB)
	786712  -  ResidentSetSize of job (KB)
...
006 (006.000.000) 06/01 16:24:01 Image size of job updated: 9675776
	1136  -  MemoryUsage of job (MB)
	1162444  -  ResidentSetSize of job (KB)
...
006 (006.000.000) 06/01 16:29:02 Image size of job updated: 9850464
	1136  -  MemoryUsage of job (MB)
	1162444  -  ResidentSetSize of job (KB)
...
006 (006.000.000) 06/01 16:34:03 Image size of job updated: 10161152
	1757  -  MemoryUsage of job (MB)
	1798644  -  ResidentSetSize of job (KB)
...
006 (006.000.000) 06/01 16:39:03 Image size of job updated: 10922492
	1800  -  MemoryUsage of job (MB)
	1842916  -  ResidentSetSize of job (KB)
...
006 (006.000.000) 06/01 16:44:04 Image size of job updated: 11063408
	2296  -  MemoryUsage of job (MB)
	2350480  -  ResidentSetSize of job (KB)
...
006 (006.000.000) 06/01 16:49:05 Image size of job updated: 12601456
	4509  -  MemoryUsage of job (MB)
	4616708  -  ResidentSetSize of job (KB)
...
006 (006.000.000) 06/01 16:59:06 Image size of job updated: 13731524
	4509  -  MemoryUsage of job (MB)
	4616708  -  ResidentSetSize of job (KB)
...
006 (006.000.000) 06/01 17:04:06 Image size of job updated: 13731524
	4845  -  MemoryUsage of job (MB)
	4960872  -  ResidentSetSize of job (KB)
...
001 (006.000.000) 06/01 18:17:54 Job executing on host: <146.169.52.3:9618?addrs=146.169.52.3-9618+[2a0c-5bc0-40-11c4-b4fd-3cd3-ab4a-4bd7]-9618&noUDP&sock=56824_483f_4>
...
006 (006.000.000) 06/01 19:13:09 Image size of job updated: 16043704
	8011  -  MemoryUsage of job (MB)
	8202400  -  ResidentSetSize of job (KB)
...
006 (006.000.000) 06/01 19:18:10 Image size of job updated: 16542556
	8498  -  MemoryUsage of job (MB)
	8701216  -  ResidentSetSize of job (KB)
...
006 (006.000.000) 06/01 19:38:11 Image size of job updated: 19901632
	11836  -  MemoryUsage of job (MB)
	12119500  -  ResidentSetSize of job (KB)
...
006 (006.000.000) 06/01 19:43:12 Image size of job updated: 20685700
	12602  -  MemoryUsage of job (MB)
	12903644  -  ResidentSetSize of job (KB)
...
006 (006.000.000) 06/01 20:13:15 Image size of job updated: 22936584
	14096  -  MemoryUsage of job (MB)
	14434064  -  ResidentSetSize of job (KB)
...
006 (006.000.000) 06/01 20:18:16 Image size of job updated: 23257644
	14096  -  MemoryUsage of job (MB)
	14434064  -  ResidentSetSize of job (KB)
...
004 (006.000.000) 06/01 20:30:53 Job was evicted.
	(0) Job was not checkpointed.
		Usr 0 21:16:52, Sys 0 00:10:57  -  Run Remote Usage
		Usr 0 00:00:00, Sys 0 00:00:00  -  Run Local Usage
	0  -  Run Bytes Sent By Job
	0  -  Run Bytes Received By Job
	Partitionable Resources :    Usage  Request Allocated 
	   Cpus                 :    12.19       16        24 
	   Disk (KB)            :     4           4   5812856 
	   Gpus                 :                           0 
	   Memory (MB)          : 14096        4639     15626 
...
001 (006.000.000) 06/01 20:31:54 Job executing on host: <146.169.53.189:9618?addrs=146.169.53.189-9618+[2a0c-5bc0-40-11c4-8ea7-defc-be93-aeb]-9618&noUDP&sock=53316_3be2_4>
...
004 (006.000.000) 06/01 21:32:54 Job was evicted.
	(0) Job was not checkpointed.
		Usr 0 07:04:12, Sys 0 00:06:23  -  Run Remote Usage
		Usr 0 00:00:00, Sys 0 00:00:00  -  Run Local Usage
	0  -  Run Bytes Sent By Job
	0  -  Run Bytes Received By Job
	Partitionable Resources :    Usage  Request Allocated 
	   Cpus                 :    10.14       16        24 
	   Disk (KB)            :     4           4   5806380 
	   Gpus                 :                           0 
	   Memory (MB)          : 14649       14649     15626 
...
001 (006.000.000) 06/01 22:09:56 Job executing on host: <146.169.52.16:9618?addrs=146.169.52.16-9618+[2a0c-5bc0-40-11c4-8875-a79d-7a99-a3a9]-9618&noUDP&sock=56651_c43b_4>
...
006 (006.000.000) 06/02 00:15:17 Image size of job updated: 25570732
	14649  -  MemoryUsage of job (MB)
	15000000  -  ResidentSetSize of job (KB)
...
006 (006.000.000) 06/02 00:16:55 Image size of job updated: 25911984
	14649  -  MemoryUsage of job (MB)
	15000000  -  ResidentSetSize of job (KB)
...
005 (006.000.000) 06/02 00:16:55 Job terminated.
	(1) Normal termination (return value 0)
		Usr 0 19:44:30, Sys 0 00:11:22  -  Run Remote Usage
		Usr 0 00:00:00, Sys 0 00:00:00  -  Run Local Usage
		Usr 0 19:44:30, Sys 0 00:11:22  -  Total Remote Usage
		Usr 0 00:00:00, Sys 0 00:00:00  -  Total Local Usage
	0  -  Run Bytes Sent By Job
	0  -  Run Bytes Received By Job
	0  -  Total Bytes Sent By Job
	0  -  Total Bytes Received By Job
	Partitionable Resources :    Usage  Request Allocated 
	   Cpus                 :     5.44       16        24 
	   Disk (KB)            :     4           4   5812408 
	   Gpus                 :                           0 
	   Memory (MB)          : 14649       14649     15626 
...
