Running: max_stable_set (rank=1)
==== max_stable_set TT-IPM Batch Run Started at Mon  1 Jun 22:09:58 BST 2026 ====

▶ Running dim=11 with config=configs/max_stable_set_11.yaml at Mon  1 Jun 22:09:58 BST 2026

===== Processing Rank: 1 =====
Running seed 74
Creating Problem...
===Terminated Graph Sampling=== rank:  [1, 1, 1, 1, 1, 1, 1, 1, 1, 1]
it 000 | main   | XZ  | ineq=not_in_use | mu=4.00e+00 eta=1.00e-03 sigma=5.00e-01 | err c/p/d=5.71e-01/1.02e+03/2.27e+01 | ok=cpd | rmax X/Y/Z/T=1/1/1/-
it 001 | main   | XZ  | ineq=not_in_use | mu=4.49e-01 eta=1.00e-03 sigma=6.12e-02 | err c/p/d=4.68e-02/1.13e+02/8.39e+00 | ok=cpd | rmax X/Y/Z/T=4/2/4/-
warn   | step-eig | target=miss | residual=1.64e-08 > 1.00e-08 | action=damp
warn   | step-eig | target=miss | residual=1.64e-08 > 1.00e-08 | action=damp
it 002 | main   | XZ  | ineq=not_in_use | mu=1.54e-01 eta=1.00e-03 sigma=4.37e-01 | err c/p/d=1.04e-02/3.68e+01/5.99e+00 | ok=cpd | rmax X/Y/Z/T=12/4/6/-
it 003 | main   | AHO | ineq=not_in_use | mu=8.83e-02 eta=1.00e-03 sigma=4.38e-01 | err c/p/d=8.47e-03/1.68e+01/1.08e+00 | ok=cpd | rmax X/Y/Z/T=14/4/6/-
it 004 | main   | AHO | ineq=not_in_use | mu=6.09e-02 eta=1.00e-03 sigma=9.57e-02 | err c/p/d=8.38e-03/1.19e+01/8.82e-01 | ok=cpd | rmax X/Y/Z/T=14/4/6/-
it 005 | main   | AHO | ineq=not_in_use | mu=6.63e-02 eta=1.00e-03 sigma=7.86e-01 | err c/p/d=1.05e-02/1.12e+01/3.33e-01 | ok=cpd | rmax X/Y/Z/T=14/4/6/-
it 006 | main   | AHO | ineq=not_in_use | mu=5.59e-02 eta=1.00e-03 sigma=9.43e-01 | err c/p/d=1.75e-02/8.94e+00/3.09e-01 | ok=cpd | rmax X/Y/Z/T=12/4/6/-
it 007 | main   | AHO | ineq=not_in_use | mu=4.66e-02 eta=1.00e-03 sigma=6.38e-01 | err c/p/d=2.36e-02/6.85e+00/2.17e-01 | ok=cpd | rmax X/Y/Z/T=12/4/6/-
it 008 | main   | AHO | ineq=not_in_use | mu=4.48e-02 eta=1.00e-03 sigma=6.10e-01 | err c/p/d=3.11e-02/5.20e+00/1.07e-01 | ok=cpd | rmax X/Y/Z/T=11/4/6/-
it 009 | main   | AHO | ineq=not_in_use | mu=3.52e-02 eta=1.00e-03 sigma=6.05e-01 | err c/p/d=3.28e-02/3.09e+00/8.79e-02 | ok=cpd | rmax X/Y/Z/T=11/4/6/-
it 010 | main   | AHO | ineq=not_in_use | mu=5.43e-03 eta=1.00e-03 sigma=1.90e-01 | err c/p/d=5.05e-03/9.01e-02/5.65e-02 | ok=cpd | rmax X/Y/Z/T=8/4/6/-
warn   | step-eig | target=miss | residual=2.02e-08 > 1.00e-08 | action=damp
it 011 | main   | AHO | ineq=not_in_use | mu=4.29e-03 eta=1.00e-03 sigma=9.40e-01 | err c/p/d=3.51e-03/1.25e-01/2.44e-02 | ok=cpd | rmax X/Y/Z/T=8/4/6/-
it 012 | main   | AHO | ineq=not_in_use | mu=3.36e-03 eta=1.00e-03 sigma=6.57e-01 | err c/p/d=1.21e-03/9.25e-02/1.94e-02 | ok=cpd | rmax X/Y/Z/T=14/4/6/-
it 013 | main   | AHO | ineq=not_in_use | mu=1.14e-03 eta=1.00e-03 sigma=4.62e-01 | err c/p/d=1.91e-04/2.30e-02/1.54e-03 | ok=cpd | rmax X/Y/Z/T=14/4/6/-
it 014 | repair | XZ  | ineq=not_in_use | mu=1.41e-04 eta=2.82e-04 sigma=4.09e-02 | err c/p/d=1.86e-05/1.01e-02/2.17e-04 | ok=CpD | rmax X/Y/Z/T=14/4/6/-
it 015 | main   | AHO | ineq=not_in_use | mu=1.42e-04 eta=2.82e-04 sigma=0.00e+00 | err c/p/d=1.89e-05/5.62e-03/1.66e-04 | ok=CpD | rmax X/Y/Z/T=14/4/6/-
it 016 | finish | AHO | ineq=not_in_use | mu=1.43e-04 eta=2.82e-04 sigma=0.00e+00 | err c/p/d=1.90e-05/3.01e-04/1.27e-04 | ok=CPD | rmax X/Y/Z/T=14/4/6/-
it 017 | finish | AHO | ineq=not_in_use | mu=3.11e-05 eta=1.00e-04 sigma=0.00e+00 | err c/p/d=4.02e-06/5.37e-03/5.77e-05 | ok=CpD | rmax X/Y/Z/T=14/5/7/-
it 018 | finish | AHO | ineq=not_in_use | mu=1.72e-05 eta=1.00e-04 sigma=0.00e+00 | err c/p/d=2.21e-06/3.81e-03/1.40e-04 | ok=CpD | rmax X/Y/Z/T=19/8/11/-
it 019 | finish | AHO | ineq=not_in_use | mu=3.30e-05 eta=1.00e-04 sigma=0.00e+00 | err c/p/d=4.26e-06/7.51e-03/1.90e-04 | ok=CpD | rmax X/Y/Z/T=39/26/35/-
Terminated
Process MemTimer-1:
❌ Error occurred for dim=11 (exit code 143)
Traceback (most recent call last):
  File "/homes/fjk20/miniforge3/envs/ttipm/lib/python3.14/multiprocessing/process.py", line 320, in _bootstrap
    self.run()
    ~~~~~~~~^^
  File "/homes/fjk20/miniforge3/envs/ttipm/lib/python3.14/site-packages/memory_profiler.py", line 252, in run
    cur_mem = _get_memory(
        self.monitor_pid, self.backend, timestamps=self.timestamps,
        include_children=self.include_children,)
  File "/homes/fjk20/miniforge3/envs/ttipm/lib/python3.14/site-packages/memory_profiler.py", line 221, in _get_memory
    return tools[backend]()
           ~~~~~~~~~~~~~~^^
  File "/homes/fjk20/miniforge3/envs/ttipm/lib/python3.14/site-packages/memory_profiler.py", line 134, in ps_util_tool
    process = psutil.Process(pid)
  File "/homes/fjk20/miniforge3/envs/ttipm/lib/python3.14/site-packages/psutil/__init__.py", line 313, in __init__
    self._init(pid)
    ~~~~~~~~~~^^^^^
  File "/homes/fjk20/miniforge3/envs/ttipm/lib/python3.14/site-packages/psutil/__init__.py", line 359, in _init
    raise NoSuchProcess(pid, msg=msg) from None
psutil.NoSuchProcess: process PID not found (pid=3508832)

==== All runs completed at Tue  2 Jun 00:16:55 BST 2026 ====
