Running: max_stable_set (rank=2)
==== max_stable_set TT-IPM Batch Run Started at Mon  1 Jun 13:48:53 BST 2026 ====

▶ Running dim=9 with config=configs/max_stable_set_9.yaml at Mon  1 Jun 13:48:53 BST 2026

===== Processing Rank: 2 =====
Running seed 587
Creating Problem...
===Terminated Graph Sampling=== rank:  [2, 2, 2, 2, 2, 2, 2, 2]
it 000 | main   | XZ  | ineq=not_in_use | mu=4.00e+00 eta=1.00e-03 sigma=5.00e-01 | err c/p/d=5.71e-01/2.55e+02/1.14e+01 | ok=cpd | rmax X/Y/Z/T=1/1/1/-
it 001 | main   | XZ  | ineq=not_in_use | mu=7.30e-01 eta=1.00e-03 sigma=8.62e-02 | err c/p/d=8.16e-02/4.53e+01/3.66e+00 | ok=cpd | rmax X/Y/Z/T=5/3/5/-
it 002 | main   | XZ  | ineq=not_in_use | mu=2.14e-01 eta=1.00e-03 sigma=2.40e-01 | err c/p/d=3.31e-02/1.09e+01/3.05e+00 | ok=cpd | rmax X/Y/Z/T=13/5/8/-
it 003 | main   | AHO | ineq=not_in_use | mu=1.47e-01 eta=1.00e-03 sigma=4.41e-01 | err c/p/d=5.51e-02/6.13e+00/2.52e+00 | ok=cpd | rmax X/Y/Z/T=14/6/8/-
it 004 | main   | AHO | ineq=not_in_use | mu=1.59e-02 eta=1.00e-03 sigma=1.48e-01 | err c/p/d=1.08e-02/1.21e-01/1.18e+00 | ok=cpd | rmax X/Y/Z/T=12/7/8/-
	 Target Residual not reached!
it 005 | main   | AHO | ineq=not_in_use | mu=8.69e-03 eta=1.00e-03 sigma=8.41e-01 | err c/p/d=4.70e-03/3.59e-02/2.46e-01 | ok=cpd | rmax X/Y/Z/T=14/7/9/-
	 Target Residual not reached!
	 Target Residual not reached!
it 006 | main   | AHO | ineq=not_in_use | mu=5.79e-03 eta=1.00e-03 sigma=6.93e-01 | err c/p/d=1.72e-03/2.70e-02/1.83e-01 | ok=cpd | rmax X/Y/Z/T=14/7/8/-
it 007 | main   | AHO | ineq=not_in_use | mu=1.10e-03 eta=1.00e-03 sigma=3.44e-01 | err c/p/d=2.18e-04/1.09e-02/2.76e-02 | ok=cpd | rmax X/Y/Z/T=11/8/10/-
it 008 | main   | AHO | ineq=not_in_use | mu=2.76e-04 eta=5.51e-04 sigma=8.52e-03 | err c/p/d=5.05e-05/1.55e-02/2.95e-03 | ok=Cpd | rmax X/Y/Z/T=9/14/17/-
it 009 | main   | AHO | ineq=not_in_use | mu=2.93e-04 eta=5.51e-04 sigma=0.00e+00 | err c/p/d=5.45e-05/2.22e-03/2.28e-04 | ok=CpD | rmax X/Y/Z/T=9/16/19/-
it 010 | finish | AHO | ineq=not_in_use | mu=2.93e-04 eta=5.51e-04 sigma=0.00e+00 | err c/p/d=5.47e-05/1.18e-04/4.60e-04 | ok=CPD | rmax X/Y/Z/T=9/16/19/-
it 011 | finish | AHO | ineq=not_in_use | mu=8.87e-05 eta=1.77e-04 sigma=0.00e+00 | err c/p/d=1.62e-05/6.28e-03/4.55e-04 | ok=CpD | rmax X/Y/Z/T=9/25/29/-
it 012 | finish | AHO | ineq=not_in_use | mu=1.35e-05 eta=1.00e-04 sigma=0.00e+00 | err c/p/d=2.45e-06/1.07e-03/1.82e-04 | ok=CpD | rmax X/Y/Z/T=13/47/51/-
it 013 | finish | AHO | ineq=not_in_use | mu=1.57e-05 eta=1.00e-04 sigma=0.00e+00 | err c/p/d=2.86e-06/1.34e-03/8.05e-05 | ok=CpD | rmax X/Y/Z/T=13/71/81/-
it 014 | finish | AHO | ineq=not_in_use | mu=2.16e-05 eta=1.00e-04 sigma=0.00e+00 | err c/p/d=3.93e-06/1.85e-03/6.83e-05 | ok=CpD | rmax X/Y/Z/T=13/79/89/-
---Terminated---
Terminated in 14 iterations.
Ranks: X=[2, 2, 2, 2, 2, 5, 13, 5], Z=[5, 16, 58, 89, 35, 21, 11, 5], Y=[4, 15, 56, 79, 33, 19, 9, 4], T=[0, 0, 0, 0, 0, 0, 0, 0]
Run terminated after 14 iterations. Compl Slackness: 1.1081e-02. Feasibility error: 5.4645e-05. Dual Feasibility error: 7.4685e-08.
Run terminated in 1090.87s. Memory: 2262.34 MB.
Seed 587 terminated (feasibility error: 5.46e-05, dual feasibility error: 7.47e-08, slackness: 1.11e-02). Suggesting a new seed.
New seed suggested: 403
Creating Problem...
===Terminated Graph Sampling=== rank:  [1, 1, 1, 1, 2, 2, 1, 1]
it 000 | main   | XZ  | ineq=not_in_use | mu=4.00e+00 eta=1.00e-03 sigma=5.00e-01 | err c/p/d=5.71e-01/2.55e+02/1.14e+01 | ok=cpd | rmax X/Y/Z/T=1/1/1/-
it 001 | main   | XZ  | ineq=not_in_use | mu=7.81e-01 eta=1.00e-03 sigma=1.04e-01 | err c/p/d=8.64e-02/4.82e+01/3.76e+00 | ok=cpd | rmax X/Y/Z/T=4/3/4/-
it 002 | main   | XZ  | ineq=not_in_use | mu=3.26e-01 eta=1.00e-03 sigma=5.17e-01 | err c/p/d=3.91e-02/1.55e+01/6.79e-01 | ok=cpd | rmax X/Y/Z/T=7/3/4/-
it 003 | main   | AHO | ineq=not_in_use | mu=3.31e-02 eta=1.00e-03 sigma=2.06e-02 | err c/p/d=1.56e-02/1.12e+00/5.77e-01 | ok=cpd | rmax X/Y/Z/T=7/3/4/-
it 004 | main   | AHO | ineq=not_in_use | mu=1.05e-02 eta=1.00e-03 sigma=7.80e-01 | err c/p/d=3.10e-03/2.50e-02/4.59e-01 | ok=cpd | rmax X/Y/Z/T=7/3/4/-
it 005 | main   | AHO | ineq=not_in_use | mu=1.85e-03 eta=1.00e-03 sigma=2.84e-01 | err c/p/d=2.68e-04/9.92e-04/4.34e-02 | ok=cpd | rmax X/Y/Z/T=7/3/4/-
it 006 | main   | AHO | ineq=not_in_use | mu=2.16e-04 eta=4.32e-04 sigma=8.80e-03 | err c/p/d=2.82e-05/1.04e-04/8.48e-03 | ok=CPd | rmax X/Y/Z/T=7/4/5/-
it 007 | finish | AHO | ineq=not_in_use | mu=2.16e-04 eta=4.32e-04 sigma=0.00e+00 | err c/p/d=2.82e-05/1.11e-04/4.24e-04 | ok=CPD | rmax X/Y/Z/T=7/4/5/-
it 008 | finish | AHO | ineq=not_in_use | mu=1.06e-04 eta=2.12e-04 sigma=0.00e+00 | err c/p/d=1.37e-05/5.43e-03/2.20e-05 | ok=CpD | rmax X/Y/Z/T=4/4/5/-
it 009 | finish | AHO | ineq=not_in_use | mu=1.37e-05 eta=1.00e-04 sigma=0.00e+00 | err c/p/d=1.76e-06/7.41e-04/1.05e-04 | ok=CpD | rmax X/Y/Z/T=3/7/9/-
it 010 | finish | AHO | ineq=not_in_use | mu=1.55e-05 eta=1.00e-04 sigma=0.00e+00 | err c/p/d=2.00e-06/8.78e-04/7.75e-05 | ok=CpD | rmax X/Y/Z/T=5/17/21/-
it 011 | finish | AHO | ineq=not_in_use | mu=1.72e-05 eta=1.00e-04 sigma=0.00e+00 | err c/p/d=2.22e-06/9.77e-04/4.91e-05 | ok=CpD | rmax X/Y/Z/T=5/20/23/-
---Terminated---
Terminated in 11 iterations.
Ranks: X=[2, 2, 2, 2, 2, 2, 2, 5], Z=[5, 16, 23, 19, 14, 8, 5, 4], Y=[4, 14, 20, 16, 11, 5, 2, 2], T=[0, 0, 0, 0, 0, 0, 0, 0]
Run terminated after 11 iterations. Compl Slackness: 8.7913e-03. Feasibility error: 1.5257e-05. Dual Feasibility error: 3.8570e-08.
Run terminated in 28.60s. Memory: 330.70 MB.
Rerun with new seed 403 terminated. Feasibility error: 1.53e-05, dual feasibility error: 3.86e-08, slackness: 8.79e-03
Seed 403 terminated (feasibility error: 1.53e-05, dual feasibility error: 3.86e-08, slackness: 8.79e-03). Suggesting a new seed.
New seed suggested: 773
Creating Problem...
===Terminated Graph Sampling=== rank:  [2, 2, 2, 2, 2, 1, 1, 1]
it 000 | main   | XZ  | ineq=not_in_use | mu=4.00e+00 eta=1.00e-03 sigma=5.00e-01 | err c/p/d=5.71e-01/2.55e+02/1.14e+01 | ok=cpd | rmax X/Y/Z/T=1/1/1/-
it 001 | main   | XZ  | ineq=not_in_use | mu=6.25e-01 eta=1.00e-03 sigma=8.75e-02 | err c/p/d=6.68e-02/3.88e+01/4.02e+00 | ok=cpd | rmax X/Y/Z/T=5/3/5/-
it 002 | main   | XZ  | ineq=not_in_use | mu=2.76e-01 eta=1.00e-03 sigma=4.46e-01 | err c/p/d=2.62e-02/1.49e+01/1.08e+00 | ok=cpd | rmax X/Y/Z/T=10/3/5/-
it 003 | main   | AHO | ineq=not_in_use | mu=2.37e-01 eta=1.00e-03 sigma=5.84e-01 | err c/p/d=5.98e-02/8.83e+00/8.87e-01 | ok=cpd | rmax X/Y/Z/T=10/4/7/-
it 004 | main   | AHO | ineq=not_in_use | mu=5.84e-02 eta=1.00e-03 sigma=2.84e-03 | err c/p/d=2.60e-02/2.15e+00/5.63e-01 | ok=cpd | rmax X/Y/Z/T=10/4/6/-
	 Target Residual not reached!
it 005 | main   | AHO | ineq=not_in_use | mu=2.46e-02 eta=1.00e-03 sigma=8.58e-01 | err c/p/d=1.94e-02/2.83e-01/4.77e-01 | ok=cpd | rmax X/Y/Z/T=9/4/6/-
it 006 | main   | AHO | ineq=not_in_use | mu=1.18e-02 eta=1.00e-03 sigma=5.95e-01 | err c/p/d=4.66e-03/3.47e-02/2.03e-01 | ok=cpd | rmax X/Y/Z/T=10/5/7/-
it 007 | main   | AHO | ineq=not_in_use | mu=3.64e-03 eta=1.00e-03 sigma=3.63e-01 | err c/p/d=5.24e-04/1.29e-02/1.73e-01 | ok=cpd | rmax X/Y/Z/T=8/6/8/-
it 008 | main   | AHO | ineq=not_in_use | mu=6.33e-04 eta=1.00e-03 sigma=8.61e-03 | err c/p/d=8.29e-05/1.58e-02/2.23e-02 | ok=Cpd | rmax X/Y/Z/T=7/8/11/-
it 009 | main   | AHO | ineq=not_in_use | mu=9.61e-04 eta=1.00e-03 sigma=0.00e+00 | err c/p/d=1.28e-04/1.93e-02/1.66e-03 | ok=cpd | rmax X/Y/Z/T=5/9/12/-
it 010 | main   | AHO | ineq=not_in_use | mu=1.50e-04 eta=3.00e-04 sigma=9.80e-04 | err c/p/d=1.94e-05/5.30e-03/3.48e-04 | ok=CpD | rmax X/Y/Z/T=4/11/15/-
it 011 | main   | AHO | ineq=not_in_use | mu=1.73e-04 eta=3.00e-04 sigma=0.00e+00 | err c/p/d=2.25e-05/1.57e-03/5.00e-04 | ok=CpD | rmax X/Y/Z/T=4/13/17/-
it 012 | main   | AHO | ineq=not_in_use | mu=1.73e-04 eta=3.00e-04 sigma=0.00e+00 | err c/p/d=2.26e-05/7.88e-05/6.16e-04 | ok=CPd | rmax X/Y/Z/T=4/13/16/-
it 013 | finish | AHO | ineq=not_in_use | mu=1.73e-04 eta=3.00e-04 sigma=0.00e+00 | err c/p/d=2.26e-05/8.74e-05/4.76e-05 | ok=CPD | rmax X/Y/Z/T=4/13/16/-
it 014 | finish | AHO | ineq=not_in_use | mu=2.53e-05 eta=1.00e-04 sigma=0.00e+00 | err c/p/d=3.26e-06/9.46e-04/1.12e-04 | ok=CpD | rmax X/Y/Z/T=4/16/19/-
it 015 | finish | AHO | ineq=not_in_use | mu=2.76e-05 eta=1.00e-04 sigma=0.00e+00 | err c/p/d=3.56e-06/1.54e-03/5.86e-05 | ok=CpD | rmax X/Y/Z/T=3/27/29/-
it 016 | finish | AHO | ineq=not_in_use | mu=1.45e-05 eta=1.00e-04 sigma=0.00e+00 | err c/p/d=1.87e-06/8.20e-04/5.24e-05 | ok=CpD | rmax X/Y/Z/T=5/28/30/-
it 017 | finish | AHO | ineq=not_in_use | mu=2.28e-05 eta=1.00e-04 sigma=0.00e+00 | err c/p/d=2.94e-06/1.30e-03/3.99e-05 | ok=CpD | rmax X/Y/Z/T=5/28/30/-
---Terminated---
Terminated in 17 iterations.
Ranks: X=[4, 4, 4, 4, 4, 4, 3, 5], Z=[4, 10, 30, 18, 9, 5, 4, 4], Y=[2, 8, 28, 16, 7, 3, 2, 1], T=[0, 0, 0, 0, 0, 0, 0, 0]
Run terminated after 17 iterations. Compl Slackness: 1.1663e-02. Feasibility error: 2.6910e-05. Dual Feasibility error: 2.5440e-08.
Run terminated in 110.28s. Memory: 315.20 MB.
Rerun with new seed 773 terminated. Feasibility error: 2.69e-05, dual feasibility error: 2.54e-08, slackness: 1.17e-02
Seed 773 terminated (feasibility error: 2.69e-05, dual feasibility error: 2.54e-08, slackness: 1.17e-02). Suggesting a new seed.
New seed suggested: 261
Creating Problem...
===Terminated Graph Sampling=== rank:  [1, 2, 2, 2, 2, 2, 1, 2]
it 000 | main   | XZ  | ineq=not_in_use | mu=4.00e+00 eta=1.00e-03 sigma=5.00e-01 | err c/p/d=5.71e-01/2.55e+02/1.14e+01 | ok=cpd | rmax X/Y/Z/T=1/1/1/-
it 001 | main   | XZ  | ineq=not_in_use | mu=6.37e-01 eta=1.00e-03 sigma=8.07e-02 | err c/p/d=6.95e-02/3.96e+01/3.87e+00 | ok=cpd | rmax X/Y/Z/T=5/3/5/-
it 002 | main   | XZ  | ineq=not_in_use | mu=2.56e-01 eta=1.00e-03 sigma=4.14e-01 | err c/p/d=3.06e-02/1.33e+01/1.81e-01 | ok=cpd | rmax X/Y/Z/T=10/7/9/-
it 003 | main   | AHO | ineq=not_in_use | mu=1.41e-01 eta=1.00e-03 sigma=2.96e-01 | err c/p/d=4.86e-02/6.13e+00/1.50e-01 | ok=cpd | rmax X/Y/Z/T=13/8/9/-
it 004 | main   | AHO | ineq=not_in_use | mu=2.50e-02 eta=1.00e-03 sigma=1.19e-01 | err c/p/d=1.41e-02/6.52e-01/2.91e-02 | ok=cpd | rmax X/Y/Z/T=10/9/10/-
	 Target Residual not reached!
	 Target Residual not reached!
it 005 | main   | AHO | ineq=not_in_use | mu=1.82e-02 eta=1.00e-03 sigma=8.51e-01 | err c/p/d=6.48e-03/3.77e-01/1.36e-03 | ok=cpd | rmax X/Y/Z/T=16/10/13/-
	 Target Residual not reached!
it 006 | main   | AHO | ineq=not_in_use | mu=9.27e-03 eta=1.00e-03 sigma=5.61e-01 | err c/p/d=1.99e-03/1.57e-01/7.59e-04 | ok=cpd | rmax X/Y/Z/T=14/11/16/-
	 Target Residual not reached!
	 Target Residual not reached!
it 007 | main   | AHO | ineq=not_in_use | mu=2.42e-03 eta=1.00e-03 sigma=3.89e-01 | err c/p/d=3.56e-04/2.29e-02/3.43e-04 | ok=cpD | rmax X/Y/Z/T=12/12/15/-
it 008 | main   | AHO | ineq=not_in_use | mu=5.90e-04 eta=1.00e-03 sigma=1.22e-01 | err c/p/d=7.75e-05/1.78e-02/1.11e-03 | ok=Cpd | rmax X/Y/Z/T=9/13/18/-
it 009 | main   | AHO | ineq=not_in_use | mu=7.64e-04 eta=1.00e-03 sigma=0.00e+00 | err c/p/d=1.02e-04/1.08e-02/7.16e-04 | ok=cpd | rmax X/Y/Z/T=9/18/22/-
	 Target Residual not reached!
it 010 | main   | AHO | ineq=not_in_use | mu=4.01e-04 eta=8.01e-04 sigma=1.66e-03 | err c/p/d=5.20e-05/1.75e-02/8.94e-04 | ok=Cpd | rmax X/Y/Z/T=6/21/24/-
it 011 | main   | AHO | ineq=not_in_use | mu=4.60e-04 eta=8.01e-04 sigma=0.00e+00 | err c/p/d=6.08e-05/4.23e-03/2.87e-04 | ok=CpD | rmax X/Y/Z/T=6/22/25/-
it 012 | main   | AHO | ineq=not_in_use | mu=6.11e-04 eta=8.01e-04 sigma=0.00e+00 | err c/p/d=8.13e-05/8.87e-03/2.91e-04 | ok=CpD | rmax X/Y/Z/T=5/21/25/-
it 013 | finish | AHO | ineq=not_in_use | mu=6.12e-04 eta=8.01e-04 sigma=0.00e+00 | err c/p/d=8.22e-05/4.46e-04/2.98e-04 | ok=CPD | rmax X/Y/Z/T=5/20/25/-
it 014 | finish | AHO | ineq=not_in_use | mu=9.35e-05 eta=1.87e-04 sigma=0.00e+00 | err c/p/d=1.21e-05/3.57e-03/6.33e-04 | ok=Cpd | rmax X/Y/Z/T=5/26/29/-
it 015 | finish | AHO | ineq=not_in_use | mu=1.39e-05 eta=1.00e-04 sigma=0.00e+00 | err c/p/d=1.79e-06/6.97e-04/1.51e-04 | ok=CpD | rmax X/Y/Z/T=5/54/59/-
it 016 | finish | AHO | ineq=not_in_use | mu=1.61e-05 eta=1.00e-04 sigma=0.00e+00 | err c/p/d=2.08e-06/9.11e-04/6.68e-05 | ok=CpD | rmax X/Y/Z/T=5/66/72/-
it 017 | finish | AHO | ineq=not_in_use | mu=1.81e-05 eta=1.00e-04 sigma=0.00e+00 | err c/p/d=2.34e-06/1.03e-03/6.19e-05 | ok=CpD | rmax X/Y/Z/T=5/69/72/-
---Terminated---
Terminated in 17 iterations.
Ranks: X=[2, 2, 2, 2, 2, 2, 2, 5], Z=[5, 17, 61, 72, 27, 15, 7, 5], Y=[4, 16, 60, 69, 25, 13, 5, 3], T=[0, 0, 0, 0, 0, 0, 0, 0]
Run terminated after 17 iterations. Compl Slackness: 9.2788e-03. Feasibility error: 1.6972e-05. Dual Feasibility error: 6.1310e-08.
Run terminated in 504.18s. Memory: 610.21 MB.
Rerun with new seed 261 terminated. Feasibility error: 1.70e-05, dual feasibility error: 6.13e-08, slackness: 9.28e-03
Seed 261 terminated (feasibility error: 1.70e-05, dual feasibility error: 6.13e-08, slackness: 9.28e-03). Suggesting a new seed.
New seed suggested: 64
Creating Problem...
===Terminated Graph Sampling=== rank:  [1, 2, 2, 2, 2, 2, 1, 1]
it 000 | main   | XZ  | ineq=not_in_use | mu=4.00e+00 eta=1.00e-03 sigma=5.00e-01 | err c/p/d=5.71e-01/2.55e+02/1.14e+01 | ok=cpd | rmax X/Y/Z/T=1/1/1/-
it 001 | main   | XZ  | ineq=not_in_use | mu=8.51e-01 eta=1.00e-03 sigma=4.83e-02 | err c/p/d=1.08e-01/5.34e+01/2.50e+00 | ok=cpd | rmax X/Y/Z/T=5/3/5/-
it 002 | main   | XZ  | ineq=not_in_use | mu=1.21e-01 eta=1.00e-03 sigma=6.39e-02 | err c/p/d=3.58e-02/6.87e+00/2.12e+00 | ok=cpd | rmax X/Y/Z/T=17/11/14/-
it 003 | main   | AHO | ineq=not_in_use | mu=1.69e-02 eta=1.00e-03 sigma=7.55e-02 | err c/p/d=1.39e-02/5.70e-01/1.80e+00 | ok=cpd | rmax X/Y/Z/T=14/13/16/-
	 Target Residual not reached!
	 Target Residual not reached!
it 004 | main   | AHO | ineq=not_in_use | mu=9.12e-03 eta=1.00e-03 sigma=6.06e-01 | err c/p/d=5.44e-03/1.45e-01/1.09e+00 | ok=cpd | rmax X/Y/Z/T=16/13/17/-
	 Target Residual not reached!
it 005 | main   | AHO | ineq=not_in_use | mu=8.01e-03 eta=1.00e-03 sigma=7.96e-01 | err c/p/d=1.96e-03/6.74e-02/9.10e-01 | ok=cpd | rmax X/Y/Z/T=15/15/18/-
it 006 | main   | AHO | ineq=not_in_use | mu=1.79e-03 eta=1.00e-03 sigma=7.94e-02 | err c/p/d=3.68e-04/1.98e-02/1.69e-01 | ok=cpd | rmax X/Y/Z/T=13/16/20/-
it 007 | main   | AHO | ineq=not_in_use | mu=3.28e-04 eta=6.55e-04 sigma=1.44e-02 | err c/p/d=6.03e-05/1.42e-02/2.27e-02 | ok=Cpd | rmax X/Y/Z/T=7/29/36/-
it 008 | main   | AHO | ineq=not_in_use | mu=3.29e-04 eta=6.55e-04 sigma=0.00e+00 | err c/p/d=6.16e-05/8.25e-04/8.58e-04 | ok=Cpd | rmax X/Y/Z/T=7/30/35/-
it 009 | finish | AHO | ineq=not_in_use | mu=3.30e-04 eta=6.55e-04 sigma=0.00e+00 | err c/p/d=6.18e-05/1.10e-04/2.78e-04 | ok=CPD | rmax X/Y/Z/T=7/30/34/-
it 010 | finish | AHO | ineq=not_in_use | mu=7.86e-05 eta=1.57e-04 sigma=0.00e+00 | err c/p/d=1.43e-05/5.21e-03/3.32e-04 | ok=CpD | rmax X/Y/Z/T=4/42/46/-
it 011 | finish | AHO | ineq=not_in_use | mu=8.29e-06 eta=1.00e-04 sigma=0.00e+00 | err c/p/d=1.51e-06/6.22e-04/1.45e-04 | ok=CpD | rmax X/Y/Z/T=4/56/59/-
it 012 | finish | AHO | ineq=not_in_use | mu=9.37e-06 eta=1.00e-04 sigma=0.00e+00 | err c/p/d=1.70e-06/7.92e-04/8.32e-05 | ok=CpD | rmax X/Y/Z/T=3/58/59/-
it 013 | finish | AHO | ineq=not_in_use | mu=1.04e-05 eta=1.00e-04 sigma=0.00e+00 | err c/p/d=1.88e-06/8.82e-04/6.90e-05 | ok=CpD | rmax X/Y/Z/T=3/58/60/-
---Terminated---
Terminated in 13 iterations.
Ranks: X=[2, 2, 2, 2, 3, 3, 3, 3], Z=[5, 17, 60, 48, 31, 14, 6, 3], Y=[4, 15, 58, 41, 27, 11, 4, 2], T=[0, 0, 0, 0, 0, 0, 0, 0]
Run terminated after 13 iterations. Compl Slackness: 5.3074e-03. Feasibility error: 1.2444e-05. Dual Feasibility error: 7.6284e-08.
Run terminated in 452.79s. Memory: 678.91 MB.
Rerun with new seed 64 terminated. Feasibility error: 1.24e-05, dual feasibility error: 7.63e-08, slackness: 5.31e-03
Seed 64 terminated (feasibility error: 1.24e-05, dual feasibility error: 7.63e-08, slackness: 5.31e-03). Suggesting a new seed.
New seed suggested: 590
Creating Problem...
===Terminated Graph Sampling=== rank:  [1, 1, 2, 2, 2, 2, 2, 2]
it 000 | main   | XZ  | ineq=not_in_use | mu=4.00e+00 eta=1.00e-03 sigma=5.00e-01 | err c/p/d=5.71e-01/2.55e+02/1.14e+01 | ok=cpd | rmax X/Y/Z/T=1/1/1/-
it 001 | main   | XZ  | ineq=not_in_use | mu=9.77e-01 eta=1.00e-03 sigma=1.13e-01 | err c/p/d=1.14e-01/6.00e+01/3.30e+00 | ok=cpd | rmax X/Y/Z/T=5/3/5/-
it 002 | main   | XZ  | ineq=not_in_use | mu=3.12e-01 eta=1.00e-03 sigma=2.21e-01 | err c/p/d=4.66e-02/1.66e+01/1.25e+00 | ok=cpd | rmax X/Y/Z/T=27/13/16/-
it 003 | main   | AHO | ineq=not_in_use | mu=1.74e-01 eta=1.00e-03 sigma=2.16e-01 | err c/p/d=5.99e-02/8.42e+00/1.03e+00 | ok=cpd | rmax X/Y/Z/T=28/16/18/-
	 Target Residual not reached!
it 004 | main   | AHO | ineq=not_in_use | mu=4.27e-02 eta=1.00e-03 sigma=3.67e-01 | err c/p/d=3.70e-02/1.23e+00/8.74e-01 | ok=cpd | rmax X/Y/Z/T=15/16/18/-
	 Target Residual not reached!
it 005 | main   | AHO | ineq=not_in_use | mu=8.49e-03 eta=1.00e-03 sigma=3.54e-01 | err c/p/d=6.66e-03/8.80e-02/1.98e-01 | ok=cpd | rmax X/Y/Z/T=19/16/20/-
	 Target Residual not reached!
	 Target Residual not reached!
it 006 | main   | AHO | ineq=not_in_use | mu=8.26e-03 eta=1.00e-03 sigma=9.23e-01 | err c/p/d=4.48e-03/1.81e-02/1.95e-01 | ok=cpd | rmax X/Y/Z/T=28/16/20/-
	 Target Residual not reached!
	 Target Residual not reached!
it 007 | main   | AHO | ineq=not_in_use | mu=7.47e-03 eta=1.00e-03 sigma=8.89e-01 | err c/p/d=3.50e-03/5.83e-04/1.66e-01 | ok=cPd | rmax X/Y/Z/T=28/16/20/-
	 Target Residual not reached!
	 Target Residual not reached!
	 Target Residual not reached!
it 008 | main   | AHO | ineq=not_in_use | mu=6.69e-03 eta=1.00e-03 sigma=9.57e-01 | err c/p/d=2.78e-03/5.94e-03/1.39e-01 | ok=cpd | rmax X/Y/Z/T=28/16/20/-
	 Target Residual not reached!
	 Target Residual not reached!
it 009 | main   | AHO | ineq=not_in_use | mu=5.99e-03 eta=1.00e-03 sigma=9.40e-01 | err c/p/d=2.19e-03/1.44e-02/1.21e-01 | ok=cpd | rmax X/Y/Z/T=27/16/20/-
	 Target Residual not reached!
	 Target Residual not reached!
it 010 | main   | AHO | ineq=not_in_use | mu=5.00e-03 eta=1.00e-03 sigma=9.29e-01 | err c/p/d=1.57e-03/1.85e-02/9.54e-02 | ok=cpd | rmax X/Y/Z/T=27/16/20/-
	 Target Residual not reached!
	 Target Residual not reached!
it 011 | main   | AHO | ineq=not_in_use | mu=3.64e-03 eta=1.00e-03 sigma=9.10e-01 | err c/p/d=9.63e-04/1.81e-02/5.88e-02 | ok=cpd | rmax X/Y/Z/T=28/16/21/-
	 Target Residual not reached!
it 012 | main   | AHO | ineq=not_in_use | mu=2.01e-03 eta=1.00e-03 sigma=8.20e-01 | err c/p/d=4.41e-04/1.34e-02/3.08e-02 | ok=cpd | rmax X/Y/Z/T=28/17/23/-
it 013 | main   | AHO | ineq=not_in_use | mu=6.84e-04 eta=1.00e-03 sigma=6.17e-01 | err c/p/d=1.31e-04/1.24e-02/8.12e-03 | ok=cpd | rmax X/Y/Z/T=24/20/24/-
	 Target Residual not reached!
it 014 | main   | AHO | ineq=not_in_use | mu=3.26e-04 eta=6.53e-04 sigma=2.44e-02 | err c/p/d=6.00e-05/1.85e-02/2.74e-03 | ok=Cpd | rmax X/Y/Z/T=15/34/41/-
it 015 | main   | AHO | ineq=not_in_use | mu=4.56e-04 eta=6.53e-04 sigma=0.00e+00 | err c/p/d=8.53e-05/1.19e-02/6.49e-04 | ok=Cpd | rmax X/Y/Z/T=16/37/44/-
it 016 | main   | AHO | ineq=not_in_use | mu=5.70e-04 eta=6.53e-04 sigma=0.00e+00 | err c/p/d=1.08e-04/1.04e-02/5.38e-04 | ok=cpD | rmax X/Y/Z/T=15/37/43/-
it 017 | main   | AHO | ineq=not_in_use | mu=2.24e-04 eta=4.47e-04 sigma=1.54e-03 | err c/p/d=4.09e-05/1.36e-02/1.11e-03 | ok=Cpd | rmax X/Y/Z/T=18/58/67/-
it 018 | main   | AHO | ineq=not_in_use | mu=2.64e-04 eta=4.47e-04 sigma=0.00e+00 | err c/p/d=4.89e-05/4.09e-03/4.43e-04 | ok=CpD | rmax X/Y/Z/T=18/70/80/-
it 019 | main   | AHO | ineq=not_in_use | mu=2.78e-04 eta=4.47e-04 sigma=0.00e+00 | err c/p/d=5.17e-05/1.37e-03/8.17e-04 | ok=Cpd | rmax X/Y/Z/T=18/69/80/-
============================================
 Maximum #iterations reached!
============================================
it 020 | finish | AHO | ineq=not_in_use | mu=2.79e-04 eta=4.47e-04 sigma=0.00e+00 | err c/p/d=5.21e-05/1.94e-04/3.29e-04 | ok=CPD | rmax X/Y/Z/T=18/70/77/-
it 021 | finish | AHO | ineq=not_in_use | mu=1.07e-04 eta=2.14e-04 sigma=0.00e+00 | err c/p/d=1.95e-05/7.94e-03/3.22e-04 | ok=CpD | rmax X/Y/Z/T=17/102/111/-
it 022 | finish | AHO | ineq=not_in_use | mu=3.53e-05 eta=1.00e-04 sigma=0.00e+00 | err c/p/d=6.42e-06/2.95e-03/1.57e-04 | ok=CpD | rmax X/Y/Z/T=18/122/126/-
it 023 | finish | AHO | ineq=not_in_use | mu=1.22e-05 eta=1.00e-04 sigma=0.00e+00 | err c/p/d=2.21e-06/1.03e-03/7.48e-05 | ok=CpD | rmax X/Y/Z/T=18/126/130/-
it 024 | finish | AHO | ineq=not_in_use | mu=1.90e-05 eta=1.00e-04 sigma=0.00e+00 | err c/p/d=3.45e-06/1.62e-03/4.80e-05 | ok=CpD | rmax X/Y/Z/T=17/127/130/-
---Terminated---
Terminated in 24 iterations.
Ranks: X=[5, 5, 17, 17, 17, 5, 5, 5], Z=[4, 10, 34, 128, 130, 46, 16, 5], Y=[2, 8, 32, 124, 127, 44, 14, 4], T=[0, 0, 0, 0, 0, 0, 0, 0]
Run terminated after 24 iterations. Compl Slackness: 9.7116e-03. Feasibility error: 4.2012e-05. Dual Feasibility error: 3.6875e-08.
Run terminated in 9132.21s. Memory: 4367.32 MB.
Rerun with new seed 590 terminated. Feasibility error: 4.20e-05, dual feasibility error: 3.69e-08, slackness: 9.71e-03
Seed 590 terminated (feasibility error: 4.20e-05, dual feasibility error: 3.69e-08, slackness: 9.71e-03). Suggesting a new seed.
New seed suggested: 380
Creating Problem...
===Terminated Graph Sampling=== rank:  [2, 2, 2, 2, 2, 2, 2, 2]
it 000 | main   | XZ  | ineq=not_in_use | mu=4.00e+00 eta=1.00e-03 sigma=5.00e-01 | err c/p/d=5.71e-01/2.55e+02/1.14e+01 | ok=cpd | rmax X/Y/Z/T=1/1/1/-
it 001 | main   | XZ  | ineq=not_in_use | mu=6.60e-01 eta=1.00e-03 sigma=8.34e-02 | err c/p/d=7.21e-02/4.10e+01/3.84e+00 | ok=cpd | rmax X/Y/Z/T=5/3/5/-
it 002 | main   | XZ  | ineq=not_in_use | mu=2.14e-01 eta=1.00e-03 sigma=2.71e-01 | err c/p/d=2.93e-02/1.09e+01/2.77e+00 | ok=cpd | rmax X/Y/Z/T=13/5/7/-
it 003 | main   | AHO | ineq=not_in_use | mu=8.65e-02 eta=1.00e-03 sigma=2.39e-01 | err c/p/d=4.34e-02/3.90e+00/2.32e+00 | ok=cpd | rmax X/Y/Z/T=13/6/8/-
it 004 | main   | AHO | ineq=not_in_use | mu=1.15e-02 eta=1.00e-03 sigma=1.54e-01 | err c/p/d=7.21e-03/1.06e-01/1.37e+00 | ok=cpd | rmax X/Y/Z/T=13/6/8/-
	 Target Residual not reached!
it 005 | main   | AHO | ineq=not_in_use | mu=7.31e-03 eta=1.00e-03 sigma=8.56e-01 | err c/p/d=2.63e-03/4.77e-02/3.06e-01 | ok=cpd | rmax X/Y/Z/T=15/6/9/-
it 006 | main   | AHO | ineq=not_in_use | mu=2.30e-03 eta=1.00e-03 sigma=3.21e-01 | err c/p/d=5.13e-04/1.64e-02/4.47e-02 | ok=cpd | rmax X/Y/Z/T=13/6/8/-
	 Target Residual not reached!
	 Target Residual not reached!
it 007 | main   | AHO | ineq=not_in_use | mu=2.21e-03 eta=1.00e-03 sigma=9.33e-01 | err c/p/d=4.92e-04/1.63e-02/8.21e-03 | ok=cpd | rmax X/Y/Z/T=13/6/9/-
it 008 | main   | AHO | ineq=not_in_use | mu=2.46e-04 eta=4.92e-04 sigma=3.31e-02 | err c/p/d=4.56e-05/2.71e-03/2.77e-03 | ok=Cpd | rmax X/Y/Z/T=13/6/8/-
it 009 | finish | AHO | ineq=not_in_use | mu=2.47e-04 eta=4.92e-04 sigma=0.00e+00 | err c/p/d=4.60e-05/2.57e-04/1.85e-04 | ok=CPD | rmax X/Y/Z/T=13/6/8/-
it 010 | finish | AHO | ineq=not_in_use | mu=4.12e-05 eta=1.00e-04 sigma=0.00e+00 | err c/p/d=7.50e-06/2.45e-03/3.29e-04 | ok=CpD | rmax X/Y/Z/T=11/7/10/-
it 011 | finish | AHO | ineq=not_in_use | mu=4.26e-06 eta=1.00e-04 sigma=0.00e+00 | err c/p/d=7.74e-07/3.03e-04/9.94e-05 | ok=CPD | rmax X/Y/Z/T=18/21/24/-
it 012 | finish | AHO | ineq=not_in_use | mu=8.71e-06 eta=1.00e-04 sigma=0.00e+00 | err c/p/d=1.58e-06/7.38e-04/7.16e-05 | ok=CpD | rmax X/Y/Z/T=17/40/46/-
it 013 | finish | AHO | ineq=not_in_use | mu=9.93e-06 eta=1.00e-04 sigma=0.00e+00 | err c/p/d=1.80e-06/8.44e-04/7.50e-05 | ok=CpD | rmax X/Y/Z/T=17/48/55/-
---Terminated---
Terminated in 13 iterations.
Ranks: X=[5, 10, 17, 17, 17, 17, 5, 5], Z=[4, 10, 16, 51, 55, 25, 15, 5], Y=[2, 8, 14, 47, 48, 22, 13, 4], T=[0, 0, 0, 0, 0, 0, 0, 0]
Run terminated after 13 iterations. Compl Slackness: 5.0817e-03. Feasibility error: 1.1388e-05. Dual Feasibility error: 8.9981e-08.
Run terminated in 1023.65s. Memory: 1473.00 MB.
Rerun with new seed 380 terminated. Feasibility error: 1.14e-05, dual feasibility error: 9.00e-08, slackness: 5.08e-03
Seed 380 terminated (feasibility error: 1.14e-05, dual feasibility error: 9.00e-08, slackness: 5.08e-03). Suggesting a new seed.
New seed suggested: 988
Creating Problem...
===Terminated Graph Sampling=== rank:  [2, 2, 2, 2, 2, 2, 1, 1]
it 000 | main   | XZ  | ineq=not_in_use | mu=4.00e+00 eta=1.00e-03 sigma=5.00e-01 | err c/p/d=5.71e-01/2.55e+02/1.14e+01 | ok=cpd | rmax X/Y/Z/T=1/1/1/-
it 001 | main   | XZ  | ineq=not_in_use | mu=4.18e-01 eta=1.00e-03 sigma=5.64e-02 | err c/p/d=4.33e-02/2.62e+01/4.25e+00 | ok=cpd | rmax X/Y/Z/T=6/4/6/-
	 Target Residual not reached!
	 Target Residual not reached!
it 002 | main   | XZ  | ineq=not_in_use | mu=1.52e-01 eta=1.00e-03 sigma=4.14e-01 | err c/p/d=9.69e-03/9.34e+00/2.82e+00 | ok=cpd | rmax X/Y/Z/T=17/7/9/-
