Running: maxcut (rank=3)
==== maxcut TT-IPM Batch Run Started at Mon  1 Jun 22:17:58 BST 2026 ====

▶ Running dim=11 with config=configs/maxcut_11.yaml at Mon  1 Jun 22:17:58 BST 2026

===== Processing Rank: 3 =====
Running seed 832
Creating Problem for dim=11, rank=3...
===Terminated Graph Sampling=== rank:  [1, 1, 1, 1, 1, 3, 3, 3, 3, 2]
it 000 | main   | XZ  | ineq=not_in_use | mu=1.00e+00 eta=1.00e-03 sigma=5.00e-01 | err c/p/d=8.14e-03/1.06e+01/1.20e+01 | ok=cpd | rmax X/Y/Z/T=1/1/1/-
it 001 | main   | XZ  | ineq=not_in_use | mu=9.16e-02 eta=1.00e-03 sigma=2.93e-03 | err c/p/d=6.26e-03/5.11e-01/1.02e+01 | ok=cpd | rmax X/Y/Z/T=7/2/6/-
it 002 | main   | XZ  | ineq=not_in_use | mu=2.76e-03 eta=1.00e-03 sigma=2.82e-02 | err c/p/d=6.36e-04/4.42e-01/2.55e+00 | ok=cpd | rmax X/Y/Z/T=9/2/6/-
it 003 | main   | AHO | ineq=not_in_use | mu=6.09e-03 eta=1.00e-03 sigma=9.90e-01 | err c/p/d=4.60e-04/3.59e-01/2.04e+00 | ok=cpd | rmax X/Y/Z/T=9/2/6/-
it 004 | main   | AHO | ineq=not_in_use | mu=1.88e-03 eta=1.00e-03 sigma=5.86e-01 | err c/p/d=1.28e-04/6.18e-02/3.17e-01 | ok=cpd | rmax X/Y/Z/T=9/2/6/-
it 005 | main   | AHO | ineq=not_in_use | mu=1.22e-03 eta=1.00e-03 sigma=6.34e-01 | err c/p/d=8.08e-05/3.46e-02/5.59e-02 | ok=Cpd | rmax X/Y/Z/T=9/2/6/-
it 006 | main   | AHO | ineq=not_in_use | mu=1.22e-03 eta=1.00e-03 sigma=0.00e+00 | err c/p/d=8.44e-05/1.73e-03/2.80e-03 | ok=Cpd | rmax X/Y/Z/T=9/2/6/-
it 007 | finish | AHO | ineq=not_in_use | mu=1.22e-03 eta=1.00e-03 sigma=0.00e+00 | err c/p/d=8.46e-05/8.65e-05/1.40e-04 | ok=CPD | rmax X/Y/Z/T=9/2/6/-
it 008 | finish | AHO | ineq=not_in_use | mu=6.62e-04 eta=1.00e-03 sigma=0.00e+00 | err c/p/d=4.36e-05/4.26e-05/8.67e-05 | ok=CPD | rmax X/Y/Z/T=9/2/6/-
it 009 | finish | AHO | ineq=not_in_use | mu=3.56e-04 eta=7.12e-04 sigma=0.00e+00 | err c/p/d=2.29e-05/2.78e-05/1.73e-05 | ok=CPD | rmax X/Y/Z/T=9/2/6/-
it 010 | finish | AHO | ineq=not_in_use | mu=1.12e-04 eta=2.23e-04 sigma=0.00e+00 | err c/p/d=6.93e-06/2.48e-04/1.96e-06 | ok=CPD | rmax X/Y/Z/T=9/2/6/-
it 011 | finish | AHO | ineq=not_in_use | mu=6.24e-06 eta=1.00e-04 sigma=0.00e+00 | err c/p/d=3.83e-07/1.45e-04/6.81e-06 | ok=CPD | rmax X/Y/Z/T=10/2/6/-
it 012 | finish | AHO | ineq=not_in_use | mu=5.57e-07 eta=1.00e-04 sigma=0.00e+00 | err c/p/d=3.41e-08/5.39e-05/4.42e-06 | ok=CPD | rmax X/Y/Z/T=11/2/6/-
---Terminated---
Terminated in 12 iterations.
Ranks: X=[3, 3, 3, 3, 4, 10, 11, 9, 5, 3], Z=[3, 3, 3, 3, 3, 6, 5, 5, 4, 3], Y=[1, 1, 1, 1, 1, 2, 1, 1, 1, 1], T=[0, 0, 0, 0, 0, 0, 0, 0, 0, 0]
Run accepted after 12 iterations. Compl Slackness: 1.1404e-03. Feasibility error: 4.6422e-08. Dual Feasibility error: 3.1446e-10.
Run accepted in 54.67s. Memory: 873.23 MB.
Running seed 692
Creating Problem for dim=11, rank=3...
===Terminated Graph Sampling=== rank:  [2, 2, 3, 3, 3, 3, 3, 3, 3, 2]
it 000 | main   | XZ  | ineq=not_in_use | mu=1.00e+00 eta=1.00e-03 sigma=5.00e-01 | err c/p/d=1.08e-02/1.06e+01/1.18e+01 | ok=cpd | rmax X/Y/Z/T=1/1/1/-
it 001 | main   | XZ  | ineq=not_in_use | mu=1.01e-01 eta=1.00e-03 sigma=5.67e-03 | err c/p/d=8.28e-03/6.28e-01/1.01e+01 | ok=cpd | rmax X/Y/Z/T=5/2/6/-
it 002 | main   | XZ  | ineq=not_in_use | mu=1.58e-03 eta=1.00e-03 sigma=3.00e-02 | err c/p/d=5.99e-04/5.48e-01/3.69e+00 | ok=cpd | rmax X/Y/Z/T=9/2/6/-
it 003 | main   | AHO | ineq=not_in_use | mu=5.31e-03 eta=1.00e-03 sigma=9.90e-01 | err c/p/d=4.96e-04/4.44e-01/3.20e+00 | ok=cpd | rmax X/Y/Z/T=15/2/6/-
it 004 | main   | AHO | ineq=not_in_use | mu=2.44e-03 eta=1.00e-03 sigma=6.11e-01 | err c/p/d=2.91e-04/3.23e-02/2.69e+00 | ok=cpd | rmax X/Y/Z/T=25/4/7/-
it 005 | main   | AHO | ineq=not_in_use | mu=2.14e-03 eta=1.00e-03 sigma=8.53e-01 | err c/p/d=2.50e-04/2.76e-02/2.08e+00 | ok=cpd | rmax X/Y/Z/T=27/4/7/-
it 006 | main   | AHO | ineq=not_in_use | mu=2.01e-03 eta=1.00e-03 sigma=9.20e-01 | err c/p/d=2.29e-04/2.26e-02/1.89e+00 | ok=cpd | rmax X/Y/Z/T=27/4/7/-
it 007 | main   | AHO | ineq=not_in_use | mu=1.95e-03 eta=1.00e-03 sigma=9.60e-01 | err c/p/d=2.19e-04/1.97e-02/1.81e+00 | ok=cpd | rmax X/Y/Z/T=27/4/7/-
it 008 | main   | AHO | ineq=not_in_use | mu=1.91e-03 eta=1.00e-03 sigma=9.80e-01 | err c/p/d=2.13e-04/1.85e-02/1.74e+00 | ok=cpd | rmax X/Y/Z/T=27/4/7/-
it 009 | main   | AHO | ineq=not_in_use | mu=1.87e-03 eta=1.00e-03 sigma=9.86e-01 | err c/p/d=2.08e-04/1.79e-02/1.67e+00 | ok=cpd | rmax X/Y/Z/T=27/4/7/-
it 010 | main   | AHO | ineq=not_in_use | mu=1.84e-03 eta=1.00e-03 sigma=9.90e-01 | err c/p/d=2.04e-04/1.74e-02/1.62e+00 | ok=cpd | rmax X/Y/Z/T=27/4/7/-
it 011 | main   | AHO | ineq=not_in_use | mu=1.82e-03 eta=1.00e-03 sigma=9.90e-01 | err c/p/d=2.01e-04/1.68e-02/1.57e+00 | ok=cpd | rmax X/Y/Z/T=27/4/7/-
it 012 | main   | AHO | ineq=not_in_use | mu=1.79e-03 eta=1.00e-03 sigma=9.90e-01 | err c/p/d=1.98e-04/1.63e-02/1.53e+00 | ok=cpd | rmax X/Y/Z/T=27/4/7/-
it 013 | main   | AHO | ineq=not_in_use | mu=1.76e-03 eta=1.00e-03 sigma=9.90e-01 | err c/p/d=1.94e-04/1.57e-02/1.48e+00 | ok=cpd | rmax X/Y/Z/T=27/4/7/-
it 014 | main   | AHO | ineq=not_in_use | mu=1.74e-03 eta=1.00e-03 sigma=9.90e-01 | err c/p/d=1.91e-04/1.52e-02/1.44e+00 | ok=cpd | rmax X/Y/Z/T=27/4/7/-
it 015 | main   | AHO | ineq=not_in_use | mu=1.71e-03 eta=1.00e-03 sigma=9.90e-01 | err c/p/d=1.87e-04/1.46e-02/1.40e+00 | ok=cpd | rmax X/Y/Z/T=27/4/7/-
it 016 | main   | AHO | ineq=not_in_use | mu=1.68e-03 eta=1.00e-03 sigma=9.90e-01 | err c/p/d=1.84e-04/1.41e-02/1.35e+00 | ok=cpd | rmax X/Y/Z/T=27/4/7/-
it 017 | main   | AHO | ineq=not_in_use | mu=1.65e-03 eta=1.00e-03 sigma=9.90e-01 | err c/p/d=1.80e-04/1.35e-02/1.31e+00 | ok=cpd | rmax X/Y/Z/T=27/4/7/-
it 018 | main   | AHO | ineq=not_in_use | mu=1.63e-03 eta=1.00e-03 sigma=9.90e-01 | err c/p/d=1.76e-04/1.29e-02/1.26e+00 | ok=cpd | rmax X/Y/Z/T=27/4/7/-
it 019 | main   | AHO | ineq=not_in_use | mu=1.60e-03 eta=1.00e-03 sigma=9.90e-01 | err c/p/d=1.73e-04/1.16e-02/1.22e+00 | ok=cpd | rmax X/Y/Z/T=26/4/7/-
it 020 | main   | AHO | ineq=not_in_use | mu=1.57e-03 eta=1.00e-03 sigma=9.90e-01 | err c/p/d=1.69e-04/1.07e-02/1.17e+00 | ok=cpd | rmax X/Y/Z/T=26/4/7/-
it 021 | main   | AHO | ineq=not_in_use | mu=1.54e-03 eta=1.00e-03 sigma=9.90e-01 | err c/p/d=1.65e-04/9.79e-03/1.12e+00 | ok=cpd | rmax X/Y/Z/T=26/4/7/-
it 022 | main   | AHO | ineq=not_in_use | mu=1.51e-03 eta=1.00e-03 sigma=9.90e-01 | err c/p/d=1.61e-04/9.09e-03/1.07e+00 | ok=cpd | rmax X/Y/Z/T=26/4/7/-
it 023 | main   | AHO | ineq=not_in_use | mu=1.47e-03 eta=1.00e-03 sigma=9.90e-01 | err c/p/d=1.57e-04/8.43e-03/1.03e+00 | ok=cpd | rmax X/Y/Z/T=26/4/7/-
warn   | ipm      | limit=max_iter | action=finish
it 024 | finish | AHO | ineq=not_in_use | mu=1.44e-03 eta=1.00e-03 sigma=9.90e-01 | err c/p/d=1.53e-04/7.75e-03/9.79e-01 | ok=cpd | rmax X/Y/Z/T=26/4/7/-
it 025 | finish | AHO | ineq=not_in_use | mu=1.11e-03 eta=1.00e-03 sigma=0.00e+00 | err c/p/d=1.17e-04/7.38e-03/6.26e-01 | ok=cpd | rmax X/Y/Z/T=26/4/7/-
it 026 | finish | AHO | ineq=not_in_use | mu=7.78e-04 eta=1.00e-03 sigma=0.00e+00 | err c/p/d=7.87e-05/4.15e-03/4.67e-01 | ok=Cpd | rmax X/Y/Z/T=29/4/7/-
it 027 | finish | AHO | ineq=not_in_use | mu=2.78e-04 eta=5.56e-04 sigma=0.00e+00 | err c/p/d=2.71e-05/1.84e-03/3.72e-02 | ok=Cpd | rmax X/Y/Z/T=29/4/7/-
it 028 | finish | AHO | ineq=not_in_use | mu=3.52e-05 eta=1.00e-04 sigma=0.00e+00 | err c/p/d=3.29e-06/2.26e-04/2.02e-03 | ok=CPd | rmax X/Y/Z/T=30/4/7/-
it 029 | finish | AHO | ineq=not_in_use | mu=2.13e-06 eta=1.00e-04 sigma=0.00e+00 | err c/p/d=1.97e-07/1.65e-04/1.01e-04 | ok=CPD | rmax X/Y/Z/T=33/4/7/-
---Terminated---
Terminated in 29 iterations.
Ranks: X=[5, 7, 12, 14, 15, 33, 25, 9, 6, 3], Z=[4, 5, 6, 6, 6, 7, 7, 6, 5, 3], Y=[2, 2, 2, 2, 2, 4, 4, 3, 3, 2], T=[0, 0, 0, 0, 0, 0, 0, 0, 0, 0]
Run accepted after 29 iterations. Compl Slackness: 4.3587e-03. Feasibility error: 4.3623e-07. Dual Feasibility error: 1.6298e-07.
Run accepted in 343.74s. Memory: 1140.95 MB.
Running seed 472
Creating Problem for dim=11, rank=3...
===Terminated Graph Sampling=== rank:  [3, 3, 3, 3, 3, 2, 2, 2, 1, 1]
it 000 | main   | XZ  | ineq=not_in_use | mu=1.00e+00 eta=1.00e-03 sigma=5.00e-01 | err c/p/d=1.10e-02/1.06e+01/1.18e+01 | ok=cpd | rmax X/Y/Z/T=1/1/1/-
it 001 | main   | XZ  | ineq=not_in_use | mu=1.00e-01 eta=1.00e-03 sigma=5.74e-03 | err c/p/d=8.42e-03/6.27e-01/1.01e+01 | ok=cpd | rmax X/Y/Z/T=7/4/6/-
it 002 | main   | XZ  | ineq=not_in_use | mu=1.76e-03 eta=1.00e-03 sigma=3.00e-02 | err c/p/d=6.70e-04/5.46e-01/3.52e+00 | ok=cpd | rmax X/Y/Z/T=17/4/9/-
it 003 | main   | AHO | ineq=not_in_use | mu=6.36e-03 eta=1.00e-03 sigma=9.90e-01 | err c/p/d=6.05e-04/4.42e-01/3.10e+00 | ok=cpd | rmax X/Y/Z/T=28/4/8/-
warn   | step-eig | target=miss | residual=1.85e-05 > 1.00e-08 | action=damp
it 004 | main   | AHO | ineq=not_in_use | mu=5.98e-03 eta=1.00e-03 sigma=6.10e-01 | err c/p/d=5.68e-04/4.43e-01/2.40e+00 | ok=cpd | rmax X/Y/Z/T=27/5/10/-
it 005 | main   | AHO | ineq=not_in_use | mu=2.95e-02 eta=1.00e-03 sigma=5.69e-01 | err c/p/d=2.32e-03/4.19e-01/1.93e+00 | ok=cpd | rmax X/Y/Z/T=42/6/10/-
it 006 | main   | AHO | ineq=not_in_use | mu=1.57e-03 eta=1.00e-03 sigma=2.53e-02 | err c/p/d=2.76e-04/3.07e-01/2.86e-01 | ok=cpd | rmax X/Y/Z/T=49/7/11/-
it 007 | main   | AHO | ineq=not_in_use | mu=1.11e-03 eta=1.00e-03 sigma=5.79e-01 | err c/p/d=1.23e-04/5.78e-02/1.84e-01 | ok=cpd | rmax X/Y/Z/T=55/7/11/-
it 008 | main   | AHO | ineq=not_in_use | mu=9.49e-04 eta=1.00e-03 sigma=7.60e-01 | err c/p/d=1.02e-04/4.91e-02/7.57e-02 | ok=cpd | rmax X/Y/Z/T=53/6/11/-
it 009 | main   | AHO | ineq=not_in_use | mu=6.48e-04 eta=1.00e-03 sigma=6.99e-01 | err c/p/d=6.34e-05/2.43e-02/2.90e-02 | ok=Cpd | rmax X/Y/Z/T=52/5/10/-
it 010 | main   | AHO | ineq=not_in_use | mu=6.51e-04 eta=1.00e-03 sigma=0.00e+00 | err c/p/d=6.17e-05/3.87e-04/1.62e-03 | ok=CPd | rmax X/Y/Z/T=50/5/10/-
it 011 | finish | AHO | ineq=not_in_use | mu=6.54e-04 eta=1.00e-03 sigma=0.00e+00 | err c/p/d=6.19e-05/4.52e-04/9.51e-05 | ok=CPD | rmax X/Y/Z/T=49/5/10/-
it 012 | finish | AHO | ineq=not_in_use | mu=2.84e-04 eta=5.69e-04 sigma=0.00e+00 | err c/p/d=2.59e-05/9.63e-04/6.24e-04 | ok=Cpd | rmax X/Y/Z/T=49/4/9/-
it 013 | finish | AHO | ineq=not_in_use | mu=3.69e-05 eta=1.00e-04 sigma=0.00e+00 | err c/p/d=3.22e-06/9.14e-04/6.11e-04 | ok=Cpd | rmax X/Y/Z/T=55/3/7/-
it 014 | finish | AHO | ineq=not_in_use | mu=2.66e-06 eta=1.00e-04 sigma=0.00e+00 | err c/p/d=2.31e-07/2.22e-04/8.02e-05 | ok=CPD | rmax X/Y/Z/T=63/3/7/-
it 015 | finish | AHO | ineq=not_in_use | mu=1.18e-06 eta=1.00e-04 sigma=0.00e+00 | err c/p/d=1.02e-07/1.94e-04/8.74e-05 | ok=CPD | rmax X/Y/Z/T=67/3/8/-
it 016 | finish | AHO | ineq=not_in_use | mu=1.03e-06 eta=1.00e-04 sigma=0.00e+00 | err c/p/d=8.93e-08/1.81e-04/8.27e-05 | ok=CPD | rmax X/Y/Z/T=78/3/8/-
---Terminated---
Terminated in 16 iterations.
Ranks: X=[5, 8, 13, 35, 78, 54, 38, 14, 6, 5], Z=[4, 6, 6, 7, 8, 7, 7, 5, 4, 3], Y=[2, 2, 2, 3, 3, 2, 2, 2, 2, 2], T=[0, 0, 0, 0, 0, 0, 0, 0, 0, 0]
Run accepted after 16 iterations. Compl Slackness: 2.1074e-03. Feasibility error: 5.2547e-07. Dual Feasibility error: 1.0946e-07.
Run accepted in 1478.93s. Memory: 6797.38 MB.
Running seed 735
Creating Problem for dim=11, rank=3...
===Terminated Graph Sampling=== rank:  [3, 3, 3, 3, 2, 1, 1, 1, 1, 1]
it 000 | main   | XZ  | ineq=not_in_use | mu=1.00e+00 eta=1.00e-03 sigma=5.00e-01 | err c/p/d=7.93e-03/1.06e+01/1.20e+01 | ok=cpd | rmax X/Y/Z/T=1/1/1/-
it 001 | main   | XZ  | ineq=not_in_use | mu=7.99e-02 eta=1.00e-03 sigma=2.28e-03 | err c/p/d=6.00e-03/3.51e-01/1.02e+01 | ok=cpd | rmax X/Y/Z/T=9/3/6/-
it 002 | main   | XZ  | ineq=not_in_use | mu=4.52e-03 eta=1.00e-03 sigma=2.25e-02 | err c/p/d=7.46e-04/3.01e-01/1.08e+00 | ok=cpd | rmax X/Y/Z/T=15/3/7/-
it 003 | main   | AHO | ineq=not_in_use | mu=6.19e-03 eta=1.00e-03 sigma=9.85e-01 | err c/p/d=4.93e-04/2.47e-01/7.40e-01 | ok=cpd | rmax X/Y/Z/T=20/3/7/-
it 004 | main   | AHO | ineq=not_in_use | mu=3.58e-03 eta=1.00e-03 sigma=5.83e-01 | err c/p/d=2.51e-04/1.27e-01/5.31e-02 | ok=cpd | rmax X/Y/Z/T=23/3/7/-
it 005 | main   | AHO | ineq=not_in_use | mu=1.90e-03 eta=1.00e-03 sigma=4.52e-01 | err c/p/d=1.24e-04/6.12e-02/1.17e-03 | ok=cpd | rmax X/Y/Z/T=24/3/7/-
it 006 | repair | XZ  | ineq=not_in_use | mu=4.48e-04 eta=8.95e-04 sigma=3.10e-01 | err c/p/d=2.66e-05/6.53e-03/1.45e-04 | ok=CpD | rmax X/Y/Z/T=23/3/7/-
it 007 | main   | AHO | ineq=not_in_use | mu=4.52e-04 eta=8.95e-04 sigma=0.00e+00 | err c/p/d=2.70e-05/4.22e-03/1.45e-04 | ok=CpD | rmax X/Y/Z/T=22/3/7/-
it 008 | finish | AHO | ineq=not_in_use | mu=4.52e-04 eta=8.95e-04 sigma=0.00e+00 | err c/p/d=2.71e-05/2.12e-04/1.45e-04 | ok=CPD | rmax X/Y/Z/T=22/3/7/-
it 009 | finish | AHO | ineq=not_in_use | mu=1.31e-04 eta=2.61e-04 sigma=0.00e+00 | err c/p/d=7.54e-06/6.95e-04/3.33e-05 | ok=CpD | rmax X/Y/Z/T=22/3/7/-
it 010 | finish | AHO | ineq=not_in_use | mu=7.97e-06 eta=1.00e-04 sigma=0.00e+00 | err c/p/d=4.54e-07/2.94e-04/9.35e-06 | ok=CPD | rmax X/Y/Z/T=23/3/7/-
it 011 | finish | AHO | ineq=not_in_use | mu=9.31e-07 eta=1.00e-04 sigma=0.00e+00 | err c/p/d=5.29e-08/1.07e-04/6.34e-06 | ok=CPD | rmax X/Y/Z/T=26/3/7/-
it 012 | finish | AHO | ineq=not_in_use | mu=6.35e-07 eta=1.00e-04 sigma=0.00e+00 | err c/p/d=3.61e-08/1.13e-04/1.24e-06 | ok=CPD | rmax X/Y/Z/T=26/3/7/-
it 013 | finish | AHO | ineq=not_in_use | mu=6.88e-07 eta=1.00e-04 sigma=0.00e+00 | err c/p/d=3.91e-08/1.27e-04/3.06e-07 | ok=CPD | rmax X/Y/Z/T=26/3/7/-
---Terminated---
Terminated in 13 iterations.
Ranks: X=[5, 7, 12, 26, 11, 4, 4, 4, 4, 3], Z=[4, 6, 6, 7, 5, 3, 3, 3, 3, 3], Y=[2, 2, 2, 3, 2, 1, 1, 1, 1, 1], T=[0, 0, 0, 0, 0, 0, 0, 0, 0, 0]
Run accepted after 13 iterations. Compl Slackness: 1.4096e-03. Feasibility error: 2.5800e-07. Dual Feasibility error: 4.7739e-12.
Run accepted in 33.38s. Memory: 561.79 MB.
Running seed 767
Creating Problem for dim=11, rank=3...
===Terminated Graph Sampling=== rank:  [1, 1, 2, 2, 2, 3, 2, 2, 2, 2]
it 000 | main   | XZ  | ineq=not_in_use | mu=1.00e+00 eta=1.00e-03 sigma=5.00e-01 | err c/p/d=1.02e-02/1.06e+01/1.19e+01 | ok=cpd | rmax X/Y/Z/T=1/1/1/-
it 001 | main   | XZ  | ineq=not_in_use | mu=9.73e-02 eta=1.00e-03 sigma=4.51e-03 | err c/p/d=7.78e-03/5.86e-01/1.01e+01 | ok=cpd | rmax X/Y/Z/T=8/5/7/-
it 002 | main   | XZ  | ineq=not_in_use | mu=2.28e-03 eta=1.00e-03 sigma=2.95e-02 | err c/p/d=7.36e-04/5.08e-01/3.02e+00 | ok=cpd | rmax X/Y/Z/T=21/5/9/-
it 003 | main   | AHO | ineq=not_in_use | mu=7.09e-03 eta=1.00e-03 sigma=9.90e-01 | err c/p/d=6.31e-04/4.12e-01/2.62e+00 | ok=cpd | rmax X/Y/Z/T=49/5/9/-
it 004 | main   | AHO | ineq=not_in_use | mu=4.02e-03 eta=1.00e-03 sigma=5.69e-01 | err c/p/d=3.25e-04/2.53e-01/9.04e-01 | ok=cpd | rmax X/Y/Z/T=79/7/11/-
it 005 | main   | AHO | ineq=not_in_use | mu=1.67e-03 eta=1.00e-03 sigma=4.01e-01 | err c/p/d=1.41e-04/7.41e-02/1.94e-01 | ok=cpd | rmax X/Y/Z/T=115/7/11/-
it 006 | main   | AHO | ineq=not_in_use | mu=8.82e-04 eta=1.00e-03 sigma=5.51e-01 | err c/p/d=7.20e-05/3.69e-02/4.50e-02 | ok=Cpd | rmax X/Y/Z/T=119/7/11/-
it 007 | main   | AHO | ineq=not_in_use | mu=8.89e-04 eta=1.00e-03 sigma=0.00e+00 | err c/p/d=7.52e-05/1.08e-02/2.76e-03 | ok=Cpd | rmax X/Y/Z/T=116/7/11/-
it 008 | repair | XZ  | ineq=not_in_use | mu=8.95e-04 eta=1.00e-03 sigma=0.00e+00 | err c/p/d=7.58e-05/9.65e-03/2.52e-04 | ok=CpD | rmax X/Y/Z/T=114/7/11/-
it 009 | main   | AHO | ineq=not_in_use | mu=8.98e-04 eta=1.00e-03 sigma=0.00e+00 | err c/p/d=7.66e-05/5.94e-03/2.57e-04 | ok=CpD | rmax X/Y/Z/T=112/7/11/-
it 010 | main   | AHO | ineq=not_in_use | mu=9.02e-04 eta=1.00e-03 sigma=0.00e+00 | err c/p/d=7.69e-05/5.43e-03/2.59e-04 | ok=CpD | rmax X/Y/Z/T=111/7/11/-
it 011 | main   | AHO | ineq=not_in_use | mu=9.06e-04 eta=1.00e-03 sigma=0.00e+00 | err c/p/d=7.73e-05/5.82e-03/2.61e-04 | ok=CpD | rmax X/Y/Z/T=110/7/11/-
it 012 | main   | AHO | ineq=not_in_use | mu=9.07e-04 eta=1.00e-03 sigma=0.00e+00 | err c/p/d=7.74e-05/5.38e-03/2.72e-04 | ok=CpD | rmax X/Y/Z/T=110/7/11/-
warn   | step-eig | target=miss | residual=1.98e-08 > 1.00e-08 | action=damp
it 013 | main   | AHO | ineq=not_in_use | mu=9.08e-04 eta=1.00e-03 sigma=0.00e+00 | err c/p/d=7.75e-05/5.35e-03/2.76e-04 | ok=CpD | rmax X/Y/Z/T=110/7/11/-
warn   | step-eig | target=miss | residual=4.47e-08 > 1.00e-08 | action=damp
it 014 | main   | AHO | ineq=not_in_use | mu=9.09e-04 eta=1.00e-03 sigma=0.00e+00 | err c/p/d=7.76e-05/5.35e-03/2.90e-04 | ok=CpD | rmax X/Y/Z/T=110/7/11/-
warn   | step-eig | target=miss | residual=4.87e-08 > 1.00e-08 | action=damp
it 015 | main   | AHO | ineq=not_in_use | mu=9.10e-04 eta=1.00e-03 sigma=0.00e+00 | err c/p/d=7.77e-05/5.34e-03/2.92e-04 | ok=CpD | rmax X/Y/Z/T=110/7/11/-
warn   | step-eig | target=miss | residual=5.51e-08 > 1.00e-08 | action=damp
it 016 | finish | AHO | ineq=not_in_use | mu=9.11e-04 eta=1.00e-03 sigma=0.00e+00 | err c/p/d=7.78e-05/5.34e-03/2.94e-04 | ok=CpD | rmax X/Y/Z/T=110/7/11/-
it 017 | finish | AHO | ineq=not_in_use | mu=3.18e-04 eta=6.35e-04 sigma=0.00e+00 | err c/p/d=2.50e-05/2.91e-03/1.46e-04 | ok=CpD | rmax X/Y/Z/T=120/6/11/-
it 018 | finish | AHO | ineq=not_in_use | mu=1.33e-04 eta=2.67e-04 sigma=0.00e+00 | err c/p/d=1.02e-05/2.16e-03/3.02e-04 | ok=CpD | rmax X/Y/Z/T=122/6/10/-
it 019 | finish | AHO | ineq=not_in_use | mu=1.11e-05 eta=1.00e-04 sigma=0.00e+00 | err c/p/d=8.42e-07/5.94e-04/1.94e-04 | ok=CPD | rmax X/Y/Z/T=145/4/9/-
warn   | step-eig | target=miss | residual=4.69e-07 > 1.00e-08 | action=damp
warn   | step-eig | target=miss | residual=6.96e-08 > 1.00e-08 | action=damp
it 020 | finish | AHO | ineq=not_in_use | mu=1.13e-05 eta=1.00e-04 sigma=0.00e+00 | err c/p/d=8.57e-07/7.20e-04/1.72e-04 | ok=CpD | rmax X/Y/Z/T=145/4/10/-
it 021 | finish | AHO | ineq=not_in_use | mu=1.63e-06 eta=1.00e-04 sigma=0.00e+00 | err c/p/d=1.23e-07/2.22e-04/6.96e-05 | ok=CPD | rmax X/Y/Z/T=188/4/8/-
---Terminated---
Terminated in 21 iterations.
Ranks: X=[5, 8, 22, 51, 95, 188, 68, 33, 9, 3], Z=[4, 4, 5, 5, 5, 8, 7, 7, 5, 3], Y=[1, 1, 2, 2, 2, 4, 4, 4, 2, 1], T=[0, 0, 0, 0, 0, 0, 0, 0, 0, 0]
Run accepted after 21 iterations. Compl Slackness: 3.3368e-03. Feasibility error: 7.8958e-07. Dual Feasibility error: 7.7485e-08.
Run accepted in 6149.85s. Memory: 12019.87 MB.

================================================================================
                             FINAL RESULTS SUMMARY                              
================================================================================
Most metrics are reported as Mean ± Standard Deviation over successful seeds [832, 692, 472, 735, 767].

  Metric                       |                     Value
  ---------------------------- | -------------------------
  Solution Time (s)            |       1612.115 ± 2329.619
  Runtime Median [IQR] (s)     |        343.740 [1424.266]
  Worst Runtime (s)            |                  6149.853
  Problem Creation (s)         |             0.041 ± 0.033
  Iterations                   |                18.2 ± 6.2
  Feasibility Error            |       4.11e-07 ± 2.50e-07
  Dual Feasibility Error       |       7.01e-08 ± 6.33e-08
  Duality Gap                  |       2.47e-03 ± 1.21e-03
  Peak Memory (MB)             |       4278.641 ± 4506.165
  Memory Median [IQR] (MB)     |       1140.945 [5924.148]
  Worst Memory (MB)            |                 12019.867
  ---------------------------- | -------------------------
  Rank Statistics                                        
    Ranks X                 : [4.6±0.8, 6.6±1.9, 12.4±6.0, 25.8±16.6, 40.6±38.0, 57.8±67.5, 29.2±22.7, 13.8±10.1, 6.0±1.7, 3.4±0.8]
    Ranks Y                 : [1.6±0.5, 1.6±0.5, 1.8±0.4, 2.2±0.7, 2.0±0.6, 2.6±1.2, 2.4±1.4, 2.2±1.2, 1.8±0.7, 1.4±0.5]
    Ranks Z                 : [3.8±0.4, 4.8±1.2, 5.2±1.2, 5.6±1.5, 5.4±1.6, 6.2±1.7, 5.8±1.6, 5.2±1.3, 4.2±0.7, 3.0±0.0]

================================================================================
✅ Completed dim=11 successfully

==== All runs completed at Tue  2 Jun 00:33:21 BST 2026 ====
