000 (758.000.000) 06/01 17:30:18 Job submitted from host: <146.169.22.28:9618?addrs=146.169.22.28-9618+[2a0c-5bc0-80-110-494d-1845-2a15-2cd8]-9618&noUDP&sock=7662_6323_3>
...
001 (758.000.000) 06/01 17:30:52 Job executing on host: <146.169.52.6:9618?addrs=146.169.52.6-9618+[2a0c-5bc0-40-11c4-1874-3727-3782-c425]-9618&noUDP&sock=55984_c5ce_4>
...
006 (758.000.000) 06/01 17:31:01 Image size of job updated: 4
	6  -  MemoryUsage of job (MB)
	5128  -  ResidentSetSize of job (KB)
...
006 (758.000.000) 06/01 17:36:02 Image size of job updated: 9490832
	439  -  MemoryUsage of job (MB)
	449356  -  ResidentSetSize of job (KB)
...
006 (758.000.000) 06/01 17:41:02 Image size of job updated: 10287648
	1658  -  MemoryUsage of job (MB)
	1697524  -  ResidentSetSize of job (KB)
...
006 (758.000.000) 06/01 17:46:02 Image size of job updated: 12245100
	1925  -  MemoryUsage of job (MB)
	1970508  -  ResidentSetSize of job (KB)
...
006 (758.000.000) 06/01 18:01:04 Image size of job updated: 12245100
	3304  -  MemoryUsage of job (MB)
	3382568  -  ResidentSetSize of job (KB)
...
006 (758.000.000) 06/01 18:06:05 Image size of job updated: 13114508
	4761  -  MemoryUsage of job (MB)
	4875024  -  ResidentSetSize of job (KB)
...
006 (758.000.000) 06/01 18:11:06 Image size of job updated: 21157440
	4761  -  MemoryUsage of job (MB)
	4875024  -  ResidentSetSize of job (KB)
...
006 (758.000.000) 06/01 18:41:08 Image size of job updated: 21157440
	5397  -  MemoryUsage of job (MB)
	5525720  -  ResidentSetSize of job (KB)
...
006 (758.000.000) 06/01 20:11:17 Image size of job updated: 21157440
	5533  -  MemoryUsage of job (MB)
	5665008  -  ResidentSetSize of job (KB)
...
004 (758.000.000) 06/01 20:30:54 Job was evicted.
	(0) Job was not checkpointed.
		Usr 0 23:30:28, Sys 0 00:19:07  -  Run Remote Usage
		Usr 0 00:00:00, Sys 0 00:00:00  -  Run Local Usage
	0  -  Run Bytes Sent By Job
	0  -  Run Bytes Received By Job
	Partitionable Resources :    Usage  Request Allocated 
	   Cpus                 :    10.45       16        24 
	   Disk (KB)            :     4           4   6186124 
	   Gpus                 :                           0 
	   Memory (MB)          :  5533           1     15626 
...
001 (758.000.000) 06/01 21:06:57 Job executing on host: <146.169.53.193:9618?addrs=146.169.53.193-9618+[2a0c-5bc0-40-11c4-2aba-ac4f-e943-2e8f]-9618&noUDP&sock=51116_3787_4>
...
004 (758.000.000) 06/01 22:07:55 Job was evicted.
	(0) Job was not checkpointed.
		Usr 0 06:04:01, Sys 0 00:07:27  -  Run Remote Usage
		Usr 0 00:00:00, Sys 0 00:00:00  -  Run Local Usage
	0  -  Run Bytes Sent By Job
	0  -  Run Bytes Received By Job
	Partitionable Resources :    Usage  Request Allocated 
	   Cpus                 :     2.36       16        24 
	   Disk (KB)            :     4           4   5808808 
	   Gpus                 :                           0 
	   Memory (MB)          :  7325        7325     15626 
...
001 (758.000.000) 06/01 22:17:56 Job executing on host: <146.169.53.26:9618?addrs=146.169.53.26-9618+[2a0c-5bc0-40-11c4-3678-dea1-7018-13df]-9618&noUDP&sock=51061_7dd2_4>
...
005 (758.000.000) 06/02 00:33:21 Job terminated.
	(1) Normal termination (return value 0)
		Usr 0 18:03:54, Sys 0 00:13:50  -  Run Remote Usage
		Usr 0 00:00:00, Sys 0 00:00:00  -  Run Local Usage
		Usr 0 18:03:54, Sys 0 00:13:50  -  Total Remote Usage
		Usr 0 00:00:00, Sys 0 00:00:00  -  Total Local Usage
	0  -  Run Bytes Sent By Job
	0  -  Run Bytes Received By Job
	0  -  Total Bytes Sent By Job
	0  -  Total Bytes Received By Job
	Partitionable Resources :    Usage  Request Allocated 
	   Cpus                 :     2.66       16        24 
	   Disk (KB)            :     4           4   6712756 
	   Gpus                 :                           0 
	   Memory (MB)          :  7325        7325     15626 
...
