000 (759.000.000) 06/01 17:30:42 Job submitted from host: <146.169.22.28:9618?addrs=146.169.22.28-9618+[2a0c-5bc0-80-110-494d-1845-2a15-2cd8]-9618&noUDP&sock=7662_6323_3>
...
001 (759.000.000) 06/01 17:30:52 Job executing on host: <146.169.52.26:9618?addrs=146.169.52.26-9618+[2a0c-5bc0-40-11c4-5575-e59-38ee-b60a]-9618&noUDP&sock=60457_e0ed_4>
...
006 (759.000.000) 06/01 17:31:01 Image size of job updated: 4
	5  -  MemoryUsage of job (MB)
	4976  -  ResidentSetSize of job (KB)
...
006 (759.000.000) 06/01 17:36:02 Image size of job updated: 9515320
	454  -  MemoryUsage of job (MB)
	464608  -  ResidentSetSize of job (KB)
...
006 (759.000.000) 06/01 17:41:02 Image size of job updated: 9795856
	929  -  MemoryUsage of job (MB)
	950888  -  ResidentSetSize of job (KB)
...
006 (759.000.000) 06/01 17:46:02 Image size of job updated: 9795856
	1153  -  MemoryUsage of job (MB)
	1179904  -  ResidentSetSize of job (KB)
...
006 (759.000.000) 06/01 17:51:03 Image size of job updated: 9981940
	1362  -  MemoryUsage of job (MB)
	1394596  -  ResidentSetSize of job (KB)
...
006 (759.000.000) 06/01 17:56:04 Image size of job updated: 10180948
	1362  -  MemoryUsage of job (MB)
	1394596  -  ResidentSetSize of job (KB)
...
006 (759.000.000) 06/01 18:01:04 Image size of job updated: 10315988
	1362  -  MemoryUsage of job (MB)
	1394596  -  ResidentSetSize of job (KB)
...
006 (759.000.000) 06/01 18:06:05 Image size of job updated: 10315988
	1594  -  MemoryUsage of job (MB)
	1631876  -  ResidentSetSize of job (KB)
...
006 (759.000.000) 06/01 18:11:06 Image size of job updated: 10398252
	1594  -  MemoryUsage of job (MB)
	1631876  -  ResidentSetSize of job (KB)
...
006 (759.000.000) 06/01 18:21:07 Image size of job updated: 10477584
	1973  -  MemoryUsage of job (MB)
	2019932  -  ResidentSetSize of job (KB)
...
006 (759.000.000) 06/01 18:26:08 Image size of job updated: 10587160
	2079  -  MemoryUsage of job (MB)
	2128648  -  ResidentSetSize of job (KB)
...
006 (759.000.000) 06/01 18:31:08 Image size of job updated: 10864036
	2079  -  MemoryUsage of job (MB)
	2128648  -  ResidentSetSize of job (KB)
...
006 (759.000.000) 06/01 18:41:09 Image size of job updated: 11259508
	2751  -  MemoryUsage of job (MB)
	2816940  -  ResidentSetSize of job (KB)
...
006 (759.000.000) 06/01 18:46:09 Image size of job updated: 11731564
	3214  -  MemoryUsage of job (MB)
	3290304  -  ResidentSetSize of job (KB)
...
006 (759.000.000) 06/01 18:51:09 Image size of job updated: 11735420
	3216  -  MemoryUsage of job (MB)
	3292352  -  ResidentSetSize of job (KB)
...
006 (759.000.000) 06/01 19:11:12 Image size of job updated: 12979488
	3969  -  MemoryUsage of job (MB)
	4063408  -  ResidentSetSize of job (KB)
...
006 (759.000.000) 06/01 19:26:13 Image size of job updated: 12979488
	4144  -  MemoryUsage of job (MB)
	4243028  -  ResidentSetSize of job (KB)
...
006 (759.000.000) 06/01 19:36:14 Image size of job updated: 13303644
	4673  -  MemoryUsage of job (MB)
	4784492  -  ResidentSetSize of job (KB)
...
004 (759.000.000) 06/01 20:30:54 Job was evicted.
	(0) Job was not checkpointed.
		Usr 1 02:44:53, Sys 0 00:20:15  -  Run Remote Usage
		Usr 0 00:00:00, Sys 0 00:00:00  -  Run Local Usage
	0  -  Run Bytes Sent By Job
	0  -  Run Bytes Received By Job
	Partitionable Resources :    Usage  Request Allocated 
	   Cpus                 :     9.61       16        24 
	   Disk (KB)            :     4           4   5812612 
	   Gpus                 :                           0 
	   Memory (MB)          :  4673           1     15626 
...
001 (759.000.000) 06/01 21:08:54 Job executing on host: <146.169.52.7:9618?addrs=146.169.52.7-9618+[2a0c-5bc0-40-11c4-c8df-aa93-211e-a5e6]-9618&noUDP&sock=55301_c760_4>
...
004 (759.000.000) 06/01 22:09:55 Job was evicted.
	(0) Job was not checkpointed.
		Usr 0 08:00:45, Sys 0 00:06:57  -  Run Remote Usage
		Usr 0 00:00:00, Sys 0 00:00:00  -  Run Local Usage
	0  -  Run Bytes Sent By Job
	0  -  Run Bytes Received By Job
	Partitionable Resources :    Usage  Request Allocated 
	   Cpus                 :     5.96       16        24 
	   Disk (KB)            :     4           4   5810944 
	   Gpus                 :                           0 
	   Memory (MB)          :  4883        4883     15626 
...
001 (759.000.000) 06/01 22:29:56 Job executing on host: <146.169.53.49:9618?addrs=146.169.53.49-9618+[2a0c-5bc0-40-11c4-3fa0-3fe5-5537-ca67]-9618&noUDP&sock=50092_d68c_4>
...
006 (759.000.000) 06/02 05:30:46 Image size of job updated: 15000000
	5285  -  MemoryUsage of job (MB)
	5411824  -  ResidentSetSize of job (KB)
...
006 (759.000.000) 06/02 05:45:49 Image size of job updated: 15000000
	5315  -  MemoryUsage of job (MB)
	5442072  -  ResidentSetSize of job (KB)
...
006 (759.000.000) 06/02 06:30:53 Image size of job updated: 15000000
	5740  -  MemoryUsage of job (MB)
	5877532  -  ResidentSetSize of job (KB)
...
006 (759.000.000) 06/02 06:40:54 Image size of job updated: 15790620
	7123  -  MemoryUsage of job (MB)
	7293748  -  ResidentSetSize of job (KB)
...
006 (759.000.000) 06/02 07:10:58 Image size of job updated: 15790620
	7291  -  MemoryUsage of job (MB)
	7465496  -  ResidentSetSize of job (KB)
...
006 (759.000.000) 06/02 08:46:09 Image size of job updated: 16524112
	7291  -  MemoryUsage of job (MB)
	7465496  -  ResidentSetSize of job (KB)
...
004 (759.000.000) 06/02 12:12:01 Job was evicted.
	(0) Job was not checkpointed.
		Usr 5 20:29:13, Sys 0 01:14:34  -  Run Remote Usage
		Usr 0 00:00:00, Sys 0 00:00:00  -  Run Local Usage
	0  -  Run Bytes Sent By Job
	0  -  Run Bytes Received By Job
	Partitionable Resources :    Usage  Request Allocated 
	   Cpus                 :    11.29       16        24 
	   Disk (KB)            :     4           4   6418904 
	   Gpus                 :                           0 
	   Memory (MB)          :  7291        4883     15626 
...
001 (759.000.000) 06/02 12:14:02 Job executing on host: <146.169.52.20:9618?addrs=146.169.52.20-9618+[2a0c-5bc0-40-11c4-7822-efe-ec4a-e503]-9618&noUDP&sock=55983_92f7_4>
...
010 (759.000.000) 06/02 13:11:18 Job was suspended.
	Number of processes actually suspended: 7
...
011 (759.000.000) 06/02 13:17:23 Job was unsuspended.
...
004 (759.000.000) 06/02 13:18:23 Job was evicted.
	(0) Job was not checkpointed.
		Usr 0 07:21:32, Sys 0 00:07:07  -  Run Remote Usage
		Usr 0 00:00:00, Sys 0 00:00:00  -  Run Local Usage
	0  -  Run Bytes Sent By Job
	0  -  Run Bytes Received By Job
	Partitionable Resources :    Usage  Request Allocated 
	   Cpus                 :     9.98       16        24 
	   Disk (KB)            :     4           4   5812764 
	   Gpus                 :                           0 
	   Memory (MB)          :  7325        7325     15626 
...
001 (759.000.000) 06/02 13:19:03 Job executing on host: <146.169.52.12:9618?addrs=146.169.52.12-9618+[2a0c-5bc0-40-11c4-496f-6198-abe9-c194]-9618&noUDP&sock=55618_ba24_4>
...
010 (759.000.000) 06/02 13:19:38 Job was suspended.
	Number of processes actually suspended: 7
...
011 (759.000.000) 06/02 13:19:53 Job was unsuspended.
...
010 (759.000.000) 06/02 13:50:54 Job was suspended.
	Number of processes actually suspended: 7
...
011 (759.000.000) 06/02 13:56:59 Job was unsuspended.
...
004 (759.000.000) 06/02 13:57:59 Job was evicted.
	(0) Job was not checkpointed.
		Usr 0 04:17:47, Sys 0 00:05:27  -  Run Remote Usage
		Usr 0 00:00:00, Sys 0 00:00:00  -  Run Local Usage
	0  -  Run Bytes Sent By Job
	0  -  Run Bytes Received By Job
	Partitionable Resources :    Usage  Request Allocated 
	   Cpus                 :     9.67       16        24 
	   Disk (KB)            :     4           4   5747060 
	   Gpus                 :                           0 
	   Memory (MB)          :  7325        7325     15626 
...
001 (759.000.000) 06/02 13:59:03 Job executing on host: <146.169.52.20:9618?addrs=146.169.52.20-9618+[2a0c-5bc0-40-11c4-7822-efe-ec4a-e503]-9618&noUDP&sock=55983_92f7_4>
...
004 (759.000.000) 06/02 14:07:06 Job was evicted.
	(0) Job was not checkpointed.
		Usr 0 00:50:01, Sys 0 00:01:14  -  Run Remote Usage
		Usr 0 00:00:00, Sys 0 00:00:00  -  Run Local Usage
	0  -  Run Bytes Sent By Job
	0  -  Run Bytes Received By Job
	Partitionable Resources :    Usage  Request Allocated 
	   Cpus                 :     7.63       16        24 
	   Disk (KB)            :     4           4   5812764 
	   Gpus                 :                           0 
	   Memory (MB)          :  7325        7325     15626 
...
009 (759.000.000) 06/02 14:07:06 Job was aborted by the user.
	via condor_rm (by user fjk20)
...
