000 (760.000.000) 06/01 17:30:46 Job submitted from host: <146.169.22.28:9618?addrs=146.169.22.28-9618+[2a0c-5bc0-80-110-494d-1845-2a15-2cd8]-9618&noUDP&sock=7662_6323_3>
...
001 (760.000.000) 06/01 17:30:52 Job executing on host: <146.169.52.25:9618?addrs=146.169.52.25-9618+[2a0c-5bc0-40-11c4-84dd-d0e0-c3af-248f]-9618&noUDP&sock=55888_6978_4>
...
006 (760.000.000) 06/01 17:31:01 Image size of job updated: 4
	5  -  MemoryUsage of job (MB)
	4992  -  ResidentSetSize of job (KB)
...
006 (760.000.000) 06/01 17:36:02 Image size of job updated: 10337324
	1676  -  MemoryUsage of job (MB)
	1715896  -  ResidentSetSize of job (KB)
...
006 (760.000.000) 06/01 17:41:02 Image size of job updated: 10408076
	1676  -  MemoryUsage of job (MB)
	1715896  -  ResidentSetSize of job (KB)
...
006 (760.000.000) 06/01 17:46:02 Image size of job updated: 10408076
	1730  -  MemoryUsage of job (MB)
	1770900  -  ResidentSetSize of job (KB)
...
006 (760.000.000) 06/01 17:51:03 Image size of job updated: 10512696
	1730  -  MemoryUsage of job (MB)
	1770900  -  ResidentSetSize of job (KB)
...
006 (760.000.000) 06/01 17:56:03 Image size of job updated: 10923604
	2316  -  MemoryUsage of job (MB)
	2371468  -  ResidentSetSize of job (KB)
...
006 (760.000.000) 06/01 18:06:04 Image size of job updated: 11527656
	2316  -  MemoryUsage of job (MB)
	2371468  -  ResidentSetSize of job (KB)
...
006 (760.000.000) 06/01 18:16:05 Image size of job updated: 11527656
	2749  -  MemoryUsage of job (MB)
	2814412  -  ResidentSetSize of job (KB)
...
006 (760.000.000) 06/01 18:21:06 Image size of job updated: 11527656
	2910  -  MemoryUsage of job (MB)
	2979788  -  ResidentSetSize of job (KB)
...
006 (760.000.000) 06/01 18:31:07 Image size of job updated: 11681696
	3108  -  MemoryUsage of job (MB)
	3182420  -  ResidentSetSize of job (KB)
...
006 (760.000.000) 06/01 19:06:10 Image size of job updated: 11725404
	3108  -  MemoryUsage of job (MB)
	3182420  -  ResidentSetSize of job (KB)
...
006 (760.000.000) 06/01 19:11:11 Image size of job updated: 11771104
	3108  -  MemoryUsage of job (MB)
	3182420  -  ResidentSetSize of job (KB)
...
006 (760.000.000) 06/01 19:21:12 Image size of job updated: 11791820
	3108  -  MemoryUsage of job (MB)
	3182420  -  ResidentSetSize of job (KB)
...
006 (760.000.000) 06/01 19:31:14 Image size of job updated: 12021316
	3533  -  MemoryUsage of job (MB)
	3617788  -  ResidentSetSize of job (KB)
...
006 (760.000.000) 06/01 19:41:14 Image size of job updated: 12082228
	3533  -  MemoryUsage of job (MB)
	3617788  -  ResidentSetSize of job (KB)
...
006 (760.000.000) 06/01 19:46:15 Image size of job updated: 12165576
	3533  -  MemoryUsage of job (MB)
	3617788  -  ResidentSetSize of job (KB)
...
004 (760.000.000) 06/01 20:30:53 Job was evicted.
	(0) Job was not checkpointed.
		Usr 1 05:11:18, Sys 0 00:16:43  -  Run Remote Usage
		Usr 0 00:00:00, Sys 0 00:00:00  -  Run Local Usage
	0  -  Run Bytes Sent By Job
	0  -  Run Bytes Received By Job
	Partitionable Resources :    Usage  Request Allocated 
	   Cpus                 :    10.37       16        24 
	   Disk (KB)            :     4           4   5810148 
	   Gpus                 :                           0 
	   Memory (MB)          :  3533           1     15626 
...
001 (760.000.000) 06/01 21:08:54 Job executing on host: <146.169.52.22:9618?addrs=146.169.52.22-9618+[2a0c-5bc0-40-11c4-2eab-cc6a-121f-c633]-9618&noUDP&sock=56022_5329_4>
...
004 (760.000.000) 06/01 22:09:55 Job was evicted.
	(0) Job was not checkpointed.
		Usr 0 08:37:50, Sys 0 00:06:20  -  Run Remote Usage
		Usr 0 00:00:00, Sys 0 00:00:00  -  Run Local Usage
	0  -  Run Bytes Sent By Job
	0  -  Run Bytes Received By Job
	Partitionable Resources :    Usage  Request Allocated 
	   Cpus                 :     9.76       16        24 
	   Disk (KB)            :     4           4   5812600 
	   Gpus                 :                           0 
	   Memory (MB)          :  3663        3663     15626 
...
001 (760.000.000) 06/01 22:29:56 Job executing on host: <146.169.53.60:9618?addrs=146.169.53.60-9618+[2a0c-5bc0-40-11c4-47f4-9d45-82ba-4308]-9618&noUDP&sock=51600_0d80_4>
...
006 (760.000.000) 06/02 04:00:36 Image size of job updated: 12528340
	3663  -  MemoryUsage of job (MB)
	3750000  -  ResidentSetSize of job (KB)
...
006 (760.000.000) 06/02 04:05:36 Image size of job updated: 12528340
	4035  -  MemoryUsage of job (MB)
	4131584  -  ResidentSetSize of job (KB)
...
006 (760.000.000) 06/02 04:35:40 Image size of job updated: 13126704
	4629  -  MemoryUsage of job (MB)
	4739564  -  ResidentSetSize of job (KB)
...
006 (760.000.000) 06/02 04:45:42 Image size of job updated: 13398740
	4895  -  MemoryUsage of job (MB)
	5011620  -  ResidentSetSize of job (KB)
...
006 (760.000.000) 06/02 04:50:42 Image size of job updated: 14189236
	4895  -  MemoryUsage of job (MB)
	5011620  -  ResidentSetSize of job (KB)
...
006 (760.000.000) 06/02 04:55:43 Image size of job updated: 14189236
	4898  -  MemoryUsage of job (MB)
	5014984  -  ResidentSetSize of job (KB)
...
006 (760.000.000) 06/02 05:15:46 Image size of job updated: 14200144
	4898  -  MemoryUsage of job (MB)
	5014984  -  ResidentSetSize of job (KB)
...
006 (760.000.000) 06/02 07:10:58 Image size of job updated: 14645452
	6114  -  MemoryUsage of job (MB)
	6260200  -  ResidentSetSize of job (KB)
...
006 (760.000.000) 06/02 08:11:03 Image size of job updated: 15461248
	6910  -  MemoryUsage of job (MB)
	7075788  -  ResidentSetSize of job (KB)
...
006 (760.000.000) 06/02 08:16:04 Image size of job updated: 16059084
	6910  -  MemoryUsage of job (MB)
	7075788  -  ResidentSetSize of job (KB)
...
006 (760.000.000) 06/02 09:26:12 Image size of job updated: 16758664
	8191  -  MemoryUsage of job (MB)
	8387324  -  ResidentSetSize of job (KB)
...
006 (760.000.000) 06/02 11:26:24 Image size of job updated: 17444996
	8886  -  MemoryUsage of job (MB)
	9098876  -  ResidentSetSize of job (KB)
...
006 (760.000.000) 06/02 11:31:25 Image size of job updated: 18284560
	8886  -  MemoryUsage of job (MB)
	9098876  -  ResidentSetSize of job (KB)
...
006 (760.000.000) 06/02 11:36:25 Image size of job updated: 18284560
	8895  -  MemoryUsage of job (MB)
	9108304  -  ResidentSetSize of job (KB)
...
004 (760.000.000) 06/02 12:12:01 Job was evicted.
	(0) Job was not checkpointed.
		Usr 5 14:45:37, Sys 0 01:20:16  -  Run Remote Usage
		Usr 0 00:00:00, Sys 0 00:00:00  -  Run Local Usage
	0  -  Run Bytes Sent By Job
	0  -  Run Bytes Received By Job
	Partitionable Resources :    Usage  Request Allocated 
	   Cpus                 :    10.25       16        24 
	   Disk (KB)            :     4           4   6715128 
	   Gpus                 :                           0 
	   Memory (MB)          :  8895        3663     15626 
...
001 (760.000.000) 06/02 12:15:02 Job executing on host: <146.169.52.23:9618?addrs=146.169.52.23-9618+[2a0c-5bc0-40-11c4-7b8a-dff6-8a0-9144]-9618&noUDP&sock=55899_f503_4>
...
004 (760.000.000) 06/02 14:07:49 Job was evicted.
	(0) Job was not checkpointed.
		Usr 0 18:08:59, Sys 0 00:11:06  -  Run Remote Usage
		Usr 0 00:00:00, Sys 0 00:00:00  -  Run Local Usage
	0  -  Run Bytes Sent By Job
	0  -  Run Bytes Received By Job
	Partitionable Resources :    Usage  Request Allocated 
	   Cpus                 :    10.01       16        24 
	   Disk (KB)            :     4           4   5756216 
	   Gpus                 :                           0 
	   Memory (MB)          :  9766        9766     15626 
...
009 (760.000.000) 06/02 14:07:49 Job was aborted by the user.
	via condor_rm (by user fjk20)
...
