Running: max_stable_set (rank=2)
==== max_stable_set TT-IPM Batch Run Started at Mon  1 Jun 17:31:55 BST 2026 ====

▶ Running dim=10 with config=configs/max_stable_set_10.yaml at Mon  1 Jun 17:31:55 BST 2026

===== Processing Rank: 2 =====
Running seed 588
Creating Problem...
===Terminated Graph Sampling=== rank:  [2, 2, 1, 1, 1, 1, 1, 1, 1]
it 000 | main   | XZ  | ineq=not_in_use | mu=4.00e+00 eta=1.00e-03 sigma=5.00e-01 | err c/p/d=5.71e-01/5.11e+02/1.60e+01 | ok=cpd | rmax X/Y/Z/T=1/1/1/-
it 001 | main   | XZ  | ineq=not_in_use | mu=6.06e-01 eta=1.00e-03 sigma=8.07e-02 | err c/p/d=6.51e-02/7.54e+01/5.61e+00 | ok=cpd | rmax X/Y/Z/T=5/3/5/-
warn   | step-eig | target=miss | residual=1.43e-08 > 1.00e-08 | action=damp
warn   | step-eig | target=miss | residual=1.50e-08 > 1.00e-08 | action=damp
it 002 | main   | XZ  | ineq=not_in_use | mu=1.69e-01 eta=1.00e-03 sigma=3.73e-01 | err c/p/d=1.83e-02/1.89e+01/2.17e+00 | ok=cpd | rmax X/Y/Z/T=19/8/13/-
it 003 | main   | AHO | ineq=not_in_use | mu=2.28e-02 eta=1.00e-03 sigma=1.92e-01 | err c/p/d=1.07e-02/1.69e+00/1.85e+00 | ok=cpd | rmax X/Y/Z/T=24/8/13/-
warn   | step-eig | target=miss | residual=1.88e-08 > 1.00e-08 | action=damp
it 004 | main   | AHO | ineq=not_in_use | mu=7.81e-03 eta=1.00e-03 sigma=8.09e-02 | err c/p/d=3.58e-03/2.88e-01/1.18e+00 | ok=cpd | rmax X/Y/Z/T=23/8/11/-
warn   | step-eig | target=miss | residual=1.19e-08 > 1.00e-08 | action=damp
it 005 | main   | AHO | ineq=not_in_use | mu=4.25e-03 eta=1.00e-03 sigma=7.58e-01 | err c/p/d=1.65e-03/1.68e-01/1.46e-01 | ok=cpd | rmax X/Y/Z/T=25/8/11/-
warn   | step-eig | target=miss | residual=1.31e-08 > 1.00e-08 | action=damp
it 006 | main   | AHO | ineq=not_in_use | mu=1.42e-03 eta=1.00e-03 sigma=5.73e-01 | err c/p/d=3.17e-04/2.42e-02/3.90e-02 | ok=cpd | rmax X/Y/Z/T=29/8/11/-
it 007 | main   | AHO | ineq=not_in_use | mu=3.31e-04 eta=6.62e-04 sigma=7.17e-02 | err c/p/d=6.22e-05/2.36e-02/5.81e-03 | ok=Cpd | rmax X/Y/Z/T=29/8/10/-
it 008 | main   | AHO | ineq=not_in_use | mu=3.58e-04 eta=6.62e-04 sigma=0.00e+00 | err c/p/d=6.89e-05/5.69e-03/7.69e-05 | ok=CpD | rmax X/Y/Z/T=29/8/10/-
it 009 | main   | AHO | ineq=not_in_use | mu=3.60e-04 eta=6.62e-04 sigma=0.00e+00 | err c/p/d=6.98e-05/7.06e-04/8.95e-05 | ok=CpD | rmax X/Y/Z/T=29/8/10/-
it 010 | finish | AHO | ineq=not_in_use | mu=3.62e-04 eta=6.62e-04 sigma=0.00e+00 | err c/p/d=7.03e-05/3.95e-04/1.26e-04 | ok=CPD | rmax X/Y/Z/T=29/8/10/-
it 011 | finish | AHO | ineq=not_in_use | mu=1.44e-04 eta=2.88e-04 sigma=0.00e+00 | err c/p/d=2.63e-05/2.09e-02/5.80e-04 | ok=CpD | rmax X/Y/Z/T=37/8/12/-
it 012 | finish | AHO | ineq=not_in_use | mu=5.40e-05 eta=1.08e-04 sigma=0.00e+00 | err c/p/d=9.83e-06/9.02e-03/3.74e-04 | ok=CpD | rmax X/Y/Z/T=63/14/18/-
it 013 | finish | AHO | ineq=not_in_use | mu=2.79e-05 eta=1.00e-04 sigma=0.00e+00 | err c/p/d=5.06e-06/4.74e-03/1.43e-04 | ok=CpD | rmax X/Y/Z/T=65/36/46/-
it 014 | finish | AHO | ineq=not_in_use | mu=3.61e-05 eta=1.00e-04 sigma=0.00e+00 | err c/p/d=6.57e-06/6.16e-03/1.75e-04 | ok=CpD | rmax X/Y/Z/T=143/120/203/-
/vol/bitbucket/fjk20/projects/Tensor-Train-Interior-Point-Method/tt_ipm.sh: line 111: 3304470 Killed                  timeout "$CURRENT_TIMEOUT" "${cmd[@]}"
❌ Error occurred for dim=10 (exit code 137)
Process MemTimer-1:

==== All runs completed at Mon  1 Jun 20:06:47 BST 2026 ====
Traceback (most recent call last):
  File "/homes/fjk20/miniforge3/envs/ttipm/lib/python3.14/multiprocessing/process.py", line 320, in _bootstrap
    self.run()
    ~~~~~~~~^^
  File "/homes/fjk20/miniforge3/envs/ttipm/lib/python3.14/site-packages/memory_profiler.py", line 265, in run
    self.pipe.send(self.mem_usage)
    ~~~~~~~~~~~~~~^^^^^^^^^^^^^^^^
  File "/homes/fjk20/miniforge3/envs/ttipm/lib/python3.14/multiprocessing/connection.py", line 216, in send
    self._send_bytes(_ForkingPickler.dumps(obj))
    ~~~~~~~~~~~~~~~~^^^^^^^^^^^^^^^^^^^^^^^^^^^^
  File "/homes/fjk20/miniforge3/envs/ttipm/lib/python3.14/multiprocessing/connection.py", line 448, in _send_bytes
    self._send(header + buf)
    ~~~~~~~~~~^^^^^^^^^^^^^^
  File "/homes/fjk20/miniforge3/envs/ttipm/lib/python3.14/multiprocessing/connection.py", line 404, in _send
    n = write(self._handle, buf)
BrokenPipeError: [Errno 32] Broken pipe
