000 (763.000.000) 06/01 17:31:40 Job submitted from host: <146.169.22.28:9618?addrs=146.169.22.28-9618+[2a0c-5bc0-80-110-494d-1845-2a15-2cd8]-9618&noUDP&sock=7662_6323_3>
...
001 (763.000.000) 06/01 17:31:53 Job executing on host: <146.169.52.11:9618?addrs=146.169.52.11-9618+[2a0c-5bc0-40-11c4-b750-8c82-825d-4bcb]-9618&noUDP&sock=54753_68b8_4>
...
006 (763.000.000) 06/01 17:32:01 Image size of job updated: 34352
	15  -  MemoryUsage of job (MB)
	15188  -  ResidentSetSize of job (KB)
...
006 (763.000.000) 06/01 17:37:01 Image size of job updated: 9986480
	671  -  MemoryUsage of job (MB)
	686252  -  ResidentSetSize of job (KB)
...
006 (763.000.000) 06/01 17:42:01 Image size of job updated: 9986480
	1296  -  MemoryUsage of job (MB)
	1326144  -  ResidentSetSize of job (KB)
...
006 (763.000.000) 06/01 17:52:02 Image size of job updated: 10003928
	1296  -  MemoryUsage of job (MB)
	1326144  -  ResidentSetSize of job (KB)
...
006 (763.000.000) 06/01 17:57:04 Image size of job updated: 11284728
	1634  -  MemoryUsage of job (MB)
	1673112  -  ResidentSetSize of job (KB)
...
006 (763.000.000) 06/01 18:02:04 Image size of job updated: 11456732
	2771  -  MemoryUsage of job (MB)
	2837076  -  ResidentSetSize of job (KB)
...
006 (763.000.000) 06/01 18:07:04 Image size of job updated: 11616440
	2771  -  MemoryUsage of job (MB)
	2837076  -  ResidentSetSize of job (KB)
...
006 (763.000.000) 06/01 18:27:07 Image size of job updated: 11960584
	2771  -  MemoryUsage of job (MB)
	2837076  -  ResidentSetSize of job (KB)
...
006 (763.000.000) 06/01 18:32:08 Image size of job updated: 11960584
	2860  -  MemoryUsage of job (MB)
	2928444  -  ResidentSetSize of job (KB)
...
006 (763.000.000) 06/01 19:02:10 Image size of job updated: 11960584
	2987  -  MemoryUsage of job (MB)
	3057852  -  ResidentSetSize of job (KB)
...
006 (763.000.000) 06/01 19:07:11 Image size of job updated: 11960584
	3111  -  MemoryUsage of job (MB)
	3185028  -  ResidentSetSize of job (KB)
...
006 (763.000.000) 06/01 19:27:13 Image size of job updated: 11960584
	3277  -  MemoryUsage of job (MB)
	3354908  -  ResidentSetSize of job (KB)
...
006 (763.000.000) 06/01 19:57:16 Image size of job updated: 12186496
	3609  -  MemoryUsage of job (MB)
	3695448  -  ResidentSetSize of job (KB)
...
006 (763.000.000) 06/01 20:07:16 Image size of job updated: 12282548
	3702  -  MemoryUsage of job (MB)
	3789904  -  ResidentSetSize of job (KB)
...
006 (763.000.000) 06/01 20:17:17 Image size of job updated: 12310516
	3731  -  MemoryUsage of job (MB)
	3820320  -  ResidentSetSize of job (KB)
...
006 (763.000.000) 06/01 20:22:18 Image size of job updated: 12447008
	3731  -  MemoryUsage of job (MB)
	3820320  -  ResidentSetSize of job (KB)
...
004 (763.000.000) 06/01 20:30:53 Job was evicted.
	(0) Job was not checkpointed.
		Usr 1 00:41:24, Sys 0 00:20:38  -  Run Remote Usage
		Usr 0 00:00:00, Sys 0 00:00:00  -  Run Local Usage
	0  -  Run Bytes Sent By Job
	0  -  Run Bytes Received By Job
	Partitionable Resources :    Usage  Request Allocated 
	   Cpus                 :     9.88       16        24 
	   Disk (KB)            :     4           4   5812600 
	   Gpus                 :                           0 
	   Memory (MB)          :  3731           1     15626 
...
001 (763.000.000) 06/01 21:10:55 Job executing on host: <146.169.53.198:9618?addrs=146.169.53.198-9618+[2a0c-5bc0-40-11c4-7ea2-c9be-507c-9fbd]-9618&noUDP&sock=53020_33d9_4>
...
006 (763.000.000) 06/01 22:06:08 Image size of job updated: 13250780
	4714  -  MemoryUsage of job (MB)
	4826604  -  ResidentSetSize of job (KB)
...
004 (763.000.000) 06/01 22:11:56 Job was evicted.
	(0) Job was not checkpointed.
		Usr 0 08:37:22, Sys 0 00:06:42  -  Run Remote Usage
		Usr 0 00:00:00, Sys 0 00:00:00  -  Run Local Usage
	0  -  Run Bytes Sent By Job
	0  -  Run Bytes Received By Job
	Partitionable Resources :    Usage  Request Allocated 
	   Cpus                 :     8.79       16        24 
	   Disk (KB)            :     4           4   5808452 
	   Gpus                 :                           0 
	   Memory (MB)          :  4714        3907     15626 
...
001 (763.000.000) 06/01 22:31:56 Job executing on host: <146.169.53.32:9618?addrs=146.169.53.32-9618+[2a0c-5bc0-40-11c4-f648-1250-f729-8d54]-9618&noUDP&sock=1229828_9b9c_4>
...
006 (763.000.000) 06/02 00:37:17 Image size of job updated: 15000000
	4886  -  MemoryUsage of job (MB)
	5002848  -  ResidentSetSize of job (KB)
...
006 (763.000.000) 06/02 01:12:20 Image size of job updated: 15000000
	5971  -  MemoryUsage of job (MB)
	6113500  -  ResidentSetSize of job (KB)
...
006 (763.000.000) 06/02 01:47:24 Image size of job updated: 15131940
	6450  -  MemoryUsage of job (MB)
	6603904  -  ResidentSetSize of job (KB)
...
006 (763.000.000) 06/02 02:02:26 Image size of job updated: 15905196
	7225  -  MemoryUsage of job (MB)
	7397776  -  ResidentSetSize of job (KB)
...
006 (763.000.000) 06/02 02:37:31 Image size of job updated: 16273176
	7225  -  MemoryUsage of job (MB)
	7397776  -  ResidentSetSize of job (KB)
...
006 (763.000.000) 06/02 02:52:32 Image size of job updated: 18708484
	9968  -  MemoryUsage of job (MB)
	10206280  -  ResidentSetSize of job (KB)
...
006 (763.000.000) 06/02 02:57:33 Image size of job updated: 19015704
	10268  -  MemoryUsage of job (MB)
	10513480  -  ResidentSetSize of job (KB)
...
006 (763.000.000) 06/02 03:02:33 Image size of job updated: 19137604
	10268  -  MemoryUsage of job (MB)
	10513480  -  ResidentSetSize of job (KB)
...
006 (763.000.000) 06/02 03:12:35 Image size of job updated: 20635640
	10268  -  MemoryUsage of job (MB)
	10513480  -  ResidentSetSize of job (KB)
...
005 (763.000.000) 06/02 04:02:29 Job terminated.
	(1) Normal termination (return value 0)
		Usr 2 07:18:39, Sys 0 00:28:01  -  Run Remote Usage
		Usr 0 00:00:00, Sys 0 00:00:00  -  Run Local Usage
		Usr 2 07:18:39, Sys 0 00:28:01  -  Total Remote Usage
		Usr 0 00:00:00, Sys 0 00:00:00  -  Total Local Usage
	0  -  Run Bytes Sent By Job
	0  -  Run Bytes Received By Job
	0  -  Total Bytes Sent By Job
	0  -  Total Bytes Received By Job
	Partitionable Resources :    Usage  Request Allocated 
	   Cpus                 :     8.62       16        24 
	   Disk (KB)            :     4           4   6361160 
	   Gpus                 :                           0 
	   Memory (MB)          : 10268        4883     15628 
...
