Running: corr_clust (rank=3)
==== corr_clust TT-IPM Batch Run Started at Mon  1 Jun 22:31:59 BST 2026 ====

▶ Running dim=9 with config=configs/corr_clust_9.yaml at Mon  1 Jun 22:31:59 BST 2026

===== Processing Rank: 3 =====
Running seed 895
Creating Problem for dim=9, rank=3...
===Terminated Graph Sampling=== rank:  [2, 3, 3, 3, 3, 3, 3, 3]
===Terminated Graph Sampling=== rank:  [1, 1, 1, 1, 1, 1, 1, 1]
Actual graph TT-rank: [2, 3, 3, 3, 3, 3, 3, 3]
Obj TT-rank: [2, 5, 9, 10, 10, 10, 6, 3]
it 000 | main   | XZ  | ineq=active   | mu=2.39e-01 eta=1.00e-03 sigma=5.00e-01 | err c/p/d=2.37e-03/1.06e+01/1.19e+01 | ok=cpd | rmax X/Y/Z/T=4/1/1/3
	Attention: Exited at iteration 100 with accuracies 
[0.]
not reaching the requested tolerance 1e-08.
Use iteration 68 instead with accuracy 
1.2125413974872962e-08.

	Attention: Exited at iteration 100 with accuracies 
[0.]
not reaching the requested tolerance 1e-08.
Use iteration 98 instead with accuracy 
1.1495391383768389e-06.

	Attention: Exited at iteration 100 with accuracies 
[0.]
not reaching the requested tolerance 1e-08.
Use iteration 67 instead with accuracy 
2.5095201142867626e-08.

	Attention: Exited at iteration 100 with accuracies 
[0.]
not reaching the requested tolerance 1e-08.
Use iteration 31 instead with accuracy 
3.4392078736712385e-08.

it 001 | main   | XZ  | ineq=active   | mu=5.46e-02 eta=1.00e-03 sigma=3.43e-03 | err c/p/d=1.97e-03/2.36e+00/1.00e+01 | ok=cpd | rmax X/Y/Z/T=29/5/14/12
it 002 | main   | XZ  | ineq=active   | mu=3.17e-03 eta=1.00e-03 sigma=1.59e-02 | err c/p/d=6.91e-04/3.12e-01/8.61e+00 | ok=cpd | rmax X/Y/Z/T=68/7/29/25
it 003 | main   | AHO | ineq=active   | mu=4.85e-03 eta=1.00e-03 sigma=3.01e-01 | err c/p/d=5.91e-04/2.54e-01/6.87e+00 | ok=cpd | rmax X/Y/Z/T=99/7/29/24
it 004 | main   | AHO | ineq=active   | mu=4.97e-04 eta=9.94e-04 sigma=1.48e-02 | err c/p/d=8.07e-05/1.14e-01/1.08e-01 | ok=Cpd | rmax X/Y/Z/T=117/6/30/25
it 005 | main   | AHO | ineq=active   | mu=4.90e-04 eta=9.80e-04 sigma=0.00e+00 | err c/p/d=6.92e-05/4.96e-03/5.26e-03 | ok=Cpd | rmax X/Y/Z/T=116/6/27/23
it 006 | main   | AHO | ineq=active   | mu=4.93e-04 eta=9.80e-04 sigma=0.00e+00 | err c/p/d=6.93e-05/4.39e-04/2.27e-03 | ok=CPd | rmax X/Y/Z/T=113/6/27/22
it 007 | main   | AHO | ineq=active   | mu=4.94e-04 eta=9.80e-04 sigma=0.00e+00 | err c/p/d=6.96e-05/1.05e-03/1.21e-03 | ok=Cpd | rmax X/Y/Z/T=111/6/26/22
it 008 | finish | AHO | ineq=active   | mu=4.95e-04 eta=9.80e-04 sigma=0.00e+00 | err c/p/d=6.98e-05/5.74e-04/6.52e-04 | ok=CPD | rmax X/Y/Z/T=110/6/26/22
it 009 | finish | AHO | ineq=active   | mu=2.55e-04 eta=5.09e-04 sigma=0.00e+00 | err c/p/d=3.47e-05/1.05e-03/3.26e-03 | ok=Cpd | rmax X/Y/Z/T=120/5/29/24
it 010 | finish | AHO | ineq=active   | mu=1.85e-04 eta=3.69e-04 sigma=0.00e+00 | err c/p/d=2.44e-05/1.04e-03/3.69e-03 | ok=Cpd | rmax X/Y/Z/T=128/6/32/28
it 011 | finish | AHO | ineq=active   | mu=1.68e-04 eta=3.35e-04 sigma=0.00e+00 | err c/p/d=2.20e-05/9.76e-04/4.04e-03 | ok=Cpd | rmax X/Y/Z/T=129/6/32/28
it 012 | finish | AHO | ineq=active   | mu=1.55e-04 eta=3.10e-04 sigma=0.00e+00 | err c/p/d=2.02e-05/9.39e-04/4.71e-03 | ok=Cpd | rmax X/Y/Z/T=129/6/32/28
it 013 | finish | AHO | ineq=active   | mu=1.19e-04 eta=2.38e-04 sigma=0.00e+00 | err c/p/d=1.53e-05/8.59e-04/4.02e-03 | ok=Cpd | rmax X/Y/Z/T=129/6/35/30
it 014 | finish | AHO | ineq=active   | mu=4.23e-05 eta=1.00e-04 sigma=0.00e+00 | err c/p/d=5.17e-06/2.89e-04/2.51e-03 | ok=CPd | rmax X/Y/Z/T=129/8/36/30
it 015 | finish | AHO | ineq=active   | mu=1.52e-05 eta=1.00e-04 sigma=0.00e+00 | err c/p/d=1.85e-06/2.24e-04/5.23e-04 | ok=CPD | rmax X/Y/Z/T=257/10/78/45
Terminated
❌ Error occurred for dim=9 (exit code 143)
Process MemTimer-1:

==== All runs completed at Tue  2 Jun 04:02:29 BST 2026 ====
Traceback (most recent call last):
