Running: corr_clust (rank=5)
==== corr_clust TT-IPM Batch Run Started at Tue  2 Jun 10:14:02 BST 2026 ====

▶ Running dim=9 with config=configs/corr_clust_9.yaml at Tue  2 Jun 10:14:02 BST 2026

===== Processing Rank: 5 =====
Running seed 295
Creating Problem for dim=9, rank=5...
===Terminated Graph Sampling=== rank:  [3, 4, 5, 4, 4, 4, 3, 3]
===Terminated Graph Sampling=== rank:  [1, 1, 1, 1, 1, 1, 1, 1]
Actual graph TT-rank: [3, 4, 5, 4, 4, 4, 3, 3]
Obj TT-rank: [3, 6, 8, 7, 8, 7, 6, 3]
it 000 | main   | XZ  | ineq=active   | mu=1.37e-01 eta=1.00e-03 sigma=5.00e-01 | err c/p/d=1.07e-03/1.06e+01/1.20e+01 | ok=cpd | rmax X/Y/Z/T=6/1/1/5
	Attention: Exited at iteration 100 with accuracies 
[0.]
not reaching the requested tolerance 1e-08.
Use iteration 99 instead with accuracy 
1.0456067776165321e-06.

	Attention: Exited at iteration 100 with accuracies 
[0.]
not reaching the requested tolerance 1e-08.
Use iteration 94 instead with accuracy 
1.2483994855831096e-07.

	Attention: Exited at iteration 100 with accuracies 
[0.]
not reaching the requested tolerance 1e-08.
Use iteration 39 instead with accuracy 
6.876371853799057e-08.

	Attention: Exited at iteration 100 with accuracies 
[0.]
not reaching the requested tolerance 1e-08.
Use iteration 94 instead with accuracy 
8.493639914240367e-08.

	Attention: Exited at iteration 100 with accuracies 
[0.]
not reaching the requested tolerance 1e-08.
Use iteration 71 instead with accuracy 
1.2268075048199733e-07.

	Attention: Exited at iteration 100 with accuracies 
[0.]
not reaching the requested tolerance 1e-08.
Use iteration 60 instead with accuracy 
1.3700801143662951e-07.

	Attention: Exited at iteration 100 with accuracies 
[0.]
not reaching the requested tolerance 1e-08.
Use iteration 58 instead with accuracy 
1.01748200681425e-07.

	Attention: Exited at iteration 100 with accuracies 
[0.]
not reaching the requested tolerance 1e-08.
Use iteration 35 instead with accuracy 
2.1995801459282006e-07.

	Attention: Exited at iteration 100 with accuracies 
[0.]
not reaching the requested tolerance 1e-08.
Use iteration 67 instead with accuracy 
3.1444064910336007e-07.

	Attention: Exited at iteration 100 with accuracies 
[0.]
not reaching the requested tolerance 1e-08.
Use iteration 22 instead with accuracy 
3.2232054626982003e-07.

	Attention: Exited at iteration 100 with accuracies 
[0.]
not reaching the requested tolerance 1e-08.
Use iteration 99 instead with accuracy 
2.589198632358607e-07.

	Attention: Exited at iteration 100 with accuracies 
[0.]
not reaching the requested tolerance 1e-08.
Use iteration 12 instead with accuracy 
3.2578474715685913e-07.

	Attention: Exited at iteration 100 with accuracies 
[0.]
not reaching the requested tolerance 1e-08.
Use iteration 27 instead with accuracy 
5.22365863951371e-07.

	Attention: Exited at iteration 100 with accuracies 
[0.]
not reaching the requested tolerance 1e-08.
Use iteration 1 instead with accuracy 
1.0057703395109358e-06.

	Attention: Exited at iteration 100 with accuracies 
[0.]
not reaching the requested tolerance 1e-08.
Use iteration 70 instead with accuracy 
5.350932578362524e-07.

	Attention: Exited at iteration 100 with accuracies 
[0.]
not reaching the requested tolerance 1e-08.
Use iteration 94 instead with accuracy 
1.2604206154733544e-06.

	Attention: Exited at iteration 100 with accuracies 
[0.]
not reaching the requested tolerance 1e-08.
Use iteration 101 instead with accuracy 
8.914314843140051e-07.

	Attention: Exited at iteration 100 with accuracies 
[0.]
not reaching the requested tolerance 1e-08.
Use iteration 46 instead with accuracy 
3.574807621975746e-07.

	Attention: Exited at iteration 100 with accuracies 
[0.]
not reaching the requested tolerance 1e-08.
Use iteration 1 instead with accuracy 
9.917879892815918e-07.

	Attention: Exited at iteration 100 with accuracies 
[0.]
not reaching the requested tolerance 1e-08.
Use iteration 57 instead with accuracy 
5.911710043683158e-07.

	Attention: Exited at iteration 100 with accuracies 
[0.]
not reaching the requested tolerance 1e-08.
Use iteration 18 instead with accuracy 
4.69052290830384e-07.

	Attention: Exited at iteration 100 with accuracies 
[0.]
not reaching the requested tolerance 1e-08.
Use iteration 101 instead with accuracy 
1.2355946988926623e-07.

	Attention: Exited at iteration 100 with accuracies 
[0.]
not reaching the requested tolerance 1e-08.
Use iteration 20 instead with accuracy 
1.0158466862141454e-06.

	Attention: Exited at iteration 100 with accuracies 
[0.]
not reaching the requested tolerance 1e-08.
Use iteration 97 instead with accuracy 
4.224736488024329e-07.

	Attention: Exited at iteration 100 with accuracies 
[0.]
not reaching the requested tolerance 1e-08.
Use iteration 46 instead with accuracy 
3.5965649106098945e-07.

	Attention: Exited at iteration 100 with accuracies 
[0.]
not reaching the requested tolerance 1e-08.
Use iteration 98 instead with accuracy 
1.473770831149282e-06.

	Attention: Exited at iteration 100 with accuracies 
[0.]
not reaching the requested tolerance 1e-08.
Use iteration 97 instead with accuracy 
1.789816057122118e-06.

	Attention: Exited at iteration 100 with accuracies 
[0.]
not reaching the requested tolerance 1e-08.
Use iteration 50 instead with accuracy 
2.5725826785056373e-07.

	Attention: Exited at iteration 100 with accuracies 
[0.]
not reaching the requested tolerance 1e-08.
Use iteration 101 instead with accuracy 
5.085654874785457e-07.

	Attention: Exited at iteration 100 with accuracies 
[0.]
not reaching the requested tolerance 1e-08.
Use iteration 83 instead with accuracy 
7.126309923838527e-07.

	Attention: Exited at iteration 100 with accuracies 
[0.]
not reaching the requested tolerance 1e-08.
Use iteration 99 instead with accuracy 
1.9994357282227517e-07.

	Attention: Exited at iteration 100 with accuracies 
[0.]
not reaching the requested tolerance 1e-08.
Use iteration 63 instead with accuracy 
7.145853600978589e-08.

	Attention: Exited at iteration 100 with accuracies 
[0.]
not reaching the requested tolerance 1e-08.
Use iteration 92 instead with accuracy 
2.4198162721934143e-07.

	Attention: Exited at iteration 100 with accuracies 
[0.]
not reaching the requested tolerance 1e-08.
Use iteration 101 instead with accuracy 
9.041392714272827e-07.

	Attention: Exited at iteration 100 with accuracies 
[0.]
not reaching the requested tolerance 1e-08.
Use iteration 53 instead with accuracy 
2.3371126226527057e-07.

	Attention: Exited at iteration 100 with accuracies 
[0.]
not reaching the requested tolerance 1e-08.
Use iteration 4 instead with accuracy 
1.7380013959590001e-06.

	Attention: Exited at iteration 100 with accuracies 
[0.]
not reaching the requested tolerance 1e-08.
Use iteration 4 instead with accuracy 
1.77912776125271e-06.

	Attention: Exited at iteration 100 with accuracies 
[0.]
not reaching the requested tolerance 1e-08.
Use iteration 64 instead with accuracy 
2.8166210122775635e-07.

	Attention: Exited at iteration 100 with accuracies 
[0.]
not reaching the requested tolerance 1e-08.
Use iteration 101 instead with accuracy 
4.1030009749946875e-07.

	Attention: Exited at iteration 100 with accuracies 
[0.]
not reaching the requested tolerance 1e-08.
Use iteration 1 instead with accuracy 
9.91000984065666e-07.

	Attention: Exited at iteration 100 with accuracies 
[0.]
not reaching the requested tolerance 1e-08.
Use iteration 88 instead with accuracy 
2.899052106601881e-07.

	Attention: Exited at iteration 100 with accuracies 
[0.]
not reaching the requested tolerance 1e-08.
Use iteration 81 instead with accuracy 
1.536712979234172e-07.

	Attention: Exited at iteration 100 with accuracies 
[0.]
not reaching the requested tolerance 1e-08.
Use iteration 78 instead with accuracy 
2.3811174783864715e-07.

	Attention: Exited at iteration 100 with accuracies 
[0.]
not reaching the requested tolerance 1e-08.
Use iteration 92 instead with accuracy 
5.53246206218372e-07.

	Attention: Exited at iteration 100 with accuracies 
[0.]
not reaching the requested tolerance 1e-08.
Use iteration 53 instead with accuracy 
3.144687595650299e-07.

	Attention: Exited at iteration 100 with accuracies 
[0.]
not reaching the requested tolerance 1e-08.
Use iteration 98 instead with accuracy 
1.9376552054265046e-07.

	Attention: Exited at iteration 100 with accuracies 
[0.]
not reaching the requested tolerance 1e-08.
Use iteration 98 instead with accuracy 
2.1679989209320408e-07.

	Attention: Exited at iteration 100 with accuracies 
[0.]
not reaching the requested tolerance 1e-08.
Use iteration 59 instead with accuracy 
3.8417358793005485e-07.

	Attention: Exited at iteration 100 with accuracies 
[0.]
not reaching the requested tolerance 1e-08.
Use iteration 98 instead with accuracy 
4.771188186882226e-07.

	Attention: Exited at iteration 100 with accuracies 
[0.]
not reaching the requested tolerance 1e-08.
Use iteration 80 instead with accuracy 
7.799443427286753e-07.

	Attention: Exited at iteration 100 with accuracies 
[0.]
not reaching the requested tolerance 1e-08.
Use iteration 101 instead with accuracy 
1.5426773606351954e-07.

	Attention: Exited at iteration 100 with accuracies 
[0.]
not reaching the requested tolerance 1e-08.
Use iteration 96 instead with accuracy 
1.25624752834722e-07.

	Attention: Exited at iteration 100 with accuracies 
[0.]
not reaching the requested tolerance 1e-08.
Use iteration 89 instead with accuracy 
3.6669226862680764e-07.

	Attention: Exited at iteration 100 with accuracies 
[0.]
not reaching the requested tolerance 1e-08.
Use iteration 97 instead with accuracy 
6.008654895742779e-07.

	Attention: Exited at iteration 100 with accuracies 
[0.]
not reaching the requested tolerance 1e-08.
Use iteration 57 instead with accuracy 
2.654532004346752e-07.

	Attention: Exited at iteration 100 with accuracies 
[0.]
not reaching the requested tolerance 1e-08.
Use iteration 95 instead with accuracy 
8.876564242719823e-07.

	Attention: Exited at iteration 100 with accuracies 
[0.]
not reaching the requested tolerance 1e-08.
Use iteration 94 instead with accuracy 
8.328075962512229e-07.

	Attention: Exited at iteration 100 with accuracies 
[0.]
not reaching the requested tolerance 1e-08.
Use iteration 68 instead with accuracy 
3.703920521076955e-07.

	Attention: Exited at iteration 100 with accuracies 
[0.]
not reaching the requested tolerance 1e-08.
Use iteration 93 instead with accuracy 
4.1884615571807355e-07.

	Attention: Exited at iteration 100 with accuracies 
[0.]
not reaching the requested tolerance 1e-08.
Use iteration 90 instead with accuracy 
5.962231632254991e-07.

	Attention: Exited at iteration 100 with accuracies 
[0.]
not reaching the requested tolerance 1e-08.
Use iteration 100 instead with accuracy 
2.7817987218589793e-07.

	Attention: Exited at iteration 100 with accuracies 
[0.]
not reaching the requested tolerance 1e-08.
Use iteration 86 instead with accuracy 
1.6197177704294288e-07.

	Attention: Exited at iteration 100 with accuracies 
[0.]
not reaching the requested tolerance 1e-08.
Use iteration 65 instead with accuracy 
3.0494869797207155e-07.

	Attention: Exited at iteration 100 with accuracies 
[0.]
not reaching the requested tolerance 1e-08.
Use iteration 101 instead with accuracy 
9.435307401826785e-07.

	Attention: Exited at iteration 100 with accuracies 
[0.]
not reaching the requested tolerance 1e-08.
Use iteration 57 instead with accuracy 
3.0601974716583583e-07.

	Attention: Exited at iteration 100 with accuracies 
[0.]
not reaching the requested tolerance 1e-08.
Use iteration 1 instead with accuracy 
1.443824225630989e-06.

	Attention: Exited at iteration 100 with accuracies 
[0.]
not reaching the requested tolerance 1e-08.
Use iteration 99 instead with accuracy 
1.3135831529115134e-06.

	Attention: Exited at iteration 100 with accuracies 
[0.]
not reaching the requested tolerance 1e-08.
Use iteration 73 instead with accuracy 
3.7405495395654447e-07.

	Attention: Exited at iteration 100 with accuracies 
[0.]
not reaching the requested tolerance 1e-08.
Use iteration 89 instead with accuracy 
4.7293346045334335e-07.

	Attention: Exited at iteration 100 with accuracies 
[0.]
not reaching the requested tolerance 1e-08.
Use iteration 101 instead with accuracy 
4.7129817601773893e-07.

	Attention: Exited at iteration 100 with accuracies 
[0.]
not reaching the requested tolerance 1e-08.
Use iteration 85 instead with accuracy 
1.6683886832647342e-07.

	Attention: Exited at iteration 100 with accuracies 
[0.]
not reaching the requested tolerance 1e-08.
Use iteration 77 instead with accuracy 
1.5367527490666319e-07.

	Attention: Exited at iteration 100 with accuracies 
[0.]
not reaching the requested tolerance 1e-08.
Use iteration 79 instead with accuracy 
2.643446954168003e-07.

	Attention: Exited at iteration 100 with accuracies 
[0.]
not reaching the requested tolerance 1e-08.
Use iteration 98 instead with accuracy 
8.92535639595092e-07.

	Attention: Exited at iteration 100 with accuracies 
[0.]
not reaching the requested tolerance 1e-08.
Use iteration 53 instead with accuracy 
2.916331762787859e-07.

	Attention: Exited at iteration 100 with accuracies 
[0.]
not reaching the requested tolerance 1e-08.
Use iteration 1 instead with accuracy 
1.2300131548854164e-06.

	Attention: Exited at iteration 100 with accuracies 
[0.]
not reaching the requested tolerance 1e-08.
Use iteration 1 instead with accuracy 
1.2193364391281509e-06.

	Attention: Exited at iteration 100 with accuracies 
[0.]
not reaching the requested tolerance 1e-08.
Use iteration 61 instead with accuracy 
4.029567832664383e-07.

	Attention: Exited at iteration 100 with accuracies 
[0.]
not reaching the requested tolerance 1e-08.
Use iteration 98 instead with accuracy 
3.4267915538920836e-07.

	Attention: Exited at iteration 100 with accuracies 
[0.]
not reaching the requested tolerance 1e-08.
Use iteration 93 instead with accuracy 
3.403177971358633e-07.

	Attention: Exited at iteration 100 with accuracies 
[0.]
not reaching the requested tolerance 1e-08.
Use iteration 89 instead with accuracy 
1.6169772636095405e-07.

	Attention: Exited at iteration 100 with accuracies 
[0.]
not reaching the requested tolerance 1e-08.
Use iteration 89 instead with accuracy 
2.0579732396319108e-07.

	Attention: Exited at iteration 100 with accuracies 
[0.0001]
not reaching the requested tolerance 1e-08.
Use iteration 55 instead with accuracy 
4.13512331535589e-07.

	Attention: Exited at iteration 100 with accuracies 
[0.]
not reaching the requested tolerance 1e-08.
Use iteration 85 instead with accuracy 
3.82109574294074e-07.

	Attention: Exited at iteration 100 with accuracies 
[0.]
not reaching the requested tolerance 1e-08.
Use iteration 54 instead with accuracy 
3.3309436062620565e-07.

	Attention: Exited at iteration 100 with accuracies 
[0.]
not reaching the requested tolerance 1e-08.
Use iteration 1 instead with accuracy 
1.2494464154843093e-06.

	Attention: Exited at iteration 100 with accuracies 
[0.]
not reaching the requested tolerance 1e-08.
Use iteration 60 instead with accuracy 
4.061257927085763e-07.

	Attention: Exited at iteration 100 with accuracies 
[0.]
not reaching the requested tolerance 1e-08.
Use iteration 55 instead with accuracy 
3.575741926310151e-07.

	Attention: Exited at iteration 100 with accuracies 
[0.]
not reaching the requested tolerance 1e-08.
Use iteration 10 instead with accuracy 
5.72289098733536e-07.

	Attention: Exited at iteration 100 with accuracies 
[0.]
not reaching the requested tolerance 1e-08.
Use iteration 3 instead with accuracy 
5.659456676700689e-07.

	Attention: Exited at iteration 100 with accuracies 
[0.0001]
not reaching the requested tolerance 1e-08.
Use iteration 1 instead with accuracy 
7.491098178408621e-07.

	Attention: Exited at iteration 100 with accuracies 
[0.0001]
not reaching the requested tolerance 1e-08.
Use iteration 1 instead with accuracy 
7.491123586122414e-07.

	Attention: Exited at iteration 100 with accuracies 
[0.]
not reaching the requested tolerance 1e-08.
Use iteration 88 instead with accuracy 
4.281489834338867e-07.

	Attention: Exited at iteration 100 with accuracies 
[0.]
not reaching the requested tolerance 1e-08.
Use iteration 61 instead with accuracy 
1.8227227758069707e-08.

	Attention: Exited at iteration 100 with accuracies 
[0.]
not reaching the requested tolerance 1e-08.
Use iteration 65 instead with accuracy 
1.7294354380238966e-08.

	Attention: Exited at iteration 100 with accuracies 
[0.]
not reaching the requested tolerance 1e-08.
Use iteration 1 instead with accuracy 
7.495228409475249e-07.

	Attention: Exited at iteration 100 with accuracies 
[0.0001]
not reaching the requested tolerance 1e-08.
Use iteration 1 instead with accuracy 
7.495636056014729e-07.

	Attention: Exited at iteration 100 with accuracies 
[0.0001]
not reaching the requested tolerance 1e-08.
Use iteration 1 instead with accuracy 
7.494535572659684e-07.

	Attention: Exited at iteration 100 with accuracies 
[0.0003]
not reaching the requested tolerance 1e-08.
Use iteration 6 instead with accuracy 
6.115833600326482e-07.

	Attention: Exited at iteration 100 with accuracies 
[0.0003]
not reaching the requested tolerance 1e-08.
Use iteration 6 instead with accuracy 
6.459573951811522e-07.

	Attention: Exited at iteration 100 with accuracies 
[0.0001]
not reaching the requested tolerance 1e-08.
Use iteration 1 instead with accuracy 
7.494853398448992e-07.

	Attention: Exited at iteration 100 with accuracies 
[0.]
not reaching the requested tolerance 1e-08.
Use iteration 1 instead with accuracy 
7.49498461694673e-07.

	Attention: Exited at iteration 100 with accuracies 
[0.]
not reaching the requested tolerance 1e-08.
Use iteration 1 instead with accuracy 
7.495032531681462e-07.

	Attention: Exited at iteration 100 with accuracies 
[0.]
not reaching the requested tolerance 1e-08.
Use iteration 100 instead with accuracy 
3.0250794753480075e-08.

	Attention: Exited at iteration 100 with accuracies 
[0.]
not reaching the requested tolerance 1e-08.
Use iteration 98 instead with accuracy 
4.939316153613121e-08.

	Attention: Exited at iteration 100 with accuracies 
[0.]
not reaching the requested tolerance 1e-08.
Use iteration 1 instead with accuracy 
7.507047328173531e-07.

	Attention: Exited at iteration 100 with accuracies 
[0.]
not reaching the requested tolerance 1e-08.
Use iteration 1 instead with accuracy 
7.50713036032791e-07.

	Attention: Exited at iteration 100 with accuracies 
[0.0001]
not reaching the requested tolerance 1e-08.
Use iteration 1 instead with accuracy 
7.505587475667016e-07.

	Attention: Exited at iteration 100 with accuracies 
[0.0001]
not reaching the requested tolerance 1e-08.
Use iteration 1 instead with accuracy 
7.837543096415247e-07.

	Attention: Exited at iteration 100 with accuracies 
[0.0001]
not reaching the requested tolerance 1e-08.
Use iteration 1 instead with accuracy 
7.768908055827295e-07.

	Attention: Exited at iteration 100 with accuracies 
[0.0001]
not reaching the requested tolerance 1e-08.
Use iteration 1 instead with accuracy 
7.527154348842925e-07.

	Attention: Exited at iteration 100 with accuracies 
[0.0003]
not reaching the requested tolerance 1e-08.
Use iteration 1 instead with accuracy 
7.527239420150373e-07.

	Attention: Exited at iteration 100 with accuracies 
[0.]
not reaching the requested tolerance 1e-08.
Use iteration 1 instead with accuracy 
7.527768140889514e-07.

	Attention: Exited at iteration 100 with accuracies 
[0.]
not reaching the requested tolerance 1e-08.
Use iteration 92 instead with accuracy 
3.832263159181876e-08.

	Attention: Exited at iteration 100 with accuracies 
[0.]
not reaching the requested tolerance 1e-08.
Use iteration 93 instead with accuracy 
4.017305339561381e-08.

	Attention: Exited at iteration 100 with accuracies 
[0.0003]
not reaching the requested tolerance 1e-08.
Use iteration 1 instead with accuracy 
7.551237259905778e-07.

	Attention: Exited at iteration 100 with accuracies 
[0.0002]
not reaching the requested tolerance 1e-08.
Use iteration 1 instead with accuracy 
7.542214057575899e-07.

	Attention: Exited at iteration 100 with accuracies 
[0.0001]
not reaching the requested tolerance 1e-08.
Use iteration 1 instead with accuracy 
7.536645757606988e-07.

	Attention: Exited at iteration 100 with accuracies 
[0.0001]
not reaching the requested tolerance 1e-08.
Use iteration 1 instead with accuracy 
8.02646384691881e-07.

	Attention: Exited at iteration 100 with accuracies 
[0.0001]
not reaching the requested tolerance 1e-08.
Use iteration 1 instead with accuracy 
8.004775516998687e-07.

	Attention: Exited at iteration 100 with accuracies 
[0.0002]
not reaching the requested tolerance 1e-08.
Use iteration 1 instead with accuracy 
7.551555107289904e-07.

	Attention: Exited at iteration 100 with accuracies 
[0.0003]
not reaching the requested tolerance 1e-08.
Use iteration 1 instead with accuracy 
7.550878890914938e-07.

	Attention: Exited at iteration 100 with accuracies 
[0.0003]
not reaching the requested tolerance 1e-08.
Use iteration 1 instead with accuracy 
7.549453510850688e-07.

	Attention: Exited at iteration 100 with accuracies 
[0.]
not reaching the requested tolerance 1e-08.
Use iteration 1 instead with accuracy 
8.978866072764107e-07.

	Attention: Exited at iteration 100 with accuracies 
[0.]
not reaching the requested tolerance 1e-08.
Use iteration 72 instead with accuracy 
7.749335009377002e-07.

	Attention: Exited at iteration 100 with accuracies 
[0.0003]
not reaching the requested tolerance 1e-08.
Use iteration 1 instead with accuracy 
7.581814206985094e-07.

	Attention: Exited at iteration 100 with accuracies 
[0.0003]
not reaching the requested tolerance 1e-08.
Use iteration 1 instead with accuracy 
7.574005838672058e-07.

	Attention: Exited at iteration 100 with accuracies 
[0.0007]
not reaching the requested tolerance 1e-08.
Use iteration 1 instead with accuracy 
7.569518709796436e-07.

	Attention: Exited at iteration 100 with accuracies 
[0.0001]
not reaching the requested tolerance 1e-08.
Use iteration 1 instead with accuracy 
7.795195943558909e-07.

	Attention: Exited at iteration 100 with accuracies 
[0.0001]
not reaching the requested tolerance 1e-08.
Use iteration 1 instead with accuracy 
8.105659114142067e-07.

	Attention: Exited at iteration 100 with accuracies 
[0.0001]
not reaching the requested tolerance 1e-08.
Use iteration 1 instead with accuracy 
7.65497179205037e-07.

	Attention: Exited at iteration 100 with accuracies 
[0.0002]
not reaching the requested tolerance 1e-08.
Use iteration 1 instead with accuracy 
7.646525890998185e-07.

	Attention: Exited at iteration 100 with accuracies 
[0.0002]
not reaching the requested tolerance 1e-08.
Use iteration 1 instead with accuracy 
7.637815142509729e-07.

	Attention: Exited at iteration 100 with accuracies 
[0.]
not reaching the requested tolerance 1e-08.
Use iteration 1 instead with accuracy 
8.906687449716255e-07.

	Attention: Exited at iteration 100 with accuracies 
[0.]
not reaching the requested tolerance 1e-08.
Use iteration 81 instead with accuracy 
4.767490931448168e-07.

	Attention: Exited at iteration 100 with accuracies 
[0.0003]
not reaching the requested tolerance 1e-08.
Use iteration 1 instead with accuracy 
7.700742308424052e-07.

	Attention: Exited at iteration 100 with accuracies 
[0.0003]
not reaching the requested tolerance 1e-08.
Use iteration 1 instead with accuracy 
7.699960854940038e-07.

	Attention: Exited at iteration 100 with accuracies 
[0.]
not reaching the requested tolerance 1e-08.
Use iteration 1 instead with accuracy 
7.699183544924164e-07.

	Attention: Exited at iteration 100 with accuracies 
[0.0001]
not reaching the requested tolerance 1e-08.
Use iteration 1 instead with accuracy 
7.727930864980407e-07.

	Attention: Exited at iteration 100 with accuracies 
[0.0001]
not reaching the requested tolerance 1e-08.
Use iteration 1 instead with accuracy 
8.216655397802192e-07.

	Attention: Exited at iteration 100 with accuracies 
[0.]
not reaching the requested tolerance 1e-08.
Use iteration 1 instead with accuracy 
7.773117447360882e-07.

	Attention: Exited at iteration 100 with accuracies 
[0.0002]
not reaching the requested tolerance 1e-08.
Use iteration 1 instead with accuracy 
7.7722084228867e-07.

	Attention: Exited at iteration 100 with accuracies 
[0.0002]
not reaching the requested tolerance 1e-08.
Use iteration 1 instead with accuracy 
7.770844371916956e-07.

	Attention: Exited at iteration 100 with accuracies 
[0.]
not reaching the requested tolerance 1e-08.
Use iteration 1 instead with accuracy 
9.559146473436613e-07.

	Attention: Exited at iteration 100 with accuracies 
[0.]
not reaching the requested tolerance 1e-08.
Use iteration 84 instead with accuracy 
8.436925831812481e-07.

	Attention: Exited at iteration 100 with accuracies 
[0.0001]
not reaching the requested tolerance 1e-08.
Use iteration 1 instead with accuracy 
7.816486694264261e-07.

	Attention: Exited at iteration 100 with accuracies 
[0.0006]
not reaching the requested tolerance 1e-08.
Use iteration 1 instead with accuracy 
7.816115683629117e-07.

	Attention: Exited at iteration 100 with accuracies 
[0.0001]
not reaching the requested tolerance 1e-08.
Use iteration 1 instead with accuracy 
7.815631059876262e-07.

	Attention: Exited at iteration 100 with accuracies 
[0.]
not reaching the requested tolerance 1e-08.
Use iteration 1 instead with accuracy 
7.387316424662853e-07.

	Attention: Exited at iteration 100 with accuracies 
[0.0001]
not reaching the requested tolerance 1e-08.
Use iteration 1 instead with accuracy 
7.454034903544483e-07.

	Attention: Exited at iteration 100 with accuracies 
[0.0001]
not reaching the requested tolerance 1e-08.
Use iteration 1 instead with accuracy 
7.824819682389315e-07.

	Attention: Exited at iteration 100 with accuracies 
[0.0001]
not reaching the requested tolerance 1e-08.
Use iteration 1 instead with accuracy 
7.824746978036015e-07.

	Attention: Exited at iteration 100 with accuracies 
[0.0003]
not reaching the requested tolerance 1e-08.
Use iteration 1 instead with accuracy 
7.824054160316673e-07.

	Attention: Exited at iteration 100 with accuracies 
[0.]
not reaching the requested tolerance 1e-08.
Use iteration 1 instead with accuracy 
9.310602174011145e-07.

	Attention: Exited at iteration 100 with accuracies 
[0.]
not reaching the requested tolerance 1e-08.
Use iteration 85 instead with accuracy 
1.0094065976620769e-06.

	Attention: Exited at iteration 100 with accuracies 
[0.0001]
not reaching the requested tolerance 1e-08.
Use iteration 1 instead with accuracy 
7.883847962579742e-07.

	Attention: Exited at iteration 100 with accuracies 
[0.0005]
not reaching the requested tolerance 1e-08.
Use iteration 1 instead with accuracy 
7.884202297455677e-07.

	Attention: Exited at iteration 100 with accuracies 
[0.0001]
not reaching the requested tolerance 1e-08.
Use iteration 1 instead with accuracy 
7.882926299894562e-07.

	Attention: Exited at iteration 100 with accuracies 
[0.0001]
not reaching the requested tolerance 1e-08.
Use iteration 7 instead with accuracy 
6.48420639929206e-07.

	Attention: Exited at iteration 100 with accuracies 
[0.]
not reaching the requested tolerance 1e-08.
Use iteration 7 instead with accuracy 
6.963503727857518e-07.

	Attention: Exited at iteration 100 with accuracies 
[0.0003]
not reaching the requested tolerance 1e-08.
Use iteration 1 instead with accuracy 
7.893847782903536e-07.

	Attention: Exited at iteration 100 with accuracies 
[0.0001]
not reaching the requested tolerance 1e-08.
Use iteration 1 instead with accuracy 
7.893689622800223e-07.

	Attention: Exited at iteration 100 with accuracies 
[0.0001]
not reaching the requested tolerance 1e-08.
Use iteration 1 instead with accuracy 
7.89340368243627e-07.

	Attention: Exited at iteration 100 with accuracies 
[0.]
not reaching the requested tolerance 1e-08.
Use iteration 1 instead with accuracy 
9.09734001454559e-07.

	Attention: Exited at iteration 100 with accuracies 
[0.]
not reaching the requested tolerance 1e-08.
Use iteration 98 instead with accuracy 
6.722231385125348e-07.

	Attention: Exited at iteration 100 with accuracies 
[0.0002]
not reaching the requested tolerance 1e-08.
Use iteration 1 instead with accuracy 
7.950443214253149e-07.

	Attention: Exited at iteration 100 with accuracies 
[0.0002]
not reaching the requested tolerance 1e-08.
Use iteration 1 instead with accuracy 
7.94984676892812e-07.

	Attention: Exited at iteration 100 with accuracies 
[0.0005]
not reaching the requested tolerance 1e-08.
Use iteration 1 instead with accuracy 
7.943612112454039e-07.

	Attention: Exited at iteration 100 with accuracies 
[0.0003]
not reaching the requested tolerance 1e-08.
Use iteration 1 instead with accuracy 
7.056031975488166e-07.

	Attention: Exited at iteration 100 with accuracies 
[0.0003]
not reaching the requested tolerance 1e-08.
Use iteration 1 instead with accuracy 
7.301824859426237e-07.

	Attention: Exited at iteration 100 with accuracies 
[0.0005]
not reaching the requested tolerance 1e-08.
Use iteration 1 instead with accuracy 
7.975047049240635e-07.

	Attention: Exited at iteration 100 with accuracies 
[0.0002]
not reaching the requested tolerance 1e-08.
Use iteration 1 instead with accuracy 
7.97489207209495e-07.

	Attention: Exited at iteration 100 with accuracies 
[0.0001]
not reaching the requested tolerance 1e-08.
Use iteration 1 instead with accuracy 
7.974631532511042e-07.

	Attention: Exited at iteration 100 with accuracies 
[0.]
not reaching the requested tolerance 1e-08.
Use iteration 1 instead with accuracy 
9.033581422931009e-07.

	Attention: Exited at iteration 100 with accuracies 
[0.]
not reaching the requested tolerance 1e-08.
Use iteration 1 instead with accuracy 
9.808114035475305e-07.

	Attention: Exited at iteration 100 with accuracies 
[0.0003]
not reaching the requested tolerance 1e-08.
Use iteration 1 instead with accuracy 
8.114248817940671e-07.

	Attention: Exited at iteration 100 with accuracies 
[0.0001]
not reaching the requested tolerance 1e-08.
Use iteration 1 instead with accuracy 
8.108697992104179e-07.

	Attention: Exited at iteration 100 with accuracies 
[0.]
not reaching the requested tolerance 1e-08.
Use iteration 1 instead with accuracy 
8.106255976017605e-07.

	Attention: Exited at iteration 100 with accuracies 
[0.]
not reaching the requested tolerance 1e-08.
Use iteration 1 instead with accuracy 
7.302225940172202e-07.

	Attention: Exited at iteration 100 with accuracies 
[0.]
not reaching the requested tolerance 1e-08.
Use iteration 80 instead with accuracy 
1.3292287653783107e-07.

	Attention: Exited at iteration 100 with accuracies 
[0.]
not reaching the requested tolerance 1e-08.
Use iteration 51 instead with accuracy 
5.438740842149861e-08.

	Attention: Exited at iteration 100 with accuracies 
[0.]
not reaching the requested tolerance 1e-08.
Use iteration 94 instead with accuracy 
6.783566353299311e-08.

it 001 | main   | XZ  | ineq=active   | mu=1.63e-02 eta=1.00e-03 sigma=2.28e-03 | err c/p/d=8.64e-04/8.74e-01/1.02e+01 | ok=cpd | rmax X/Y/Z/T=29/4/12/12
	Attention: Exited at iteration 100 with accuracies 
[0.]
not reaching the requested tolerance 1e-08.
Use iteration 98 instead with accuracy 
4.160545083499444e-07.

it 002 | main   | XZ  | ineq=active   | mu=1.35e-03 eta=1.00e-03 sigma=2.99e-02 | err c/p/d=2.61e-04/3.60e-01/2.03e+00 | ok=cpd | rmax X/Y/Z/T=47/4/22/22
it 003 | main   | AHO | ineq=active   | mu=2.84e-03 eta=1.00e-03 sigma=6.62e-01 | err c/p/d=2.52e-04/2.91e-01/1.83e+00 | ok=cpd | rmax X/Y/Z/T=75/4/29/29
it 004 | main   | AHO | ineq=active   | mu=4.05e-04 eta=8.09e-04 sigma=2.91e-02 | err c/p/d=5.45e-05/1.33e-01/6.07e-02 | ok=Cpd | rmax X/Y/Z/T=79/6/33/33
it 005 | main   | AHO | ineq=active   | mu=3.94e-04 eta=7.88e-04 sigma=0.00e+00 | err c/p/d=4.49e-05/6.25e-03/4.25e-03 | ok=Cpd | rmax X/Y/Z/T=79/6/33/33
