Running: maxcut (rank=1)
==== maxcut TT-IPM Batch Run Started at Mon  1 Jun 22:32:57 BST 2026 ====

▶ Running dim=13 with config=configs/maxcut_13.yaml at Mon  1 Jun 22:32:57 BST 2026

===== Processing Rank: 1 =====
Running seed 83
Creating Problem for dim=13, rank=1...
===Terminated Graph Sampling=== rank:  [1, 1, 1, 1, 1, 1, 1, 1, 1, 1, 1, 1]
it 000 | main   | XZ  | ineq=not_in_use | mu=1.00e+00 eta=1.00e-03 sigma=5.00e-01 | err c/p/d=6.07e-03/2.19e+01/2.31e+01 | ok=cpd | rmax X/Y/Z/T=1/1/1/-
it 001 | main   | XZ  | ineq=not_in_use | mu=8.99e-02 eta=1.00e-03 sigma=2.11e-03 | err c/p/d=5.23e-03/1.48e+00/1.96e+01 | ok=cpd | rmax X/Y/Z/T=4/3/4/-
it 002 | main   | XZ  | ineq=not_in_use | mu=1.06e-03 eta=1.00e-03 sigma=2.38e-02 | err c/p/d=5.19e-04/6.07e-01/1.72e+01 | ok=cpd | rmax X/Y/Z/T=3/3/4/-
it 003 | main   | AHO | ineq=not_in_use | mu=1.26e-03 eta=1.00e-03 sigma=6.40e-01 | err c/p/d=1.26e-04/4.92e-01/1.42e+01 | ok=cpd | rmax X/Y/Z/T=5/2/4/-
it 004 | main   | AHO | ineq=not_in_use | mu=5.61e-04 eta=1.00e-03 sigma=4.86e-01 | err c/p/d=8.27e-05/4.58e-02/5.31e+00 | ok=Cpd | rmax X/Y/Z/T=8/3/5/-
it 005 | main   | AHO | ineq=not_in_use | mu=5.39e-04 eta=1.00e-03 sigma=0.00e+00 | err c/p/d=8.22e-05/3.74e-03/3.27e+00 | ok=Cpd | rmax X/Y/Z/T=8/3/5/-
it 006 | main   | AHO | ineq=not_in_use | mu=5.14e-04 eta=1.00e-03 sigma=0.00e+00 | err c/p/d=7.54e-05/4.45e-04/2.53e+00 | ok=CPd | rmax X/Y/Z/T=8/2/5/-
it 007 | main   | AHO | ineq=not_in_use | mu=5.03e-04 eta=1.00e-03 sigma=0.00e+00 | err c/p/d=7.13e-05/4.73e-04/1.05e+00 | ok=CPd | rmax X/Y/Z/T=8/3/5/-
it 008 | main   | AHO | ineq=not_in_use | mu=4.99e-04 eta=9.99e-04 sigma=0.00e+00 | err c/p/d=7.00e-05/4.85e-04/3.67e-01 | ok=CPd | rmax X/Y/Z/T=8/3/5/-
it 009 | main   | AHO | ineq=not_in_use | mu=4.99e-04 eta=9.99e-04 sigma=0.00e+00 | err c/p/d=6.98e-05/4.89e-04/1.84e-02 | ok=CPd | rmax X/Y/Z/T=8/3/5/-
it 010 | main   | AHO | ineq=not_in_use | mu=4.99e-04 eta=9.99e-04 sigma=0.00e+00 | err c/p/d=6.98e-05/4.90e-04/9.18e-04 | ok=CPd | rmax X/Y/Z/T=8/3/5/-
it 011 | finish | AHO | ineq=not_in_use | mu=4.99e-04 eta=9.99e-04 sigma=0.00e+00 | err c/p/d=6.98e-05/4.91e-04/4.69e-05 | ok=CPD | rmax X/Y/Z/T=8/3/5/-
it 012 | finish | AHO | ineq=not_in_use | mu=3.18e-04 eta=6.35e-04 sigma=0.00e+00 | err c/p/d=4.14e-05/6.76e-04/2.96e-05 | ok=CpD | rmax X/Y/Z/T=8/3/5/-
it 013 | finish | AHO | ineq=not_in_use | mu=1.25e-04 eta=2.49e-04 sigma=0.00e+00 | err c/p/d=1.55e-05/5.46e-04/3.16e-06 | ok=CPD | rmax X/Y/Z/T=8/3/5/-
it 014 | finish | AHO | ineq=not_in_use | mu=6.44e-06 eta=1.00e-04 sigma=0.00e+00 | err c/p/d=7.21e-07/5.23e-04/1.65e-06 | ok=CPD | rmax X/Y/Z/T=9/3/5/-
it 015 | finish | AHO | ineq=not_in_use | mu=4.29e-07 eta=1.00e-04 sigma=0.00e+00 | err c/p/d=4.78e-08/2.79e-04/9.90e-07 | ok=CPD | rmax X/Y/Z/T=13/3/5/-
warn   | step-eig | target=miss | residual=4.89e-08 > 1.00e-08 | action=damp
it 016 | finish | AHO | ineq=not_in_use | mu=3.54e-07 eta=1.00e-04 sigma=0.00e+00 | err c/p/d=3.95e-08/3.50e-04/2.23e-06 | ok=CPD | rmax X/Y/Z/T=15/3/5/-
---Terminated---
Terminated in 16 iterations.
Ranks: X=[3, 4, 5, 5, 5, 13, 15, 15, 15, 15, 11, 5], Z=[3, 4, 4, 4, 4, 5, 5, 5, 5, 5, 5, 4], Y=[2, 2, 2, 2, 2, 3, 3, 3, 3, 3, 3, 2], T=[0, 0, 0, 0, 0, 0, 0, 0, 0, 0, 0, 0]
Run accepted after 16 iterations. Compl Slackness: 2.9008e-03. Feasibility error: 1.9650e-06. Dual Feasibility error: 8.0144e-11.
Run accepted in 11076.56s. Memory: 9521.73 MB.
Running seed 45
Creating Problem for dim=13, rank=1...
===Terminated Graph Sampling=== rank:  [1, 1, 1, 1, 1, 1, 1, 1, 1, 1, 1, 1]
it 000 | main   | XZ  | ineq=not_in_use | mu=1.00e+00 eta=1.00e-03 sigma=5.00e-01 | err c/p/d=4.22e-03/2.19e+01/2.33e+01 | ok=cpd | rmax X/Y/Z/T=1/1/1/-
it 001 | main   | XZ  | ineq=not_in_use | mu=8.36e-02 eta=1.00e-03 sigma=1.14e-03 | err c/p/d=3.68e-03/1.33e+00/1.98e+01 | ok=cpd | rmax X/Y/Z/T=4/2/4/-
it 002 | main   | XZ  | ineq=not_in_use | mu=6.86e-04 eta=1.00e-03 sigma=2.56e-02 | err c/p/d=2.89e-04/6.18e-01/1.74e+01 | ok=cpd | rmax X/Y/Z/T=4/2/4/-
it 003 | main   | AHO | ineq=not_in_use | mu=8.89e-04 eta=1.00e-03 sigma=6.89e-01 | err c/p/d=6.32e-05/5.02e-01/1.46e+01 | ok=Cpd | rmax X/Y/Z/T=5/2/3/-
it 004 | main   | AHO | ineq=not_in_use | mu=7.61e-04 eta=1.00e-03 sigma=0.00e+00 | err c/p/d=8.36e-05/2.68e-02/7.29e-01 | ok=cpd | rmax X/Y/Z/T=6/2/4/-
it 005 | main   | AHO | ineq=not_in_use | mu=4.54e-04 eta=9.09e-04 sigma=6.09e-01 | err c/p/d=5.27e-05/2.03e-02/3.37e-01 | ok=Cpd | rmax X/Y/Z/T=9/2/4/-
it 006 | main   | AHO | ineq=not_in_use | mu=4.57e-04 eta=9.09e-04 sigma=0.00e+00 | err c/p/d=5.16e-05/1.96e-04/1.83e-02 | ok=CPd | rmax X/Y/Z/T=10/2/4/-
it 007 | main   | AHO | ineq=not_in_use | mu=4.57e-04 eta=9.09e-04 sigma=0.00e+00 | err c/p/d=5.17e-05/2.94e-04/1.00e-03 | ok=CPd | rmax X/Y/Z/T=10/2/4/-
it 008 | finish | AHO | ineq=not_in_use | mu=4.57e-04 eta=9.09e-04 sigma=0.00e+00 | err c/p/d=5.17e-05/2.95e-04/5.25e-05 | ok=CPD | rmax X/Y/Z/T=10/2/4/-
it 009 | finish | AHO | ineq=not_in_use | mu=4.04e-04 eta=8.07e-04 sigma=0.00e+00 | err c/p/d=4.39e-05/1.74e-03/1.38e-03 | ok=Cpd | rmax X/Y/Z/T=18/2/4/-
it 010 | finish | AHO | ineq=not_in_use | mu=3.55e-04 eta=7.10e-04 sigma=0.00e+00 | err c/p/d=3.79e-05/2.76e-03/1.08e-03 | ok=Cpd | rmax X/Y/Z/T=21/4/6/-
it 011 | finish | AHO | ineq=not_in_use | mu=3.63e-04 eta=7.10e-04 sigma=0.00e+00 | err c/p/d=3.85e-05/4.07e-03/7.55e-04 | ok=Cpd | rmax X/Y/Z/T=21/4/6/-
it 012 | finish | AHO | ineq=not_in_use | mu=3.58e-04 eta=7.10e-04 sigma=0.00e+00 | err c/p/d=3.79e-05/5.21e-03/7.35e-04 | ok=Cpd | rmax X/Y/Z/T=21/4/6/-
it 013 | finish | AHO | ineq=not_in_use | mu=3.54e-04 eta=7.09e-04 sigma=0.00e+00 | err c/p/d=3.74e-05/6.41e-03/7.13e-04 | ok=Cpd | rmax X/Y/Z/T=20/4/6/-
---Terminated---
Terminated in 13 iterations.
Ranks: X=[3, 4, 8, 8, 8, 20, 11, 11, 7, 7, 7, 5], Z=[3, 3, 4, 4, 4, 6, 4, 4, 4, 4, 4, 4], Y=[1, 1, 2, 2, 2, 4, 2, 2, 2, 2, 2, 2], T=[0, 0, 0, 0, 0, 0, 0, 0, 0, 0, 0, 0]
Run terminated after 13 iterations. Compl Slackness: 2.9022e+00. Feasibility error: 6.5748e-04. Dual Feasibility error: 8.1227e-06.
Run terminated in 2212.40s. Memory: 3913.45 MB.
Seed 45 terminated (feasibility error: 6.57e-04, dual feasibility error: 8.12e-06, slackness: 2.90e+00). Suggesting a new seed.
New seed suggested: 21
Creating Problem for dim=13, rank=1...
===Terminated Graph Sampling=== rank:  [1, 1, 1, 1, 1, 1, 1, 1, 1, 1, 1, 1]
it 000 | main   | XZ  | ineq=not_in_use | mu=1.00e+00 eta=1.00e-03 sigma=5.00e-01 | err c/p/d=5.76e-03/2.19e+01/2.31e+01 | ok=cpd | rmax X/Y/Z/T=1/1/1/-
it 001 | main   | XZ  | ineq=not_in_use | mu=8.99e-02 eta=1.00e-03 sigma=1.03e-03 | err c/p/d=4.98e-03/1.48e+00/1.97e+01 | ok=cpd | rmax X/Y/Z/T=3/2/4/-
it 002 | main   | XZ  | ineq=not_in_use | mu=1.08e-03 eta=1.00e-03 sigma=2.38e-02 | err c/p/d=5.11e-04/6.04e-01/1.72e+01 | ok=cpd | rmax X/Y/Z/T=3/2/4/-
it 003 | main   | AHO | ineq=not_in_use | mu=1.83e-03 eta=1.00e-03 sigma=9.23e-01 | err c/p/d=1.75e-04/4.89e-01/1.43e+01 | ok=cpd | rmax X/Y/Z/T=5/2/4/-
it 004 | main   | AHO | ineq=not_in_use | mu=9.78e-04 eta=1.00e-03 sigma=5.83e-01 | err c/p/d=1.41e-04/1.47e-02/9.95e+00 | ok=cpd | rmax X/Y/Z/T=7/2/4/-
it 005 | main   | AHO | ineq=not_in_use | mu=7.33e-04 eta=1.00e-03 sigma=8.31e-01 | err c/p/d=7.65e-05/4.60e-03/9.47e+00 | ok=Cpd | rmax X/Y/Z/T=7/2/4/-
it 006 | main   | AHO | ineq=not_in_use | mu=7.48e-04 eta=1.00e-03 sigma=0.00e+00 | err c/p/d=7.70e-05/4.13e-03/6.93e+00 | ok=Cpd | rmax X/Y/Z/T=7/2/4/-
it 007 | main   | AHO | ineq=not_in_use | mu=7.38e-04 eta=1.00e-03 sigma=0.00e+00 | err c/p/d=7.44e-05/3.14e-03/6.26e+00 | ok=Cpd | rmax X/Y/Z/T=7/2/4/-
it 008 | main   | AHO | ineq=not_in_use | mu=7.31e-04 eta=1.00e-03 sigma=0.00e+00 | err c/p/d=7.29e-05/2.64e-03/6.03e+00 | ok=Cpd | rmax X/Y/Z/T=7/2/4/-
it 009 | main   | AHO | ineq=not_in_use | mu=7.30e-04 eta=1.00e-03 sigma=0.00e+00 | err c/p/d=7.24e-05/2.49e-03/5.88e+00 | ok=Cpd | rmax X/Y/Z/T=7/2/4/-
it 010 | main   | AHO | ineq=not_in_use | mu=7.30e-04 eta=1.00e-03 sigma=0.00e+00 | err c/p/d=7.24e-05/2.45e-03/5.70e+00 | ok=Cpd | rmax X/Y/Z/T=7/2/4/-
it 011 | main   | AHO | ineq=not_in_use | mu=7.31e-04 eta=1.00e-03 sigma=0.00e+00 | err c/p/d=7.25e-05/2.43e-03/5.59e+00 | ok=Cpd | rmax X/Y/Z/T=7/2/4/-
it 012 | main   | AHO | ineq=not_in_use | mu=7.31e-04 eta=1.00e-03 sigma=0.00e+00 | err c/p/d=7.25e-05/2.42e-03/5.55e+00 | ok=Cpd | rmax X/Y/Z/T=7/2/4/-
it 013 | main   | AHO | ineq=not_in_use | mu=7.31e-04 eta=1.00e-03 sigma=0.00e+00 | err c/p/d=7.25e-05/2.42e-03/5.54e+00 | ok=Cpd | rmax X/Y/Z/T=7/2/4/-
it 014 | main   | AHO | ineq=not_in_use | mu=7.31e-04 eta=1.00e-03 sigma=0.00e+00 | err c/p/d=7.24e-05/2.41e-03/5.54e+00 | ok=Cpd | rmax X/Y/Z/T=7/2/4/-
warn   | step-eig | target=miss | residual=2.36e-08 > 1.00e-08 | action=damp
it 015 | main   | AHO | ineq=not_in_use | mu=7.31e-04 eta=1.00e-03 sigma=0.00e+00 | err c/p/d=7.24e-05/2.41e-03/5.54e+00 | ok=Cpd | rmax X/Y/Z/T=7/2/4/-
warn   | step-eig | target=miss | residual=3.10e-08 > 1.00e-08 | action=damp
it 016 | main   | AHO | ineq=not_in_use | mu=7.31e-04 eta=1.00e-03 sigma=0.00e+00 | err c/p/d=7.24e-05/2.41e-03/5.54e+00 | ok=Cpd | rmax X/Y/Z/T=7/2/4/-
it 017 | main   | AHO | ineq=not_in_use | mu=7.31e-04 eta=1.00e-03 sigma=0.00e+00 | err c/p/d=7.24e-05/2.39e-03/5.54e+00 | ok=Cpd | rmax X/Y/Z/T=7/2/4/-
it 018 | main   | AHO | ineq=not_in_use | mu=7.32e-04 eta=1.00e-03 sigma=0.00e+00 | err c/p/d=7.24e-05/1.97e-03/5.54e+00 | ok=Cpd | rmax X/Y/Z/T=7/2/4/-
it 019 | main   | AHO | ineq=not_in_use | mu=7.32e-04 eta=1.00e-03 sigma=0.00e+00 | err c/p/d=7.25e-05/1.84e-03/5.53e+00 | ok=Cpd | rmax X/Y/Z/T=10/2/4/-
warn   | step-eig | target=miss | residual=1.24e-07 > 1.00e-08 | action=damp
it 020 | main   | AHO | ineq=not_in_use | mu=7.32e-04 eta=1.00e-03 sigma=0.00e+00 | err c/p/d=7.25e-05/1.82e-03/5.52e+00 | ok=Cpd | rmax X/Y/Z/T=10/2/4/-
warn   | step-eig | target=miss | residual=8.15e-08 > 1.00e-08 | action=damp
it 021 | main   | AHO | ineq=not_in_use | mu=7.34e-04 eta=1.00e-03 sigma=0.00e+00 | err c/p/d=7.26e-05/7.76e-05/5.52e+00 | ok=CPd | rmax X/Y/Z/T=9/2/4/-
warn   | step-eig | target=miss | residual=4.70e-08 > 1.00e-08 | action=damp
it 022 | main   | AHO | ineq=not_in_use | mu=7.35e-04 eta=1.00e-03 sigma=0.00e+00 | err c/p/d=7.26e-05/1.51e-04/5.51e+00 | ok=CPd | rmax X/Y/Z/T=10/2/4/-
warn   | step-eig | target=miss | residual=3.08e-07 > 1.00e-08 | action=damp
it 023 | main   | AHO | ineq=not_in_use | mu=7.35e-04 eta=1.00e-03 sigma=0.00e+00 | err c/p/d=7.26e-05/1.77e-04/5.51e+00 | ok=CPd | rmax X/Y/Z/T=10/2/4/-
warn   | step-eig | target=miss | residual=3.41e-07 > 1.00e-08 | action=damp
warn   | ipm      | limit=max_iter | action=finish
it 024 | finish | AHO | ineq=not_in_use | mu=7.35e-04 eta=1.00e-03 sigma=0.00e+00 | err c/p/d=7.26e-05/1.99e-04/5.51e+00 | ok=CPd | rmax X/Y/Z/T=10/2/4/-
warn   | step-eig | target=miss | residual=1.54e-06 > 1.00e-08 | action=damp
it 025 | finish | AHO | ineq=not_in_use | mu=6.45e-04 eta=1.00e-03 sigma=0.00e+00 | err c/p/d=6.37e-05/2.05e-04/4.54e+00 | ok=CPd | rmax X/Y/Z/T=10/2/4/-
it 026 | finish | AHO | ineq=not_in_use | mu=5.27e-04 eta=1.00e-03 sigma=0.00e+00 | err c/p/d=5.02e-05/2.99e-04/3.67e+00 | ok=CPd | rmax X/Y/Z/T=10/2/4/-
it 027 | finish | AHO | ineq=not_in_use | mu=3.76e-04 eta=7.52e-04 sigma=0.00e+00 | err c/p/d=3.45e-05/4.43e-04/2.42e+00 | ok=CPd | rmax X/Y/Z/T=10/2/4/-
it 028 | finish | AHO | ineq=not_in_use | mu=1.42e-04 eta=2.84e-04 sigma=0.00e+00 | err c/p/d=1.24e-05/5.96e-04/3.13e-01 | ok=CPd | rmax X/Y/Z/T=10/2/4/-
it 029 | finish | AHO | ineq=not_in_use | mu=2.91e-05 eta=1.00e-04 sigma=0.00e+00 | err c/p/d=2.37e-06/7.27e-04/1.84e-02 | ok=Cpd | rmax X/Y/Z/T=10/2/4/-
---Terminated---
Terminated in 29 iterations.
Ranks: X=[3, 7, 10, 10, 10, 10, 10, 10, 10, 5, 4, 3], Z=[3, 4, 4, 4, 4, 4, 4, 4, 4, 3, 3, 3], Y=[1, 2, 2, 2, 2, 2, 2, 2, 2, 1, 1, 1], T=[0, 0, 0, 0, 0, 0, 0, 0, 0, 0, 0, 0]
Run failed after 29 iterations. Compl Slackness: 2.3809e-01. Feasibility error: 8.4610e-06. Dual Feasibility error: 5.4318e-03.
Run failed in 1889.30s. Memory: 1496.00 MB.
Rerun with new seed 21 failed. Feasibility error: 8.46e-06, dual feasibility error: 5.43e-03, slackness: 2.38e-01
Seed 21 failed (feasibility error: 8.46e-06, dual feasibility error: 5.43e-03, slackness: 2.38e-01). Suggesting a new seed.
New seed suggested: 491
Creating Problem for dim=13, rank=1...
===Terminated Graph Sampling=== rank:  [1, 1, 1, 1, 1, 1, 1, 1, 1, 1, 1, 1]
it 000 | main   | XZ  | ineq=not_in_use | mu=1.00e+00 eta=1.00e-03 sigma=5.00e-01 | err c/p/d=7.32e-03/2.19e+01/2.30e+01 | ok=cpd | rmax X/Y/Z/T=1/1/1/-
it 001 | main   | XZ  | ineq=not_in_use | mu=9.64e-02 eta=1.00e-03 sigma=3.68e-03 | err c/p/d=6.28e-03/1.64e+00/1.96e+01 | ok=cpd | rmax X/Y/Z/T=3/2/4/-
it 002 | main   | XZ  | ineq=not_in_use | mu=1.57e-03 eta=1.00e-03 sigma=2.20e-02 | err c/p/d=7.82e-04/5.82e-01/1.71e+01 | ok=cpd | rmax X/Y/Z/T=3/2/4/-
it 003 | main   | AHO | ineq=not_in_use | mu=2.44e-03 eta=1.00e-03 sigma=8.52e-01 | err c/p/d=2.92e-04/4.73e-01/1.37e+01 | ok=cpd | rmax X/Y/Z/T=3/2/4/-
it 004 | main   | AHO | ineq=not_in_use | mu=1.32e-03 eta=1.00e-03 sigma=5.90e-01 | err c/p/d=2.36e-04/4.95e-03/9.85e+00 | ok=cpd | rmax X/Y/Z/T=4/2/4/-
it 005 | main   | AHO | ineq=not_in_use | mu=1.15e-03 eta=1.00e-03 sigma=9.04e-01 | err c/p/d=1.57e-04/3.97e-03/9.48e+00 | ok=cpd | rmax X/Y/Z/T=5/2/4/-
it 006 | main   | AHO | ineq=not_in_use | mu=7.49e-04 eta=1.00e-03 sigma=6.30e-01 | err c/p/d=7.70e-05/9.15e-04/6.27e+00 | ok=Cpd | rmax X/Y/Z/T=5/2/4/-
it 007 | main   | AHO | ineq=not_in_use | mu=7.46e-04 eta=1.00e-03 sigma=0.00e+00 | err c/p/d=7.59e-05/2.44e-05/3.13e-01 | ok=CPd | rmax X/Y/Z/T=5/2/4/-
it 008 | main   | AHO | ineq=not_in_use | mu=7.46e-04 eta=1.00e-03 sigma=0.00e+00 | err c/p/d=7.59e-05/2.39e-05/1.57e-02 | ok=CPd | rmax X/Y/Z/T=5/2/4/-
it 009 | main   | AHO | ineq=not_in_use | mu=7.46e-04 eta=1.00e-03 sigma=0.00e+00 | err c/p/d=7.59e-05/2.39e-05/7.84e-04 | ok=CPd | rmax X/Y/Z/T=5/2/4/-
it 010 | finish | AHO | ineq=not_in_use | mu=7.46e-04 eta=1.00e-03 sigma=0.00e+00 | err c/p/d=7.59e-05/2.39e-05/3.96e-05 | ok=CPD | rmax X/Y/Z/T=5/2/4/-
it 011 | finish | AHO | ineq=not_in_use | mu=3.73e-05 eta=1.00e-04 sigma=0.00e+00 | err c/p/d=3.74e-06/4.33e-05/2.86e-06 | ok=CPD | rmax X/Y/Z/T=5/2/4/-
it 012 | finish | AHO | ineq=not_in_use | mu=1.89e-06 eta=1.00e-04 sigma=0.00e+00 | err c/p/d=1.89e-07/2.98e-05/5.27e-07 | ok=CPD | rmax X/Y/Z/T=5/2/4/-
it 013 | finish | AHO | ineq=not_in_use | mu=9.78e-08 eta=1.00e-04 sigma=0.00e+00 | err c/p/d=9.78e-09/5.11e-06/1.90e-07 | ok=CPD | rmax X/Y/Z/T=5/2/4/-
---Terminated---
Terminated in 13 iterations.
Ranks: X=[3, 4, 5, 5, 5, 5, 5, 5, 4, 4, 4, 3], Z=[3, 4, 4, 4, 4, 4, 4, 4, 3, 3, 3, 3], Y=[2, 2, 2, 2, 2, 2, 2, 2, 1, 1, 1, 1], T=[0, 0, 0, 0, 0, 0, 0, 0, 0, 0, 0, 0]
Run accepted after 13 iterations. Compl Slackness: 8.0081e-04. Feasibility error: 4.1802e-10. Dual Feasibility error: 6.2021e-13.
Run accepted in 29.56s. Memory: 119.28 MB.
Rerun with new seed 491 accepted. Feasibility error: 4.18e-10, dual feasibility error: 6.20e-13, slackness: 8.01e-04
Running seed 23
Creating Problem for dim=13, rank=1...
===Terminated Graph Sampling=== rank:  [1, 1, 1, 1, 1, 1, 1, 1, 1, 1, 1, 1]
it 000 | main   | XZ  | ineq=not_in_use | mu=1.00e+00 eta=1.00e-03 sigma=5.00e-01 | err c/p/d=3.68e-03/2.19e+01/2.34e+01 | ok=cpd | rmax X/Y/Z/T=1/1/1/-
it 001 | main   | XZ  | ineq=not_in_use | mu=8.25e-02 eta=1.00e-03 sigma=1.03e-03 | err c/p/d=3.23e-03/1.30e+00/1.99e+01 | ok=cpd | rmax X/Y/Z/T=3/1/3/-
it 002 | main   | XZ  | ineq=not_in_use | mu=5.96e-04 eta=1.00e-03 sigma=2.59e-02 | err c/p/d=2.40e-04/6.26e-01/1.75e+01 | ok=cpd | rmax X/Y/Z/T=3/1/3/-
it 003 | main   | AHO | ineq=not_in_use | mu=1.19e-03 eta=1.00e-03 sigma=9.90e-01 | err c/p/d=7.44e-05/5.06e-01/1.49e+01 | ok=Cpd | rmax X/Y/Z/T=3/1/3/-
it 004 | main   | AHO | ineq=not_in_use | mu=9.50e-04 eta=1.00e-03 sigma=0.00e+00 | err c/p/d=9.05e-05/3.08e-02/3.95e+00 | ok=cpd | rmax X/Y/Z/T=3/1/3/-
it 005 | main   | AHO | ineq=not_in_use | mu=1.09e-04 eta=2.18e-04 sigma=4.72e-01 | err c/p/d=6.30e-06/2.47e-02/3.79e+00 | ok=Cpd | rmax X/Y/Z/T=3/1/3/-
it 006 | main   | AHO | ineq=not_in_use | mu=1.05e-04 eta=2.11e-04 sigma=0.00e+00 | err c/p/d=5.83e-06/1.23e-03/1.90e-01 | ok=Cpd | rmax X/Y/Z/T=3/1/3/-
it 007 | main   | AHO | ineq=not_in_use | mu=1.05e-04 eta=2.11e-04 sigma=0.00e+00 | err c/p/d=5.82e-06/6.17e-05/9.48e-03 | ok=CPd | rmax X/Y/Z/T=3/1/3/-
it 008 | finish | AHO | ineq=not_in_use | mu=1.05e-04 eta=2.11e-04 sigma=0.00e+00 | err c/p/d=5.82e-06/6.17e-05/4.74e-04 | ok=CPD | rmax X/Y/Z/T=3/1/3/-
it 009 | finish | AHO | ineq=not_in_use | mu=5.26e-06 eta=1.00e-04 sigma=0.00e+00 | err c/p/d=2.79e-07/3.08e-06/2.37e-05 | ok=CPD | rmax X/Y/Z/T=3/1/3/-
it 010 | finish | AHO | ineq=not_in_use | mu=2.63e-07 eta=1.00e-04 sigma=0.00e+00 | err c/p/d=1.39e-08/1.54e-07/1.18e-06 | ok=CPD | rmax X/Y/Z/T=3/1/3/-

	⚠️ Attention: 
	Absolute tolerance already reached: 0.000024 < 0.000100

	==> Full traceback (most recent call last):
Traceback (most recent call last):
  File "/vol/bitbucket/fjk20/projects/Tensor-Train-Interior-Point-Method/psd_system/maxcut/../../src/tt_ipm.py", line 755, in _tt_ipm_newton_step
    Delta_tt, _ = solver(
                  ~~~~~~^
        lhs_pred_tt,
        ^^^^^^^^^^^^
    ...<5 lines>...
        strict_first_attempt=status.aho_direction,
        ^^^^^^^^^^^^^^^^^^^^^^^^^^^^^^^^^^^^^^^^^^
    )
    ^
  File "/vol/bitbucket/fjk20/projects/Tensor-Train-Interior-Point-Method/psd_system/maxcut/../../src/tt_ipm.py", line 1189, in <lambda>
    solver_eq = lambda lhs, rhs, x0, nwsp, restriction, termination_tol, strict_first_attempt=False: tt_restarted_block_amen(
                                                                                                     ~~~~~~~~~~~~~~~~~~~~~~~^
        lhs,
        ^^^^
    ...<9 lines>...
        strict_first_attempt=strict_first_attempt
        ^^^^^^^^^^^^^^^^^^^^^^^^^^^^^^^^^^^^^^^^^
    )
    ^
  File "/vol/bitbucket/fjk20/projects/Tensor-Train-Interior-Point-Method/psd_system/maxcut/../../src/tt_als.py", line 782, in tt_restarted_block_amen
    raise RuntimeError(f"\n\tAbsolute tolerance already reached: {orig_rhs_norm:4f} < {op_tol:4f}")
RuntimeError: 
	Absolute tolerance already reached: 0.000024 < 0.000100
---Terminated---
Terminated in 11 iterations.
Ranks: X=[2, 3, 3, 3, 3, 3, 3, 3, 3, 3, 3, 2], Z=[2, 3, 3, 3, 3, 3, 3, 3, 3, 3, 3, 2], Y=[1, 1, 1, 1, 1, 1, 1, 1, 1, 1, 1, 1], T=[0, 0, 0, 0, 0, 0, 0, 0, 0, 0, 0, 0]
Run accepted after 11 iterations. Compl Slackness: 2.1551e-03. Feasibility error: 3.7910e-13. Dual Feasibility error: 2.2534e-11.
Run accepted in 13.14s. Memory: 101.19 MB.
Running seed 53
Creating Problem for dim=13, rank=1...
===Terminated Graph Sampling=== rank:  [1, 1, 1, 1, 1, 1, 1, 1, 1, 1, 1, 1]
it 000 | main   | XZ  | ineq=not_in_use | mu=1.00e+00 eta=1.00e-03 sigma=5.00e-01 | err c/p/d=3.87e-03/2.19e+01/2.33e+01 | ok=cpd | rmax X/Y/Z/T=1/1/1/-
it 001 | main   | XZ  | ineq=not_in_use | mu=8.33e-02 eta=1.00e-03 sigma=1.07e-03 | err c/p/d=3.39e-03/1.32e+00/1.99e+01 | ok=cpd | rmax X/Y/Z/T=3/1/3/-
it 002 | main   | XZ  | ineq=not_in_use | mu=6.44e-04 eta=1.00e-03 sigma=2.56e-02 | err c/p/d=2.65e-04/6.24e-01/1.74e+01 | ok=cpd | rmax X/Y/Z/T=4/1/3/-
it 003 | main   | AHO | ineq=not_in_use | mu=1.25e-03 eta=1.00e-03 sigma=9.90e-01 | err c/p/d=8.19e-05/5.05e-01/1.49e+01 | ok=Cpd | rmax X/Y/Z/T=4/1/3/-
it 004 | main   | AHO | ineq=not_in_use | mu=1.02e-03 eta=1.00e-03 sigma=0.00e+00 | err c/p/d=1.03e-04/2.97e-02/3.33e+00 | ok=cpd | rmax X/Y/Z/T=4/1/3/-
it 005 | main   | AHO | ineq=not_in_use | mu=6.82e-04 eta=1.00e-03 sigma=7.79e-01 | err c/p/d=5.83e-05/2.36e-02/3.22e+00 | ok=Cpd | rmax X/Y/Z/T=4/1/3/-
it 006 | main   | AHO | ineq=not_in_use | mu=6.59e-04 eta=1.00e-03 sigma=0.00e+00 | err c/p/d=5.11e-05/2.28e-03/8.87e-01 | ok=Cpd | rmax X/Y/Z/T=4/1/3/-
it 007 | main   | AHO | ineq=not_in_use | mu=6.58e-04 eta=1.00e-03 sigma=0.00e+00 | err c/p/d=5.02e-05/1.13e-04/4.44e-02 | ok=CPd | rmax X/Y/Z/T=4/1/3/-
it 008 | main   | AHO | ineq=not_in_use | mu=6.58e-04 eta=1.00e-03 sigma=0.00e+00 | err c/p/d=5.01e-05/1.13e-04/2.22e-03 | ok=CPd | rmax X/Y/Z/T=4/1/3/-
it 009 | finish | AHO | ineq=not_in_use | mu=6.58e-04 eta=1.00e-03 sigma=0.00e+00 | err c/p/d=5.01e-05/1.13e-04/1.11e-04 | ok=CPD | rmax X/Y/Z/T=4/1/3/-
it 010 | finish | AHO | ineq=not_in_use | mu=6.07e-04 eta=1.00e-03 sigma=0.00e+00 | err c/p/d=4.57e-05/1.09e-04/8.02e-05 | ok=CPD | rmax X/Y/Z/T=4/1/3/-
it 011 | finish | AHO | ineq=not_in_use | mu=4.50e-04 eta=9.00e-04 sigma=0.00e+00 | err c/p/d=3.13e-05/8.21e-05/4.76e-05 | ok=CPD | rmax X/Y/Z/T=4/1/3/-
it 012 | finish | AHO | ineq=not_in_use | mu=2.58e-04 eta=5.16e-04 sigma=0.00e+00 | err c/p/d=1.63e-05/4.73e-05/7.24e-06 | ok=CPD | rmax X/Y/Z/T=4/1/3/-
it 013 | finish | AHO | ineq=not_in_use | mu=1.59e-05 eta=1.00e-04 sigma=0.00e+00 | err c/p/d=8.87e-07/6.97e-07/3.41e-06 | ok=CPD | rmax X/Y/Z/T=4/1/3/-
it 014 | finish | AHO | ineq=not_in_use | mu=8.10e-07 eta=1.00e-04 sigma=0.00e+00 | err c/p/d=4.49e-08/9.57e-06/4.44e-07 | ok=CPD | rmax X/Y/Z/T=4/1/3/-
---Terminated---
Terminated in 14 iterations.
Ranks: X=[3, 3, 3, 3, 4, 4, 4, 4, 4, 3, 3, 3], Z=[3, 3, 3, 3, 3, 3, 3, 3, 3, 3, 3, 3], Y=[1, 1, 1, 1, 1, 1, 1, 1, 1, 1, 1, 1], T=[0, 0, 0, 0, 0, 0, 0, 0, 0, 0, 0, 0]
Run terminated after 14 iterations. Compl Slackness: 6.6391e-03. Feasibility error: 1.4660e-09. Dual Feasibility error: 3.6622e-12.
Run terminated in 17.08s. Memory: 102.64 MB.
Seed 53 terminated (feasibility error: 1.47e-09, dual feasibility error: 3.66e-12, slackness: 6.64e-03). Suggesting a new seed.
New seed suggested: 244
Creating Problem for dim=13, rank=1...
===Terminated Graph Sampling=== rank:  [1, 1, 1, 1, 1, 1, 1, 1, 1, 1, 1, 1]
it 000 | main   | XZ  | ineq=not_in_use | mu=1.00e+00 eta=1.00e-03 sigma=5.00e-01 | err c/p/d=5.47e-03/2.19e+01/2.31e+01 | ok=cpd | rmax X/Y/Z/T=1/1/1/-
it 001 | main   | XZ  | ineq=not_in_use | mu=8.98e-02 eta=1.00e-03 sigma=1.93e-03 | err c/p/d=4.74e-03/1.48e+00/1.97e+01 | ok=cpd | rmax X/Y/Z/T=3/2/3/-
it 002 | main   | XZ  | ineq=not_in_use | mu=1.07e-03 eta=1.00e-03 sigma=2.38e-02 | err c/p/d=4.92e-04/6.05e-01/1.72e+01 | ok=cpd | rmax X/Y/Z/T=3/2/3/-
it 003 | main   | AHO | ineq=not_in_use | mu=1.81e-03 eta=1.00e-03 sigma=9.19e-01 | err c/p/d=1.65e-04/4.91e-01/1.43e+01 | ok=cpd | rmax X/Y/Z/T=4/2/4/-
it 004 | main   | AHO | ineq=not_in_use | mu=9.60e-04 eta=1.00e-03 sigma=5.80e-01 | err c/p/d=1.32e-04/1.34e-02/9.91e+00 | ok=cpd | rmax X/Y/Z/T=5/2/4/-
it 005 | main   | AHO | ineq=not_in_use | mu=6.55e-04 eta=1.00e-03 sigma=8.11e-01 | err c/p/d=6.19e-05/1.06e-02/9.46e+00 | ok=Cpd | rmax X/Y/Z/T=6/2/4/-
it 006 | main   | AHO | ineq=not_in_use | mu=5.88e-04 eta=1.00e-03 sigma=0.00e+00 | err c/p/d=4.93e-05/1.72e-04/5.83e+00 | ok=CPd | rmax X/Y/Z/T=6/2/4/-
it 007 | main   | AHO | ineq=not_in_use | mu=5.79e-04 eta=1.00e-03 sigma=0.00e+00 | err c/p/d=4.73e-05/3.15e-04/2.91e-01 | ok=CPd | rmax X/Y/Z/T=6/2/4/-
it 008 | main   | AHO | ineq=not_in_use | mu=5.79e-04 eta=1.00e-03 sigma=0.00e+00 | err c/p/d=4.73e-05/3.17e-04/1.46e-02 | ok=CPd | rmax X/Y/Z/T=6/2/4/-
it 009 | main   | AHO | ineq=not_in_use | mu=5.79e-04 eta=1.00e-03 sigma=0.00e+00 | err c/p/d=4.73e-05/3.18e-04/7.28e-04 | ok=CPd | rmax X/Y/Z/T=6/2/4/-
it 010 | finish | AHO | ineq=not_in_use | mu=5.79e-04 eta=1.00e-03 sigma=0.00e+00 | err c/p/d=4.73e-05/3.18e-04/3.64e-05 | ok=CPD | rmax X/Y/Z/T=6/2/4/-
warn   | step-eig | target=miss | residual=3.76e+03 > 1.00e-08 | action=damp
it 011 | finish | AHO | ineq=not_in_use | mu=1.36e-04 eta=2.73e-04 sigma=0.00e+00 | err c/p/d=1.11e-05/3.18e-04/4.77e-06 | ok=CPD | rmax X/Y/Z/T=6/2/4/-
warn   | step-eig | target=miss | residual=7.45e+03 > 1.00e-08 | action=damp
it 012 | finish | AHO | ineq=not_in_use | mu=1.04e-04 eta=2.09e-04 sigma=0.00e+00 | err c/p/d=8.51e-06/3.18e-04/9.31e-07 | ok=CPD | rmax X/Y/Z/T=6/2/4/-
	Attention: Linearly dependent initial approximations
	Attention: Linearly dependent initial approximations
	Attention: Linearly dependent initial approximations
	Attention: Linearly dependent initial approximations
	Attention: Linearly dependent initial approximations
	Attention: Linearly dependent initial approximations
	Attention: Linearly dependent initial approximations
	Attention: Linearly dependent initial approximations
	Attention: Linearly dependent initial approximations
	Attention: Linearly dependent initial approximations
	Attention: Linearly dependent initial approximations
	Attention: Linearly dependent initial approximations
	Attention: Linearly dependent initial approximations
	Attention: Linearly dependent initial approximations
	Attention: Linearly dependent initial approximations
	Attention: Linearly dependent initial approximations
	Attention: Linearly dependent initial approximations
	Attention: Linearly dependent initial approximations
	Attention: Linearly dependent initial approximations
	Attention: Linearly dependent initial approximations
	Attention: Linearly dependent initial approximations
	Attention: Linearly dependent initial approximations
	Attention: Linearly dependent initial approximations
	Attention: Linearly dependent initial approximations
	Attention: Linearly dependent initial approximations
	Attention: Linearly dependent initial approximations
	Attention: Linearly dependent initial approximations
	Attention: Linearly dependent initial approximations
	Attention: Linearly dependent initial approximations
	Attention: Linearly dependent initial approximations
	Attention: Linearly dependent initial approximations
	Attention: Linearly dependent initial approximations
	Attention: Linearly dependent initial approximations
	Attention: Linearly dependent initial approximations
	Attention: Linearly dependent initial approximations
	Attention: Linearly dependent initial approximations
	Attention: Linearly dependent initial approximations
	Attention: Linearly dependent initial approximations
	Attention: Linearly dependent initial approximations
	Attention: Linearly dependent initial approximations
	Attention: Linearly dependent initial approximations
	Attention: Linearly dependent initial approximations
	Attention: Linearly dependent initial approximations
	Attention: Linearly dependent initial approximations
	Attention: Linearly dependent initial approximations
	Attention: Linearly dependent initial approximations
	Attention: Linearly dependent initial approximations
	Attention: Linearly dependent initial approximations
	Attention: Linearly dependent initial approximations
	Attention: Linearly dependent initial approximations
	Attention: Linearly dependent initial approximations
	Attention: Linearly dependent initial approximations
	Attention: Linearly dependent initial approximations
	Attention: Linearly dependent initial approximations
	Attention: Linearly dependent initial approximations
	Attention: Linearly dependent initial approximations
	Attention: Linearly dependent initial approximations
	Attention: Linearly dependent initial approximations
	Attention: Linearly dependent initial approximations
	Attention: Linearly dependent initial approximations
	Attention: Linearly dependent initial approximations
	Attention: Linearly dependent initial approximations
	Attention: Linearly dependent initial approximations
	Attention: Linearly dependent initial approximations
warn   | step-eig | target=miss | residual=2.90e+05 > 1.00e-08 | action=damp
it 013 | finish | AHO | ineq=not_in_use | mu=1.00e-04 eta=2.00e-04 sigma=0.00e+00 | err c/p/d=8.17e-06/3.18e-04/1.23e-05 | ok=CPD | rmax X/Y/Z/T=6/2/4/-
	Attention: Linearly dependent initial approximations
	Attention: Linearly dependent initial approximations
	Attention: Linearly dependent initial approximations
	Attention: Linearly dependent initial approximations
	Attention: Linearly dependent initial approximations
	Attention: Linearly dependent initial approximations
	Attention: Linearly dependent initial approximations
	Attention: Linearly dependent initial approximations
	Attention: Linearly dependent initial approximations
	Attention: Linearly dependent initial approximations
	Attention: Linearly dependent initial approximations
	Attention: Linearly dependent initial approximations
	Attention: Linearly dependent initial approximations
	Attention: Linearly dependent initial approximations
	Attention: Linearly dependent initial approximations
	Attention: Linearly dependent initial approximations
	Attention: Linearly dependent initial approximations
	Attention: Linearly dependent initial approximations
	Attention: Linearly dependent initial approximations
	Attention: Linearly dependent initial approximations
	Attention: Linearly dependent initial approximations
	Attention: Linearly dependent initial approximations
	Attention: Linearly dependent initial approximations
	Attention: Linearly dependent initial approximations
	Attention: Linearly dependent initial approximations
	Attention: Linearly dependent initial approximations
	Attention: Linearly dependent initial approximations
	Attention: Linearly dependent initial approximations
	Attention: Linearly dependent initial approximations
	Attention: Linearly dependent initial approximations
	Attention: Linearly dependent initial approximations
	Attention: Linearly dependent initial approximations
	Attention: Linearly dependent initial approximations
	Attention: Linearly dependent initial approximations
	Attention: Linearly dependent initial approximations
	Attention: Linearly dependent initial approximations
	Attention: Linearly dependent initial approximations
	Attention: Linearly dependent initial approximations
	Attention: Linearly dependent initial approximations
	Attention: Linearly dependent initial approximations
	Attention: Linearly dependent initial approximations
	Attention: Linearly dependent initial approximations
	Attention: Linearly dependent initial approximations
	Attention: Linearly dependent initial approximations
	Attention: Linearly dependent initial approximations
	Attention: Linearly dependent initial approximations
	Attention: Linearly dependent initial approximations
	Attention: Linearly dependent initial approximations
	Attention: Linearly dependent initial approximations
	Attention: Linearly dependent initial approximations
	Attention: Linearly dependent initial approximations
	Attention: Linearly dependent initial approximations
	Attention: Linearly dependent initial approximations
	Attention: Linearly dependent initial approximations
	Attention: Linearly dependent initial approximations
	Attention: Linearly dependent initial approximations
	Attention: Linearly dependent initial approximations
	Attention: Linearly dependent initial approximations
	Attention: Linearly dependent initial approximations
	Attention: Linearly dependent initial approximations
	Attention: Linearly dependent initial approximations
	Attention: Linearly dependent initial approximations
	Attention: Linearly dependent initial approximations
	Attention: Linearly dependent initial approximations
	Attention: Linearly dependent initial approximations
	Attention: Linearly dependent initial approximations
	Attention: Linearly dependent initial approximations
	Attention: Linearly dependent initial approximations
	Attention: Linearly dependent initial approximations
	Attention: Linearly dependent initial approximations
	Attention: Linearly dependent initial approximations
	Attention: Linearly dependent initial approximations
	Attention: Linearly dependent initial approximations
	Attention: Linearly dependent initial approximations
	Attention: Linearly dependent initial approximations
	Attention: Linearly dependent initial approximations
	Attention: Linearly dependent initial approximations
	Attention: Linearly dependent initial approximations
	Attention: Linearly dependent initial approximations
	Attention: Linearly dependent initial approximations
	Attention: Linearly dependent initial approximations
	Attention: Linearly dependent initial approximations
	Attention: Linearly dependent initial approximations
	Attention: Linearly dependent initial approximations
	Attention: Linearly dependent initial approximations
	Attention: Linearly dependent initial approximations
warn   | step-eig | target=miss | residual=8.46e+03 > 1.00e-08 | action=damp
it 014 | finish | AHO | ineq=not_in_use | mu=9.97e-05 eta=1.99e-04 sigma=0.00e+00 | err c/p/d=8.14e-06/3.18e-04/7.23e-05 | ok=CPD | rmax X/Y/Z/T=6/2/4/-
	Attention: Linearly dependent initial approximations
	Attention: Linearly dependent initial approximations
	Attention: Linearly dependent initial approximations
	Attention: Linearly dependent initial approximations
	Attention: Linearly dependent initial approximations
	Attention: Linearly dependent initial approximations
	Attention: Linearly dependent initial approximations
	Attention: Linearly dependent initial approximations
	Attention: Linearly dependent initial approximations
	Attention: Linearly dependent initial approximations
	Attention: Linearly dependent initial approximations
	Attention: Linearly dependent initial approximations
	Attention: Linearly dependent initial approximations
	Attention: Linearly dependent initial approximations
	Attention: Linearly dependent initial approximations
	Attention: Linearly dependent initial approximations
	Attention: Linearly dependent initial approximations
	Attention: Linearly dependent initial approximations
	Attention: Linearly dependent initial approximations
	Attention: Linearly dependent initial approximations
	Attention: Linearly dependent initial approximations
	Attention: Linearly dependent initial approximations
	Attention: Linearly dependent initial approximations
	Attention: Linearly dependent initial approximations
	Attention: Linearly dependent initial approximations
	Attention: Linearly dependent initial approximations
	Attention: Linearly dependent initial approximations
	Attention: Linearly dependent initial approximations
	Attention: Linearly dependent initial approximations
	Attention: Linearly dependent initial approximations
	Attention: Linearly dependent initial approximations
	Attention: Linearly dependent initial approximations
	Attention: Linearly dependent initial approximations
	Attention: Linearly dependent initial approximations
	Attention: Linearly dependent initial approximations
	Attention: Linearly dependent initial approximations
	Attention: Linearly dependent initial approximations
	Attention: Linearly dependent initial approximations
	Attention: Linearly dependent initial approximations
	Attention: Linearly dependent initial approximations
	Attention: Linearly dependent initial approximations
	Attention: Linearly dependent initial approximations
	Attention: Linearly dependent initial approximations
	Attention: Linearly dependent initial approximations
	Attention: Linearly dependent initial approximations
	Attention: Linearly dependent initial approximations
	Attention: Linearly dependent initial approximations
	Attention: Linearly dependent initial approximations
	Attention: Linearly dependent initial approximations
	Attention: Linearly dependent initial approximations
	Attention: Linearly dependent initial approximations
	Attention: Linearly dependent initial approximations
	Attention: Linearly dependent initial approximations
	Attention: Linearly dependent initial approximations
	Attention: Linearly dependent initial approximations
	Attention: Linearly dependent initial approximations
	Attention: Linearly dependent initial approximations
	Attention: Linearly dependent initial approximations
	Attention: Linearly dependent initial approximations
	Attention: Linearly dependent initial approximations
	Attention: Linearly dependent initial approximations
	Attention: Linearly dependent initial approximations
	Attention: Linearly dependent initial approximations
	Attention: Linearly dependent initial approximations
	Attention: Linearly dependent initial approximations
	Attention: Linearly dependent initial approximations
	Attention: Linearly dependent initial approximations
	Attention: Linearly dependent initial approximations
	Attention: Linearly dependent initial approximations
	Attention: Linearly dependent initial approximations
	Attention: Linearly dependent initial approximations
	Attention: Linearly dependent initial approximations
	Attention: Linearly dependent initial approximations
	Attention: Linearly dependent initial approximations
	Attention: Linearly dependent initial approximations
	Attention: Linearly dependent initial approximations
	Attention: Linearly dependent initial approximations
	Attention: Linearly dependent initial approximations
	Attention: Linearly dependent initial approximations
	Attention: Linearly dependent initial approximations
	Attention: Linearly dependent initial approximations
	Attention: Linearly dependent initial approximations
	Attention: Linearly dependent initial approximations
	Attention: Linearly dependent initial approximations
	Attention: Linearly dependent initial approximations
	Attention: Linearly dependent initial approximations
	Attention: Linearly dependent initial approximations
	Attention: Linearly dependent initial approximations
	Attention: Linearly dependent initial approximations
	Attention: Linearly dependent initial approximations
	Attention: Linearly dependent initial approximations
	Attention: Linearly dependent initial approximations
	Attention: Linearly dependent initial approximations
	Attention: Linearly dependent initial approximations
	Attention: Linearly dependent initial approximations
	Attention: Linearly dependent initial approximations
	Attention: Linearly dependent initial approximations
	Attention: Linearly dependent initial approximations
warn   | step-eig | target=miss | residual=7.01e+03 > 1.00e-08 | action=damp
