000 (766.000.000) 06/01 18:36:35 Job submitted from host: <146.169.22.28:9618?addrs=146.169.22.28-9618+[2a0c-5bc0-80-110-494d-1845-2a15-2cd8]-9618&noUDP&sock=7662_6323_3>
...
001 (766.000.000) 06/01 18:36:54 Job executing on host: <146.169.52.8:9618?addrs=146.169.52.8-9618+[2a0c-5bc0-40-11c4-b3be-83e6-9024-f649]-9618&noUDP&sock=54282_579d_4>
...
006 (766.000.000) 06/01 18:37:02 Image size of job updated: 2511252
	93  -  MemoryUsage of job (MB)
	95148  -  ResidentSetSize of job (KB)
...
006 (766.000.000) 06/01 18:42:02 Image size of job updated: 10332720
	1540  -  MemoryUsage of job (MB)
	1576536  -  ResidentSetSize of job (KB)
...
006 (766.000.000) 06/01 18:47:03 Image size of job updated: 10489332
	1540  -  MemoryUsage of job (MB)
	1576536  -  ResidentSetSize of job (KB)
...
006 (766.000.000) 06/01 18:52:04 Image size of job updated: 10569424
	1796  -  MemoryUsage of job (MB)
	1838996  -  ResidentSetSize of job (KB)
...
006 (766.000.000) 06/01 18:57:04 Image size of job updated: 10851672
	1796  -  MemoryUsage of job (MB)
	1838996  -  ResidentSetSize of job (KB)
...
006 (766.000.000) 06/01 19:42:09 Image size of job updated: 11288980
	2558  -  MemoryUsage of job (MB)
	2618964  -  ResidentSetSize of job (KB)
...
006 (766.000.000) 06/01 19:47:09 Image size of job updated: 11696048
	2955  -  MemoryUsage of job (MB)
	3025824  -  ResidentSetSize of job (KB)
...
006 (766.000.000) 06/01 20:12:13 Image size of job updated: 11696048
	3278  -  MemoryUsage of job (MB)
	3356124  -  ResidentSetSize of job (KB)
...
006 (766.000.000) 06/01 20:17:13 Image size of job updated: 11696048
	3466  -  MemoryUsage of job (MB)
	3548864  -  ResidentSetSize of job (KB)
...
006 (766.000.000) 06/01 20:22:13 Image size of job updated: 12658052
	4773  -  MemoryUsage of job (MB)
	4887168  -  ResidentSetSize of job (KB)
...
006 (766.000.000) 06/01 20:27:14 Image size of job updated: 13307328
	5407  -  MemoryUsage of job (MB)
	5536284  -  ResidentSetSize of job (KB)
...
004 (766.000.000) 06/01 20:30:53 Job was evicted.
	(0) Job was not checkpointed.
		Usr 0 04:58:59, Sys 0 00:05:39  -  Run Remote Usage
		Usr 0 00:00:00, Sys 0 00:00:00  -  Run Local Usage
	0  -  Run Bytes Sent By Job
	0  -  Run Bytes Received By Job
	Partitionable Resources :    Usage  Request Allocated 
	   Cpus                 :     1.04       16        24 
	   Disk (KB)            :     4           4   5810196 
	   Gpus                 :                           0 
	   Memory (MB)          :  5407           1     15626 
...
001 (766.000.000) 06/01 21:12:55 Job executing on host: <146.169.52.18:9618?addrs=146.169.52.18-9618+[2a0c-5bc0-40-11c4-d11f-9d1f-37d0-b26]-9618&noUDP&sock=7037_6686_4>
...
004 (766.000.000) 06/01 22:13:56 Job was evicted.
	(0) Job was not checkpointed.
		Usr 0 02:58:18, Sys 0 00:03:25  -  Run Remote Usage
		Usr 0 00:00:00, Sys 0 00:00:00  -  Run Local Usage
	0  -  Run Bytes Sent By Job
	0  -  Run Bytes Received By Job
	Partitionable Resources :    Usage  Request Allocated 
	   Cpus                 :     1.08       16        24 
	   Disk (KB)            :     4           4   6173544 
	   Gpus                 :                           0 
	   Memory (MB)          :  7325        7325     15626 
...
001 (766.000.000) 06/01 22:32:55 Job executing on host: <146.169.52.15:9618?addrs=146.169.52.15-9618+[2a0c-5bc0-40-11c4-22a4-8fd-d922-e934]-9618&noUDP&sock=56234_bd3d_4>
...
006 (766.000.000) 06/02 00:03:14 Image size of job updated: 15531540
	7325  -  MemoryUsage of job (MB)
	7500000  -  ResidentSetSize of job (KB)
...
006 (766.000.000) 06/02 00:43:17 Image size of job updated: 18516356
	7325  -  MemoryUsage of job (MB)
	7500000  -  ResidentSetSize of job (KB)
...
006 (766.000.000) 06/02 07:54:03 Image size of job updated: 18516356
	7469  -  MemoryUsage of job (MB)
	7647488  -  ResidentSetSize of job (KB)
...
006 (766.000.000) 06/02 09:44:12 Image size of job updated: 18516356
	8266  -  MemoryUsage of job (MB)
	8463532  -  ResidentSetSize of job (KB)
...
