Running: max_stable_set (rank=1)
==== max_stable_set TT-IPM Batch Run Started at Tue  2 Jun 12:16:04 BST 2026 ====

▶ Running dim=11 with config=configs/max_stable_set_11.yaml at Tue  2 Jun 12:16:04 BST 2026

===== Processing Rank: 1 =====
Running seed 98
Creating Problem...
===Terminated Graph Sampling=== rank:  [1, 1, 1, 1, 1, 1, 1, 1, 1, 1]
it 000 | main   | XZ  | ineq=not_in_use | mu=4.00e+00 eta=1.00e-03 sigma=5.00e-01 | err c/p/d=5.71e-01/1.02e+03/2.27e+01 | ok=cpd | rmax X/Y/Z/T=1/1/1/-
it 001 | main   | XZ  | ineq=not_in_use | mu=1.24e+00 eta=1.00e-03 sigma=1.38e-01 | err c/p/d=1.57e-01/3.02e+02/4.66e+00 | ok=cpd | rmax X/Y/Z/T=4/2/4/-
it 002 | main   | XZ  | ineq=not_in_use | mu=1.66e-01 eta=1.00e-03 sigma=7.63e-02 | err c/p/d=4.82e-02/3.73e+01/3.95e+00 | ok=cpd | rmax X/Y/Z/T=5/2/4/-
it 003 | main   | AHO | ineq=not_in_use | mu=1.17e-01 eta=1.00e-03 sigma=3.80e-01 | err c/p/d=8.84e-02/2.02e+01/3.26e+00 | ok=cpd | rmax X/Y/Z/T=5/2/4/-
it 004 | main   | AHO | ineq=not_in_use | mu=1.55e-02 eta=1.00e-03 sigma=2.08e-02 | err c/p/d=1.40e-02/2.26e+00/2.77e+00 | ok=cpd | rmax X/Y/Z/T=5/2/4/-
it 005 | main   | AHO | ineq=not_in_use | mu=3.79e-03 eta=1.00e-03 sigma=1.62e-02 | err c/p/d=3.51e-03/2.79e-01/4.37e-01 | ok=cpd | rmax X/Y/Z/T=5/2/4/-
it 006 | main   | AHO | ineq=not_in_use | mu=1.28e-03 eta=1.00e-03 sigma=8.58e-01 | err c/p/d=6.85e-04/2.13e-01/2.52e-01 | ok=cpd | rmax X/Y/Z/T=5/2/4/-
it 007 | main   | AHO | ineq=not_in_use | mu=4.64e-04 eta=9.28e-04 sigma=3.59e-01 | err c/p/d=9.62e-05/3.79e-02/1.93e-01 | ok=cpd | rmax X/Y/Z/T=5/2/4/-
it 008 | main   | AHO | ineq=not_in_use | mu=3.84e-05 eta=1.00e-04 sigma=6.90e-03 | err c/p/d=7.05e-06/2.75e-03/2.70e-02 | ok=Cpd | rmax X/Y/Z/T=5/2/4/-
it 009 | main   | AHO | ineq=not_in_use | mu=3.84e-05 eta=1.00e-04 sigma=0.00e+00 | err c/p/d=7.07e-06/1.38e-04/1.35e-03 | ok=CPd | rmax X/Y/Z/T=5/2/4/-
it 010 | finish | AHO | ineq=not_in_use | mu=3.84e-05 eta=1.00e-04 sigma=0.00e+00 | err c/p/d=7.07e-06/1.38e-04/6.76e-05 | ok=CPD | rmax X/Y/Z/T=5/2/4/-
it 011 | finish | AHO | ineq=not_in_use | mu=1.95e-06 eta=1.00e-04 sigma=0.00e+00 | err c/p/d=3.55e-07/1.74e-05/3.14e-06 | ok=CPD | rmax X/Y/Z/T=5/2/4/-
it 012 | finish | AHO | ineq=not_in_use | mu=4.30e-06 eta=1.00e-04 sigma=0.00e+00 | err c/p/d=7.82e-07/1.44e-03/4.21e-06 | ok=CpD | rmax X/Y/Z/T=5/2/4/-
it 013 | finish | AHO | ineq=not_in_use | mu=9.63e-06 eta=1.00e-04 sigma=0.00e+00 | err c/p/d=1.75e-06/3.28e-03/1.36e-04 | ok=CpD | rmax X/Y/Z/T=5/9/13/-
it 014 | finish | AHO | ineq=not_in_use | mu=6.91e-07 eta=1.00e-04 sigma=0.00e+00 | err c/p/d=1.26e-07/2.28e-04/1.83e-04 | ok=CPD | rmax X/Y/Z/T=6/11/14/-
it 015 | finish | AHO | ineq=not_in_use | mu=1.52e-06 eta=1.00e-04 sigma=0.00e+00 | err c/p/d=2.76e-07/5.11e-04/1.68e-04 | ok=CPD | rmax X/Y/Z/T=5/12/15/-
---Terminated---
Terminated in 15 iterations.
Ranks: X=[2, 2, 2, 2, 2, 5, 5, 5, 5, 5], Z=[4, 9, 15, 13, 10, 8, 6, 6, 6, 3], Y=[3, 7, 12, 10, 6, 5, 4, 4, 3, 2], T=[0, 0, 0, 0, 0, 0, 0, 0, 0, 0]
Run accepted after 15 iterations. Compl Slackness: 3.1062e-03. Feasibility error: 4.1744e-06. Dual Feasibility error: 4.5117e-07.
Run accepted in 793.07s. Memory: 1324.78 MB.
Running seed 592
Creating Problem...
===Terminated Graph Sampling=== rank:  [1, 1, 1, 1, 1, 1, 1, 1, 1, 1]
it 000 | main   | XZ  | ineq=not_in_use | mu=4.00e+00 eta=1.00e-03 sigma=5.00e-01 | err c/p/d=5.71e-01/1.02e+03/2.27e+01 | ok=cpd | rmax X/Y/Z/T=1/1/1/-
it 001 | main   | XZ  | ineq=not_in_use | mu=8.34e-01 eta=1.00e-03 sigma=9.20e-02 | err c/p/d=9.56e-02/2.07e+02/6.82e+00 | ok=cpd | rmax X/Y/Z/T=4/2/4/-
it 002 | main   | XZ  | ineq=not_in_use | mu=1.19e-01 eta=1.00e-03 sigma=1.92e-01 | err c/p/d=2.84e-02/2.48e+01/5.78e+00 | ok=cpd | rmax X/Y/Z/T=5/2/4/-
it 003 | main   | AHO | ineq=not_in_use | mu=9.47e-02 eta=1.00e-03 sigma=4.70e-01 | err c/p/d=6.48e-02/1.47e+01/4.76e+00 | ok=cpd | rmax X/Y/Z/T=5/2/4/-
it 004 | main   | AHO | ineq=not_in_use | mu=1.39e-02 eta=1.00e-03 sigma=4.40e-02 | err c/p/d=1.17e-02/1.75e+00/4.03e+00 | ok=cpd | rmax X/Y/Z/T=5/2/4/-
it 005 | main   | AHO | ineq=not_in_use | mu=4.01e-03 eta=1.00e-03 sigma=2.18e-02 | err c/p/d=3.49e-03/2.35e-01/1.36e+00 | ok=cpd | rmax X/Y/Z/T=5/2/4/-
it 006 | main   | AHO | ineq=not_in_use | mu=1.22e-03 eta=1.00e-03 sigma=8.66e-01 | err c/p/d=6.23e-04/1.97e-01/3.38e-01 | ok=cpd | rmax X/Y/Z/T=5/2/4/-
it 007 | main   | AHO | ineq=not_in_use | mu=1.92e-04 eta=3.85e-04 sigma=2.18e-01 | err c/p/d=3.66e-05/2.32e-02/2.65e-01 | ok=Cpd | rmax X/Y/Z/T=5/2/4/-
it 008 | main   | AHO | ineq=not_in_use | mu=1.92e-04 eta=3.85e-04 sigma=0.00e+00 | err c/p/d=3.75e-05/1.16e-03/1.32e-02 | ok=Cpd | rmax X/Y/Z/T=5/2/4/-
it 009 | main   | AHO | ineq=not_in_use | mu=1.93e-04 eta=3.85e-04 sigma=0.00e+00 | err c/p/d=3.76e-05/1.05e-04/6.61e-04 | ok=CPd | rmax X/Y/Z/T=5/2/4/-
it 010 | finish | AHO | ineq=not_in_use | mu=1.93e-04 eta=3.85e-04 sigma=0.00e+00 | err c/p/d=3.76e-05/1.16e-04/3.24e-05 | ok=CPD | rmax X/Y/Z/T=5/2/4/-
	Attention: Linearly dependent initial approximations
	Attention: Linearly dependent initial approximations
	Attention: Linearly dependent initial approximations
	Attention: Linearly dependent initial approximations
	Attention: Linearly dependent initial approximations
	Attention: Linearly dependent initial approximations
	Attention: Linearly dependent initial approximations
	Attention: Linearly dependent initial approximations
	Attention: Linearly dependent initial approximations
	Attention: Linearly dependent initial approximations
	Attention: Linearly dependent initial approximations
	Attention: Linearly dependent initial approximations
	Attention: Linearly dependent initial approximations
	Attention: Linearly dependent initial approximations
	Attention: Linearly dependent initial approximations
	Attention: Linearly dependent initial approximations
	Attention: Linearly dependent initial approximations
	Attention: Linearly dependent initial approximations
	Attention: Linearly dependent initial approximations
	Attention: Linearly dependent initial approximations
	Attention: Linearly dependent initial approximations
	Attention: Linearly dependent initial approximations
	Attention: Linearly dependent initial approximations
	Attention: Linearly dependent initial approximations
	Attention: Linearly dependent initial approximations
	Attention: Linearly dependent initial approximations
	Attention: Linearly dependent initial approximations
	Attention: Linearly dependent initial approximations
	Attention: Linearly dependent initial approximations
	Attention: Linearly dependent initial approximations
	Attention: Linearly dependent initial approximations
	Attention: Linearly dependent initial approximations
warn   | step-eig | target=miss | relres=3.92e-02 > 1.00e-08 | action=keep-reset
it 011 | finish | AHO | ineq=not_in_use | mu=1.07e-04 eta=2.13e-04 sigma=0.00e+00 | err c/p/d=1.95e-05/2.72e-02/7.22e-06 | ok=CpD | rmax X/Y/Z/T=6/2/4/-
it 012 | finish | AHO | ineq=not_in_use | mu=4.26e-05 eta=1.00e-04 sigma=0.00e+00 | err c/p/d=7.76e-06/1.40e-02/4.00e-04 | ok=CpD | rmax X/Y/Z/T=9/18/25/-
it 013 | finish | AHO | ineq=not_in_use | mu=2.76e-05 eta=1.00e-04 sigma=0.00e+00 | err c/p/d=5.01e-06/9.37e-03/2.27e-04 | ok=CpD | rmax X/Y/Z/T=13/51/70/-
