000 (767.000.000) 06/02 10:07:13 Job submitted from host: <146.169.22.28:9618?addrs=146.169.22.28-9618+[2a0c-5bc0-80-110-494d-1845-2a15-2cd8]-9618&noUDP&sock=7662_6323_3>
...
001 (767.000.000) 06/02 10:08:01 Job executing on host: <146.169.52.2:9618?addrs=146.169.52.2-9618+[2a0c-5bc0-40-11c4-4128-2e6e-e43a-acea]-9618&noUDP&sock=55866_5263_4>
...
006 (767.000.000) 06/02 10:08:09 Image size of job updated: 4
	5  -  MemoryUsage of job (MB)
	4764  -  ResidentSetSize of job (KB)
...
006 (767.000.000) 06/02 10:13:09 Image size of job updated: 9574332
	274  -  MemoryUsage of job (MB)
	279592  -  ResidentSetSize of job (KB)
...
006 (767.000.000) 06/02 10:18:09 Image size of job updated: 9574332
	825  -  MemoryUsage of job (MB)
	844620  -  ResidentSetSize of job (KB)
...
006 (767.000.000) 06/02 10:23:10 Image size of job updated: 10529988
	1807  -  MemoryUsage of job (MB)
	1849912  -  ResidentSetSize of job (KB)
...
006 (767.000.000) 06/02 10:28:11 Image size of job updated: 11094460
	1807  -  MemoryUsage of job (MB)
	1849912  -  ResidentSetSize of job (KB)
...
006 (767.000.000) 06/02 10:33:11 Image size of job updated: 11094460
	2526  -  MemoryUsage of job (MB)
	2586576  -  ResidentSetSize of job (KB)
...
006 (767.000.000) 06/02 10:38:12 Image size of job updated: 11122276
	2526  -  MemoryUsage of job (MB)
	2586576  -  ResidentSetSize of job (KB)
...
006 (767.000.000) 06/02 10:43:13 Image size of job updated: 12121856
	3829  -  MemoryUsage of job (MB)
	3919896  -  ResidentSetSize of job (KB)
...
006 (767.000.000) 06/02 10:48:13 Image size of job updated: 14375468
	3984  -  MemoryUsage of job (MB)
	4078676  -  ResidentSetSize of job (KB)
...
006 (767.000.000) 06/02 10:53:13 Image size of job updated: 18860732
	10579  -  MemoryUsage of job (MB)
	10832472  -  ResidentSetSize of job (KB)
...
006 (767.000.000) 06/02 10:58:14 Image size of job updated: 20581780
	11109  -  MemoryUsage of job (MB)
	11375448  -  ResidentSetSize of job (KB)
...
004 (767.000.000) 06/02 12:12:01 Job was evicted.
	(0) Job was not checkpointed.
		Usr 0 15:39:58, Sys 0 00:10:12  -  Run Remote Usage
		Usr 0 00:00:00, Sys 0 00:00:00  -  Run Local Usage
	0  -  Run Bytes Sent By Job
	0  -  Run Bytes Received By Job
	Partitionable Resources :    Usage  Request Allocated 
	   Cpus                 :     9.71       16        24 
	   Disk (KB)            :     4           4   5755912 
	   Gpus                 :                           0 
	   Memory (MB)          : 11109           1     15626 
...
001 (767.000.000) 06/02 12:16:02 Job executing on host: <146.169.52.24:9618?addrs=146.169.52.24-9618+[2a0c-5bc0-40-11c4-dfb6-f2db-93ec-4ffc]-9618&noUDP&sock=54876_43a0_4>
...
004 (767.000.000) 06/02 14:09:30 Job was evicted.
	(0) Job was not checkpointed.
		Usr 0 14:49:23, Sys 0 00:09:33  -  Run Remote Usage
		Usr 0 00:00:00, Sys 0 00:00:00  -  Run Local Usage
	0  -  Run Bytes Sent By Job
	0  -  Run Bytes Received By Job
	Partitionable Resources :    Usage  Request Allocated 
	   Cpus                 :     8.42       16        24 
	   Disk (KB)            :     4           4   5810164 
	   Gpus                 :                           0 
	   Memory (MB)          : 12208       12208     15626 
...
009 (767.000.000) 06/02 14:09:30 Job was aborted by the user.
	via condor_rm (by user fjk20)
...
