Running: max_stable_set (rank=1)
==== max_stable_set TT-IPM Batch Run Started at Tue  2 Jun 14:11:05 BST 2026 ====

▶ Running dim=11 with config=configs/max_stable_set_11.yaml at Tue  2 Jun 14:11:05 BST 2026

===== Processing Rank: 1 =====
Running seed 994
Creating Problem...
===Terminated Graph Sampling=== rank:  [1, 1, 1, 1, 1, 1, 1, 1, 1, 1]
it 000 | main   | XZ  | ineq=not_in_use | mu=4.00e+00 eta=1.00e-03 sigma=5.00e-01 | err c/p/d=5.71e-01/1.02e+03/2.27e+01 | ok=cpd | rmax X/Y/Z/T=1/1/1/-
it 001 | main   | XZ  | ineq=not_in_use | mu=9.33e-01 eta=1.00e-03 sigma=9.22e-02 | err c/p/d=1.10e-01/2.31e+02/6.21e+00 | ok=cpd | rmax X/Y/Z/T=4/2/4/-
it 002 | main   | XZ  | ineq=not_in_use | mu=8.15e-02 eta=1.00e-03 sigma=1.50e-01 | err c/p/d=2.56e-02/1.73e+01/5.28e+00 | ok=cpd | rmax X/Y/Z/T=4/2/4/-
it 003 | main   | AHO | ineq=not_in_use | mu=4.82e-02 eta=1.00e-03 sigma=3.38e-01 | err c/p/d=4.05e-02/8.36e+00/4.38e+00 | ok=cpd | rmax X/Y/Z/T=4/2/4/-
it 004 | main   | AHO | ineq=not_in_use | mu=7.17e-03 eta=1.00e-03 sigma=4.25e-02 | err c/p/d=6.56e-03/9.05e-01/3.60e+00 | ok=cpd | rmax X/Y/Z/T=4/2/4/-
it 005 | main   | AHO | ineq=not_in_use | mu=4.25e-04 eta=8.50e-04 sigma=3.59e-01 | err c/p/d=3.43e-04/5.78e-01/1.02e+00 | ok=cpd | rmax X/Y/Z/T=4/2/4/-
it 006 | main   | AHO | ineq=not_in_use | mu=3.35e-04 eta=6.70e-04 sigma=6.29e-01 | err c/p/d=4.38e-05/4.64e-01/9.62e-01 | ok=Cpd | rmax X/Y/Z/T=4/2/4/-
it 007 | main   | AHO | ineq=not_in_use | mu=3.32e-04 eta=6.65e-04 sigma=0.00e+00 | err c/p/d=6.67e-05/2.32e-02/4.81e-02 | ok=Cpd | rmax X/Y/Z/T=4/2/4/-
it 008 | main   | AHO | ineq=not_in_use | mu=3.32e-04 eta=6.65e-04 sigma=0.00e+00 | err c/p/d=6.86e-05/1.16e-03/2.41e-03 | ok=Cpd | rmax X/Y/Z/T=4/2/4/-
it 009 | finish | AHO | ineq=not_in_use | mu=3.32e-04 eta=6.65e-04 sigma=0.00e+00 | err c/p/d=6.87e-05/5.80e-05/1.20e-04 | ok=CPD | rmax X/Y/Z/T=4/2/4/-
it 010 | finish | AHO | ineq=not_in_use | mu=2.05e-05 eta=1.00e-04 sigma=0.00e+00 | err c/p/d=3.75e-06/3.28e-06/2.19e-05 | ok=CPD | rmax X/Y/Z/T=4/2/4/-
it 011 | finish | AHO | ineq=not_in_use | mu=1.02e-06 eta=1.00e-04 sigma=0.00e+00 | err c/p/d=1.86e-07/1.64e-07/7.85e-07 | ok=CPD | rmax X/Y/Z/T=4/2/4/-

	⚠️ Attention: 
	Absolute tolerance already reached: 0.000049 < 0.000100

	==> Full traceback (most recent call last):
Traceback (most recent call last):
  File "/vol/bitbucket/fjk20/projects/Tensor-Train-Interior-Point-Method/psd_system/max_stable_set/../../src/tt_ipm.py", line 762, in _tt_ipm_newton_step
    Delta_tt, _ = solver(
                  ~~~~~~^
        lhs_pred_tt,
        ^^^^^^^^^^^^
    ...<5 lines>...
        strict_first_attempt=status.aho_direction,
        ^^^^^^^^^^^^^^^^^^^^^^^^^^^^^^^^^^^^^^^^^^
    )
    ^
  File "/vol/bitbucket/fjk20/projects/Tensor-Train-Interior-Point-Method/psd_system/max_stable_set/../../src/tt_ipm.py", line 1198, in <lambda>
    solver_eq = lambda lhs, rhs, x0, nwsp, restriction, termination_tol, strict_first_attempt=False: tt_restarted_block_amen(
                                                                                                     ~~~~~~~~~~~~~~~~~~~~~~~^
        lhs,
        ^^^^
    ...<9 lines>...
        strict_first_attempt=strict_first_attempt
        ^^^^^^^^^^^^^^^^^^^^^^^^^^^^^^^^^^^^^^^^^
    )
    ^
  File "/vol/bitbucket/fjk20/projects/Tensor-Train-Interior-Point-Method/psd_system/max_stable_set/../../src/tt_als.py", line 782, in tt_restarted_block_amen
    raise RuntimeError(f"\n\tAbsolute tolerance already reached: {orig_rhs_norm:4f} < {op_tol:4f}")
RuntimeError: 
	Absolute tolerance already reached: 0.000049 < 0.000100
---Terminated---
Terminated in 12 iterations.
Ranks: X=[3, 3, 3, 3, 3, 4, 4, 4, 4, 3], Z=[3, 3, 3, 3, 3, 4, 4, 4, 4, 3], Y=[2, 2, 2, 2, 2, 2, 2, 2, 2, 2], T=[0, 0, 0, 0, 0, 0, 0, 0, 0, 0]
Run accepted after 12 iterations. Compl Slackness: 2.0960e-03. Feasibility error: 4.3143e-13. Dual Feasibility error: 9.8936e-12.
Run accepted in 51.04s. Memory: 414.23 MB.
Running seed 592
Creating Problem...
===Terminated Graph Sampling=== rank:  [1, 1, 1, 1, 1, 1, 1, 1, 1, 1]
it 000 | main   | XZ  | ineq=not_in_use | mu=4.00e+00 eta=1.00e-03 sigma=5.00e-01 | err c/p/d=5.71e-01/1.02e+03/2.27e+01 | ok=cpd | rmax X/Y/Z/T=1/1/1/-
it 001 | main   | XZ  | ineq=not_in_use | mu=8.38e-01 eta=1.00e-03 sigma=9.27e-02 | err c/p/d=9.62e-02/2.08e+02/6.84e+00 | ok=cpd | rmax X/Y/Z/T=4/2/4/-
it 002 | main   | XZ  | ineq=not_in_use | mu=1.20e-01 eta=1.00e-03 sigma=1.92e-01 | err c/p/d=2.86e-02/2.51e+01/5.80e+00 | ok=cpd | rmax X/Y/Z/T=5/2/4/-
it 003 | main   | AHO | ineq=not_in_use | mu=9.63e-02 eta=1.00e-03 sigma=4.72e-01 | err c/p/d=6.55e-02/1.49e+01/4.76e+00 | ok=cpd | rmax X/Y/Z/T=5/2/4/-
it 004 | main   | AHO | ineq=not_in_use | mu=1.41e-02 eta=1.00e-03 sigma=4.43e-02 | err c/p/d=1.19e-02/1.78e+00/4.04e+00 | ok=cpd | rmax X/Y/Z/T=5/2/4/-
it 005 | main   | AHO | ineq=not_in_use | mu=3.99e-03 eta=1.00e-03 sigma=2.03e-02 | err c/p/d=3.47e-03/2.34e-01/1.25e+00 | ok=cpd | rmax X/Y/Z/T=5/2/4/-
it 006 | main   | AHO | ineq=not_in_use | mu=1.29e-03 eta=1.00e-03 sigma=8.63e-01 | err c/p/d=6.53e-04/1.96e-01/4.34e-01 | ok=cpd | rmax X/Y/Z/T=5/2/4/-
it 007 | main   | AHO | ineq=not_in_use | mu=3.48e-04 eta=6.96e-04 sigma=3.05e-01 | err c/p/d=6.93e-05/3.53e-02/3.18e-01 | ok=Cpd | rmax X/Y/Z/T=5/2/4/-
it 008 | main   | AHO | ineq=not_in_use | mu=3.48e-04 eta=6.96e-04 sigma=0.00e+00 | err c/p/d=7.24e-05/1.76e-03/1.59e-02 | ok=Cpd | rmax X/Y/Z/T=5/2/4/-
it 009 | main   | AHO | ineq=not_in_use | mu=3.48e-04 eta=6.96e-04 sigma=0.00e+00 | err c/p/d=7.25e-05/8.82e-05/7.94e-04 | ok=CPd | rmax X/Y/Z/T=5/2/4/-
it 010 | finish | AHO | ineq=not_in_use | mu=3.48e-04 eta=6.96e-04 sigma=0.00e+00 | err c/p/d=7.25e-05/8.88e-05/3.97e-05 | ok=CPD | rmax X/Y/Z/T=5/2/4/-
it 011 | finish | AHO | ineq=not_in_use | mu=2.07e-05 eta=1.00e-04 sigma=0.00e+00 | err c/p/d=3.78e-06/2.87e-05/7.60e-06 | ok=CPD | rmax X/Y/Z/T=5/2/4/-
it 012 | finish | AHO | ineq=not_in_use | mu=1.90e-06 eta=1.00e-04 sigma=0.00e+00 | err c/p/d=3.45e-07/2.97e-04/9.16e-08 | ok=CPD | rmax X/Y/Z/T=6/2/4/-
it 013 | finish | AHO | ineq=not_in_use | mu=9.70e-06 eta=1.00e-04 sigma=0.00e+00 | err c/p/d=1.76e-06/3.30e-03/1.36e-05 | ok=CpD | rmax X/Y/Z/T=9/2/4/-
it 014 | finish | AHO | ineq=not_in_use | mu=1.01e-05 eta=1.00e-04 sigma=0.00e+00 | err c/p/d=1.83e-06/3.42e-03/1.72e-04 | ok=CpD | rmax X/Y/Z/T=15/10/14/-
it 015 | finish | AHO | ineq=not_in_use | mu=2.43e-06 eta=1.00e-04 sigma=0.00e+00 | err c/p/d=4.43e-07/8.22e-04/2.00e-04 | ok=CpD | rmax X/Y/Z/T=17/19/25/-
---Terminated---
Terminated in 15 iterations.
Ranks: X=[5, 6, 6, 6, 17, 17, 6, 6, 6, 5], Z=[4, 10, 19, 24, 25, 18, 12, 8, 5, 4], Y=[2, 7, 12, 19, 17, 13, 8, 5, 3, 3], T=[0, 0, 0, 0, 0, 0, 0, 0, 0, 0]
Run terminated after 15 iterations. Compl Slackness: 4.9866e-03. Feasibility error: 1.0800e-05. Dual Feasibility error: 6.3784e-07.
Run terminated in 471.95s. Memory: 2323.05 MB.
Seed 592 terminated (feasibility error: 1.08e-05, dual feasibility error: 6.38e-07, slackness: 4.99e-03). Suggesting a new seed.
New seed suggested: 856
Creating Problem...
===Terminated Graph Sampling=== rank:  [1, 1, 1, 1, 1, 1, 1, 1, 1, 1]
it 000 | main   | XZ  | ineq=not_in_use | mu=4.00e+00 eta=1.00e-03 sigma=5.00e-01 | err c/p/d=5.71e-01/1.02e+03/2.27e+01 | ok=cpd | rmax X/Y/Z/T=1/1/1/-
it 001 | main   | XZ  | ineq=not_in_use | mu=6.12e-01 eta=1.00e-03 sigma=8.62e-02 | err c/p/d=6.52e-02/1.52e+02/8.08e+00 | ok=cpd | rmax X/Y/Z/T=4/2/4/-
it 002 | main   | XZ  | ineq=not_in_use | mu=2.68e-01 eta=1.00e-03 sigma=4.90e-01 | err c/p/d=2.52e-02/5.65e+01/2.10e+00 | ok=cpd | rmax X/Y/Z/T=6/2/4/-
it 003 | main   | AHO | ineq=not_in_use | mu=2.46e-01 eta=1.00e-03 sigma=5.79e-01 | err c/p/d=5.03e-02/4.19e+01/2.66e-01 | ok=cpd | rmax X/Y/Z/T=6/2/4/-
it 004 | main   | AHO | ineq=not_in_use | mu=1.25e-01 eta=1.00e-03 sigma=1.84e-01 | err c/p/d=6.49e-02/1.87e+01/2.21e-01 | ok=cpd | rmax X/Y/Z/T=6/2/4/-
it 005 | main   | AHO | ineq=not_in_use | mu=1.17e-02 eta=1.00e-03 sigma=4.73e-02 | err c/p/d=1.04e-02/1.19e+00/1.88e-01 | ok=cpd | rmax X/Y/Z/T=6/2/4/-
it 006 | main   | AHO | ineq=not_in_use | mu=5.44e-03 eta=1.00e-03 sigma=7.32e-01 | err c/p/d=4.58e-03/4.39e-01/1.57e-01 | ok=cpd | rmax X/Y/Z/T=6/2/4/-
it 007 | main   | AHO | ineq=not_in_use | mu=3.87e-03 eta=1.00e-03 sigma=5.71e-01 | err c/p/d=1.06e-03/3.16e-01/1.38e-01 | ok=cpd | rmax X/Y/Z/T=6/2/4/-
it 008 | main   | AHO | ineq=not_in_use | mu=3.60e-04 eta=7.21e-04 sigma=2.27e-01 | err c/p/d=5.20e-05/1.62e-02/2.13e-02 | ok=Cpd | rmax X/Y/Z/T=6/2/4/-
it 009 | main   | AHO | ineq=not_in_use | mu=3.60e-04 eta=7.21e-04 sigma=0.00e+00 | err c/p/d=5.10e-05/8.10e-04/1.07e-03 | ok=Cpd | rmax X/Y/Z/T=6/2/4/-
it 010 | finish | AHO | ineq=not_in_use | mu=3.60e-04 eta=7.21e-04 sigma=0.00e+00 | err c/p/d=5.10e-05/4.05e-05/5.33e-05 | ok=CPD | rmax X/Y/Z/T=6/2/4/-
it 011 | finish | AHO | ineq=not_in_use | mu=2.24e-05 eta=1.00e-04 sigma=0.00e+00 | err c/p/d=2.91e-06/1.91e-06/6.99e-06 | ok=CPD | rmax X/Y/Z/T=6/2/4/-
it 012 | finish | AHO | ineq=not_in_use | mu=1.19e-06 eta=1.00e-04 sigma=0.00e+00 | err c/p/d=1.54e-07/1.59e-05/2.47e-05 | ok=CPD | rmax X/Y/Z/T=6/2/4/-
it 013 | finish | AHO | ineq=not_in_use | mu=2.53e-06 eta=1.00e-04 sigma=0.00e+00 | err c/p/d=3.27e-07/5.63e-04/3.70e-05 | ok=CPD | rmax X/Y/Z/T=6/4/6/-
it 014 | finish | AHO | ineq=not_in_use | mu=1.01e-05 eta=1.00e-04 sigma=0.00e+00 | err c/p/d=1.31e-06/2.31e-03/8.13e-05 | ok=CpD | rmax X/Y/Z/T=7/5/8/-
it 015 | finish | AHO | ineq=not_in_use | mu=9.44e-06 eta=1.00e-04 sigma=0.00e+00 | err c/p/d=1.22e-06/2.14e-03/1.51e-04 | ok=CpD | rmax X/Y/Z/T=14/11/17/-
---Terminated---
Terminated in 15 iterations.
Ranks: X=[5, 6, 11, 14, 14, 14, 14, 14, 6, 5], Z=[4, 5, 8, 12, 17, 16, 13, 7, 7, 4], Y=[2, 3, 6, 8, 11, 11, 9, 4, 3, 2], T=[0, 0, 0, 0, 0, 0, 0, 0, 0, 0]
Run terminated after 15 iterations. Compl Slackness: 1.9326e-02. Feasibility error: 7.3561e-05. Dual Feasibility error: 3.6576e-07.
Run terminated in 603.37s. Memory: 1138.59 MB.
Rerun with new seed 856 terminated. Feasibility error: 7.36e-05, dual feasibility error: 3.66e-07, slackness: 1.93e-02
Seed 856 terminated (feasibility error: 7.36e-05, dual feasibility error: 3.66e-07, slackness: 1.93e-02). Suggesting a new seed.
New seed suggested: 622
Creating Problem...
===Terminated Graph Sampling=== rank:  [1, 1, 1, 1, 1, 1, 1, 1, 1, 1]
it 000 | main   | XZ  | ineq=not_in_use | mu=4.00e+00 eta=1.00e-03 sigma=5.00e-01 | err c/p/d=5.71e-01/1.02e+03/2.27e+01 | ok=cpd | rmax X/Y/Z/T=1/1/1/-
it 001 | main   | XZ  | ineq=not_in_use | mu=1.45e+00 eta=1.00e-03 sigma=2.06e-01 | err c/p/d=1.94e-01/3.41e+02/2.34e+00 | ok=cpd | rmax X/Y/Z/T=4/2/4/-
it 002 | main   | XZ  | ineq=not_in_use | mu=1.48e-01 eta=1.00e-03 sigma=1.28e-02 | err c/p/d=6.37e-02/3.38e+01/1.99e+00 | ok=cpd | rmax X/Y/Z/T=4/2/4/-
it 003 | main   | AHO | ineq=not_in_use | mu=2.36e-02 eta=1.00e-03 sigma=3.67e-02 | err c/p/d=2.14e-02/4.91e+00/1.68e+00 | ok=cpd | rmax X/Y/Z/T=4/2/4/-
it 004 | main   | AHO | ineq=not_in_use | mu=3.43e-03 eta=1.00e-03 sigma=1.62e-02 | err c/p/d=3.23e-03/3.50e-01/6.09e-01 | ok=cpd | rmax X/Y/Z/T=4/2/4/-
it 005 | main   | AHO | ineq=not_in_use | mu=9.54e-04 eta=1.00e-03 sigma=5.86e-01 | err c/p/d=1.89e-04/6.73e-03/5.20e-01 | ok=cpd | rmax X/Y/Z/T=4/2/4/-
it 006 | main   | AHO | ineq=not_in_use | mu=1.05e-04 eta=2.10e-04 sigma=6.98e-03 | err c/p/d=1.94e-05/3.91e-04/6.21e-02 | ok=CPd | rmax X/Y/Z/T=4/2/4/-
it 007 | main   | AHO | ineq=not_in_use | mu=1.05e-04 eta=2.10e-04 sigma=0.00e+00 | err c/p/d=1.94e-05/3.91e-04/3.11e-03 | ok=CPd | rmax X/Y/Z/T=4/2/4/-
it 008 | finish | AHO | ineq=not_in_use | mu=1.05e-04 eta=2.10e-04 sigma=0.00e+00 | err c/p/d=1.94e-05/3.91e-04/1.55e-04 | ok=CPD | rmax X/Y/Z/T=4/2/4/-
it 009 | finish | AHO | ineq=not_in_use | mu=6.42e-06 eta=1.00e-04 sigma=0.00e+00 | err c/p/d=1.17e-06/2.00e-05/1.10e-05 | ok=CPD | rmax X/Y/Z/T=4/2/4/-
it 010 | finish | AHO | ineq=not_in_use | mu=8.70e-06 eta=1.00e-04 sigma=0.00e+00 | err c/p/d=1.58e-06/2.86e-03/3.11e-05 | ok=CpD | rmax X/Y/Z/T=3/2/4/-
it 011 | finish | AHO | ineq=not_in_use | mu=6.51e-07 eta=1.00e-04 sigma=0.00e+00 | err c/p/d=1.18e-07/2.17e-04/9.23e-06 | ok=CPD | rmax X/Y/Z/T=4/4/4/-
it 012 | finish | AHO | ineq=not_in_use | mu=1.45e-06 eta=1.00e-04 sigma=0.00e+00 | err c/p/d=2.64e-07/4.91e-04/1.25e-04 | ok=CPD | rmax X/Y/Z/T=3/4/5/-
it 013 | finish | AHO | ineq=not_in_use | mu=3.25e-06 eta=1.00e-04 sigma=0.00e+00 | err c/p/d=5.91e-07/1.10e-03/1.49e-04 | ok=CpD | rmax X/Y/Z/T=3/8/10/-
---Terminated---
Terminated in 13 iterations.
Ranks: X=[2, 2, 2, 2, 2, 2, 2, 2, 3, 3], Z=[3, 4, 5, 5, 5, 10, 8, 8, 7, 3], Y=[3, 4, 4, 4, 4, 8, 5, 4, 3, 2], T=[0, 0, 0, 0, 0, 0, 0, 0, 0, 0]
Run terminated after 13 iterations. Compl Slackness: 6.6600e-03. Feasibility error: 1.9520e-05. Dual Feasibility error: 3.5439e-07.
Run terminated in 163.83s. Memory: 701.75 MB.
Rerun with new seed 622 terminated. Feasibility error: 1.95e-05, dual feasibility error: 3.54e-07, slackness: 6.66e-03
Seed 622 terminated (feasibility error: 1.95e-05, dual feasibility error: 3.54e-07, slackness: 6.66e-03). Suggesting a new seed.
New seed suggested: 956
Creating Problem...
===Terminated Graph Sampling=== rank:  [1, 1, 1, 1, 1, 1, 1, 1, 1, 1]
it 000 | main   | XZ  | ineq=not_in_use | mu=4.00e+00 eta=1.00e-03 sigma=5.00e-01 | err c/p/d=5.71e-01/1.02e+03/2.27e+01 | ok=cpd | rmax X/Y/Z/T=1/1/1/-
it 001 | main   | XZ  | ineq=not_in_use | mu=6.11e-01 eta=1.00e-03 sigma=8.58e-02 | err c/p/d=6.52e-02/1.52e+02/8.08e+00 | ok=cpd | rmax X/Y/Z/T=4/2/4/-
it 002 | main   | XZ  | ineq=not_in_use | mu=1.97e-01 eta=1.00e-03 sigma=4.51e-01 | err c/p/d=1.73e-02/4.27e+01/2.66e+00 | ok=cpd | rmax X/Y/Z/T=7/2/4/-
warn   | step-eig | target=miss | relres=inf > 1.00e-08 | action=keep-reset
it 003 | main   | AHO | ineq=not_in_use | mu=2.42e-01 eta=1.00e-03 sigma=2.98e-01 | err c/p/d=2.13e-02/4.27e+01/2.13e+00 | ok=cpd | rmax X/Y/Z/T=7/2/4/-
warn   | step-eig | target=miss | relres=inf > 1.00e-08 | action=keep-reset
warn   | step-eig | target=miss | relres=inf > 1.00e-08 | action=keep-reset
it 004 | main   | AHO | ineq=not_in_use | mu=2.67e-01 eta=1.00e-03 sigma=9.76e-01 | err c/p/d=2.35e-02/4.27e+01/1.56e+00 | ok=cpd | rmax X/Y/Z/T=7/2/4/-
warn   | step-eig | target=miss | relres=inf > 1.00e-08 | action=keep-reset
it 005 | main   | AHO | ineq=not_in_use | mu=2.71e-01 eta=1.00e-03 sigma=9.90e-01 | err c/p/d=2.39e-02/4.27e+01/1.50e+00 | ok=cpd | rmax X/Y/Z/T=7/2/4/-
warn   | step-eig | target=miss | relres=inf > 1.00e-08 | action=keep-reset
it 006 | main   | AHO | ineq=not_in_use | mu=2.21e-01 eta=1.00e-03 sigma=9.90e-01 | err c/p/d=4.34e-02/3.43e+01/1.49e+00 | ok=cpd | rmax X/Y/Z/T=7/2/4/-
it 007 | main   | AHO | ineq=not_in_use | mu=1.49e-01 eta=1.00e-03 sigma=3.79e-01 | err c/p/d=6.18e-02/2.28e+01/1.49e+00 | ok=cpd | rmax X/Y/Z/T=7/2/4/-
it 008 | main   | AHO | ineq=not_in_use | mu=1.32e-01 eta=1.00e-03 sigma=4.35e-01 | err c/p/d=7.61e-02/1.78e+01/4.37e-01 | ok=cpd | rmax X/Y/Z/T=7/2/4/-
it 009 | main   | AHO | ineq=not_in_use | mu=1.95e-02 eta=1.00e-03 sigma=8.77e-02 | err c/p/d=1.84e-02/2.08e+00/3.70e-01 | ok=cpd | rmax X/Y/Z/T=7/2/4/-
it 010 | main   | AHO | ineq=not_in_use | mu=2.95e-03 eta=1.00e-03 sigma=3.90e-01 | err c/p/d=2.71e-03/1.70e-01/1.98e-01 | ok=cpd | rmax X/Y/Z/T=7/2/4/-
it 011 | main   | AHO | ineq=not_in_use | mu=3.30e-03 eta=1.00e-03 sigma=9.62e-01 | err c/p/d=2.06e-03/2.38e-02/1.87e-01 | ok=cpd | rmax X/Y/Z/T=7/2/4/-
warn   | step-eig | target=miss | relres=inf > 1.00e-08 | action=keep-reset
it 012 | main   | AHO | ineq=not_in_use | mu=2.93e-03 eta=1.00e-03 sigma=8.36e-01 | err c/p/d=1.83e-03/2.38e-02/1.32e-01 | ok=cpd | rmax X/Y/Z/T=7/2/4/-
warn   | step-eig | target=miss | relres=inf > 1.00e-08 | action=keep-reset
it 013 | main   | AHO | ineq=not_in_use | mu=3.71e-04 eta=7.43e-04 sigma=7.96e-01 | err c/p/d=5.20e-05/1.20e-02/1.32e-01 | ok=Cpd | rmax X/Y/Z/T=7/2/4/-
warn   | step-eig | target=miss | relres=inf > 1.00e-08 | action=keep-reset
it 014 | main   | AHO | ineq=not_in_use | mu=3.73e-04 eta=7.43e-04 sigma=0.00e+00 | err c/p/d=5.30e-05/1.20e-03/1.32e-01 | ok=Cpd | rmax X/Y/Z/T=7/2/4/-
warn   | step-eig | target=miss | relres=inf > 1.00e-08 | action=keep-reset
it 015 | main   | AHO | ineq=not_in_use | mu=3.75e-04 eta=7.43e-04 sigma=0.00e+00 | err c/p/d=5.33e-05/1.20e-04/1.32e-01 | ok=CPd | rmax X/Y/Z/T=7/2/4/-
it 016 | main   | AHO | ineq=not_in_use | mu=3.75e-04 eta=7.43e-04 sigma=0.00e+00 | err c/p/d=5.34e-05/1.20e-04/6.60e-03 | ok=CPd | rmax X/Y/Z/T=7/2/4/-
it 017 | finish | AHO | ineq=not_in_use | mu=3.75e-04 eta=7.43e-04 sigma=0.00e+00 | err c/p/d=5.34e-05/1.20e-04/3.30e-04 | ok=CPD | rmax X/Y/Z/T=7/2/4/-
it 018 | finish | AHO | ineq=not_in_use | mu=2.75e-05 eta=1.00e-04 sigma=0.00e+00 | err c/p/d=3.58e-06/7.52e-06/8.81e-05 | ok=CPD | rmax X/Y/Z/T=7/2/4/-
it 019 | finish | AHO | ineq=not_in_use | mu=1.54e-06 eta=1.00e-04 sigma=0.00e+00 | err c/p/d=1.99e-07/3.65e-06/4.97e-05 | ok=CPD | rmax X/Y/Z/T=7/2/4/-
it 020 | finish | AHO | ineq=not_in_use | mu=2.43e-06 eta=1.00e-04 sigma=0.00e+00 | err c/p/d=3.14e-07/5.34e-04/7.27e-05 | ok=CPD | rmax X/Y/Z/T=6/4/6/-
it 021 | finish | AHO | ineq=not_in_use | mu=8.03e-06 eta=1.00e-04 sigma=0.00e+00 | err c/p/d=1.04e-06/1.82e-03/1.62e-04 | ok=CpD | rmax X/Y/Z/T=6/6/12/-
it 022 | finish | AHO | ineq=not_in_use | mu=1.83e-05 eta=1.00e-04 sigma=0.00e+00 | err c/p/d=2.36e-06/4.17e-03/1.92e-04 | ok=CpD | rmax X/Y/Z/T=11/16/22/-
---Terminated---
Terminated in 22 iterations.
Ranks: X=[2, 2, 5, 11, 11, 11, 8, 5, 5, 5], Z=[4, 6, 9, 12, 21, 22, 16, 10, 6, 4], Y=[3, 5, 6, 8, 14, 16, 12, 8, 3, 2], T=[0, 0, 0, 0, 0, 0, 0, 0, 0, 0]
Run terminated after 22 iterations. Compl Slackness: 3.7521e-02. Feasibility error: 2.7770e-04. Dual Feasibility error: 5.8677e-07.
Run terminated in 574.94s. Memory: 1380.63 MB.
Rerun with new seed 956 terminated. Feasibility error: 2.78e-04, dual feasibility error: 5.87e-07, slackness: 3.75e-02
Seed 956 terminated (feasibility error: 2.78e-04, dual feasibility error: 5.87e-07, slackness: 3.75e-02). Suggesting a new seed.
New seed suggested: 541
Creating Problem...
===Terminated Graph Sampling=== rank:  [1, 1, 1, 1, 1, 1, 1, 1, 1, 1]
it 000 | main   | XZ  | ineq=not_in_use | mu=4.00e+00 eta=1.00e-03 sigma=5.00e-01 | err c/p/d=5.71e-01/1.02e+03/2.27e+01 | ok=cpd | rmax X/Y/Z/T=1/1/1/-
it 001 | main   | XZ  | ineq=not_in_use | mu=1.44e+00 eta=1.00e-03 sigma=2.06e-01 | err c/p/d=1.83e-01/3.41e+02/5.02e+00 | ok=cpd | rmax X/Y/Z/T=4/3/4/-
it 002 | main   | XZ  | ineq=not_in_use | mu=1.82e-01 eta=1.00e-03 sigma=4.88e-01 | err c/p/d=5.37e-02/2.93e+01/4.27e+00 | ok=cpd | rmax X/Y/Z/T=5/3/4/-
it 003 | main   | AHO | ineq=not_in_use | mu=1.43e-01 eta=1.00e-03 sigma=4.52e-01 | err c/p/d=1.11e-01/1.85e+01/1.18e+00 | ok=cpd | rmax X/Y/Z/T=5/3/4/-
it 004 | main   | AHO | ineq=not_in_use | mu=2.28e-02 eta=1.00e-03 sigma=3.61e-02 | err c/p/d=2.11e-02/2.58e+00/9.98e-01 | ok=cpd | rmax X/Y/Z/T=5/3/4/-
it 005 | main   | AHO | ineq=not_in_use | mu=4.70e-03 eta=1.00e-03 sigma=4.36e-01 | err c/p/d=4.54e-03/2.08e-01/8.48e-01 | ok=cpd | rmax X/Y/Z/T=5/3/4/-
it 006 | main   | AHO | ineq=not_in_use | mu=4.02e-03 eta=1.00e-03 sigma=8.83e-01 | err c/p/d=2.52e-03/1.54e-01/7.41e-01 | ok=cpd | rmax X/Y/Z/T=5/3/4/-
it 007 | main   | AHO | ineq=not_in_use | mu=3.95e-03 eta=1.00e-03 sigma=5.96e-01 | err c/p/d=2.17e-03/1.50e-01/7.19e-01 | ok=cpd | rmax X/Y/Z/T=5/3/4/-
it 008 | main   | AHO | ineq=not_in_use | mu=3.94e-03 eta=1.00e-03 sigma=6.10e-01 | err c/p/d=2.13e-03/1.50e-01/7.16e-01 | ok=cpd | rmax X/Y/Z/T=5/3/4/-
it 009 | main   | AHO | ineq=not_in_use | mu=3.94e-03 eta=1.00e-03 sigma=6.10e-01 | err c/p/d=2.13e-03/1.50e-01/7.16e-01 | ok=cpd | rmax X/Y/Z/T=5/3/4/-
it 010 | main   | AHO | ineq=not_in_use | mu=3.94e-03 eta=1.00e-03 sigma=6.10e-01 | err c/p/d=2.13e-03/1.50e-01/7.16e-01 | ok=cpd | rmax X/Y/Z/T=5/3/4/-
warn   | step-eig | target=miss | relres=inf > 1.00e-08 | action=keep-reset
============================================
 Hit PSD boundary! Entering finishing phase.
============================================
it 011 | finish | AHO | ineq=not_in_use | mu=3.94e-03 eta=1.00e-03 sigma=6.10e-01 | err c/p/d=2.13e-03/1.50e-01/7.16e-01 | ok=cpd | rmax X/Y/Z/T=5/3/4/-
it 012 | finish | AHO | ineq=not_in_use | mu=2.33e-03 eta=1.00e-03 sigma=0.00e+00 | err c/p/d=5.93e-04/7.74e-02/6.05e-01 | ok=cpd | rmax X/Y/Z/T=5/3/4/-
it 013 | finish | AHO | ineq=not_in_use | mu=1.49e-04 eta=2.98e-04 sigma=0.00e+00 | err c/p/d=1.98e-05/6.02e-03/3.56e-01 | ok=Cpd | rmax X/Y/Z/T=5/3/4/-
it 014 | finish | AHO | ineq=not_in_use | mu=5.73e-06 eta=1.00e-04 sigma=0.00e+00 | err c/p/d=7.40e-07/3.13e-04/1.84e-02 | ok=CPd | rmax X/Y/Z/T=5/4/6/-
it 015 | finish | AHO | ineq=not_in_use | mu=1.82e-05 eta=1.00e-04 sigma=0.00e+00 | err c/p/d=2.35e-06/2.71e-03/1.14e-03 | ok=Cpd | rmax X/Y/Z/T=5/30/40/-
it 016 | finish | AHO | ineq=not_in_use | mu=2.89e-06 eta=1.00e-04 sigma=0.00e+00 | err c/p/d=3.73e-07/4.32e-04/1.97e-04 | ok=CPD | rmax X/Y/Z/T=5/36/43/-
---Terminated---
Terminated in 16 iterations.
Ranks: X=[3, 3, 3, 3, 3, 3, 3, 3, 3, 5], Z=[5, 10, 15, 21, 30, 43, 38, 15, 6, 4], Y=[4, 9, 12, 15, 23, 36, 34, 13, 4, 2], T=[0, 0, 0, 0, 0, 0, 0, 0, 0, 0]
Run terminated after 16 iterations. Compl Slackness: 5.9188e-03. Feasibility error: 2.9879e-06. Dual Feasibility error: 6.2331e-07.
Run terminated in 1053.04s. Memory: 4496.00 MB.
Rerun with new seed 541 terminated. Feasibility error: 2.99e-06, dual feasibility error: 6.23e-07, slackness: 5.92e-03
Seed 541 terminated (feasibility error: 2.99e-06, dual feasibility error: 6.23e-07, slackness: 5.92e-03). Suggesting a new seed.
New seed suggested: 306
Creating Problem...
===Terminated Graph Sampling=== rank:  [1, 1, 1, 1, 1, 1, 1, 1, 1, 1]
it 000 | main   | XZ  | ineq=not_in_use | mu=4.00e+00 eta=1.00e-03 sigma=5.00e-01 | err c/p/d=5.71e-01/1.02e+03/2.27e+01 | ok=cpd | rmax X/Y/Z/T=1/1/1/-
it 001 | main   | XZ  | ineq=not_in_use | mu=8.38e-01 eta=1.00e-03 sigma=9.26e-02 | err c/p/d=9.62e-02/2.08e+02/6.84e+00 | ok=cpd | rmax X/Y/Z/T=4/2/4/-
it 002 | main   | XZ  | ineq=not_in_use | mu=1.21e-01 eta=1.00e-03 sigma=1.92e-01 | err c/p/d=2.87e-02/2.51e+01/5.80e+00 | ok=cpd | rmax X/Y/Z/T=5/2/4/-
it 003 | main   | AHO | ineq=not_in_use | mu=9.66e-02 eta=1.00e-03 sigma=4.73e-01 | err c/p/d=6.58e-02/1.50e+01/4.76e+00 | ok=cpd | rmax X/Y/Z/T=5/2/4/-
it 004 | main   | AHO | ineq=not_in_use | mu=1.42e-02 eta=1.00e-03 sigma=4.41e-02 | err c/p/d=1.19e-02/1.79e+00/4.04e+00 | ok=cpd | rmax X/Y/Z/T=5/2/4/-
it 005 | main   | AHO | ineq=not_in_use | mu=3.99e-03 eta=1.00e-03 sigma=2.02e-02 | err c/p/d=3.48e-03/2.32e-01/1.27e+00 | ok=cpd | rmax X/Y/Z/T=5/2/4/-
it 006 | main   | AHO | ineq=not_in_use | mu=1.23e-03 eta=1.00e-03 sigma=8.64e-01 | err c/p/d=6.28e-04/1.95e-01/3.29e-01 | ok=cpd | rmax X/Y/Z/T=5/2/4/-
it 007 | main   | AHO | ineq=not_in_use | mu=1.95e-04 eta=3.89e-04 sigma=2.20e-01 | err c/p/d=3.70e-05/2.38e-02/2.58e-01 | ok=Cpd | rmax X/Y/Z/T=5/2/4/-
warn   | step-eig | target=miss | relres=inf > 1.00e-08 | action=keep-reset
it 008 | main   | AHO | ineq=not_in_use | mu=1.96e-04 eta=3.89e-04 sigma=0.00e+00 | err c/p/d=3.82e-05/2.38e-03/2.58e-01 | ok=Cpd | rmax X/Y/Z/T=5/2/4/-
warn   | step-eig | target=miss | relres=inf > 1.00e-08 | action=keep-reset
it 009 | main   | AHO | ineq=not_in_use | mu=1.98e-04 eta=3.89e-04 sigma=0.00e+00 | err c/p/d=3.87e-05/2.38e-04/2.58e-01 | ok=CPd | rmax X/Y/Z/T=5/2/4/-
warn   | step-eig | target=miss | relres=inf > 1.00e-08 | action=keep-reset
it 010 | main   | AHO | ineq=not_in_use | mu=2.00e-04 eta=3.89e-04 sigma=0.00e+00 | err c/p/d=3.91e-05/2.38e-04/2.58e-01 | ok=CPd | rmax X/Y/Z/T=5/2/4/-
warn   | step-eig | target=miss | relres=inf > 1.00e-08 | action=keep-reset
it 011 | finish | AHO | ineq=not_in_use | mu=2.02e-04 eta=3.89e-04 sigma=0.00e+00 | err c/p/d=3.95e-05/2.38e-04/2.58e-01 | ok=CPd | rmax X/Y/Z/T=5/2/4/-
warn   | step-eig | target=miss | relres=inf > 1.00e-08 | action=keep-reset
it 012 | finish | AHO | ineq=not_in_use | mu=2.95e-05 eta=1.00e-04 sigma=0.00e+00 | err c/p/d=5.40e-06/2.41e-05/2.58e-01 | ok=CPd | rmax X/Y/Z/T=5/2/4/-
it 013 | finish | AHO | ineq=not_in_use | mu=1.73e-06 eta=1.00e-04 sigma=0.00e+00 | err c/p/d=3.14e-07/1.31e-05/1.29e-02 | ok=CPd | rmax X/Y/Z/T=5/2/4/-
it 014 | finish | AHO | ineq=not_in_use | mu=1.14e-05 eta=1.00e-04 sigma=0.00e+00 | err c/p/d=2.07e-06/3.86e-03/5.46e-04 | ok=CpD | rmax X/Y/Z/T=5/2/4/-
it 015 | finish | AHO | ineq=not_in_use | mu=1.70e-05 eta=1.00e-04 sigma=0.00e+00 | err c/p/d=3.10e-06/5.81e-03/1.82e-04 | ok=CpD | rmax X/Y/Z/T=16/24/37/-
