000 (769.000.000) 06/02 14:10:23 Job submitted from host: <146.169.22.28:9618?addrs=146.169.22.28-9618+[2a0c-5bc0-80-110-494d-1845-2a15-2cd8]-9618&noUDP&sock=7662_6323_3>
...
001 (769.000.000) 06/02 14:11:03 Job executing on host: <146.169.52.20:9618?addrs=146.169.52.20-9618+[2a0c-5bc0-40-11c4-7822-efe-ec4a-e503]-9618&noUDP&sock=55983_92f7_4>
...
006 (769.000.000) 06/02 14:11:12 Image size of job updated: 4
	6  -  MemoryUsage of job (MB)
	5160  -  ResidentSetSize of job (KB)
...
006 (769.000.000) 06/02 14:16:13 Image size of job updated: 9649860
	939  -  MemoryUsage of job (MB)
	960716  -  ResidentSetSize of job (KB)
...
006 (769.000.000) 06/02 14:21:13 Image size of job updated: 9689808
	939  -  MemoryUsage of job (MB)
	960716  -  ResidentSetSize of job (KB)
...
006 (769.000.000) 06/02 14:26:13 Image size of job updated: 10625644
	1767  -  MemoryUsage of job (MB)
	1808872  -  ResidentSetSize of job (KB)
...
006 (769.000.000) 06/02 14:31:14 Image size of job updated: 10633508
	1767  -  MemoryUsage of job (MB)
	1808872  -  ResidentSetSize of job (KB)
...
006 (769.000.000) 06/02 14:46:15 Image size of job updated: 11454264
	1767  -  MemoryUsage of job (MB)
	1808872  -  ResidentSetSize of job (KB)
...
006 (769.000.000) 06/02 14:51:15 Image size of job updated: 11516164
	2747  -  MemoryUsage of job (MB)
	2812776  -  ResidentSetSize of job (KB)
...
006 (769.000.000) 06/02 14:56:15 Image size of job updated: 11531192
	2747  -  MemoryUsage of job (MB)
	2812776  -  ResidentSetSize of job (KB)
...
010 (769.000.000) 06/02 14:57:37 Job was suspended.
	Number of processes actually suspended: 7
...
011 (769.000.000) 06/02 15:03:42 Job was unsuspended.
...
004 (769.000.000) 06/02 15:04:42 Job was evicted.
	(0) Job was not checkpointed.
		Usr 0 06:40:33, Sys 0 00:05:18  -  Run Remote Usage
		Usr 0 00:00:00, Sys 0 00:00:00  -  Run Local Usage
	0  -  Run Bytes Sent By Job
	0  -  Run Bytes Received By Job
	Partitionable Resources :    Usage  Request Allocated 
	   Cpus                 :     9.49       16        24 
	   Disk (KB)            :     4           4   5812764 
	   Gpus                 :                           0 
	   Memory (MB)          :  2747           1     15626 
...
001 (769.000.000) 06/02 15:05:05 Job executing on host: <146.169.52.2:9618?addrs=146.169.52.2-9618+[2a0c-5bc0-40-11c4-4128-2e6e-e43a-acea]-9618&noUDP&sock=55866_5263_4>
...
006 (769.000.000) 06/02 16:40:23 Image size of job updated: 12500000
	3244  -  MemoryUsage of job (MB)
	3321080  -  ResidentSetSize of job (KB)
...
004 (769.000.000) 06/02 16:49:52 Job was evicted.
	(0) Job was not checkpointed.
		Usr 0 15:34:30, Sys 0 00:10:53  -  Run Remote Usage
		Usr 0 00:00:00, Sys 0 00:00:00  -  Run Local Usage
	0  -  Run Bytes Sent By Job
	0  -  Run Bytes Received By Job
	Partitionable Resources :    Usage  Request Allocated 
	   Cpus                 :     9.27       16        24 
	   Disk (KB)            :     4           4   5755912 
	   Gpus                 :                           0 
	   Memory (MB)          :  3244        2930     15626 
...
009 (769.000.000) 06/02 16:49:52 Job was aborted by the user.
	via condor_rm (by user fjk20)
...
