000 (770.000.000) 06/02 14:10:27 Job submitted from host: <146.169.22.28:9618?addrs=146.169.22.28-9618+[2a0c-5bc0-80-110-494d-1845-2a15-2cd8]-9618&noUDP&sock=7662_6323_3>
...
001 (770.000.000) 06/02 14:11:03 Job executing on host: <146.169.52.14:9618?addrs=146.169.52.14-9618+[2a0c-5bc0-40-11c4-13fb-972f-476b-e9ae]-9618&noUDP&sock=55199_d0b7_4>
...
006 (770.000.000) 06/02 14:11:12 Image size of job updated: 4
	6  -  MemoryUsage of job (MB)
	5212  -  ResidentSetSize of job (KB)
...
006 (770.000.000) 06/02 14:16:13 Image size of job updated: 9797092
	428  -  MemoryUsage of job (MB)
	437896  -  ResidentSetSize of job (KB)
...
010 (770.000.000) 06/02 14:21:02 Job was suspended.
	Number of processes actually suspended: 7
...
006 (770.000.000) 06/02 14:21:02 Image size of job updated: 9805804
	598  -  MemoryUsage of job (MB)
	611648  -  ResidentSetSize of job (KB)
...
011 (770.000.000) 06/02 14:26:19 Job was unsuspended.
...
010 (770.000.000) 06/02 14:26:49 Job was suspended.
	Number of processes actually suspended: 7
...
006 (770.000.000) 06/02 14:26:49 Image size of job updated: 9805804
	1072  -  MemoryUsage of job (MB)
	1097004  -  ResidentSetSize of job (KB)
...
011 (770.000.000) 06/02 14:32:50 Job was unsuspended.
...
004 (770.000.000) 06/02 14:33:50 Job was evicted.
	(0) Job was not checkpointed.
		Usr 0 01:24:13, Sys 0 00:01:33  -  Run Remote Usage
		Usr 0 00:00:00, Sys 0 00:00:00  -  Run Local Usage
	0  -  Run Bytes Sent By Job
	0  -  Run Bytes Received By Job
	Partitionable Resources :    Usage  Request Allocated 
	   Cpus                 :     3.81       16        24 
	   Disk (KB)            :     4           4   5788752 
	   Gpus                 :                           0 
	   Memory (MB)          :  1072           1     15626 
...
001 (770.000.000) 06/02 14:35:04 Job executing on host: <146.169.52.7:9618?addrs=146.169.52.7-9618+[2a0c-5bc0-40-11c4-c8df-aa93-211e-a5e6]-9618&noUDP&sock=55301_c760_4>
...
006 (770.000.000) 06/02 14:50:13 Image size of job updated: 10000000
	1268  -  MemoryUsage of job (MB)
	1297776  -  ResidentSetSize of job (KB)
...
006 (770.000.000) 06/02 14:55:13 Image size of job updated: 10010056
	1268  -  MemoryUsage of job (MB)
	1297776  -  ResidentSetSize of job (KB)
...
006 (770.000.000) 06/02 15:00:13 Image size of job updated: 10521596
	1927  -  MemoryUsage of job (MB)
	1972924  -  ResidentSetSize of job (KB)
...
006 (770.000.000) 06/02 15:10:15 Image size of job updated: 10681832
	1927  -  MemoryUsage of job (MB)
	1972924  -  ResidentSetSize of job (KB)
...
006 (770.000.000) 06/02 15:15:15 Image size of job updated: 11091768
	2494  -  MemoryUsage of job (MB)
	2553156  -  ResidentSetSize of job (KB)
...
006 (770.000.000) 06/02 15:25:16 Image size of job updated: 11516908
	2494  -  MemoryUsage of job (MB)
	2553156  -  ResidentSetSize of job (KB)
...
006 (770.000.000) 06/02 15:30:16 Image size of job updated: 11524524
	2953  -  MemoryUsage of job (MB)
	3023264  -  ResidentSetSize of job (KB)
...
004 (770.000.000) 06/02 16:49:52 Job was evicted.
	(0) Job was not checkpointed.
		Usr 0 19:04:08, Sys 0 00:14:16  -  Run Remote Usage
		Usr 0 00:00:00, Sys 0 00:00:00  -  Run Local Usage
	0  -  Run Bytes Sent By Job
	0  -  Run Bytes Received By Job
	Partitionable Resources :    Usage  Request Allocated 
	   Cpus                 :     9.67       16        24 
	   Disk (KB)            :     4           4   5810944 
	   Gpus                 :                           0 
	   Memory (MB)          :  2953        1221     15626 
...
009 (770.000.000) 06/02 16:49:52 Job was aborted by the user.
	via condor_rm (by user fjk20)
...
