Running: corr_clust (rank=1)
==== corr_clust TT-IPM Batch Run Started at Tue  2 Jun 14:11:06 BST 2026 ====

▶ Running dim=10 with config=configs/corr_clust_10.yaml at Tue  2 Jun 14:11:06 BST 2026

===== Processing Rank: 1 =====
Running seed 608
Creating Problem for dim=10, rank=1...
===Terminated Graph Sampling=== rank:  [1, 1, 1, 1, 1, 1, 1, 1, 1]
===Terminated Graph Sampling=== rank:  [1, 1, 1, 1, 1, 1, 1, 1, 1]
Actual graph TT-rank: [1, 1, 1, 1, 1, 1, 1, 1, 1]
Obj TT-rank: [2, 2, 2, 2, 2, 2, 2, 2, 2]
it 000 | main   | XZ  | ineq=active   | mu=9.64e-02 eta=1.00e-03 sigma=5.00e-01 | err c/p/d=6.24e-04/1.52e+01/1.66e+01 | ok=cpd | rmax X/Y/Z/T=2/1/1/1
it 001 | main   | XZ  | ineq=active   | mu=1.22e-02 eta=1.00e-03 sigma=1.49e-03 | err c/p/d=5.32e-04/1.56e+00/1.41e+01 | ok=cpd | rmax X/Y/Z/T=5/2/4/2
it 002 | main   | XZ  | ineq=active   | mu=1.48e-03 eta=1.00e-03 sigma=2.28e-02 | err c/p/d=2.09e-04/9.75e-02/5.60e+00 | ok=cpd | rmax X/Y/Z/T=8/2/6/4
it 003 | main   | AHO | ineq=active   | mu=1.73e-04 eta=3.46e-04 sigma=9.45e-03 | err c/p/d=1.97e-05/8.31e-02/1.12e+00 | ok=Cpd | rmax X/Y/Z/T=10/2/6/4
it 004 | main   | AHO | ineq=active   | mu=1.72e-04 eta=3.44e-04 sigma=0.00e+00 | err c/p/d=2.13e-05/4.44e-03/5.63e-02 | ok=Cpd | rmax X/Y/Z/T=10/2/6/4
it 005 | main   | AHO | ineq=active   | mu=1.72e-04 eta=3.44e-04 sigma=0.00e+00 | err c/p/d=2.14e-05/3.88e-04/2.93e-03 | ok=CPd | rmax X/Y/Z/T=10/2/6/4
it 006 | finish | AHO | ineq=active   | mu=1.72e-04 eta=3.44e-04 sigma=0.00e+00 | err c/p/d=2.14e-05/4.04e-04/1.56e-04 | ok=CPD | rmax X/Y/Z/T=10/2/6/4
it 007 | finish | AHO | ineq=active   | mu=6.00e-05 eta=1.20e-04 sigma=0.00e+00 | err c/p/d=7.35e-06/4.18e-04/1.49e-03 | ok=CPd | rmax X/Y/Z/T=13/2/8/5
it 008 | finish | AHO | ineq=active   | mu=5.28e-05 eta=1.06e-04 sigma=0.00e+00 | err c/p/d=6.42e-06/3.63e-04/1.76e-03 | ok=CPd | rmax X/Y/Z/T=14/2/7/5
it 009 | finish | AHO | ineq=active   | mu=3.81e-05 eta=1.00e-04 sigma=0.00e+00 | err c/p/d=4.34e-06/1.40e-04/1.96e-03 | ok=CPd | rmax X/Y/Z/T=17/2/7/5
it 010 | finish | AHO | ineq=active   | mu=1.01e-05 eta=1.00e-04 sigma=0.00e+00 | err c/p/d=1.11e-06/8.70e-05/5.52e-04 | ok=CPD | rmax X/Y/Z/T=17/3/10/7
it 011 | finish | AHO | ineq=active   | mu=4.75e-07 eta=1.00e-04 sigma=0.00e+00 | err c/p/d=5.28e-08/8.25e-05/4.51e-04 | ok=CPD | rmax X/Y/Z/T=18/3/9/6
it 012 | finish | AHO | ineq=active   | mu=4.17e-08 eta=1.00e-04 sigma=0.00e+00 | err c/p/d=4.63e-09/8.49e-05/3.68e-04 | ok=CPD | rmax X/Y/Z/T=27/3/7/4
it 013 | finish | AHO | ineq=active   | mu=3.86e-08 eta=1.00e-04 sigma=0.00e+00 | err c/p/d=4.29e-09/9.07e-05/7.14e-04 | ok=CPD | rmax X/Y/Z/T=34/2/5/4
it 014 | finish | AHO | ineq=active   | mu=2.39e-08 eta=1.00e-04 sigma=0.00e+00 | err c/p/d=2.65e-09/9.90e-05/5.05e-04 | ok=CPD | rmax X/Y/Z/T=41/2/4/2
it 015 | finish | AHO | ineq=active   | mu=1.56e-08 eta=1.00e-04 sigma=0.00e+00 | err c/p/d=1.74e-09/8.95e-05/3.21e-04 | ok=CPD | rmax X/Y/Z/T=45/2/4/2
---Terminated---
Terminated in 15 iterations.
Ranks: X=[5, 5, 9, 10, 17, 45, 30, 17, 5], Z=[3, 3, 3, 3, 3, 4, 4, 4, 3], Y=[2, 2, 2, 2, 2, 2, 2, 2, 2], T=[2, 2, 2, 2, 2, 2, 2, 2, 2]
Run accepted after 15 iterations. Compl Slackness: 6.1370e-04. Feasibility error: 1.2825e-07. Dual Feasibility error: 1.6514e-06.
Run accepted in 3768.88s. Memory: 7912.41 MB.
Running seed 657
Creating Problem for dim=10, rank=1...
===Terminated Graph Sampling=== rank:  [1, 1, 1, 1, 1, 1, 1, 1, 1]
===Terminated Graph Sampling=== rank:  [1, 1, 1, 1, 1, 1, 1, 1, 1]
Actual graph TT-rank: [1, 1, 1, 1, 1, 1, 1, 1, 1]
Obj TT-rank: [2, 2, 2, 2, 2, 2, 2, 2, 2]
it 000 | main   | XZ  | ineq=active   | mu=2.11e-01 eta=1.00e-03 sigma=5.00e-01 | err c/p/d=1.74e-03/1.53e+01/1.65e+01 | ok=cpd | rmax X/Y/Z/T=2/1/1/1
it 001 | main   | XZ  | ineq=active   | mu=3.89e-02 eta=1.00e-03 sigma=2.03e-03 | err c/p/d=1.50e-03/2.62e+00/1.39e+01 | ok=cpd | rmax X/Y/Z/T=5/2/4/2
it 002 | main   | XZ  | ineq=active   | mu=4.14e-03 eta=1.00e-03 sigma=1.40e-02 | err c/p/d=6.48e-04/1.65e-03/1.07e+01 | ok=cpd | rmax X/Y/Z/T=7/2/6/4
it 003 | main   | AHO | ineq=active   | mu=4.62e-04 eta=9.25e-04 sigma=2.93e-03 | err c/p/d=7.09e-05/1.38e-03/1.18e+00 | ok=Cpd | rmax X/Y/Z/T=7/2/6/4
it 004 | main   | AHO | ineq=active   | mu=4.62e-04 eta=9.25e-04 sigma=0.00e+00 | err c/p/d=7.07e-05/4.60e-05/5.91e-02 | ok=CPd | rmax X/Y/Z/T=7/2/6/4
it 005 | main   | AHO | ineq=active   | mu=4.62e-04 eta=9.25e-04 sigma=0.00e+00 | err c/p/d=7.07e-05/4.47e-05/2.96e-03 | ok=CPd | rmax X/Y/Z/T=7/2/6/4
it 006 | finish | AHO | ineq=active   | mu=4.62e-04 eta=9.25e-04 sigma=0.00e+00 | err c/p/d=7.07e-05/4.46e-05/1.48e-04 | ok=CPD | rmax X/Y/Z/T=7/2/6/4
it 007 | finish | AHO | ineq=active   | mu=2.23e-04 eta=4.46e-04 sigma=0.00e+00 | err c/p/d=3.36e-05/3.59e-06/7.43e-05 | ok=CPD | rmax X/Y/Z/T=7/2/6/4
it 008 | finish | AHO | ineq=active   | mu=2.04e-04 eta=4.07e-04 sigma=0.00e+00 | err c/p/d=3.03e-05/4.39e-05/7.09e-05 | ok=CPD | rmax X/Y/Z/T=7/2/6/4
it 009 | finish | AHO | ineq=active   | mu=1.60e-04 eta=3.19e-04 sigma=0.00e+00 | err c/p/d=2.19e-05/6.44e-05/6.60e-05 | ok=CPD | rmax X/Y/Z/T=7/2/6/4
it 010 | finish | AHO | ineq=active   | mu=3.37e-05 eta=1.00e-04 sigma=0.00e+00 | err c/p/d=4.63e-06/3.09e-05/1.04e-04 | ok=CPD | rmax X/Y/Z/T=7/2/6/4
it 011 | finish | AHO | ineq=active   | mu=1.71e-06 eta=1.00e-04 sigma=0.00e+00 | err c/p/d=2.36e-07/1.68e-04/6.66e-05 | ok=CPD | rmax X/Y/Z/T=30/2/6/4
it 012 | finish | AHO | ineq=active   | mu=1.30e-07 eta=1.00e-04 sigma=0.00e+00 | err c/p/d=1.79e-08/1.45e-04/1.46e-04 | ok=CPD | rmax X/Y/Z/T=31/2/4/2
it 013 | finish | AHO | ineq=active   | mu=5.17e-08 eta=1.00e-04 sigma=0.00e+00 | err c/p/d=7.11e-09/1.37e-04/2.80e-04 | ok=CPD | rmax X/Y/Z/T=34/1/3/2
