000 (772.000.000) 06/02 14:11:01 Job submitted from host: <146.169.22.28:9618?addrs=146.169.22.28-9618+[2a0c-5bc0-80-110-494d-1845-2a15-2cd8]-9618&noUDP&sock=7662_6323_3>
...
001 (772.000.000) 06/02 14:11:03 Job executing on host: <146.169.53.203:9618?addrs=146.169.53.203-9618+[2a0c-5bc0-40-11c4-14e2-1faa-ab81-4b42]-9618&noUDP&sock=52792_5380_4>
...
006 (772.000.000) 06/02 14:11:12 Image size of job updated: 4
	5  -  MemoryUsage of job (MB)
	5004  -  ResidentSetSize of job (KB)
...
006 (772.000.000) 06/02 14:16:13 Image size of job updated: 11027704
	2729  -  MemoryUsage of job (MB)
	2794000  -  ResidentSetSize of job (KB)
...
006 (772.000.000) 06/02 14:21:13 Image size of job updated: 13081284
	4735  -  MemoryUsage of job (MB)
	4847948  -  ResidentSetSize of job (KB)
...
006 (772.000.000) 06/02 14:26:13 Image size of job updated: 14851108
	6555  -  MemoryUsage of job (MB)
	6711864  -  ResidentSetSize of job (KB)
...
006 (772.000.000) 06/02 14:51:15 Image size of job updated: 15018908
	7305  -  MemoryUsage of job (MB)
	7479528  -  ResidentSetSize of job (KB)
...
006 (772.000.000) 06/02 14:56:15 Image size of job updated: 15740904
	8010  -  MemoryUsage of job (MB)
	8201344  -  ResidentSetSize of job (KB)
...
006 (772.000.000) 06/02 15:41:20 Image size of job updated: 16118580
	8010  -  MemoryUsage of job (MB)
	8201344  -  ResidentSetSize of job (KB)
...
006 (772.000.000) 06/02 15:56:22 Image size of job updated: 17746572
	10098  -  MemoryUsage of job (MB)
	10339724  -  ResidentSetSize of job (KB)
...
006 (772.000.000) 06/02 16:21:24 Image size of job updated: 17795100
	10098  -  MemoryUsage of job (MB)
	10339724  -  ResidentSetSize of job (KB)
...
004 (772.000.000) 06/02 16:49:52 Job was evicted.
	(0) Job was not checkpointed.
		Usr 1 00:12:08, Sys 0 00:13:35  -  Run Remote Usage
		Usr 0 00:00:00, Sys 0 00:00:00  -  Run Local Usage
	0  -  Run Bytes Sent By Job
	0  -  Run Bytes Received By Job
	Partitionable Resources :    Usage  Request Allocated 
	   Cpus                 :    10.62       16        24 
	   Disk (KB)            :     4           4   5807372 
	   Gpus                 :                           0 
	   Memory (MB)          : 10098           1     15626 
...
009 (772.000.000) 06/02 16:49:52 Job was aborted by the user.
	via condor_rm (by user fjk20)
...
