000 (773.000.000) 06/02 14:11:11 Job submitted from host: <146.169.22.28:9618?addrs=146.169.22.28-9618+[2a0c-5bc0-80-110-494d-1845-2a15-2cd8]-9618&noUDP&sock=7662_6323_3>
...
001 (773.000.000) 06/02 14:12:04 Job executing on host: <146.169.52.16:9618?addrs=146.169.52.16-9618+[2a0c-5bc0-40-11c4-8875-a79d-7a99-a3a9]-9618&noUDP&sock=56651_c43b_4>
...
006 (773.000.000) 06/02 14:12:12 Image size of job updated: 4
	5  -  MemoryUsage of job (MB)
	4948  -  ResidentSetSize of job (KB)
...
006 (773.000.000) 06/02 14:17:12 Image size of job updated: 10119800
	965  -  MemoryUsage of job (MB)
	987380  -  ResidentSetSize of job (KB)
...
006 (773.000.000) 06/02 14:22:12 Image size of job updated: 10676008
	1682  -  MemoryUsage of job (MB)
	1721952  -  ResidentSetSize of job (KB)
...
006 (773.000.000) 06/02 14:27:13 Image size of job updated: 11422252
	1682  -  MemoryUsage of job (MB)
	1721952  -  ResidentSetSize of job (KB)
...
006 (773.000.000) 06/02 14:37:13 Image size of job updated: 11540860
	1695  -  MemoryUsage of job (MB)
	1734756  -  ResidentSetSize of job (KB)
...
006 (773.000.000) 06/02 14:42:14 Image size of job updated: 11540860
	2148  -  MemoryUsage of job (MB)
	2198572  -  ResidentSetSize of job (KB)
...
006 (773.000.000) 06/02 14:47:15 Image size of job updated: 11621732
	2148  -  MemoryUsage of job (MB)
	2198572  -  ResidentSetSize of job (KB)
...
006 (773.000.000) 06/02 14:57:16 Image size of job updated: 11621732
	2333  -  MemoryUsage of job (MB)
	2388388  -  ResidentSetSize of job (KB)
...
006 (773.000.000) 06/02 15:17:18 Image size of job updated: 12179800
	3124  -  MemoryUsage of job (MB)
	3198812  -  ResidentSetSize of job (KB)
...
006 (773.000.000) 06/02 16:07:23 Image size of job updated: 12179800
	3454  -  MemoryUsage of job (MB)
	3536124  -  ResidentSetSize of job (KB)
...
010 (773.000.000) 06/02 16:10:31 Job was suspended.
	Number of processes actually suspended: 7
...
011 (773.000.000) 06/02 16:16:32 Job was unsuspended.
...
004 (773.000.000) 06/02 16:17:32 Job was evicted.
	(0) Job was not checkpointed.
		Usr 0 17:59:42, Sys 0 00:15:03  -  Run Remote Usage
		Usr 0 00:00:00, Sys 0 00:00:00  -  Run Local Usage
	0  -  Run Bytes Sent By Job
	0  -  Run Bytes Received By Job
	Partitionable Resources :    Usage  Request Allocated 
	   Cpus                 :     9.04       16        24 
	   Disk (KB)            :     4           4   5812408 
	   Gpus                 :                           0 
	   Memory (MB)          :  3454           1     15626 
...
001 (773.000.000) 06/02 16:18:05 Job executing on host: <146.169.53.189:9618?addrs=146.169.53.189-9618+[2a0c-5bc0-40-11c4-8ea7-defc-be93-aeb]-9618&noUDP&sock=53316_3be2_4>
...
004 (773.000.000) 06/02 16:49:52 Job was evicted.
	(0) Job was not checkpointed.
		Usr 0 04:27:33, Sys 0 00:04:43  -  Run Remote Usage
		Usr 0 00:00:00, Sys 0 00:00:00  -  Run Local Usage
	0  -  Run Bytes Sent By Job
	0  -  Run Bytes Received By Job
	Partitionable Resources :    Usage  Request Allocated 
	   Cpus                 :     9.89       16        24 
	   Disk (KB)            :     4           4   5806380 
	   Gpus                 :                           0 
	   Memory (MB)          :  3663        3663     15626 
...
009 (773.000.000) 06/02 16:49:52 Job was aborted by the user.
	via condor_rm (by user fjk20)
...
