Running: max_stable_set (rank=1)
==== max_stable_set TT-IPM Batch Run Started at Tue  2 Jun 16:50:06 BST 2026 ====

▶ Running dim=11 with config=configs/max_stable_set_11.yaml at Tue  2 Jun 16:50:06 BST 2026

===== Processing Rank: 1 =====
Running seed 994
Creating Problem...
===Terminated Graph Sampling=== rank:  [1, 1, 1, 1, 1, 1, 1, 1, 1, 1]
it 000 | main   | XZ  | ineq=not_in_use | mu=4.00e+00 eta=1.00e-03 sigma=5.00e-01 | err c/p/d=5.71e-01/1.02e+03/2.27e+01 | ok=cpd | rmax X/Y/Z/T=1/1/1/-
it 001 | main   | XZ  | ineq=not_in_use | mu=9.33e-01 eta=1.00e-03 sigma=9.22e-02 | err c/p/d=1.10e-01/2.31e+02/6.21e+00 | ok=cpd | rmax X/Y/Z/T=4/2/4/-
it 002 | main   | XZ  | ineq=not_in_use | mu=8.15e-02 eta=1.00e-03 sigma=1.50e-01 | err c/p/d=2.56e-02/1.73e+01/5.28e+00 | ok=cpd | rmax X/Y/Z/T=4/2/4/-
it 003 | main   | AHO | ineq=not_in_use | mu=4.82e-02 eta=1.00e-03 sigma=3.38e-01 | err c/p/d=4.05e-02/8.36e+00/4.38e+00 | ok=cpd | rmax X/Y/Z/T=4/2/4/-
it 004 | main   | AHO | ineq=not_in_use | mu=7.17e-03 eta=1.00e-03 sigma=4.25e-02 | err c/p/d=6.56e-03/9.05e-01/3.60e+00 | ok=cpd | rmax X/Y/Z/T=4/2/4/-
it 005 | main   | AHO | ineq=not_in_use | mu=4.25e-04 eta=8.50e-04 sigma=3.59e-01 | err c/p/d=3.43e-04/5.78e-01/1.02e+00 | ok=cpd | rmax X/Y/Z/T=4/2/4/-
it 006 | main   | AHO | ineq=not_in_use | mu=3.35e-04 eta=6.70e-04 sigma=6.29e-01 | err c/p/d=4.38e-05/4.64e-01/9.62e-01 | ok=Cpd | rmax X/Y/Z/T=4/2/4/-
it 007 | main   | AHO | ineq=not_in_use | mu=3.32e-04 eta=6.65e-04 sigma=0.00e+00 | err c/p/d=6.67e-05/2.32e-02/4.81e-02 | ok=Cpd | rmax X/Y/Z/T=4/2/4/-
it 008 | main   | AHO | ineq=not_in_use | mu=3.32e-04 eta=6.65e-04 sigma=0.00e+00 | err c/p/d=6.86e-05/1.16e-03/2.41e-03 | ok=Cpd | rmax X/Y/Z/T=4/2/4/-
it 009 | finish | AHO | ineq=not_in_use | mu=3.32e-04 eta=6.65e-04 sigma=0.00e+00 | err c/p/d=6.87e-05/5.80e-05/1.20e-04 | ok=CPD | rmax X/Y/Z/T=4/2/4/-
it 010 | finish | AHO | ineq=not_in_use | mu=2.05e-05 eta=1.00e-04 sigma=0.00e+00 | err c/p/d=3.75e-06/3.28e-06/2.19e-05 | ok=CPD | rmax X/Y/Z/T=4/2/4/-
---Terminated---
Terminated in 10 iterations.
Ranks: X=[3, 3, 3, 3, 3, 4, 4, 4, 4, 3], Z=[3, 3, 3, 3, 3, 4, 4, 4, 4, 3], Y=[2, 2, 2, 2, 2, 2, 2, 2, 2, 2], T=[0, 0, 0, 0, 0, 0, 0, 0, 0, 0]
Run terminated after 10 iterations. Compl Slackness: 4.1919e-02. Feasibility error: 1.7257e-10. Dual Feasibility error: 7.6488e-09.
Run terminated in 38.15s. Memory: 395.22 MB.
Seed 994 terminated (feasibility error: 1.73e-10, dual feasibility error: 7.65e-09, slackness: 4.19e-02). Suggesting a new seed.
New seed suggested: 72
Creating Problem...
===Terminated Graph Sampling=== rank:  [1, 1, 1, 1, 1, 1, 1, 1, 1, 1]
it 000 | main   | XZ  | ineq=not_in_use | mu=4.00e+00 eta=1.00e-03 sigma=5.00e-01 | err c/p/d=5.71e-01/1.02e+03/2.27e+01 | ok=cpd | rmax X/Y/Z/T=1/1/1/-
it 001 | main   | XZ  | ineq=not_in_use | mu=3.44e-01 eta=1.00e-03 sigma=4.47e-02 | err c/p/d=3.53e-02/8.69e+01/8.62e+00 | ok=cpd | rmax X/Y/Z/T=3/1/3/-
it 002 | main   | XZ  | ineq=not_in_use | mu=3.38e-02 eta=1.00e-03 sigma=9.40e-02 | err c/p/d=7.37e-04/1.14e+01/7.26e+00 | ok=cpd | rmax X/Y/Z/T=3/1/3/-
it 003 | main   | AHO | ineq=not_in_use | mu=3.84e-03 eta=1.00e-03 sigma=5.12e-02 | err c/p/d=7.56e-05/4.10e+00/1.56e+00 | ok=Cpd | rmax X/Y/Z/T=3/1/3/-
it 004 | main   | AHO | ineq=not_in_use | mu=3.81e-03 eta=1.00e-03 sigma=0.00e+00 | err c/p/d=8.22e-04/2.05e-01/7.81e-02 | ok=cpd | rmax X/Y/Z/T=3/1/3/-
it 005 | main   | AHO | ineq=not_in_use | mu=3.45e-04 eta=6.91e-04 sigma=8.05e-02 | err c/p/d=3.66e-05/1.10e-02/4.77e-02 | ok=Cpd | rmax X/Y/Z/T=3/1/3/-
it 006 | main   | AHO | ineq=not_in_use | mu=3.45e-04 eta=6.91e-04 sigma=0.00e+00 | err c/p/d=3.71e-05/5.51e-04/2.39e-03 | ok=CPd | rmax X/Y/Z/T=3/1/3/-
it 007 | finish | AHO | ineq=not_in_use | mu=3.45e-04 eta=6.91e-04 sigma=0.00e+00 | err c/p/d=3.71e-05/5.51e-04/1.19e-04 | ok=CPD | rmax X/Y/Z/T=3/1/3/-
it 008 | finish | AHO | ineq=not_in_use | mu=1.73e-05 eta=1.00e-04 sigma=0.00e+00 | err c/p/d=1.73e-06/2.75e-05/5.96e-06 | ok=CPD | rmax X/Y/Z/T=3/1/3/-
---Terminated---
Terminated in 8 iterations.
Ranks: X=[3, 3, 3, 3, 3, 3, 3, 3, 3, 3], Z=[3, 3, 3, 3, 3, 3, 3, 3, 3, 3], Y=[1, 1, 1, 1, 1, 1, 1, 1, 1, 1], T=[0, 0, 0, 0, 0, 0, 0, 0, 0, 0]
Run terminated after 8 iterations. Compl Slackness: 3.5363e-02. Feasibility error: 1.2139e-08. Dual Feasibility error: 5.6935e-10.
Run terminated in 3.51s. Memory: 47.13 MB.
Rerun with new seed 72 terminated. Feasibility error: 1.21e-08, dual feasibility error: 5.69e-10, slackness: 3.54e-02
Seed 72 terminated (feasibility error: 1.21e-08, dual feasibility error: 5.69e-10, slackness: 3.54e-02). Suggesting a new seed.
New seed suggested: 816
Creating Problem...
===Terminated Graph Sampling=== rank:  [1, 1, 1, 1, 1, 1, 1, 1, 1, 1]
it 000 | main   | XZ  | ineq=not_in_use | mu=4.00e+00 eta=1.00e-03 sigma=5.00e-01 | err c/p/d=5.71e-01/1.02e+03/2.27e+01 | ok=cpd | rmax X/Y/Z/T=1/1/1/-
it 001 | main   | XZ  | ineq=not_in_use | mu=3.44e-01 eta=1.00e-03 sigma=4.47e-02 | err c/p/d=3.53e-02/8.69e+01/8.62e+00 | ok=cpd | rmax X/Y/Z/T=3/1/3/-
it 002 | main   | XZ  | ineq=not_in_use | mu=3.38e-02 eta=1.00e-03 sigma=9.40e-02 | err c/p/d=7.37e-04/1.14e+01/7.26e+00 | ok=cpd | rmax X/Y/Z/T=3/1/3/-
it 003 | main   | AHO | ineq=not_in_use | mu=3.84e-03 eta=1.00e-03 sigma=5.12e-02 | err c/p/d=7.56e-05/4.10e+00/1.56e+00 | ok=Cpd | rmax X/Y/Z/T=3/1/3/-
it 004 | main   | AHO | ineq=not_in_use | mu=3.81e-03 eta=1.00e-03 sigma=0.00e+00 | err c/p/d=8.22e-04/2.05e-01/7.81e-02 | ok=cpd | rmax X/Y/Z/T=3/1/3/-
it 005 | main   | AHO | ineq=not_in_use | mu=3.45e-04 eta=6.91e-04 sigma=8.05e-02 | err c/p/d=3.66e-05/1.10e-02/4.77e-02 | ok=Cpd | rmax X/Y/Z/T=3/1/3/-
it 006 | main   | AHO | ineq=not_in_use | mu=3.45e-04 eta=6.91e-04 sigma=0.00e+00 | err c/p/d=3.71e-05/5.51e-04/2.39e-03 | ok=CPd | rmax X/Y/Z/T=3/1/3/-
it 007 | finish | AHO | ineq=not_in_use | mu=3.45e-04 eta=6.91e-04 sigma=0.00e+00 | err c/p/d=3.71e-05/5.51e-04/1.19e-04 | ok=CPD | rmax X/Y/Z/T=3/1/3/-
it 008 | finish | AHO | ineq=not_in_use | mu=1.73e-05 eta=1.00e-04 sigma=0.00e+00 | err c/p/d=1.73e-06/2.75e-05/5.96e-06 | ok=CPD | rmax X/Y/Z/T=3/1/3/-
---Terminated---
Terminated in 8 iterations.
Ranks: X=[3, 3, 3, 3, 3, 3, 3, 3, 3, 3], Z=[3, 3, 3, 3, 3, 3, 3, 3, 3, 3], Y=[1, 1, 1, 1, 1, 1, 1, 1, 1, 1], T=[0, 0, 0, 0, 0, 0, 0, 0, 0, 0]
Run terminated after 8 iterations. Compl Slackness: 3.5363e-02. Feasibility error: 1.2139e-08. Dual Feasibility error: 5.6935e-10.
Run terminated in 3.86s. Memory: 108.02 MB.
Rerun with new seed 816 terminated. Feasibility error: 1.21e-08, dual feasibility error: 5.69e-10, slackness: 3.54e-02
Seed 816 terminated (feasibility error: 1.21e-08, dual feasibility error: 5.69e-10, slackness: 3.54e-02). Suggesting a new seed.
New seed suggested: 86
Creating Problem...
===Terminated Graph Sampling=== rank:  [1, 1, 1, 1, 1, 1, 1, 1, 1, 1]
it 000 | main   | XZ  | ineq=not_in_use | mu=4.00e+00 eta=1.00e-03 sigma=5.00e-01 | err c/p/d=5.71e-01/1.02e+03/2.27e+01 | ok=cpd | rmax X/Y/Z/T=1/1/1/-
it 001 | main   | XZ  | ineq=not_in_use | mu=3.44e-01 eta=1.00e-03 sigma=4.49e-02 | err c/p/d=3.53e-02/8.69e+01/8.62e+00 | ok=cpd | rmax X/Y/Z/T=3/1/3/-
it 002 | main   | XZ  | ineq=not_in_use | mu=3.38e-02 eta=1.00e-03 sigma=9.40e-02 | err c/p/d=7.38e-04/1.14e+01/7.26e+00 | ok=cpd | rmax X/Y/Z/T=3/1/3/-
it 003 | main   | AHO | ineq=not_in_use | mu=3.84e-03 eta=1.00e-03 sigma=5.12e-02 | err c/p/d=7.57e-05/4.10e+00/1.56e+00 | ok=Cpd | rmax X/Y/Z/T=3/1/3/-
it 004 | main   | AHO | ineq=not_in_use | mu=3.82e-03 eta=1.00e-03 sigma=0.00e+00 | err c/p/d=8.24e-04/2.05e-01/7.81e-02 | ok=cpd | rmax X/Y/Z/T=3/1/3/-
it 005 | main   | AHO | ineq=not_in_use | mu=3.46e-04 eta=6.92e-04 sigma=8.06e-02 | err c/p/d=3.67e-05/1.10e-02/4.78e-02 | ok=Cpd | rmax X/Y/Z/T=3/1/3/-
it 006 | main   | AHO | ineq=not_in_use | mu=3.46e-04 eta=6.92e-04 sigma=0.00e+00 | err c/p/d=3.72e-05/5.51e-04/2.39e-03 | ok=CPd | rmax X/Y/Z/T=3/1/3/-
it 007 | finish | AHO | ineq=not_in_use | mu=3.46e-04 eta=6.92e-04 sigma=0.00e+00 | err c/p/d=3.72e-05/5.51e-04/1.19e-04 | ok=CPD | rmax X/Y/Z/T=3/1/3/-
it 008 | finish | AHO | ineq=not_in_use | mu=1.73e-05 eta=1.00e-04 sigma=0.00e+00 | err c/p/d=1.74e-06/2.76e-05/5.97e-06 | ok=CPD | rmax X/Y/Z/T=3/1/3/-
---Terminated---
Terminated in 8 iterations.
Ranks: X=[3, 3, 3, 3, 3, 3, 3, 3, 3, 3], Z=[3, 3, 3, 3, 3, 3, 3, 3, 3, 3], Y=[1, 1, 1, 1, 1, 1, 1, 1, 1, 1], T=[0, 0, 0, 0, 0, 0, 0, 0, 0, 0]
Run terminated after 8 iterations. Compl Slackness: 3.5423e-02. Feasibility error: 1.2150e-08. Dual Feasibility error: 5.7103e-10.
Run terminated in 3.82s. Memory: 90.18 MB.
Rerun with new seed 86 terminated. Feasibility error: 1.22e-08, dual feasibility error: 5.71e-10, slackness: 3.54e-02
Seed 86 terminated (feasibility error: 1.22e-08, dual feasibility error: 5.71e-10, slackness: 3.54e-02). Suggesting a new seed.
New seed suggested: 215
Creating Problem...
===Terminated Graph Sampling=== rank:  [1, 1, 1, 1, 1, 1, 1, 1, 1, 1]
it 000 | main   | XZ  | ineq=not_in_use | mu=4.00e+00 eta=1.00e-03 sigma=5.00e-01 | err c/p/d=5.71e-01/1.02e+03/2.27e+01 | ok=cpd | rmax X/Y/Z/T=1/1/1/-
it 001 | main   | XZ  | ineq=not_in_use | mu=9.18e-01 eta=1.00e-03 sigma=5.12e-02 | err c/p/d=1.25e-01/2.30e+02/3.62e+00 | ok=cpd | rmax X/Y/Z/T=4/2/4/-
it 002 | main   | XZ  | ineq=not_in_use | mu=1.08e-01 eta=1.00e-03 sigma=6.05e-02 | err c/p/d=3.77e-02/2.53e+01/3.07e+00 | ok=cpd | rmax X/Y/Z/T=6/4/6/-
it 003 | main   | AHO | ineq=not_in_use | mu=6.20e-02 eta=1.00e-03 sigma=2.64e-01 | err c/p/d=4.87e-02/1.22e+01/2.55e+00 | ok=cpd | rmax X/Y/Z/T=6/4/6/-
it 004 | main   | AHO | ineq=not_in_use | mu=8.98e-03 eta=1.00e-03 sigma=2.26e-02 | err c/p/d=8.12e-03/1.39e+00/1.63e+00 | ok=cpd | rmax X/Y/Z/T=6/4/6/-
it 005 | main   | AHO | ineq=not_in_use | mu=6.47e-04 eta=1.00e-03 sigma=5.07e-01 | err c/p/d=5.83e-04/5.16e-01/7.08e-01 | ok=cpd | rmax X/Y/Z/T=6/4/6/-
it 006 | main   | AHO | ineq=not_in_use | mu=6.89e-04 eta=1.00e-03 sigma=9.89e-01 | err c/p/d=4.24e-04/4.06e-01/6.81e-01 | ok=cpd | rmax X/Y/Z/T=6/4/6/-
it 007 | main   | AHO | ineq=not_in_use | mu=4.52e-04 eta=9.03e-04 sigma=8.60e-01 | err c/p/d=1.24e-04/1.53e-01/5.79e-01 | ok=cpd | rmax X/Y/Z/T=6/4/6/-
it 008 | main   | AHO | ineq=not_in_use | mu=9.41e-05 eta=1.88e-04 sigma=4.77e-01 | err c/p/d=1.77e-05/1.72e-03/2.29e-01 | ok=Cpd | rmax X/Y/Z/T=6/4/6/-
it 009 | main   | AHO | ineq=not_in_use | mu=9.41e-05 eta=1.88e-04 sigma=0.00e+00 | err c/p/d=1.77e-05/8.61e-05/1.14e-02 | ok=CPd | rmax X/Y/Z/T=6/4/6/-
it 010 | finish | AHO | ineq=not_in_use | mu=9.41e-05 eta=1.88e-04 sigma=0.00e+00 | err c/p/d=1.77e-05/8.62e-05/5.72e-04 | ok=CPD | rmax X/Y/Z/T=6/4/6/-
it 011 | finish | AHO | ineq=not_in_use | mu=4.73e-06 eta=1.00e-04 sigma=0.00e+00 | err c/p/d=8.62e-07/1.14e-05/1.15e-04 | ok=CPD | rmax X/Y/Z/T=6/2/4/-
---Terminated---
Terminated in 11 iterations.
Ranks: X=[3, 3, 3, 6, 6, 4, 4, 4, 4, 3], Z=[3, 3, 3, 4, 4, 4, 4, 4, 4, 3], Y=[2, 2, 2, 2, 2, 2, 2, 2, 2, 2], T=[0, 0, 0, 0, 0, 0, 0, 0, 0, 0]
Run terminated after 11 iterations. Compl Slackness: 9.6932e-03. Feasibility error: 2.0834e-09. Dual Feasibility error: 2.1267e-07.
Run terminated in 114.75s. Memory: 548.33 MB.
Rerun with new seed 215 terminated. Feasibility error: 2.08e-09, dual feasibility error: 2.13e-07, slackness: 9.69e-03
Seed 215 terminated (feasibility error: 2.08e-09, dual feasibility error: 2.13e-07, slackness: 9.69e-03). Suggesting a new seed.
New seed suggested: 247
Creating Problem...
===Terminated Graph Sampling=== rank:  [1, 1, 1, 1, 1, 1, 1, 1, 1, 1]
it 000 | main   | XZ  | ineq=not_in_use | mu=4.00e+00 eta=1.00e-03 sigma=5.00e-01 | err c/p/d=5.71e-01/1.02e+03/2.27e+01 | ok=cpd | rmax X/Y/Z/T=1/1/1/-
it 001 | main   | XZ  | ineq=not_in_use | mu=7.50e-01 eta=1.00e-03 sigma=9.02e-02 | err c/p/d=8.39e-02/1.86e+02/7.29e+00 | ok=cpd | rmax X/Y/Z/T=4/2/4/-
it 002 | main   | XZ  | ineq=not_in_use | mu=1.99e-01 eta=1.00e-03 sigma=2.31e-01 | err c/p/d=2.81e-02/4.32e+01/1.91e+00 | ok=cpd | rmax X/Y/Z/T=10/4/6/-
it 003 | main   | AHO | ineq=not_in_use | mu=8.38e-02 eta=1.00e-03 sigma=1.45e-01 | err c/p/d=3.73e-02/1.63e+01/1.60e+00 | ok=cpd | rmax X/Y/Z/T=10/4/6/-
it 004 | main   | AHO | ineq=not_in_use | mu=1.08e-02 eta=1.00e-03 sigma=1.06e-02 | err c/p/d=7.91e-03/1.65e+00/3.43e-01 | ok=cpd | rmax X/Y/Z/T=10/4/6/-
it 005 | main   | AHO | ineq=not_in_use | mu=1.43e-03 eta=1.00e-03 sigma=4.28e-01 | err c/p/d=1.19e-03/2.86e-01/1.60e-01 | ok=cpd | rmax X/Y/Z/T=10/4/6/-
it 006 | main   | AHO | ineq=not_in_use | mu=1.43e-03 eta=1.00e-03 sigma=9.30e-01 | err c/p/d=7.75e-04/1.52e-01/1.45e-01 | ok=cpd | rmax X/Y/Z/T=10/4/6/-
it 007 | main   | AHO | ineq=not_in_use | mu=1.03e-03 eta=1.00e-03 sigma=8.07e-01 | err c/p/d=3.34e-04/6.29e-02/1.12e-01 | ok=cpd | rmax X/Y/Z/T=10/4/6/-
it 008 | main   | AHO | ineq=not_in_use | mu=9.35e-05 eta=1.87e-04 sigma=7.34e-01 | err c/p/d=1.70e-05/3.13e-02/5.07e-02 | ok=Cpd | rmax X/Y/Z/T=10/4/6/-
it 009 | main   | AHO | ineq=not_in_use | mu=9.35e-05 eta=1.87e-04 sigma=0.00e+00 | err c/p/d=1.75e-05/1.57e-03/2.54e-03 | ok=Cpd | rmax X/Y/Z/T=10/4/6/-
it 010 | finish | AHO | ineq=not_in_use | mu=9.35e-05 eta=1.87e-04 sigma=0.00e+00 | err c/p/d=1.76e-05/7.84e-05/1.27e-04 | ok=CPD | rmax X/Y/Z/T=10/4/6/-
it 011 | finish | AHO | ineq=not_in_use | mu=5.05e-06 eta=1.00e-04 sigma=0.00e+00 | err c/p/d=9.20e-07/5.29e-06/1.13e-05 | ok=CPD | rmax X/Y/Z/T=10/4/6/-
---Terminated---
Terminated in 11 iterations.
Ranks: X=[3, 3, 6, 10, 5, 5, 5, 5, 4, 3], Z=[3, 3, 6, 6, 4, 4, 4, 4, 4, 3], Y=[2, 2, 4, 4, 2, 2, 2, 2, 2, 2], T=[0, 0, 0, 0, 0, 0, 0, 0, 0, 0]
Run terminated after 11 iterations. Compl Slackness: 1.0348e-02. Feasibility error: 4.4830e-10. Dual Feasibility error: 2.0434e-09.
Run terminated in 93.24s. Memory: 278.18 MB.
Rerun with new seed 247 terminated. Feasibility error: 4.48e-10, dual feasibility error: 2.04e-09, slackness: 1.03e-02
Seed 247 terminated (feasibility error: 4.48e-10, dual feasibility error: 2.04e-09, slackness: 1.03e-02). Suggesting a new seed.
New seed suggested: 56
Creating Problem...
===Terminated Graph Sampling=== rank:  [1, 1, 1, 1, 1, 1, 1, 1, 1, 1]
it 000 | main   | XZ  | ineq=not_in_use | mu=4.00e+00 eta=1.00e-03 sigma=5.00e-01 | err c/p/d=5.71e-01/1.02e+03/2.27e+01 | ok=cpd | rmax X/Y/Z/T=1/1/1/-
it 001 | main   | XZ  | ineq=not_in_use | mu=4.24e-01 eta=1.00e-03 sigma=5.38e-02 | err c/p/d=4.44e-02/1.07e+02/8.33e+00 | ok=cpd | rmax X/Y/Z/T=4/2/4/-
it 002 | main   | XZ  | ineq=not_in_use | mu=1.21e-01 eta=1.00e-03 sigma=3.35e-01 | err c/p/d=9.25e-03/2.85e+01/4.24e+00 | ok=cpd | rmax X/Y/Z/T=8/4/5/-
warn   | step-eig | target=miss | relres=inf > 1.00e-08 | action=keep-reset
it 003 | main   | AHO | ineq=not_in_use | mu=1.53e-01 eta=1.00e-03 sigma=3.92e-01 | err c/p/d=1.17e-02/2.85e+01/2.29e+00 | ok=cpd | rmax X/Y/Z/T=8/4/5/-
warn   | step-eig | target=miss | relres=inf > 1.00e-08 | action=keep-reset
warn   | step-eig | target=miss | relres=inf > 1.00e-08 | action=keep-reset
it 004 | main   | AHO | ineq=not_in_use | mu=1.64e-01 eta=1.00e-03 sigma=9.59e-01 | err c/p/d=1.25e-02/2.85e+01/1.69e+00 | ok=cpd | rmax X/Y/Z/T=8/4/5/-
warn   | step-eig | target=miss | relres=inf > 1.00e-08 | action=keep-reset
warn   | step-eig | target=miss | relres=inf > 1.00e-08 | action=keep-reset
it 005 | main   | AHO | ineq=not_in_use | mu=1.68e-01 eta=1.00e-03 sigma=9.79e-01 | err c/p/d=1.28e-02/2.85e+01/1.58e+00 | ok=cpd | rmax X/Y/Z/T=8/4/5/-
warn   | step-eig | target=miss | relres=inf > 1.00e-08 | action=keep-reset
warn   | step-eig | target=miss | relres=inf > 1.00e-08 | action=keep-reset
it 006 | main   | AHO | ineq=not_in_use | mu=1.68e-01 eta=1.00e-03 sigma=9.90e-01 | err c/p/d=1.29e-02/2.85e+01/1.56e+00 | ok=cpd | rmax X/Y/Z/T=8/4/5/-
warn   | step-eig | target=miss | relres=inf > 1.00e-08 | action=keep-reset
it 007 | main   | AHO | ineq=not_in_use | mu=1.68e-01 eta=1.00e-03 sigma=9.90e-01 | err c/p/d=1.29e-02/2.85e+01/1.56e+00 | ok=cpd | rmax X/Y/Z/T=8/4/5/-
warn   | step-eig | target=miss | relres=inf > 1.00e-08 | action=keep-reset
warn   | step-eig | target=miss | relres=inf > 1.00e-08 | action=keep-reset
it 008 | main   | AHO | ineq=not_in_use | mu=1.68e-01 eta=1.00e-03 sigma=9.90e-01 | err c/p/d=1.29e-02/2.85e+01/1.56e+00 | ok=cpd | rmax X/Y/Z/T=8/4/5/-
warn   | step-eig | target=miss | relres=inf > 1.00e-08 | action=keep-reset
warn   | step-eig | target=miss | relres=inf > 1.00e-08 | action=keep-reset
warn   | step-eig | target=miss | relres=inf > 1.00e-08 | action=keep-reset
============================================
 Hit PSD boundary! Entering finishing phase.
============================================
it 009 | finish | AHO | ineq=not_in_use | mu=1.68e-01 eta=1.00e-03 sigma=9.90e-01 | err c/p/d=1.29e-02/2.85e+01/1.56e+00 | ok=cpd | rmax X/Y/Z/T=8/4/5/-
warn   | step-eig | target=miss | relres=inf > 1.00e-08 | action=keep-reset
it 010 | finish | AHO | ineq=not_in_use | mu=1.68e-01 eta=1.00e-03 sigma=0.00e+00 | err c/p/d=1.29e-02/2.85e+01/1.53e+00 | ok=cpd | rmax X/Y/Z/T=8/4/5/-
warn   | step-eig | target=miss | relres=inf > 1.00e-08 | action=keep-reset
it 011 | finish | AHO | ineq=not_in_use | mu=1.68e-01 eta=1.00e-03 sigma=0.00e+00 | err c/p/d=1.28e-02/2.85e+01/1.50e+00 | ok=cpd | rmax X/Y/Z/T=8/4/5/-
warn   | step-eig | target=miss | relres=inf > 1.00e-08 | action=keep-reset
it 012 | finish | AHO | ineq=not_in_use | mu=1.68e-01 eta=1.00e-03 sigma=0.00e+00 | err c/p/d=1.28e-02/2.85e+01/1.47e+00 | ok=cpd | rmax X/Y/Z/T=8/4/5/-
warn   | step-eig | target=miss | relres=inf > 1.00e-08 | action=keep-reset
it 013 | finish | AHO | ineq=not_in_use | mu=1.68e-01 eta=1.00e-03 sigma=0.00e+00 | err c/p/d=1.28e-02/2.85e+01/1.44e+00 | ok=cpd | rmax X/Y/Z/T=8/4/5/-
warn   | step-eig | target=miss | relres=inf > 1.00e-08 | action=keep-reset
it 014 | finish | AHO | ineq=not_in_use | mu=1.68e-01 eta=1.00e-03 sigma=0.00e+00 | err c/p/d=1.28e-02/2.85e+01/1.41e+00 | ok=cpd | rmax X/Y/Z/T=8/4/5/-
---Terminated---
Terminated in 14 iterations.
Ranks: X=[5, 8, 8, 8, 5, 5, 5, 5, 4, 3], Z=[5, 4, 4, 4, 4, 4, 4, 4, 4, 3], Y=[4, 2, 2, 2, 2, 2, 2, 2, 2, 2], T=[0, 0, 0, 0, 0, 0, 0, 0, 0, 0]
Run failed after 14 iterations. Compl Slackness: 3.4347e+02. Feasibility error: 1.2959e+04. Dual Feasibility error: 3.1856e+01.
Run failed in 72.41s. Memory: 383.84 MB.
Rerun with new seed 56 failed. Feasibility error: 1.30e+04, dual feasibility error: 3.19e+01, slackness: 3.43e+02
Seed 56 failed (feasibility error: 1.30e+04, dual feasibility error: 3.19e+01, slackness: 3.43e+02). Suggesting a new seed.
New seed suggested: 512
Creating Problem...
===Terminated Graph Sampling=== rank:  [1, 1, 1, 1, 1, 1, 1, 1, 1, 1]
it 000 | main   | XZ  | ineq=not_in_use | mu=4.00e+00 eta=1.00e-03 sigma=5.00e-01 | err c/p/d=5.71e-01/1.02e+03/2.27e+01 | ok=cpd | rmax X/Y/Z/T=1/1/1/-
it 001 | main   | XZ  | ineq=not_in_use | mu=7.56e-01 eta=1.00e-03 sigma=1.10e-01 | err c/p/d=8.22e-02/1.87e+02/7.79e+00 | ok=cpd | rmax X/Y/Z/T=4/2/4/-
it 002 | main   | XZ  | ineq=not_in_use | mu=3.25e-01 eta=1.00e-03 sigma=4.96e-01 | err c/p/d=3.21e-02/6.68e+01/1.38e+00 | ok=cpd | rmax X/Y/Z/T=8/4/5/-
it 003 | main   | AHO | ineq=not_in_use | mu=3.06e-01 eta=1.00e-03 sigma=5.01e-01 | err c/p/d=6.65e-02/5.15e+01/5.21e-02 | ok=cpd | rmax X/Y/Z/T=8/4/5/-
it 004 | main   | AHO | ineq=not_in_use | mu=3.82e-02 eta=1.00e-03 sigma=4.56e-02 | err c/p/d=2.94e-02/5.75e+00/4.42e-02 | ok=cpd | rmax X/Y/Z/T=8/4/5/-
it 005 | main   | AHO | ineq=not_in_use | mu=1.40e-02 eta=1.00e-03 sigma=3.93e-01 | err c/p/d=1.37e-02/1.50e+00/3.71e-02 | ok=cpd | rmax X/Y/Z/T=7/4/5/-
it 006 | main   | AHO | ineq=not_in_use | mu=4.82e-03 eta=1.00e-03 sigma=3.51e-01 | err c/p/d=4.36e-03/1.90e-01/1.37e-02 | ok=cpd | rmax X/Y/Z/T=7/4/5/-
it 007 | main   | AHO | ineq=not_in_use | mu=4.29e-03 eta=1.00e-03 sigma=9.18e-01 | err c/p/d=3.03e-03/1.62e-01/1.07e-02 | ok=cpd | rmax X/Y/Z/T=8/4/5/-
it 008 | main   | AHO | ineq=not_in_use | mu=2.49e-03 eta=1.00e-03 sigma=5.47e-01 | err c/p/d=6.08e-04/7.32e-02/7.53e-03 | ok=cpd | rmax X/Y/Z/T=8/4/5/-
it 009 | main   | AHO | ineq=not_in_use | mu=1.84e-04 eta=3.68e-04 sigma=2.17e-01 | err c/p/d=2.50e-05/5.57e-03/1.16e-03 | ok=Cpd | rmax X/Y/Z/T=8/4/5/-
it 010 | finish | AHO | ineq=not_in_use | mu=1.84e-04 eta=3.68e-04 sigma=0.00e+00 | err c/p/d=2.49e-05/2.78e-04/1.27e-04 | ok=CPD | rmax X/Y/Z/T=8/4/5/-
it 011 | finish | AHO | ineq=not_in_use | mu=1.07e-05 eta=1.00e-04 sigma=0.00e+00 | err c/p/d=1.39e-06/7.40e-05/1.34e-04 | ok=CPD | rmax X/Y/Z/T=8/4/6/-
---Terminated---
Terminated in 11 iterations.
Ranks: X=[3, 3, 4, 4, 4, 5, 8, 8, 8, 5], Z=[3, 3, 4, 4, 4, 4, 4, 5, 6, 5], Y=[2, 2, 2, 2, 2, 2, 2, 3, 4, 4], T=[0, 0, 0, 0, 0, 0, 0, 0, 0, 0]
Run terminated after 11 iterations. Compl Slackness: 2.1945e-02. Feasibility error: 8.7519e-08. Dual Feasibility error: 2.8855e-07.
Run terminated in 50.81s. Memory: 317.23 MB.
Rerun with new seed 512 terminated. Feasibility error: 8.75e-08, dual feasibility error: 2.89e-07, slackness: 2.19e-02
Seed 512 terminated (feasibility error: 8.75e-08, dual feasibility error: 2.89e-07, slackness: 2.19e-02). Suggesting a new seed.
New seed suggested: 204
Creating Problem...
===Terminated Graph Sampling=== rank:  [1, 1, 1, 1, 1, 1, 1, 1, 1, 1]
it 000 | main   | XZ  | ineq=not_in_use | mu=4.00e+00 eta=1.00e-03 sigma=5.00e-01 | err c/p/d=5.71e-01/1.02e+03/2.27e+01 | ok=cpd | rmax X/Y/Z/T=1/1/1/-
it 001 | main   | XZ  | ineq=not_in_use | mu=4.24e-01 eta=1.00e-03 sigma=5.48e-02 | err c/p/d=4.44e-02/1.07e+02/8.33e+00 | ok=cpd | rmax X/Y/Z/T=4/2/4/-
it 002 | main   | XZ  | ineq=not_in_use | mu=1.27e-01 eta=1.00e-03 sigma=3.29e-01 | err c/p/d=1.18e-02/2.81e+01/9.65e-01 | ok=cpd | rmax X/Y/Z/T=4/2/4/-
it 003 | main   | AHO | ineq=not_in_use | mu=1.30e-02 eta=1.00e-03 sigma=4.31e-03 | err c/p/d=4.62e-03/2.47e+00/8.20e-01 | ok=cpd | rmax X/Y/Z/T=4/2/4/-
it 004 | main   | AHO | ineq=not_in_use | mu=1.91e-03 eta=1.00e-03 sigma=1.18e-02 | err c/p/d=8.37e-04/8.43e-02/1.20e-01 | ok=cpd | rmax X/Y/Z/T=4/2/4/-
it 005 | main   | AHO | ineq=not_in_use | mu=2.43e-04 eta=4.87e-04 sigma=1.97e-01 | err c/p/d=4.65e-05/3.51e-03/1.02e-01 | ok=Cpd | rmax X/Y/Z/T=4/2/4/-
it 006 | main   | AHO | ineq=not_in_use | mu=2.43e-04 eta=4.87e-04 sigma=0.00e+00 | err c/p/d=4.67e-05/1.75e-04/5.12e-03 | ok=CPd | rmax X/Y/Z/T=4/2/4/-
it 007 | finish | AHO | ineq=not_in_use | mu=2.43e-04 eta=4.87e-04 sigma=0.00e+00 | err c/p/d=4.67e-05/1.75e-04/2.56e-04 | ok=CPD | rmax X/Y/Z/T=4/2/4/-
it 008 | finish | AHO | ineq=not_in_use | mu=1.90e-05 eta=1.00e-04 sigma=0.00e+00 | err c/p/d=3.48e-06/9.28e-06/2.78e-05 | ok=CPD | rmax X/Y/Z/T=4/2/4/-
---Terminated---
Terminated in 8 iterations.
Ranks: X=[3, 3, 4, 4, 4, 4, 4, 4, 4, 3], Z=[3, 3, 4, 4, 4, 4, 4, 4, 4, 3], Y=[2, 2, 2, 2, 2, 2, 2, 2, 2, 2], T=[0, 0, 0, 0, 0, 0, 0, 0, 0, 0]
Run terminated after 8 iterations. Compl Slackness: 3.8953e-02. Feasibility error: 1.3778e-09. Dual Feasibility error: 1.2344e-08.
Run terminated in 10.82s. Memory: 88.81 MB.
Rerun with new seed 204 terminated. Feasibility error: 1.38e-09, dual feasibility error: 1.23e-08, slackness: 3.90e-02
Seed 204 terminated (feasibility error: 1.38e-09, dual feasibility error: 1.23e-08, slackness: 3.90e-02). Suggesting a new seed.
New seed suggested: 853
Creating Problem...
===Terminated Graph Sampling=== rank:  [1, 1, 1, 1, 1, 1, 1, 1, 1, 1]
it 000 | main   | XZ  | ineq=not_in_use | mu=4.00e+00 eta=1.00e-03 sigma=5.00e-01 | err c/p/d=5.71e-01/1.02e+03/2.27e+01 | ok=cpd | rmax X/Y/Z/T=1/1/1/-
it 001 | main   | XZ  | ineq=not_in_use | mu=7.50e-01 eta=1.00e-03 sigma=9.06e-02 | err c/p/d=8.39e-02/1.86e+02/7.29e+00 | ok=cpd | rmax X/Y/Z/T=4/2/4/-
it 002 | main   | XZ  | ineq=not_in_use | mu=1.99e-01 eta=1.00e-03 sigma=2.31e-01 | err c/p/d=2.81e-02/4.32e+01/1.93e+00 | ok=cpd | rmax X/Y/Z/T=10/4/6/-
it 003 | main   | AHO | ineq=not_in_use | mu=8.52e-02 eta=1.00e-03 sigma=1.49e-01 | err c/p/d=3.78e-02/1.65e+01/1.61e+00 | ok=cpd | rmax X/Y/Z/T=10/4/7/-
it 004 | main   | AHO | ineq=not_in_use | mu=1.09e-02 eta=1.00e-03 sigma=1.47e-02 | err c/p/d=7.97e-03/1.64e+00/4.10e-01 | ok=cpd | rmax X/Y/Z/T=10/5/7/-
it 005 | main   | AHO | ineq=not_in_use | mu=1.42e-03 eta=1.00e-03 sigma=4.30e-01 | err c/p/d=1.19e-03/2.86e-01/2.03e-01 | ok=cpd | rmax X/Y/Z/T=9/5/7/-
it 006 | main   | AHO | ineq=not_in_use | mu=1.43e-03 eta=1.00e-03 sigma=9.30e-01 | err c/p/d=7.74e-04/1.49e-01/1.84e-01 | ok=cpd | rmax X/Y/Z/T=10/5/7/-
it 007 | main   | AHO | ineq=not_in_use | mu=1.03e-03 eta=1.00e-03 sigma=8.05e-01 | err c/p/d=3.37e-04/6.34e-02/1.42e-01 | ok=cpd | rmax X/Y/Z/T=10/5/7/-
it 008 | main   | AHO | ineq=not_in_use | mu=1.06e-04 eta=2.13e-04 sigma=7.27e-01 | err c/p/d=1.95e-05/2.93e-02/6.37e-02 | ok=Cpd | rmax X/Y/Z/T=10/5/7/-
it 009 | main   | AHO | ineq=not_in_use | mu=1.08e-04 eta=2.13e-04 sigma=0.00e+00 | err c/p/d=2.04e-05/2.01e-03/3.19e-03 | ok=Cpd | rmax X/Y/Z/T=10/5/7/-
it 010 | finish | AHO | ineq=not_in_use | mu=1.08e-04 eta=2.13e-04 sigma=0.00e+00 | err c/p/d=2.04e-05/1.01e-04/1.64e-04 | ok=CPD | rmax X/Y/Z/T=10/5/7/-
it 011 | finish | AHO | ineq=not_in_use | mu=1.03e-05 eta=1.00e-04 sigma=0.00e+00 | err c/p/d=1.87e-06/1.51e-03/9.90e-05 | ok=CpD | rmax X/Y/Z/T=10/6/8/-
it 012 | finish | AHO | ineq=not_in_use | mu=4.45e-06 eta=1.00e-04 sigma=0.00e+00 | err c/p/d=8.10e-07/1.41e-03/1.51e-04 | ok=CpD | rmax X/Y/Z/T=14/7/9/-
it 013 | finish | AHO | ineq=not_in_use | mu=1.05e-05 eta=1.00e-04 sigma=0.00e+00 | err c/p/d=1.90e-06/3.56e-03/2.01e-04 | ok=CpD | rmax X/Y/Z/T=15/38/44/-
it 014 | finish | AHO | ineq=not_in_use | mu=1.09e-05 eta=1.00e-04 sigma=0.00e+00 | err c/p/d=1.97e-06/3.70e-03/2.05e-04 | ok=CpD | rmax X/Y/Z/T=16/47/59/-
Terminated
Process MemTimer-10:
❌ Error occurred for dim=11 (exit code 143)
Traceback (most recent call last):
  File "/homes/fjk20/miniforge3/envs/ttipm/lib/python3.14/multiprocessing/process.py", line 320, in _bootstrap
    self.run()
    ~~~~~~~~^^
  File "/homes/fjk20/miniforge3/envs/ttipm/lib/python3.14/site-packages/memory_profiler.py", line 252, in run
    cur_mem = _get_memory(
        self.monitor_pid, self.backend, timestamps=self.timestamps,
        include_children=self.include_children,)
  File "/homes/fjk20/miniforge3/envs/ttipm/lib/python3.14/site-packages/memory_profiler.py", line 221, in _get_memory
    return tools[backend]()
           ~~~~~~~~~~~~~~^^
  File "/homes/fjk20/miniforge3/envs/ttipm/lib/python3.14/site-packages/memory_profiler.py", line 134, in ps_util_tool
    process = psutil.Process(pid)
  File "/homes/fjk20/miniforge3/envs/ttipm/lib/python3.14/site-packages/psutil/__init__.py", line 313, in __init__
    self._init(pid)
    ~~~~~~~~~~^^^^^
  File "/homes/fjk20/miniforge3/envs/ttipm/lib/python3.14/site-packages/psutil/__init__.py", line 359, in _init
    raise NoSuchProcess(pid, msg=msg) from None
psutil.NoSuchProcess: process PID not found (pid=259248)

==== All runs completed at Tue  2 Jun 20:36:03 BST 2026 ====
