000 (776.000.000) 06/02 16:49:40 Job submitted from host: <146.169.22.28:9618?addrs=146.169.22.28-9618+[2a0c-5bc0-80-110-494d-1845-2a15-2cd8]-9618&noUDP&sock=7662_6323_3>
...
001 (776.000.000) 06/02 17:07:05 Job executing on host: <146.169.52.14:9618?addrs=146.169.52.14-9618+[2a0c-5bc0-40-11c4-13fb-972f-476b-e9ae]-9618&noUDP&sock=55199_d0b7_4>
...
006 (776.000.000) 06/02 17:07:14 Image size of job updated: 4
	6  -  MemoryUsage of job (MB)
	5224  -  ResidentSetSize of job (KB)
...
006 (776.000.000) 06/02 17:12:15 Image size of job updated: 9818000
	556  -  MemoryUsage of job (MB)
	568536  -  ResidentSetSize of job (KB)
...
006 (776.000.000) 06/02 17:17:16 Image size of job updated: 9837612
	570  -  MemoryUsage of job (MB)
	583000  -  ResidentSetSize of job (KB)
...
006 (776.000.000) 06/02 17:22:16 Image size of job updated: 10525792
	1576  -  MemoryUsage of job (MB)
	1613460  -  ResidentSetSize of job (KB)
...
006 (776.000.000) 06/02 17:27:16 Image size of job updated: 11337004
	2786  -  MemoryUsage of job (MB)
	2852656  -  ResidentSetSize of job (KB)
...
006 (776.000.000) 06/02 17:32:17 Image size of job updated: 11535424
	2786  -  MemoryUsage of job (MB)
	2852656  -  ResidentSetSize of job (KB)
...
006 (776.000.000) 06/02 17:37:17 Image size of job updated: 11622592
	3068  -  MemoryUsage of job (MB)
	3140764  -  ResidentSetSize of job (KB)
...
006 (776.000.000) 06/02 17:47:18 Image size of job updated: 11880932
	3068  -  MemoryUsage of job (MB)
	3140764  -  ResidentSetSize of job (KB)
...
006 (776.000.000) 06/02 17:52:19 Image size of job updated: 12131616
	3589  -  MemoryUsage of job (MB)
	3674288  -  ResidentSetSize of job (KB)
...
006 (776.000.000) 06/02 18:02:20 Image size of job updated: 12863384
	3589  -  MemoryUsage of job (MB)
	3674288  -  ResidentSetSize of job (KB)
...
006 (776.000.000) 06/02 18:32:22 Image size of job updated: 12863384
	3796  -  MemoryUsage of job (MB)
	3886380  -  ResidentSetSize of job (KB)
...
006 (776.000.000) 06/03 01:53:09 Image size of job updated: 12863384
	3841  -  MemoryUsage of job (MB)
	3932264  -  ResidentSetSize of job (KB)
...
006 (776.000.000) 06/03 01:58:09 Image size of job updated: 12863384
	3847  -  MemoryUsage of job (MB)
	3938400  -  ResidentSetSize of job (KB)
...
006 (776.000.000) 06/03 05:03:28 Image size of job updated: 12863384
	4173  -  MemoryUsage of job (MB)
	4272516  -  ResidentSetSize of job (KB)
...
006 (776.000.000) 06/03 05:08:29 Image size of job updated: 13574388
	5067  -  MemoryUsage of job (MB)
	5188384  -  ResidentSetSize of job (KB)
...
006 (776.000.000) 06/03 05:28:31 Image size of job updated: 13718484
	5209  -  MemoryUsage of job (MB)
	5333032  -  ResidentSetSize of job (KB)
...
006 (776.000.000) 06/03 06:08:35 Image size of job updated: 14317868
	5817  -  MemoryUsage of job (MB)
	5956592  -  ResidentSetSize of job (KB)
...
006 (776.000.000) 06/03 06:13:35 Image size of job updated: 14493548
	5961  -  MemoryUsage of job (MB)
	6103844  -  ResidentSetSize of job (KB)
...
006 (776.000.000) 06/03 06:33:37 Image size of job updated: 14718288
	6219  -  MemoryUsage of job (MB)
	6368012  -  ResidentSetSize of job (KB)
...
006 (776.000.000) 06/03 13:24:19 Image size of job updated: 16032104
	7501  -  MemoryUsage of job (MB)
	7680636  -  ResidentSetSize of job (KB)
...
010 (776.000.000) 06/03 13:29:23 Job was suspended.
	Number of processes actually suspended: 7
...
011 (776.000.000) 06/03 13:35:28 Job was unsuspended.
...
004 (776.000.000) 06/03 13:36:28 Job was evicted.
	(0) Job was not checkpointed.
		Usr 8 00:55:02, Sys 0 02:00:30  -  Run Remote Usage
		Usr 0 00:00:00, Sys 0 00:00:00  -  Run Local Usage
	0  -  Run Bytes Sent By Job
	0  -  Run Bytes Received By Job
	Partitionable Resources :    Usage  Request Allocated 
	   Cpus                 :    12.19       16        24 
	   Disk (KB)            :     4           4   5788752 
	   Gpus                 :                           0 
	   Memory (MB)          :  7501           1     15626 
...
001 (776.000.000) 06/03 13:37:28 Job executing on host: <146.169.52.5:9618?addrs=146.169.52.5-9618+[2a0c-5bc0-40-11c4-2a1e-4162-1f2b-21d3]-9618&noUDP&sock=56083_2a70_4>
...
