Running: max_stable_set (rank=4)
==== max_stable_set TT-IPM Batch Run Started at Wed  3 Jun 13:37:30 BST 2026 ====

▶ Running dim=9 with config=configs/max_stable_set_9.yaml at Wed  3 Jun 13:37:30 BST 2026

===== Processing Rank: 4 =====
Running seed 369
Creating Problem...
===Terminated Graph Sampling=== rank:  [2, 2, 2, 3, 4, 4, 3, 3]
it 000 | main   | XZ  | ineq=not_in_use | mu=4.00e+00 eta=1.00e-03 sigma=5.00e-01 | err c/p/d=5.71e-01/2.55e+02/1.14e+01 | ok=cpd | rmax X/Y/Z/T=1/1/1/-
it 001 | main   | XZ  | ineq=not_in_use | mu=9.16e-01 eta=1.00e-03 sigma=7.10e-02 | err c/p/d=1.12e-01/5.70e+01/2.78e+00 | ok=cpd | rmax X/Y/Z/T=7/5/7/-
it 002 | main   | XZ  | ineq=not_in_use | mu=1.15e-01 eta=1.00e-03 sigma=8.79e-02 | err c/p/d=3.57e-02/6.29e+00/2.36e+00 | ok=cpd | rmax X/Y/Z/T=18/11/13/-
it 003 | main   | AHO | ineq=not_in_use | mu=1.76e-02 eta=1.00e-03 sigma=8.42e-02 | err c/p/d=1.41e-02/6.10e-01/2.01e+00 | ok=cpd | rmax X/Y/Z/T=16/11/13/-
it 004 | main   | AHO | ineq=not_in_use | mu=6.33e-03 eta=1.00e-03 sigma=4.99e-01 | err c/p/d=3.81e-03/6.73e-02/1.06e+00 | ok=cpd | rmax X/Y/Z/T=18/11/14/-
it 005 | main   | AHO | ineq=not_in_use | mu=5.08e-03 eta=1.00e-03 sigma=8.34e-01 | err c/p/d=2.03e-03/3.01e-02/9.60e-01 | ok=cpd | rmax X/Y/Z/T=18/11/13/-
it 006 | main   | AHO | ineq=not_in_use | mu=2.59e-03 eta=1.00e-03 sigma=7.13e-01 | err c/p/d=6.43e-04/8.12e-03/7.80e-01 | ok=cpd | rmax X/Y/Z/T=18/11/13/-
it 007 | main   | AHO | ineq=not_in_use | mu=9.37e-04 eta=1.00e-03 sigma=4.15e-01 | err c/p/d=1.86e-04/7.38e-03/3.36e-01 | ok=cpd | rmax X/Y/Z/T=16/12/16/-
it 008 | main   | AHO | ineq=not_in_use | mu=3.15e-04 eta=6.30e-04 sigma=2.90e-02 | err c/p/d=5.80e-05/1.65e-02/6.46e-02 | ok=Cpd | rmax X/Y/Z/T=12/17/21/-
it 009 | main   | AHO | ineq=not_in_use | mu=3.48e-04 eta=6.30e-04 sigma=0.00e+00 | err c/p/d=6.52e-05/3.65e-03/3.60e-03 | ok=Cpd | rmax X/Y/Z/T=11/20/25/-
it 010 | main   | AHO | ineq=not_in_use | mu=4.32e-04 eta=6.30e-04 sigma=0.00e+00 | err c/p/d=8.11e-05/7.27e-03/6.43e-04 | ok=Cpd | rmax X/Y/Z/T=10/20/26/-
it 011 | main   | AHO | ineq=not_in_use | mu=4.67e-04 eta=6.30e-04 sigma=0.00e+00 | err c/p/d=8.85e-05/3.39e-03/4.75e-04 | ok=CpD | rmax X/Y/Z/T=10/21/25/-
it 012 | main   | AHO | ineq=not_in_use | mu=4.88e-04 eta=6.30e-04 sigma=0.00e+00 | err c/p/d=9.28e-05/1.91e-03/9.66e-04 | ok=Cpd | rmax X/Y/Z/T=10/20/24/-
it 013 | main   | AHO | ineq=not_in_use | mu=5.01e-04 eta=6.30e-04 sigma=0.00e+00 | err c/p/d=9.53e-05/1.12e-03/4.77e-04 | ok=CpD | rmax X/Y/Z/T=10/20/24/-
it 014 | main   | AHO | ineq=not_in_use | mu=5.04e-04 eta=6.30e-04 sigma=0.00e+00 | err c/p/d=9.61e-05/3.28e-04/6.73e-04 | ok=CPd | rmax X/Y/Z/T=10/21/24/-
it 015 | finish | AHO | ineq=not_in_use | mu=5.04e-04 eta=6.30e-04 sigma=0.00e+00 | err c/p/d=9.62e-05/3.73e-04/6.90e-05 | ok=CPD | rmax X/Y/Z/T=10/21/24/-
warn   | finish   | merit=worse | prev=3.73e-04 current=7.32e-03 | action=restore-stop
---Terminated---
Terminated in 16 iterations.
Ranks: X=[5, 6, 6, 8, 10, 9, 6, 5], Z=[5, 8, 9, 13, 24, 21, 12, 5], Y=[4, 5, 6, 10, 21, 17, 11, 4], T=[0, 0, 0, 0, 0, 0, 0, 0]
Run terminated after 16 iterations. Compl Slackness: 2.5830e-01. Feasibility error: 2.2310e-06. Dual Feasibility error: 7.6560e-08.
Run terminated in 731.67s. Memory: 1236.81 MB.
Seed 369 terminated (feasibility error: 2.23e-06, dual feasibility error: 7.66e-08, slackness: 2.58e-01). Suggesting a new seed.
New seed suggested: 657
Creating Problem...
===Terminated Graph Sampling=== rank:  [1, 2, 2, 4, 3, 1, 1, 1]
it 000 | main   | XZ  | ineq=not_in_use | mu=4.00e+00 eta=1.00e-03 sigma=5.00e-01 | err c/p/d=5.71e-01/2.55e+02/1.14e+01 | ok=cpd | rmax X/Y/Z/T=1/1/1/-
it 001 | main   | XZ  | ineq=not_in_use | mu=5.86e-01 eta=1.00e-03 sigma=7.47e-02 | err c/p/d=6.33e-02/3.65e+01/3.95e+00 | ok=cpd | rmax X/Y/Z/T=7/5/7/-
it 002 | main   | XZ  | ineq=not_in_use | mu=1.78e-01 eta=1.00e-03 sigma=2.56e-01 | err c/p/d=2.14e-02/9.84e+00/2.42e-01 | ok=cpd | rmax X/Y/Z/T=35/19/22/-
it 003 | main   | AHO | ineq=not_in_use | mu=2.31e-02 eta=1.00e-03 sigma=3.02e-03 | err c/p/d=8.05e-03/9.93e-01/2.06e-01 | ok=cpd | rmax X/Y/Z/T=37/22/24/-
it 004 | main   | AHO | ineq=not_in_use | mu=5.46e-03 eta=1.00e-03 sigma=4.43e-01 | err c/p/d=2.00e-03/4.16e-02/2.18e-03 | ok=cpd | rmax X/Y/Z/T=40/23/25/-
it 005 | main   | AHO | ineq=not_in_use | mu=3.00e-03 eta=1.00e-03 sigma=5.29e-01 | err c/p/d=7.36e-04/5.85e-03/1.77e-03 | ok=cpd | rmax X/Y/Z/T=40/23/25/-
it 006 | main   | AHO | ineq=not_in_use | mu=1.56e-03 eta=1.00e-03 sigma=5.32e-01 | err c/p/d=3.24e-04/1.52e-02/1.11e-03 | ok=cpd | rmax X/Y/Z/T=35/23/26/-
it 007 | repair | XZ  | ineq=not_in_use | mu=4.56e-04 eta=9.12e-04 sigma=3.96e-01 | err c/p/d=8.51e-05/1.44e-02/5.12e-04 | ok=CpD | rmax X/Y/Z/T=27/24/27/-
it 008 | main   | AHO | ineq=not_in_use | mu=6.13e-04 eta=9.12e-04 sigma=0.00e+00 | err c/p/d=1.15e-04/2.10e-02/1.24e-03 | ok=cpd | rmax X/Y/Z/T=23/30/35/-
it 009 | main   | AHO | ineq=not_in_use | mu=3.28e-04 eta=6.56e-04 sigma=6.95e-03 | err c/p/d=5.99e-05/2.39e-02/9.39e-04 | ok=Cpd | rmax X/Y/Z/T=18/34/37/-
it 010 | repair | XZ  | ineq=not_in_use | mu=4.59e-04 eta=6.56e-04 sigma=0.00e+00 | err c/p/d=8.59e-05/1.23e-02/5.19e-04 | ok=CpD | rmax X/Y/Z/T=15/46/52/-
it 011 | main   | AHO | ineq=not_in_use | mu=5.64e-04 eta=6.56e-04 sigma=0.00e+00 | err c/p/d=1.06e-04/1.54e-02/9.16e-04 | ok=cpd | rmax X/Y/Z/T=14/43/50/-
it 012 | main   | AHO | ineq=not_in_use | mu=2.04e-04 eta=4.08e-04 sigma=1.20e-03 | err c/p/d=3.72e-05/1.34e-02/6.23e-04 | ok=Cpd | rmax X/Y/Z/T=18/48/53/-
it 013 | main   | AHO | ineq=not_in_use | mu=2.57e-04 eta=4.08e-04 sigma=0.00e+00 | err c/p/d=4.77e-05/5.23e-03/2.95e-04 | ok=CpD | rmax X/Y/Z/T=19/48/52/-
it 014 | main   | AHO | ineq=not_in_use | mu=3.11e-04 eta=4.08e-04 sigma=0.00e+00 | err c/p/d=5.80e-05/4.87e-03/5.69e-04 | ok=CpD | rmax X/Y/Z/T=18/48/51/-
it 015 | finish | AHO | ineq=not_in_use | mu=3.12e-04 eta=4.08e-04 sigma=0.00e+00 | err c/p/d=5.84e-05/3.11e-04/5.72e-04 | ok=CPD | rmax X/Y/Z/T=18/48/51/-
warn   | finish   | merit=worse | prev=5.72e-04 current=7.02e-03 | action=restore-stop
---Terminated---
Terminated in 16 iterations.
Ranks: X=[5, 12, 13, 18, 18, 12, 6, 5], Z=[4, 10, 28, 51, 51, 23, 10, 4], Y=[2, 8, 24, 48, 48, 21, 8, 2], T=[0, 0, 0, 0, 0, 0, 0, 0]
Run terminated after 16 iterations. Compl Slackness: 1.5988e-01. Feasibility error: 1.5509e-06. Dual Feasibility error: 5.2373e-06.
Run terminated in 2620.75s. Memory: 2224.73 MB.
Rerun with new seed 657 terminated. Feasibility error: 1.55e-06, dual feasibility error: 5.24e-06, slackness: 1.60e-01
Seed 657 terminated (feasibility error: 1.55e-06, dual feasibility error: 5.24e-06, slackness: 1.60e-01). Suggesting a new seed.
New seed suggested: 985
Creating Problem...
===Terminated Graph Sampling=== rank:  [3, 3, 4, 3, 2, 2, 2, 2]
it 000 | main   | XZ  | ineq=not_in_use | mu=4.00e+00 eta=1.00e-03 sigma=5.00e-01 | err c/p/d=5.71e-01/2.55e+02/1.14e+01 | ok=cpd | rmax X/Y/Z/T=1/1/1/-
it 001 | main   | XZ  | ineq=not_in_use | mu=6.48e-01 eta=1.00e-03 sigma=7.07e-02 | err c/p/d=7.08e-02/4.04e+01/3.89e+00 | ok=cpd | rmax X/Y/Z/T=7/5/7/-
it 002 | main   | XZ  | ineq=not_in_use | mu=1.93e-01 eta=1.00e-03 sigma=2.71e-01 | err c/p/d=2.47e-02/1.04e+01/5.89e-01 | ok=cpd | rmax X/Y/Z/T=36/15/17/-
it 003 | main   | AHO | ineq=not_in_use | mu=3.21e-02 eta=1.00e-03 sigma=2.20e-03 | err c/p/d=1.11e-02/1.55e+00/4.99e-01 | ok=cpd | rmax X/Y/Z/T=41/15/17/-
it 004 | main   | AHO | ineq=not_in_use | mu=9.39e-03 eta=1.00e-03 sigma=6.29e-01 | err c/p/d=4.39e-03/8.47e-02/4.24e-01 | ok=cpd | rmax X/Y/Z/T=46/15/17/-
it 005 | main   | AHO | ineq=not_in_use | mu=4.04e-03 eta=1.00e-03 sigma=5.30e-01 | err c/p/d=9.09e-04/2.80e-02/1.08e-01 | ok=cpd | rmax X/Y/Z/T=45/15/18/-
it 006 | main   | AHO | ineq=not_in_use | mu=2.21e-03 eta=1.00e-03 sigma=5.20e-01 | err c/p/d=4.46e-04/2.01e-02/1.50e-02 | ok=cpd | rmax X/Y/Z/T=44/16/18/-
it 007 | main   | AHO | ineq=not_in_use | mu=9.27e-04 eta=1.00e-03 sigma=8.10e-01 | err c/p/d=1.68e-04/9.85e-03/7.01e-04 | ok=cpd | rmax X/Y/Z/T=36/16/19/-
it 008 | main   | AHO | ineq=not_in_use | mu=3.27e-04 eta=6.53e-04 sigma=5.99e-02 | err c/p/d=5.57e-05/1.66e-02/6.26e-04 | ok=Cpd | rmax X/Y/Z/T=27/20/24/-
it 009 | repair | XZ  | ineq=not_in_use | mu=4.15e-04 eta=6.53e-04 sigma=0.00e+00 | err c/p/d=7.20e-05/7.68e-03/5.45e-04 | ok=CpD | rmax X/Y/Z/T=27/21/25/-
it 010 | main   | AHO | ineq=not_in_use | mu=5.10e-04 eta=6.53e-04 sigma=0.00e+00 | err c/p/d=8.89e-05/1.15e-02/8.73e-04 | ok=Cpd | rmax X/Y/Z/T=26/20/24/-
it 011 | main   | AHO | ineq=not_in_use | mu=5.12e-04 eta=6.53e-04 sigma=0.00e+00 | err c/p/d=9.04e-05/7.06e-04/3.26e-04 | ok=CpD | rmax X/Y/Z/T=26/20/23/-
it 012 | finish | AHO | ineq=not_in_use | mu=5.12e-04 eta=6.53e-04 sigma=0.00e+00 | err c/p/d=9.04e-05/3.62e-05/3.28e-04 | ok=CPD | rmax X/Y/Z/T=26/19/23/-
warn   | finish   | merit=worse | prev=3.28e-04 current=1.09e-02 | action=restore-stop
---Terminated---
Terminated in 13 iterations.
Ranks: X=[5, 6, 13, 26, 22, 21, 9, 5], Z=[5, 7, 18, 23, 16, 9, 6, 5], Y=[4, 6, 16, 19, 10, 7, 4, 4], T=[0, 0, 0, 0, 0, 0, 0, 0]
Run terminated after 13 iterations. Compl Slackness: 2.6219e-01. Feasibility error: 2.2269e-08. Dual Feasibility error: 1.7265e-06.
Run terminated in 1187.40s. Memory: 1249.77 MB.
Rerun with new seed 985 terminated. Feasibility error: 2.23e-08, dual feasibility error: 1.73e-06, slackness: 2.62e-01
Seed 985 terminated (feasibility error: 2.23e-08, dual feasibility error: 1.73e-06, slackness: 2.62e-01). Suggesting a new seed.
New seed suggested: 850
Creating Problem...
===Terminated Graph Sampling=== rank:  [3, 4, 2, 2, 3, 4, 3, 3]
it 000 | main   | XZ  | ineq=not_in_use | mu=4.00e+00 eta=1.00e-03 sigma=5.00e-01 | err c/p/d=5.71e-01/2.55e+02/1.14e+01 | ok=cpd | rmax X/Y/Z/T=1/1/1/-
it 001 | main   | XZ  | ineq=not_in_use | mu=6.36e-01 eta=1.00e-03 sigma=5.36e-02 | err c/p/d=7.34e-02/3.99e+01/3.37e+00 | ok=cpd | rmax X/Y/Z/T=8/6/8/-
it 002 | main   | XZ  | ineq=not_in_use | mu=9.63e-02 eta=1.00e-03 sigma=1.01e-01 | err c/p/d=2.67e-02/5.27e+00/2.85e+00 | ok=cpd | rmax X/Y/Z/T=63/43/54/-
it 003 | main   | AHO | ineq=not_in_use | mu=1.58e-02 eta=1.00e-03 sigma=6.07e-02 | err c/p/d=1.06e-02/6.25e-01/2.42e+00 | ok=cpd | rmax X/Y/Z/T=59/49/53/-
it 004 | main   | AHO | ineq=not_in_use | mu=8.62e-03 eta=1.00e-03 sigma=5.60e-01 | err c/p/d=5.14e-03/2.49e-01/9.31e-01 | ok=cpd | rmax X/Y/Z/T=63/55/64/-
it 005 | main   | AHO | ineq=not_in_use | mu=7.60e-03 eta=1.00e-03 sigma=8.39e-01 | err c/p/d=3.61e-03/2.03e-01/4.88e-01 | ok=cpd | rmax X/Y/Z/T=65/62/75/-
it 006 | main   | AHO | ineq=not_in_use | mu=6.02e-03 eta=1.00e-03 sigma=6.20e-01 | err c/p/d=2.26e-03/1.52e-01/4.31e-01 | ok=cpd | rmax X/Y/Z/T=65/61/71/-
it 007 | main   | AHO | ineq=not_in_use | mu=5.80e-03 eta=1.00e-03 sigma=4.90e-01 | err c/p/d=2.10e-03/1.51e-01/4.12e-01 | ok=cpd | rmax X/Y/Z/T=65/60/70/-
it 008 | main   | AHO | ineq=not_in_use | mu=5.85e-03 eta=1.00e-03 sigma=4.77e-01 | err c/p/d=2.10e-03/1.58e-01/4.10e-01 | ok=cpd | rmax X/Y/Z/T=65/59/69/-
it 009 | main   | AHO | ineq=not_in_use | mu=5.93e-03 eta=1.00e-03 sigma=4.71e-01 | err c/p/d=2.12e-03/1.67e-01/4.08e-01 | ok=cpd | rmax X/Y/Z/T=65/58/68/-
it 010 | main   | AHO | ineq=not_in_use | mu=5.89e-03 eta=1.00e-03 sigma=4.65e-01 | err c/p/d=2.10e-03/1.66e-01/4.08e-01 | ok=cpd | rmax X/Y/Z/T=65/58/67/-
it 011 | main   | AHO | ineq=not_in_use | mu=5.89e-03 eta=1.00e-03 sigma=4.64e-01 | err c/p/d=2.10e-03/1.66e-01/4.07e-01 | ok=cpd | rmax X/Y/Z/T=65/58/66/-
it 012 | main   | AHO | ineq=not_in_use | mu=5.89e-03 eta=1.00e-03 sigma=4.65e-01 | err c/p/d=2.10e-03/1.66e-01/4.07e-01 | ok=cpd | rmax X/Y/Z/T=65/58/66/-
it 013 | main   | AHO | ineq=not_in_use | mu=5.89e-03 eta=1.00e-03 sigma=4.64e-01 | err c/p/d=2.10e-03/1.66e-01/4.06e-01 | ok=cpd | rmax X/Y/Z/T=65/58/66/-
it 014 | main   | AHO | ineq=not_in_use | mu=5.89e-03 eta=1.00e-03 sigma=4.65e-01 | err c/p/d=2.10e-03/1.66e-01/4.06e-01 | ok=cpd | rmax X/Y/Z/T=65/58/66/-
