000 (777.000.000) 06/02 16:49:40 Job submitted from host: <146.169.22.28:9618?addrs=146.169.22.28-9618+[2a0c-5bc0-80-110-494d-1845-2a15-2cd8]-9618&noUDP&sock=7662_6323_3>
...
001 (777.000.000) 06/02 16:50:04 Job executing on host: <146.169.53.189:9618?addrs=146.169.53.189-9618+[2a0c-5bc0-40-11c4-8ea7-defc-be93-aeb]-9618&noUDP&sock=53316_3be2_4>
...
006 (777.000.000) 06/02 16:50:13 Image size of job updated: 4
	5  -  MemoryUsage of job (MB)
	4968  -  ResidentSetSize of job (KB)
...
006 (777.000.000) 06/02 16:55:14 Image size of job updated: 10212616
	858  -  MemoryUsage of job (MB)
	878408  -  ResidentSetSize of job (KB)
...
006 (777.000.000) 06/02 17:00:15 Image size of job updated: 10283612
	1442  -  MemoryUsage of job (MB)
	1476164  -  ResidentSetSize of job (KB)
...
006 (777.000.000) 06/02 17:15:17 Image size of job updated: 10296132
	1442  -  MemoryUsage of job (MB)
	1476164  -  ResidentSetSize of job (KB)
...
006 (777.000.000) 06/02 17:20:17 Image size of job updated: 10541124
	1931  -  MemoryUsage of job (MB)
	1976840  -  ResidentSetSize of job (KB)
...
006 (777.000.000) 06/02 17:45:19 Image size of job updated: 11092300
	2526  -  MemoryUsage of job (MB)
	2586272  -  ResidentSetSize of job (KB)
...
006 (777.000.000) 06/02 17:50:20 Image size of job updated: 11168772
	2526  -  MemoryUsage of job (MB)
	2586272  -  ResidentSetSize of job (KB)
...
006 (777.000.000) 06/02 17:55:20 Image size of job updated: 11225344
	2526  -  MemoryUsage of job (MB)
	2586272  -  ResidentSetSize of job (KB)
...
006 (777.000.000) 06/02 18:00:21 Image size of job updated: 11225344
	2567  -  MemoryUsage of job (MB)
	2627864  -  ResidentSetSize of job (KB)
...
006 (777.000.000) 06/02 18:10:22 Image size of job updated: 11246816
	2567  -  MemoryUsage of job (MB)
	2627864  -  ResidentSetSize of job (KB)
...
006 (777.000.000) 06/02 18:15:22 Image size of job updated: 11246816
	2612  -  MemoryUsage of job (MB)
	2673996  -  ResidentSetSize of job (KB)
...
006 (777.000.000) 06/02 18:20:23 Image size of job updated: 11314768
	2612  -  MemoryUsage of job (MB)
	2673996  -  ResidentSetSize of job (KB)
...
006 (777.000.000) 06/02 18:25:23 Image size of job updated: 11380496
	2836  -  MemoryUsage of job (MB)
	2903812  -  ResidentSetSize of job (KB)
...
006 (777.000.000) 06/02 18:35:24 Image size of job updated: 11703960
	2836  -  MemoryUsage of job (MB)
	2903812  -  ResidentSetSize of job (KB)
...
006 (777.000.000) 06/02 18:40:25 Image size of job updated: 11716492
	2836  -  MemoryUsage of job (MB)
	2903812  -  ResidentSetSize of job (KB)
...
006 (777.000.000) 06/02 18:50:26 Image size of job updated: 11718692
	2841  -  MemoryUsage of job (MB)
	2908800  -  ResidentSetSize of job (KB)
...
006 (777.000.000) 06/02 18:55:27 Image size of job updated: 11718692
	2844  -  MemoryUsage of job (MB)
	2911832  -  ResidentSetSize of job (KB)
...
006 (777.000.000) 06/02 19:05:27 Image size of job updated: 12007440
	2844  -  MemoryUsage of job (MB)
	2911832  -  ResidentSetSize of job (KB)
...
006 (777.000.000) 06/02 19:15:28 Image size of job updated: 12113780
	3054  -  MemoryUsage of job (MB)
	3126592  -  ResidentSetSize of job (KB)
...
006 (777.000.000) 06/02 19:30:30 Image size of job updated: 12493804
	3054  -  MemoryUsage of job (MB)
	3126592  -  ResidentSetSize of job (KB)
...
006 (777.000.000) 06/02 19:35:30 Image size of job updated: 12493804
	3139  -  MemoryUsage of job (MB)
	3214072  -  ResidentSetSize of job (KB)
...
006 (777.000.000) 06/02 19:45:32 Image size of job updated: 12493804
	3319  -  MemoryUsage of job (MB)
	3398100  -  ResidentSetSize of job (KB)
...
006 (777.000.000) 06/02 20:20:35 Image size of job updated: 12493804
	3371  -  MemoryUsage of job (MB)
	3451068  -  ResidentSetSize of job (KB)
...
006 (777.000.000) 06/02 22:20:47 Image size of job updated: 12493804
	3494  -  MemoryUsage of job (MB)
	3577756  -  ResidentSetSize of job (KB)
...
006 (777.000.000) 06/02 22:50:51 Image size of job updated: 12493804
	3508  -  MemoryUsage of job (MB)
	3591728  -  ResidentSetSize of job (KB)
...
006 (777.000.000) 06/02 23:05:53 Image size of job updated: 13736072
	5212  -  MemoryUsage of job (MB)
	5337008  -  ResidentSetSize of job (KB)
...
006 (777.000.000) 06/02 23:10:53 Image size of job updated: 16079956
	7641  -  MemoryUsage of job (MB)
	7824320  -  ResidentSetSize of job (KB)
...
006 (777.000.000) 06/02 23:15:54 Image size of job updated: 16170316
	7641  -  MemoryUsage of job (MB)
	7824320  -  ResidentSetSize of job (KB)
...
006 (777.000.000) 06/03 01:41:08 Image size of job updated: 16426368
	8041  -  MemoryUsage of job (MB)
	8233476  -  ResidentSetSize of job (KB)
...
006 (777.000.000) 06/03 01:56:10 Image size of job updated: 16464152
	8041  -  MemoryUsage of job (MB)
	8233476  -  ResidentSetSize of job (KB)
...
006 (777.000.000) 06/03 02:16:12 Image size of job updated: 16577728
	8195  -  MemoryUsage of job (MB)
	8391092  -  ResidentSetSize of job (KB)
...
006 (777.000.000) 06/03 15:52:36 Image size of job updated: 17385948
	8294  -  MemoryUsage of job (MB)
	8492392  -  ResidentSetSize of job (KB)
...
006 (777.000.000) 06/03 16:32:40 Image size of job updated: 17385948
	8501  -  MemoryUsage of job (MB)
	8704476  -  ResidentSetSize of job (KB)
...
006 (777.000.000) 06/03 17:37:48 Image size of job updated: 18134140
	9715  -  MemoryUsage of job (MB)
	9947584  -  ResidentSetSize of job (KB)
...
006 (777.000.000) 06/03 18:22:54 Image size of job updated: 18210700
	9715  -  MemoryUsage of job (MB)
	9947584  -  ResidentSetSize of job (KB)
...
