Running: max_stable_set (rank=5)
==== max_stable_set TT-IPM Batch Run Started at Tue  2 Jun 16:50:06 BST 2026 ====

▶ Running dim=9 with config=configs/max_stable_set_9.yaml at Tue  2 Jun 16:50:06 BST 2026

===== Processing Rank: 5 =====
Running seed 369
Creating Problem...
===Terminated Graph Sampling=== rank:  [3, 4, 5, 5, 5, 3, 1, 1]
it 000 | main   | XZ  | ineq=not_in_use | mu=4.00e+00 eta=1.00e-03 sigma=5.00e-01 | err c/p/d=5.71e-01/2.55e+02/1.14e+01 | ok=cpd | rmax X/Y/Z/T=1/1/1/-
it 001 | main   | XZ  | ineq=not_in_use | mu=6.75e-01 eta=1.00e-03 sigma=8.32e-02 | err c/p/d=7.43e-02/4.19e+01/3.79e+00 | ok=cpd | rmax X/Y/Z/T=8/6/8/-
it 002 | main   | XZ  | ineq=not_in_use | mu=1.95e-01 eta=1.00e-03 sigma=2.42e-01 | err c/p/d=2.68e-02/1.04e+01/1.30e+00 | ok=cpd | rmax X/Y/Z/T=50/32/37/-
it 003 | main   | AHO | ineq=not_in_use | mu=1.34e-02 eta=1.00e-03 sigma=1.33e-02 | err c/p/d=8.67e-03/1.81e-01/1.11e+00 | ok=cpd | rmax X/Y/Z/T=52/39/42/-
it 004 | main   | AHO | ineq=not_in_use | mu=6.38e-03 eta=1.00e-03 sigma=6.31e-01 | err c/p/d=2.58e-03/8.02e-03/4.85e-01 | ok=cpd | rmax X/Y/Z/T=54/41/43/-
it 005 | main   | AHO | ineq=not_in_use | mu=4.22e-03 eta=1.00e-03 sigma=6.63e-01 | err c/p/d=1.22e-03/1.62e-02/3.64e-01 | ok=cpd | rmax X/Y/Z/T=53/41/44/-
it 006 | main   | AHO | ineq=not_in_use | mu=3.25e-03 eta=1.00e-03 sigma=7.33e-01 | err c/p/d=8.19e-04/2.27e-02/2.37e-01 | ok=cpd | rmax X/Y/Z/T=49/41/44/-
it 007 | main   | AHO | ineq=not_in_use | mu=2.43e-03 eta=1.00e-03 sigma=7.40e-01 | err c/p/d=5.51e-04/2.61e-02/1.35e-01 | ok=cpd | rmax X/Y/Z/T=45/41/45/-
it 008 | main   | AHO | ineq=not_in_use | mu=1.44e-03 eta=1.00e-03 sigma=6.05e-01 | err c/p/d=2.93e-04/2.55e-02/7.26e-02 | ok=cpd | rmax X/Y/Z/T=41/42/45/-
it 009 | main   | AHO | ineq=not_in_use | mu=6.06e-04 eta=1.00e-03 sigma=4.81e-01 | err c/p/d=1.14e-04/2.00e-02/1.22e-02 | ok=cpd | rmax X/Y/Z/T=34/44/48/-
it 010 | main   | AHO | ineq=not_in_use | mu=3.97e-04 eta=7.94e-04 sigma=2.02e-02 | err c/p/d=7.28e-05/2.63e-02/2.73e-03 | ok=Cpd | rmax X/Y/Z/T=25/51/57/-
it 011 | main   | AHO | ineq=not_in_use | mu=5.13e-04 eta=7.94e-04 sigma=0.00e+00 | err c/p/d=9.67e-05/1.12e-02/7.57e-04 | ok=Cpd | rmax X/Y/Z/T=23/52/56/-
it 012 | repair | XZ  | ineq=not_in_use | mu=6.25e-04 eta=7.94e-04 sigma=0.00e+00 | err c/p/d=1.19e-04/1.01e-02/4.95e-04 | ok=cpD | rmax X/Y/Z/T=22/52/55/-
it 013 | main   | AHO | ineq=not_in_use | mu=5.29e-04 eta=7.94e-04 sigma=0.00e+00 | err c/p/d=9.87e-05/2.18e-02/1.14e-03 | ok=Cpd | rmax X/Y/Z/T=20/52/56/-
it 014 | repair | XZ  | ineq=not_in_use | mu=6.88e-04 eta=7.94e-04 sigma=0.00e+00 | err c/p/d=1.31e-04/1.46e-02/5.62e-04 | ok=cpD | rmax X/Y/Z/T=18/52/55/-
it 015 | main   | AHO | ineq=not_in_use | mu=5.83e-04 eta=7.94e-04 sigma=0.00e+00 | err c/p/d=1.09e-04/2.59e-02/1.17e-03 | ok=cpd | rmax X/Y/Z/T=16/60/69/-
it 016 | main   | AHO | ineq=not_in_use | mu=2.79e-04 eta=5.58e-04 sigma=2.03e-03 | err c/p/d=5.09e-05/2.08e-02/7.45e-04 | ok=Cpd | rmax X/Y/Z/T=9/80/88/-
it 017 | repair | XZ  | ineq=not_in_use | mu=4.04e-04 eta=5.58e-04 sigma=0.00e+00 | err c/p/d=7.53e-05/1.17e-02/3.27e-04 | ok=CpD | rmax X/Y/Z/T=6/84/91/-
it 018 | repair | XZ  | ineq=not_in_use | mu=5.28e-04 eta=5.58e-04 sigma=0.00e+00 | err c/p/d=9.91e-05/1.68e-02/5.71e-04 | ok=CpD | rmax X/Y/Z/T=4/81/89/-
it 019 | main   | AHO | ineq=not_in_use | mu=6.00e-04 eta=5.58e-04 sigma=0.00e+00 | err c/p/d=1.14e-04/1.49e-02/7.81e-04 | ok=cpd | rmax X/Y/Z/T=4/80/88/-
warn   | ipm      | limit=max_iter | action=finish
it 020 | finish | AHO | ineq=not_in_use | mu=1.75e-04 eta=3.51e-04 sigma=1.05e-03 | err c/p/d=3.20e-05/1.12e-02/3.84e-04 | ok=CpD | rmax X/Y/Z/T=4/89/96/-
it 021 | finish | AHO | ineq=not_in_use | mu=5.12e-05 eta=1.02e-04 sigma=0.00e+00 | err c/p/d=9.32e-06/4.17e-03/2.61e-04 | ok=CpD | rmax X/Y/Z/T=4/99/102/-
it 022 | finish | AHO | ineq=not_in_use | mu=1.10e-05 eta=1.00e-04 sigma=0.00e+00 | err c/p/d=2.00e-06/9.30e-04/4.85e-05 | ok=CpD | rmax X/Y/Z/T=5/116/118/-
it 023 | finish | AHO | ineq=not_in_use | mu=1.25e-05 eta=1.00e-04 sigma=0.00e+00 | err c/p/d=2.28e-06/1.07e-03/2.09e-05 | ok=CpD | rmax X/Y/Z/T=5/116/118/-
it 024 | finish | AHO | ineq=not_in_use | mu=1.41e-05 eta=1.00e-04 sigma=0.00e+00 | err c/p/d=2.57e-06/1.21e-03/4.45e-05 | ok=CpD | rmax X/Y/Z/T=5/116/118/-
---Terminated---
Terminated in 24 iterations.
Ranks: X=[2, 2, 2, 2, 2, 2, 2, 5], Z=[5, 16, 55, 118, 66, 19, 7, 4], Y=[4, 13, 52, 116, 64, 17, 5, 2], T=[0, 0, 0, 0, 0, 0, 0, 0]
Run terminated after 24 iterations. Compl Slackness: 7.2267e-03. Feasibility error: 2.3246e-05. Dual Feasibility error: 3.1760e-08.
Run terminated in 7705.43s. Memory: 3681.45 MB.
Seed 369 terminated (feasibility error: 2.32e-05, dual feasibility error: 3.18e-08, slackness: 7.23e-03). Suggesting a new seed.
New seed suggested: 328
Creating Problem...
===Terminated Graph Sampling=== rank:  [2, 3, 4, 5, 5, 4, 4, 3]
it 000 | main   | XZ  | ineq=not_in_use | mu=4.00e+00 eta=1.00e-03 sigma=5.00e-01 | err c/p/d=5.71e-01/2.55e+02/1.14e+01 | ok=cpd | rmax X/Y/Z/T=1/1/1/-
it 001 | main   | XZ  | ineq=not_in_use | mu=5.74e-01 eta=1.00e-03 sigma=5.94e-02 | err c/p/d=6.38e-02/3.59e+01/3.70e+00 | ok=cpd | rmax X/Y/Z/T=9/7/9/-
it 002 | main   | XZ  | ineq=not_in_use | mu=9.98e-02 eta=1.00e-03 sigma=1.12e-01 | err c/p/d=2.15e-02/5.56e+00/2.17e+00 | ok=cpd | rmax X/Y/Z/T=89/48/64/-
it 003 | main   | AHO | ineq=not_in_use | mu=1.40e-02 eta=1.00e-03 sigma=2.18e-02 | err c/p/d=7.63e-03/5.26e-01/1.84e+00 | ok=cpd | rmax X/Y/Z/T=90/57/69/-
it 004 | main   | AHO | ineq=not_in_use | mu=9.01e-03 eta=1.00e-03 sigma=6.59e-01 | err c/p/d=3.98e-03/2.70e-01/9.52e-01 | ok=cpd | rmax X/Y/Z/T=91/61/69/-
it 005 | main   | AHO | ineq=not_in_use | mu=6.00e-03 eta=1.00e-03 sigma=7.34e-01 | err c/p/d=1.96e-03/1.35e-01/7.60e-01 | ok=cpd | rmax X/Y/Z/T=84/60/68/-
it 006 | main   | AHO | ineq=not_in_use | mu=2.74e-03 eta=1.00e-03 sigma=5.90e-01 | err c/p/d=6.28e-04/4.90e-02/3.95e-01 | ok=cpd | rmax X/Y/Z/T=73/61/67/-
it 007 | main   | AHO | ineq=not_in_use | mu=6.29e-04 eta=1.00e-03 sigma=1.31e-01 | err c/p/d=1.18e-04/2.81e-02/1.17e-01 | ok=cpd | rmax X/Y/Z/T=50/65/70/-
it 008 | main   | AHO | ineq=not_in_use | mu=4.12e-04 eta=8.24e-04 sigma=1.15e-02 | err c/p/d=7.53e-05/2.94e-02/1.30e-02 | ok=Cpd | rmax X/Y/Z/T=28/74/79/-
it 009 | main   | AHO | ineq=not_in_use | mu=6.25e-04 eta=8.24e-04 sigma=0.00e+00 | err c/p/d=1.18e-04/2.02e-02/1.18e-03 | ok=cpd | rmax X/Y/Z/T=20/75/79/-
it 010 | main   | AHO | ineq=not_in_use | mu=3.55e-04 eta=7.09e-04 sigma=4.92e-03 | err c/p/d=6.48e-05/2.28e-02/8.88e-04 | ok=Cpd | rmax X/Y/Z/T=11/84/91/-
it 011 | main   | AHO | ineq=not_in_use | mu=5.44e-04 eta=7.09e-04 sigma=0.00e+00 | err c/p/d=1.02e-04/1.67e-02/6.72e-04 | ok=cpd | rmax X/Y/Z/T=8/86/93/-
it 012 | main   | AHO | ineq=not_in_use | mu=2.46e-04 eta=4.93e-04 sigma=1.04e-03 | err c/p/d=4.49e-05/1.42e-02/6.45e-04 | ok=Cpd | rmax X/Y/Z/T=4/89/95/-
it 013 | repair | XZ  | ineq=not_in_use | mu=3.56e-04 eta=4.93e-04 sigma=0.00e+00 | err c/p/d=6.57e-05/1.07e-02/3.94e-04 | ok=CpD | rmax X/Y/Z/T=6/94/101/-
it 014 | main   | AHO | ineq=not_in_use | mu=4.73e-04 eta=4.93e-04 sigma=0.00e+00 | err c/p/d=8.78e-05/1.23e-02/7.35e-04 | ok=Cpd | rmax X/Y/Z/T=6/94/105/-
it 015 | repair | XZ  | ineq=not_in_use | mu=6.14e-04 eta=4.93e-04 sigma=0.00e+00 | err c/p/d=1.15e-04/8.92e-03/3.60e-04 | ok=cpD | rmax X/Y/Z/T=4/102/109/-
it 016 | main   | AHO | ineq=not_in_use | mu=4.50e-04 eta=4.93e-04 sigma=0.00e+00 | err c/p/d=8.32e-05/8.88e-03/6.55e-04 | ok=Cpd | rmax X/Y/Z/T=6/100/108/-
it 017 | main   | AHO | ineq=not_in_use | mu=8.13e-04 eta=4.93e-04 sigma=0.00e+00 | err c/p/d=1.51e-04/1.41e-02/7.47e-04 | ok=cpd | rmax X/Y/Z/T=61/135/176/-
it 018 | main   | AHO | ineq=not_in_use | mu=6.39e-04 eta=4.93e-04 sigma=8.08e-02 | err c/p/d=1.17e-04/1.48e-02/8.02e-04 | ok=cpd | rmax X/Y/Z/T=41/147/161/-
it 019 | main   | AHO | ineq=not_in_use | mu=1.07e-03 eta=4.93e-04 sigma=4.95e-01 | err c/p/d=1.95e-04/2.55e-02/7.33e-04 | ok=cpd | rmax X/Y/Z/T=53/155/196/-
warn   | ipm      | limit=max_iter | action=finish
it 020 | finish | AHO | ineq=not_in_use | mu=7.87e-04 eta=4.93e-04 sigma=2.74e-02 | err c/p/d=1.43e-04/1.93e-02/8.26e-04 | ok=cpd | rmax X/Y/Z/T=37/155/170/-
it 021 | finish | AHO | ineq=not_in_use | mu=4.39e-04 eta=4.93e-04 sigma=0.00e+00 | err c/p/d=7.99e-05/1.11e-02/4.36e-04 | ok=CpD | rmax X/Y/Z/T=25/159/163/-
it 022 | finish | AHO | ineq=not_in_use | mu=4.00e-04 eta=4.93e-04 sigma=0.00e+00 | err c/p/d=7.27e-05/1.02e-02/3.27e-04 | ok=CpD | rmax X/Y/Z/T=24/160/162/-
it 023 | finish | AHO | ineq=not_in_use | mu=4.18e-04 eta=4.93e-04 sigma=0.00e+00 | err c/p/d=7.59e-05/1.07e-02/2.56e-04 | ok=CpD | rmax X/Y/Z/T=21/160/163/-
it 024 | finish | AHO | ineq=not_in_use | mu=4.44e-04 eta=4.93e-04 sigma=0.00e+00 | err c/p/d=8.07e-05/1.13e-02/1.48e-04 | ok=CpD | rmax X/Y/Z/T=20/161/163/-
---Terminated---
Terminated in 24 iterations.
Ranks: X=[5, 9, 14, 20, 17, 10, 6, 5], Z=[5, 14, 47, 163, 127, 47, 16, 5], Y=[4, 12, 45, 161, 125, 45, 14, 4], T=[0, 0, 0, 0, 0, 0, 0, 0]
Run failed after 24 iterations. Compl Slackness: 2.2730e-01. Feasibility error: 2.0459e-03. Dual Feasibility error: 3.5253e-07.
Run failed in 45407.66s. Memory: 8654.37 MB.
Rerun with new seed 328 failed. Feasibility error: 2.05e-03, dual feasibility error: 3.53e-07, slackness: 2.27e-01
Seed 328 failed (feasibility error: 2.05e-03, dual feasibility error: 3.53e-07, slackness: 2.27e-01). Suggesting a new seed.
New seed suggested: 162
Creating Problem...
===Terminated Graph Sampling=== rank:  [2, 3, 4, 5, 5, 4, 4, 3]
it 000 | main   | XZ  | ineq=not_in_use | mu=4.00e+00 eta=1.00e-03 sigma=5.00e-01 | err c/p/d=5.71e-01/2.55e+02/1.14e+01 | ok=cpd | rmax X/Y/Z/T=1/1/1/-
it 001 | main   | XZ  | ineq=not_in_use | mu=6.77e-01 eta=1.00e-03 sigma=8.97e-02 | err c/p/d=7.38e-02/4.20e+01/3.87e+00 | ok=cpd | rmax X/Y/Z/T=9/7/9/-
it 002 | main   | XZ  | ineq=not_in_use | mu=2.15e-01 eta=1.00e-03 sigma=3.39e-01 | err c/p/d=2.74e-02/1.10e+01/1.03e+00 | ok=cpd | rmax X/Y/Z/T=38/16/19/-
it 003 | main   | AHO | ineq=not_in_use | mu=2.91e-02 eta=1.00e-03 sigma=7.44e-03 | err c/p/d=1.24e-02/1.18e+00/8.78e-01 | ok=cpd | rmax X/Y/Z/T=39/18/21/-
it 004 | main   | AHO | ineq=not_in_use | mu=1.42e-02 eta=1.00e-03 sigma=6.31e-01 | err c/p/d=6.47e-03/4.29e-01/1.76e-01 | ok=cpd | rmax X/Y/Z/T=42/22/25/-
it 005 | main   | AHO | ineq=not_in_use | mu=8.24e-03 eta=1.00e-03 sigma=7.84e-01 | err c/p/d=2.73e-03/1.77e-01/5.57e-02 | ok=cpd | rmax X/Y/Z/T=47/24/28/-
it 006 | main   | AHO | ineq=not_in_use | mu=3.75e-03 eta=1.00e-03 sigma=5.87e-01 | err c/p/d=9.06e-04/6.03e-02/1.13e-02 | ok=cpd | rmax X/Y/Z/T=47/25/28/-
it 007 | main   | AHO | ineq=not_in_use | mu=1.36e-03 eta=1.00e-03 sigma=5.57e-01 | err c/p/d=2.75e-04/1.46e-02/6.69e-04 | ok=cpd | rmax X/Y/Z/T=46/26/29/-
it 008 | main   | AHO | ineq=not_in_use | mu=5.17e-04 eta=1.00e-03 sigma=4.33e-01 | err c/p/d=9.72e-05/1.07e-02/9.59e-04 | ok=Cpd | rmax X/Y/Z/T=44/34/37/-
it 009 | main   | AHO | ineq=not_in_use | mu=6.30e-04 eta=1.00e-03 sigma=0.00e+00 | err c/p/d=1.20e-04/9.16e-03/6.83e-04 | ok=cpd | rmax X/Y/Z/T=43/37/40/-
it 010 | main   | AHO | ineq=not_in_use | mu=8.12e-04 eta=1.00e-03 sigma=8.02e-01 | err c/p/d=1.53e-04/2.47e-02/1.29e-03 | ok=cpd | rmax X/Y/Z/T=59/57/88/-
it 011 | main   | AHO | ineq=not_in_use | mu=1.02e-03 eta=1.00e-03 sigma=8.14e-01 | err c/p/d=1.92e-04/3.88e-02/1.81e-03 | ok=cpd | rmax X/Y/Z/T=71/62/80/-
it 012 | main   | AHO | ineq=not_in_use | mu=1.15e-03 eta=1.00e-03 sigma=7.77e-01 | err c/p/d=2.17e-04/4.53e-02/1.69e-03 | ok=cpd | rmax X/Y/Z/T=83/75/115/-
it 013 | main   | AHO | ineq=not_in_use | mu=8.79e-04 eta=1.00e-03 sigma=5.70e-01 | err c/p/d=1.65e-04/3.19e-02/1.13e-03 | ok=cpd | rmax X/Y/Z/T=112/97/125/-
it 014 | main   | AHO | ineq=not_in_use | mu=1.19e-03 eta=1.00e-03 sigma=9.33e-01 | err c/p/d=2.23e-04/4.96e-02/1.89e-03 | ok=cpd | rmax X/Y/Z/T=105/95/124/-
it 015 | main   | AHO | ineq=not_in_use | mu=1.52e-03 eta=1.00e-03 sigma=9.34e-01 | err c/p/d=2.86e-04/6.75e-02/2.72e-03 | ok=cpd | rmax X/Y/Z/T=112/93/119/-
it 016 | main   | AHO | ineq=not_in_use | mu=1.56e-03 eta=1.00e-03 sigma=6.80e-01 | err c/p/d=2.94e-04/6.67e-02/2.90e-03 | ok=cpd | rmax X/Y/Z/T=130/111/141/-
it 017 | main   | AHO | ineq=not_in_use | mu=1.53e-03 eta=1.00e-03 sigma=8.21e-01 | err c/p/d=2.92e-04/5.97e-02/2.92e-03 | ok=cpd | rmax X/Y/Z/T=153/115/157/-
it 018 | main   | AHO | ineq=not_in_use | mu=1.66e-03 eta=1.00e-03 sigma=7.34e-01 | err c/p/d=3.16e-04/6.61e-02/2.68e-03 | ok=cpd | rmax X/Y/Z/T=144/127/153/-
it 019 | main   | AHO | ineq=not_in_use | mu=1.94e-03 eta=1.00e-03 sigma=8.74e-01 | err c/p/d=3.71e-04/8.17e-02/3.44e-03 | ok=cpd | rmax X/Y/Z/T=127/124/145/-
warn   | ipm      | limit=max_iter | action=finish
it 020 | finish | AHO | ineq=not_in_use | mu=2.16e-03 eta=1.00e-03 sigma=9.24e-01 | err c/p/d=4.14e-04/9.14e-02/4.05e-03 | ok=cpd | rmax X/Y/Z/T=135/124/143/-
it 021 | finish | AHO | ineq=not_in_use | mu=1.43e-03 eta=1.00e-03 sigma=0.00e+00 | err c/p/d=2.68e-04/6.71e-02/2.49e-03 | ok=cpd | rmax X/Y/Z/T=115/132/140/-
