Running: maxcut (rank=1)
==== maxcut TT-IPM Batch Run Started at Tue  2 Jun 16:50:07 BST 2026 ====

▶ Running dim=13 with config=configs/maxcut_13.yaml at Tue  2 Jun 16:50:07 BST 2026

===== Processing Rank: 1 =====
Running seed 83
Creating Problem for dim=13, rank=1...
===Terminated Graph Sampling=== rank:  [1, 1, 1, 1, 1, 1, 1, 1, 1, 1, 1, 1]
it 000 | main   | XZ  | ineq=not_in_use | mu=1.00e+00 eta=1.00e-03 sigma=5.00e-01 | err c/p/d=6.07e-03/2.19e+01/2.31e+01 | ok=cpd | rmax X/Y/Z/T=1/1/1/-
it 001 | main   | XZ  | ineq=not_in_use | mu=9.30e-02 eta=1.00e-03 sigma=2.18e-03 | err c/p/d=5.25e-03/1.56e+00/1.96e+01 | ok=cpd | rmax X/Y/Z/T=4/3/4/-
it 002 | main   | XZ  | ineq=not_in_use | mu=1.27e-03 eta=1.00e-03 sigma=2.29e-02 | err c/p/d=6.05e-04/5.98e-01/1.72e+01 | ok=cpd | rmax X/Y/Z/T=3/3/4/-
it 003 | main   | AHO | ineq=not_in_use | mu=1.37e-03 eta=1.00e-03 sigma=5.88e-01 | err c/p/d=1.38e-04/4.85e-01/1.40e+01 | ok=cpd | rmax X/Y/Z/T=5/2/4/-
it 004 | main   | AHO | ineq=not_in_use | mu=5.83e-04 eta=1.00e-03 sigma=4.16e-01 | err c/p/d=8.58e-05/4.55e-02/4.80e+00 | ok=cpd | rmax X/Y/Z/T=7/3/5/-
it 005 | main   | AHO | ineq=not_in_use | mu=2.95e-04 eta=5.90e-04 sigma=8.40e-01 | err c/p/d=3.55e-05/1.44e-04/2.76e+00 | ok=CPd | rmax X/Y/Z/T=9/3/5/-
it 006 | main   | AHO | ineq=not_in_use | mu=2.94e-04 eta=5.88e-04 sigma=0.00e+00 | err c/p/d=3.51e-05/2.08e-04/1.38e-01 | ok=CPd | rmax X/Y/Z/T=9/3/5/-
it 007 | main   | AHO | ineq=not_in_use | mu=2.94e-04 eta=5.88e-04 sigma=0.00e+00 | err c/p/d=3.51e-05/2.11e-04/6.89e-03 | ok=CPd | rmax X/Y/Z/T=9/3/5/-
it 008 | finish | AHO | ineq=not_in_use | mu=2.94e-04 eta=5.88e-04 sigma=0.00e+00 | err c/p/d=3.51e-05/2.11e-04/3.45e-04 | ok=CPD | rmax X/Y/Z/T=9/3/5/-
it 009 | finish | AHO | ineq=not_in_use | mu=1.32e-04 eta=2.64e-04 sigma=0.00e+00 | err c/p/d=1.50e-05/4.65e-04/1.78e-04 | ok=CPD | rmax X/Y/Z/T=10/3/5/-
---Terminated---
Terminated in 9 iterations.
Ranks: X=[3, 4, 4, 4, 4, 8, 8, 8, 10, 10, 9, 5], Z=[3, 4, 4, 4, 4, 5, 5, 5, 5, 5, 5, 4], Y=[2, 2, 2, 2, 2, 3, 3, 3, 3, 3, 3, 2], T=[0, 0, 0, 0, 0, 0, 0, 0, 0, 0, 0, 0]
Run terminated after 9 iterations. Compl Slackness: 1.0833e+00. Feasibility error: 3.4588e-06. Dual Feasibility error: 5.0977e-07.
Run terminated in 5061.34s. Memory: 1902.38 MB.
Seed 83 terminated (feasibility error: 3.46e-06, dual feasibility error: 5.10e-07, slackness: 1.08e+00). Suggesting a new seed.
New seed suggested: 284
Creating Problem for dim=13, rank=1...
===Terminated Graph Sampling=== rank:  [1, 1, 1, 1, 1, 1, 1, 1, 1, 1, 1, 1]
it 000 | main   | XZ  | ineq=not_in_use | mu=1.00e+00 eta=1.00e-03 sigma=5.00e-01 | err c/p/d=6.46e-03/2.19e+01/2.31e+01 | ok=cpd | rmax X/Y/Z/T=1/1/1/-
it 001 | main   | XZ  | ineq=not_in_use | mu=9.30e-02 eta=1.00e-03 sigma=2.35e-03 | err c/p/d=5.57e-03/1.56e+00/1.96e+01 | ok=cpd | rmax X/Y/Z/T=4/2/4/-
it 002 | main   | XZ  | ineq=not_in_use | mu=1.26e-03 eta=1.00e-03 sigma=2.29e-02 | err c/p/d=6.23e-04/5.99e-01/1.71e+01 | ok=cpd | rmax X/Y/Z/T=3/3/4/-
it 003 | main   | AHO | ineq=not_in_use | mu=1.39e-03 eta=1.00e-03 sigma=5.98e-01 | err c/p/d=1.48e-04/4.86e-01/1.40e+01 | ok=cpd | rmax X/Y/Z/T=5/2/4/-
it 004 | main   | AHO | ineq=not_in_use | mu=6.03e-04 eta=1.00e-03 sigma=4.47e-01 | err c/p/d=9.43e-05/4.23e-02/4.93e+00 | ok=cpd | rmax X/Y/Z/T=7/2/5/-
it 005 | main   | AHO | ineq=not_in_use | mu=4.31e-04 eta=8.62e-04 sigma=8.83e-01 | err c/p/d=6.40e-05/3.02e-02/4.26e+00 | ok=Cpd | rmax X/Y/Z/T=16/3/5/-
it 006 | main   | AHO | ineq=not_in_use | mu=4.34e-04 eta=8.62e-04 sigma=0.00e+00 | err c/p/d=6.31e-05/2.08e-02/1.19e+00 | ok=Cpd | rmax X/Y/Z/T=16/4/6/-
it 007 | main   | AHO | ineq=not_in_use | mu=4.35e-04 eta=8.62e-04 sigma=0.00e+00 | err c/p/d=6.12e-05/8.21e-04/5.49e-01 | ok=Cpd | rmax X/Y/Z/T=17/4/6/-
it 008 | main   | AHO | ineq=not_in_use | mu=4.34e-04 eta=8.62e-04 sigma=0.00e+00 | err c/p/d=6.08e-05/1.79e-05/3.83e-01 | ok=CPd | rmax X/Y/Z/T=17/4/6/-
it 009 | main   | AHO | ineq=not_in_use | mu=4.32e-04 eta=8.62e-04 sigma=0.00e+00 | err c/p/d=6.04e-05/8.88e-05/3.62e-01 | ok=CPd | rmax X/Y/Z/T=17/4/6/-
it 010 | main   | AHO | ineq=not_in_use | mu=4.31e-04 eta=8.61e-04 sigma=0.00e+00 | err c/p/d=6.01e-05/1.71e-04/3.59e-01 | ok=CPd | rmax X/Y/Z/T=17/4/6/-
it 011 | main   | AHO | ineq=not_in_use | mu=4.29e-04 eta=8.58e-04 sigma=0.00e+00 | err c/p/d=5.98e-05/2.66e-04/3.58e-01 | ok=CPd | rmax X/Y/Z/T=17/4/6/-
it 012 | main   | AHO | ineq=not_in_use | mu=4.28e-04 eta=8.55e-04 sigma=0.00e+00 | err c/p/d=5.95e-05/3.67e-04/3.58e-01 | ok=CPd | rmax X/Y/Z/T=17/4/6/-
it 013 | main   | AHO | ineq=not_in_use | mu=4.26e-04 eta=8.52e-04 sigma=0.00e+00 | err c/p/d=5.92e-05/4.66e-04/3.58e-01 | ok=CPd | rmax X/Y/Z/T=17/4/6/-
warn   | step-eig | target=miss | relres=inf > 1.00e-08 | action=keep-reset
it 014 | main   | AHO | ineq=not_in_use | mu=4.25e-04 eta=8.49e-04 sigma=0.00e+00 | err c/p/d=5.88e-05/5.56e-04/3.58e-01 | ok=CPd | rmax X/Y/Z/T=17/4/6/-
it 015 | main   | AHO | ineq=not_in_use | mu=4.24e-04 eta=8.48e-04 sigma=0.00e+00 | err c/p/d=5.87e-05/6.32e-04/1.59e-01 | ok=Cpd | rmax X/Y/Z/T=17/4/6/-
it 016 | main   | AHO | ineq=not_in_use | mu=4.24e-04 eta=8.48e-04 sigma=0.00e+00 | err c/p/d=5.87e-05/6.35e-05/7.93e-03 | ok=CPd | rmax X/Y/Z/T=17/4/6/-
it 017 | finish | AHO | ineq=not_in_use | mu=4.24e-04 eta=8.48e-04 sigma=0.00e+00 | err c/p/d=5.86e-05/7.21e-05/3.97e-04 | ok=CPD | rmax X/Y/Z/T=17/4/6/-
it 018 | finish | AHO | ineq=not_in_use | mu=1.29e-04 eta=2.57e-04 sigma=0.00e+00 | err c/p/d=1.76e-05/5.92e-04/7.75e-05 | ok=CPD | rmax X/Y/Z/T=17/4/6/-
---Terminated---
Terminated in 18 iterations.
Ranks: X=[3, 4, 4, 4, 4, 4, 4, 8, 9, 17, 7, 5], Z=[3, 4, 4, 4, 4, 4, 4, 5, 5, 6, 4, 4], Y=[2, 2, 2, 2, 2, 2, 2, 3, 3, 4, 2, 2], T=[0, 0, 0, 0, 0, 0, 0, 0, 0, 0, 0, 0]
Run terminated after 18 iterations. Compl Slackness: 1.0529e+00. Feasibility error: 5.6046e-06. Dual Feasibility error: 9.6062e-08.
Run terminated in 17279.10s. Memory: 5858.94 MB.
Rerun with new seed 284 terminated. Feasibility error: 5.60e-06, dual feasibility error: 9.61e-08, slackness: 1.05e+00
Seed 284 terminated (feasibility error: 5.60e-06, dual feasibility error: 9.61e-08, slackness: 1.05e+00). Suggesting a new seed.
New seed suggested: 277
Creating Problem for dim=13, rank=1...
===Terminated Graph Sampling=== rank:  [1, 1, 1, 1, 1, 1, 1, 1, 1, 1, 1, 1]
it 000 | main   | XZ  | ineq=not_in_use | mu=1.00e+00 eta=1.00e-03 sigma=5.00e-01 | err c/p/d=7.32e-03/2.19e+01/2.30e+01 | ok=cpd | rmax X/Y/Z/T=1/1/1/-
it 001 | main   | XZ  | ineq=not_in_use | mu=9.65e-02 eta=1.00e-03 sigma=3.79e-03 | err c/p/d=6.28e-03/1.64e+00/1.96e+01 | ok=cpd | rmax X/Y/Z/T=3/2/4/-
it 002 | main   | XZ  | ineq=not_in_use | mu=1.61e-03 eta=1.00e-03 sigma=2.20e-02 | err c/p/d=7.92e-04/5.78e-01/1.71e+01 | ok=cpd | rmax X/Y/Z/T=3/2/4/-
it 003 | main   | AHO | ineq=not_in_use | mu=2.46e-03 eta=1.00e-03 sigma=8.41e-01 | err c/p/d=2.96e-04/4.70e-01/1.37e+01 | ok=cpd | rmax X/Y/Z/T=3/2/4/-
it 004 | main   | AHO | ineq=not_in_use | mu=1.32e-03 eta=1.00e-03 sigma=5.87e-01 | err c/p/d=2.38e-04/3.32e-03/9.75e+00 | ok=cpd | rmax X/Y/Z/T=4/2/4/-
it 005 | main   | AHO | ineq=not_in_use | mu=1.17e-03 eta=1.00e-03 sigma=9.08e-01 | err c/p/d=1.62e-04/2.66e-03/9.38e+00 | ok=cpd | rmax X/Y/Z/T=5/2/4/-
it 006 | main   | AHO | ineq=not_in_use | mu=7.70e-04 eta=1.00e-03 sigma=6.40e-01 | err c/p/d=7.91e-05/5.68e-04/6.37e+00 | ok=CPd | rmax X/Y/Z/T=5/2/4/-
it 007 | main   | AHO | ineq=not_in_use | mu=7.67e-04 eta=1.00e-03 sigma=0.00e+00 | err c/p/d=7.81e-05/5.47e-04/3.18e-01 | ok=CPd | rmax X/Y/Z/T=5/2/4/-
it 008 | main   | AHO | ineq=not_in_use | mu=7.67e-04 eta=1.00e-03 sigma=0.00e+00 | err c/p/d=7.80e-05/5.47e-04/1.59e-02 | ok=CPd | rmax X/Y/Z/T=5/2/4/-
it 009 | main   | AHO | ineq=not_in_use | mu=7.67e-04 eta=1.00e-03 sigma=0.00e+00 | err c/p/d=7.80e-05/5.47e-04/7.96e-04 | ok=CPd | rmax X/Y/Z/T=5/2/4/-
it 010 | finish | AHO | ineq=not_in_use | mu=7.67e-04 eta=1.00e-03 sigma=0.00e+00 | err c/p/d=7.80e-05/5.47e-04/4.01e-05 | ok=CPD | rmax X/Y/Z/T=5/2/4/-
it 011 | finish | AHO | ineq=not_in_use | mu=3.79e-05 eta=1.00e-04 sigma=0.00e+00 | err c/p/d=3.80e-06/1.35e-05/2.91e-06 | ok=CPD | rmax X/Y/Z/T=5/2/4/-
---Terminated---
Terminated in 11 iterations.
Ranks: X=[3, 4, 5, 5, 5, 5, 5, 5, 4, 4, 4, 3], Z=[3, 4, 4, 4, 4, 4, 4, 4, 3, 3, 3, 3], Y=[2, 2, 2, 2, 2, 2, 2, 2, 1, 1, 1, 1], T=[0, 0, 0, 0, 0, 0, 0, 0, 0, 0, 0, 0]
Run terminated after 11 iterations. Compl Slackness: 3.1052e-01. Feasibility error: 2.9369e-09. Dual Feasibility error: 1.3518e-10.
Run terminated in 2513.80s. Memory: 1823.28 MB.
Rerun with new seed 277 terminated. Feasibility error: 2.94e-09, dual feasibility error: 1.35e-10, slackness: 3.11e-01
Seed 277 terminated (feasibility error: 2.94e-09, dual feasibility error: 1.35e-10, slackness: 3.11e-01). Suggesting a new seed.
New seed suggested: 137
Creating Problem for dim=13, rank=1...
===Terminated Graph Sampling=== rank:  [1, 1, 1, 1, 1, 1, 1, 1, 1, 1, 1, 1]
it 000 | main   | XZ  | ineq=not_in_use | mu=1.00e+00 eta=1.00e-03 sigma=5.00e-01 | err c/p/d=2.72e-02/2.19e+01/2.25e+01 | ok=cpd | rmax X/Y/Z/T=1/1/1/-
it 001 | main   | XZ  | ineq=not_in_use | mu=8.31e-02 eta=1.00e-03 sigma=1.03e-03 | err c/p/d=1.95e-02/1.32e+00/1.92e+01 | ok=cpd | rmax X/Y/Z/T=5/2/4/-
it 002 | main   | XZ  | ineq=not_in_use | mu=6.58e-04 eta=1.00e-03 sigma=2.57e-02 | err c/p/d=5.45e-04/6.19e-01/1.68e+01 | ok=cpd | rmax X/Y/Z/T=4/2/4/-
it 003 | main   | AHO | ineq=not_in_use | mu=2.08e-03 eta=1.00e-03 sigma=9.90e-01 | err c/p/d=7.01e-04/5.00e-01/1.47e+01 | ok=cpd | rmax X/Y/Z/T=5/2/4/-
it 004 | main   | AHO | ineq=not_in_use | mu=1.10e-03 eta=1.00e-03 sigma=5.94e-01 | err c/p/d=6.31e-04/4.03e-02/1.29e+01 | ok=cpd | rmax X/Y/Z/T=9/2/4/-
it 005 | main   | AHO | ineq=not_in_use | mu=1.07e-03 eta=1.00e-03 sigma=9.56e-01 | err c/p/d=1.01e-03/3.45e-02/1.24e+01 | ok=cpd | rmax X/Y/Z/T=15/3/5/-
it 006 | main   | AHO | ineq=not_in_use | mu=1.07e-03 eta=1.00e-03 sigma=9.85e-01 | err c/p/d=9.91e-04/3.17e-02/1.20e+01 | ok=cpd | rmax X/Y/Z/T=16/4/5/-
