000 (778.000.000) 06/02 16:49:40 Job submitted from host: <146.169.22.28:9618?addrs=146.169.22.28-9618+[2a0c-5bc0-80-110-494d-1845-2a15-2cd8]-9618&noUDP&sock=7662_6323_3>
...
001 (778.000.000) 06/02 16:50:04 Job executing on host: <146.169.53.176:9618?addrs=146.169.53.176-9618+[2a0c-5bc0-40-11c4-2670-7067-47fc-35ad]-9618&noUDP&sock=53652_b3b4_4>
...
006 (778.000.000) 06/02 16:50:13 Image size of job updated: 47272
	26  -  MemoryUsage of job (MB)
	25628  -  ResidentSetSize of job (KB)
...
006 (778.000.000) 06/02 16:55:14 Image size of job updated: 9857472
	1072  -  MemoryUsage of job (MB)
	1097264  -  ResidentSetSize of job (KB)
...
006 (778.000.000) 06/02 17:00:15 Image size of job updated: 10344628
	1548  -  MemoryUsage of job (MB)
	1584960  -  ResidentSetSize of job (KB)
...
006 (778.000.000) 06/02 17:15:17 Image size of job updated: 10715480
	1548  -  MemoryUsage of job (MB)
	1584960  -  ResidentSetSize of job (KB)
...
006 (778.000.000) 06/02 17:55:20 Image size of job updated: 10715480
	1721  -  MemoryUsage of job (MB)
	1762072  -  ResidentSetSize of job (KB)
...
006 (778.000.000) 06/02 18:20:24 Image size of job updated: 10715480
	1723  -  MemoryUsage of job (MB)
	1763876  -  ResidentSetSize of job (KB)
...
006 (778.000.000) 06/02 18:25:24 Image size of job updated: 10715480
	2496  -  MemoryUsage of job (MB)
	2555468  -  ResidentSetSize of job (KB)
...
006 (778.000.000) 06/02 18:35:25 Image size of job updated: 10715480
	3211  -  MemoryUsage of job (MB)
	3287264  -  ResidentSetSize of job (KB)
...
006 (778.000.000) 06/02 19:45:32 Image size of job updated: 10996308
	3211  -  MemoryUsage of job (MB)
	3287264  -  ResidentSetSize of job (KB)
...
006 (778.000.000) 06/02 20:00:34 Image size of job updated: 11031148
	3211  -  MemoryUsage of job (MB)
	3287264  -  ResidentSetSize of job (KB)
...
006 (778.000.000) 06/02 20:30:36 Image size of job updated: 11035512
	3211  -  MemoryUsage of job (MB)
	3287264  -  ResidentSetSize of job (KB)
...
006 (778.000.000) 06/02 20:50:39 Image size of job updated: 11304044
	3211  -  MemoryUsage of job (MB)
	3287264  -  ResidentSetSize of job (KB)
...
006 (778.000.000) 06/02 21:55:45 Image size of job updated: 12316212
	3523  -  MemoryUsage of job (MB)
	3607180  -  ResidentSetSize of job (KB)
...
006 (778.000.000) 06/02 22:10:46 Image size of job updated: 13778644
	4951  -  MemoryUsage of job (MB)
	5069268  -  ResidentSetSize of job (KB)
...
006 (778.000.000) 06/02 22:35:48 Image size of job updated: 15014484
	6157  -  MemoryUsage of job (MB)
	6304308  -  ResidentSetSize of job (KB)
...
006 (778.000.000) 06/03 05:31:31 Image size of job updated: 15143304
	6285  -  MemoryUsage of job (MB)
	6434836  -  ResidentSetSize of job (KB)
...
006 (778.000.000) 06/03 07:31:43 Image size of job updated: 16898808
	8004  -  MemoryUsage of job (MB)
	8195264  -  ResidentSetSize of job (KB)
...
