000 (779.000.000) 06/02 16:49:40 Job submitted from host: <146.169.22.28:9618?addrs=146.169.22.28-9618+[2a0c-5bc0-80-110-494d-1845-2a15-2cd8]-9618&noUDP&sock=7662_6323_3>
...
001 (779.000.000) 06/02 16:51:04 Job executing on host: <146.169.52.3:9618?addrs=146.169.52.3-9618+[2a0c-5bc0-40-11c4-b4fd-3cd3-ab4a-4bd7]-9618&noUDP&sock=56824_483f_4>
...
006 (779.000.000) 06/02 16:51:13 Image size of job updated: 4
	6  -  MemoryUsage of job (MB)
	5192  -  ResidentSetSize of job (KB)
...
006 (779.000.000) 06/02 16:56:14 Image size of job updated: 9537808
	533  -  MemoryUsage of job (MB)
	545184  -  ResidentSetSize of job (KB)
...
006 (779.000.000) 06/02 17:01:14 Image size of job updated: 10824988
	2205  -  MemoryUsage of job (MB)
	2257228  -  ResidentSetSize of job (KB)
...
006 (779.000.000) 06/02 17:06:14 Image size of job updated: 11932156
	2514  -  MemoryUsage of job (MB)
	2573772  -  ResidentSetSize of job (KB)
...
006 (779.000.000) 06/02 19:36:28 Image size of job updated: 11932156
	2566  -  MemoryUsage of job (MB)
	2627352  -  ResidentSetSize of job (KB)
...
006 (779.000.000) 06/02 21:06:37 Image size of job updated: 11932156
	2566  -  MemoryUsage of job (MB)
	2627552  -  ResidentSetSize of job (KB)
...
006 (779.000.000) 06/03 00:06:56 Image size of job updated: 11932156
	2567  -  MemoryUsage of job (MB)
	2627900  -  ResidentSetSize of job (KB)
...
006 (779.000.000) 06/03 03:47:18 Image size of job updated: 11932156
	2568  -  MemoryUsage of job (MB)
	2628692  -  ResidentSetSize of job (KB)
...
006 (779.000.000) 06/03 05:17:26 Image size of job updated: 13030112
	4454  -  MemoryUsage of job (MB)
	4560228  -  ResidentSetSize of job (KB)
...
006 (779.000.000) 06/03 05:32:28 Image size of job updated: 13180744
	4454  -  MemoryUsage of job (MB)
	4560228  -  ResidentSetSize of job (KB)
...
006 (779.000.000) 06/03 05:52:29 Image size of job updated: 13546100
	5384  -  MemoryUsage of job (MB)
	5512672  -  ResidentSetSize of job (KB)
...
010 (779.000.000) 06/03 15:10:48 Job was suspended.
	Number of processes actually suspended: 7
...
011 (779.000.000) 06/03 15:16:53 Job was unsuspended.
...
004 (779.000.000) 06/03 15:17:53 Job was evicted.
	(0) Job was not checkpointed.
		Usr 1 16:39:43, Sys 0 00:47:08  -  Run Remote Usage
		Usr 0 00:00:00, Sys 0 00:00:00  -  Run Local Usage
	0  -  Run Bytes Sent By Job
	0  -  Run Bytes Received By Job
	Partitionable Resources :    Usage  Request Allocated 
	   Cpus                 :     1.05       16        24 
	   Disk (KB)            :     4           4   5812856 
	   Gpus                 :                           0 
	   Memory (MB)          :  5384           1     15626 
...
001 (779.000.000) 06/03 15:18:27 Job executing on host: <146.169.52.6:9618?addrs=146.169.52.6-9618+[2a0c-5bc0-40-11c4-1874-3727-3782-c425]-9618&noUDP&sock=55984_c5ce_4>
...
