001 (780.000.000) 06/04 13:50:52 Job executing on host: <146.169.52.2:9618?addrs=146.169.52.2-9618+[2a0c-5bc0-40-11c4-4128-2e6e-e43a-acea]-9618&noUDP&sock=55866_5263_4>
...
004 (780.000.000) 06/04 15:55:54 Job was evicted.
	(0) Job was not checkpointed.
		Usr 0 19:05:59, Sys 0 00:11:38  -  Run Remote Usage
		Usr 0 00:00:00, Sys 0 00:00:00  -  Run Local Usage
	0  -  Run Bytes Sent By Job
	0  -  Run Bytes Received By Job
	Partitionable Resources :    Usage  Request Allocated 
	   Cpus                 :    10.83       16        24 
	   Disk (KB)            :     4           4   5755912 
	   Gpus                 :                           0 
	   Memory (MB)          : 14649       14649     15626 
...
001 (780.000.000) 06/04 15:56:53 Job executing on host: <146.169.52.1:9618?addrs=146.169.52.1-9618+[2a0c-5bc0-40-11c4-c11a-4090-1b54-a8b6]-9618&noUDP&sock=55671_916b_4>
...
010 (780.000.000) 06/04 16:14:29 Job was suspended.
	Number of processes actually suspended: 8
...
011 (780.000.000) 06/04 16:20:34 Job was unsuspended.
...
004 (780.000.000) 06/04 16:20:34 Job was evicted.
	(0) Job was not checkpointed.
		Usr 0 02:17:17, Sys 0 00:02:03  -  Run Remote Usage
		Usr 0 00:00:00, Sys 0 00:00:00  -  Run Local Usage
	0  -  Run Bytes Sent By Job
	0  -  Run Bytes Received By Job
	Partitionable Resources :    Usage  Request Allocated 
	   Cpus                 :        0       16        24 
	   Disk (KB)            :        4        4   5755648 
	   Gpus                 :                           0 
	   Memory (MB)          :    14649    14649     15626 
...
001 (780.000.000) 06/04 16:20:53 Job executing on host: <146.169.52.2:9618?addrs=146.169.52.2-9618+[2a0c-5bc0-40-11c4-4128-2e6e-e43a-acea]-9618&noUDP&sock=55866_5263_4>
...
