Running: corr_clust (rank=4)
==== corr_clust TT-IPM Batch Run Started at Wed  3 Jun 12:11:27 BST 2026 ====

▶ Running dim=9 with config=configs/corr_clust_9.yaml at Wed  3 Jun 12:11:27 BST 2026

===== Processing Rank: 4 =====
Running seed 1014
Creating Problem for dim=9, rank=4...
===Terminated Graph Sampling=== rank:  [2, 3, 4, 4, 4, 3, 4, 2]
===Terminated Graph Sampling=== rank:  [1, 1, 1, 1, 1, 1, 1, 1]
Actual graph TT-rank: [2, 3, 4, 4, 4, 3, 4, 2]
Obj TT-rank: [3, 5, 7, 11, 13, 10, 9, 3]
it 000 | main   | XZ  | ineq=active   | mu=9.82e-02 eta=1.00e-03 sigma=5.00e-01 | err c/p/d=7.63e-04/1.06e+01/1.20e+01 | ok=cpd | rmax X/Y/Z/T=5/1/1/4
	Attention: Exited at iteration 100 with accuracies 
[0.0001]
not reaching the requested tolerance 1e-08.
Use iteration 9 instead with accuracy 
1.0899972264171503e-08.

	Attention: Exited at iteration 100 with accuracies 
[0.]
not reaching the requested tolerance 1e-08.
Use iteration 15 instead with accuracy 
1.1509676865243763e-08.

it 001 | main   | XZ  | ineq=active   | mu=1.35e-02 eta=1.00e-03 sigma=2.28e-03 | err c/p/d=6.14e-04/1.12e+00/1.02e+01 | ok=cpd | rmax X/Y/Z/T=50/7/17/17
it 002 | main   | XZ  | ineq=active   | mu=1.24e-03 eta=1.00e-03 sigma=2.78e-02 | err c/p/d=2.15e-04/3.17e-01/2.53e+00 | ok=cpd | rmax X/Y/Z/T=76/6/33/34
it 003 | main   | AHO | ineq=active   | mu=2.42e-03 eta=1.00e-03 sigma=6.73e-01 | err c/p/d=2.19e-04/2.55e-01/2.32e+00 | ok=cpd | rmax X/Y/Z/T=111/7/36/36
it 004 | main   | AHO | ineq=active   | mu=2.98e-04 eta=5.95e-04 sigma=1.54e-02 | err c/p/d=4.19e-05/1.73e-01/7.74e-02 | ok=Cpd | rmax X/Y/Z/T=115/8/41/39
it 005 | main   | AHO | ineq=active   | mu=2.81e-04 eta=5.62e-04 sigma=0.00e+00 | err c/p/d=3.16e-05/8.22e-03/4.72e-03 | ok=Cpd | rmax X/Y/Z/T=118/8/41/41
it 006 | main   | AHO | ineq=active   | mu=2.82e-04 eta=5.62e-04 sigma=0.00e+00 | err c/p/d=3.15e-05/1.32e-04/1.49e-03 | ok=CPd | rmax X/Y/Z/T=117/8/41/41
it 007 | finish | AHO | ineq=active   | mu=2.82e-04 eta=5.62e-04 sigma=0.00e+00 | err c/p/d=3.16e-05/1.63e-04/4.88e-04 | ok=CPD | rmax X/Y/Z/T=116/8/41/41
it 008 | finish | AHO | ineq=active   | mu=1.98e-04 eta=3.96e-04 sigma=0.00e+00 | err c/p/d=2.16e-05/4.74e-04/1.92e-03 | ok=CPd | rmax X/Y/Z/T=123/7/44/41
it 009 | finish | AHO | ineq=active   | mu=1.65e-04 eta=3.31e-04 sigma=0.00e+00 | err c/p/d=1.78e-05/6.55e-04/2.89e-03 | ok=Cpd | rmax X/Y/Z/T=126/7/45/42
it 010 | finish | AHO | ineq=active   | mu=1.46e-04 eta=2.93e-04 sigma=0.00e+00 | err c/p/d=1.56e-05/7.76e-04/3.63e-03 | ok=Cpd | rmax X/Y/Z/T=126/7/45/42
it 011 | finish | AHO | ineq=active   | mu=1.31e-04 eta=2.63e-04 sigma=0.00e+00 | err c/p/d=1.40e-05/8.91e-04/4.17e-03 | ok=Cpd | rmax X/Y/Z/T=126/8/46/43
it 012 | finish | AHO | ineq=active   | mu=1.17e-04 eta=2.33e-04 sigma=0.00e+00 | err c/p/d=1.23e-05/9.91e-04/4.62e-03 | ok=Cpd | rmax X/Y/Z/T=128/8/47/44
it 013 | finish | AHO | ineq=active   | mu=9.96e-05 eta=1.99e-04 sigma=0.00e+00 | err c/p/d=1.03e-05/9.59e-04/4.67e-03 | ok=Cpd | rmax X/Y/Z/T=129/8/48/45
it 014 | finish | AHO | ineq=active   | mu=7.65e-05 eta=1.53e-04 sigma=0.00e+00 | err c/p/d=7.71e-06/8.86e-04/3.97e-03 | ok=Cpd | rmax X/Y/Z/T=129/8/51/50
it 015 | finish | AHO | ineq=active   | mu=4.12e-05 eta=1.00e-04 sigma=0.00e+00 | err c/p/d=3.93e-06/5.38e-04/2.96e-03 | ok=CPd | rmax X/Y/Z/T=129/8/52/50
it 016 | finish | AHO | ineq=active   | mu=3.06e-05 eta=1.00e-04 sigma=0.00e+00 | err c/p/d=2.88e-06/4.81e-04/1.33e-03 | ok=CPd | rmax X/Y/Z/T=129/8/54/52
---Terminated---
Terminated in 16 iterations.
Ranks: X=[5, 9, 15, 54, 129, 33, 17, 5], Z=[5, 9, 14, 42, 54, 25, 17, 5], Y=[2, 2, 2, 4, 8, 4, 4, 2], T=[6, 11, 17, 45, 52, 25, 20, 6]
Run terminated after 16 iterations. Compl Slackness: 3.8065e-01. Feasibility error: 3.7082e-06. Dual Feasibility error: 2.8335e-05.
Run terminated in 5816.71s. Memory: 4071.41 MB.
Seed 1014 terminated (feasibility error: 3.71e-06, dual feasibility error: 2.83e-05, slackness: 3.81e-01). Suggesting a new seed.
New seed suggested: 428
Creating Problem for dim=9, rank=4...
===Terminated Graph Sampling=== rank:  [2, 3, 4, 4, 3, 3, 2, 2]
===Terminated Graph Sampling=== rank:  [1, 1, 1, 1, 1, 1, 1, 1]
Actual graph TT-rank: [2, 3, 4, 4, 3, 3, 2, 2]
Obj TT-rank: [3, 5, 8, 8, 6, 6, 4, 3]
it 000 | main   | XZ  | ineq=active   | mu=3.79e-01 eta=1.00e-03 sigma=5.00e-01 | err c/p/d=3.59e-03/1.06e+01/1.19e+01 | ok=cpd | rmax X/Y/Z/T=5/1/1/4
	Attention: Exited at iteration 100 with accuracies 
[0.]
not reaching the requested tolerance 1e-08.
Use iteration 1 instead with accuracy 
8.632627558945822e-07.

it 001 | main   | XZ  | ineq=active   | mu=7.11e-02 eta=1.00e-03 sigma=3.81e-03 | err c/p/d=3.03e-03/1.80e+00/1.01e+01 | ok=cpd | rmax X/Y/Z/T=27/5/17/14
it 002 | main   | XZ  | ineq=active   | mu=4.37e-03 eta=1.00e-03 sigma=2.06e-02 | err c/p/d=9.48e-04/3.15e-01/7.00e+00 | ok=cpd | rmax X/Y/Z/T=77/6/37/33
it 003 | main   | AHO | ineq=active   | mu=5.33e-03 eta=1.00e-03 sigma=1.61e-01 | err c/p/d=5.92e-04/2.57e-01/5.03e+00 | ok=cpd | rmax X/Y/Z/T=143/7/40/34
it 004 | main   | AHO | ineq=active   | mu=1.97e-03 eta=1.00e-03 sigma=2.59e-01 | err c/p/d=4.45e-04/2.13e-01/2.28e+00 | ok=cpd | rmax X/Y/Z/T=200/7/43/36
it 005 | main   | AHO | ineq=active   | mu=1.70e-03 eta=1.00e-03 sigma=5.88e-01 | err c/p/d=2.52e-04/1.76e-01/1.26e+00 | ok=cpd | rmax X/Y/Z/T=221/9/44/36
it 006 | main   | AHO | ineq=active   | mu=4.48e-04 eta=8.97e-04 sigma=5.75e-01 | err c/p/d=8.26e-05/1.50e-01/3.52e-02 | ok=Cpd | rmax X/Y/Z/T=244/9/47/39
it 007 | main   | AHO | ineq=active   | mu=4.45e-04 eta=8.90e-04 sigma=0.00e+00 | err c/p/d=6.66e-05/7.03e-03/2.55e-03 | ok=Cpd | rmax X/Y/Z/T=245/8/44/36
it 008 | main   | AHO | ineq=active   | mu=4.50e-04 eta=8.90e-04 sigma=0.00e+00 | err c/p/d=6.69e-05/7.42e-05/2.39e-03 | ok=CPd | rmax X/Y/Z/T=242/8/41/34
it 009 | main   | AHO | ineq=active   | mu=4.54e-04 eta=8.90e-04 sigma=0.00e+00 | err c/p/d=6.76e-05/5.07e-04/1.78e-03 | ok=CPd | rmax X/Y/Z/T=240/8/39/32
it 010 | main   | AHO | ineq=active   | mu=4.58e-04 eta=8.90e-04 sigma=0.00e+00 | err c/p/d=6.83e-05/8.35e-04/1.85e-03 | ok=Cpd | rmax X/Y/Z/T=239/8/38/32
it 011 | main   | AHO | ineq=active   | mu=4.62e-04 eta=8.90e-04 sigma=0.00e+00 | err c/p/d=6.90e-05/4.05e-04/1.55e-03 | ok=CPd | rmax X/Y/Z/T=238/8/36/32
it 012 | main   | AHO | ineq=active   | mu=4.64e-04 eta=8.90e-04 sigma=0.00e+00 | err c/p/d=6.94e-05/7.65e-04/6.33e-04 | ok=CpD | rmax X/Y/Z/T=237/8/35/32
it 013 | finish | AHO | ineq=active   | mu=4.64e-04 eta=8.90e-04 sigma=0.00e+00 | err c/p/d=6.94e-05/4.24e-04/6.46e-04 | ok=CPD | rmax X/Y/Z/T=236/8/35/32
it 014 | finish | AHO | ineq=active   | mu=3.31e-04 eta=6.62e-04 sigma=0.00e+00 | err c/p/d=4.73e-05/9.51e-04/2.72e-03 | ok=Cpd | rmax X/Y/Z/T=248/6/44/38
it 015 | finish | AHO | ineq=active   | mu=2.36e-04 eta=4.72e-04 sigma=0.00e+00 | err c/p/d=3.17e-05/1.04e-03/3.43e-03 | ok=Cpd | rmax X/Y/Z/T=252/6/41/36
it 016 | finish | AHO | ineq=active   | mu=1.81e-04 eta=3.63e-04 sigma=0.00e+00 | err c/p/d=2.36e-05/1.08e-03/3.70e-03 | ok=Cpd | rmax X/Y/Z/T=255/6/41/34
it 017 | finish | AHO | ineq=active   | mu=1.67e-04 eta=3.34e-04 sigma=0.00e+00 | err c/p/d=2.15e-05/1.29e-03/3.94e-03 | ok=Cpd | rmax X/Y/Z/T=256/6/40/33
it 018 | finish | AHO | ineq=active   | mu=1.19e-04 eta=2.38e-04 sigma=0.00e+00 | err c/p/d=1.50e-05/1.09e-03/3.24e-03 | ok=Cpd | rmax X/Y/Z/T=256/5/41/35
it 019 | finish | AHO | ineq=active   | mu=9.09e-05 eta=1.82e-04 sigma=0.00e+00 | err c/p/d=1.13e-05/1.13e-03/8.86e-04 | ok=CpD | rmax X/Y/Z/T=257/8/74/42
it 020 | finish | AHO | ineq=active   | mu=8.07e-05 eta=1.61e-04 sigma=0.00e+00 | err c/p/d=1.00e-05/1.17e-03/5.01e-04 | ok=CpD | rmax X/Y/Z/T=257/7/54/39
