000 (781.000.000) 06/02 16:49:40 Job submitted from host: <146.169.22.28:9618?addrs=146.169.22.28-9618+[2a0c-5bc0-80-110-494d-1845-2a15-2cd8]-9618&noUDP&sock=7662_6323_3>
...
001 (781.000.000) 06/02 16:54:05 Job executing on host: <146.169.52.2:9618?addrs=146.169.52.2-9618+[2a0c-5bc0-40-11c4-4128-2e6e-e43a-acea]-9618&noUDP&sock=55866_5263_4>
...
006 (781.000.000) 06/02 16:54:13 Image size of job updated: 60128
	34  -  MemoryUsage of job (MB)
	34036  -  ResidentSetSize of job (KB)
...
006 (781.000.000) 06/02 16:59:13 Image size of job updated: 9727732
	1002  -  MemoryUsage of job (MB)
	1025504  -  ResidentSetSize of job (KB)
...
006 (781.000.000) 06/02 17:04:13 Image size of job updated: 10571988
	1002  -  MemoryUsage of job (MB)
	1025504  -  ResidentSetSize of job (KB)
...
006 (781.000.000) 06/02 17:09:14 Image size of job updated: 10645220
	1318  -  MemoryUsage of job (MB)
	1349156  -  ResidentSetSize of job (KB)
...
006 (781.000.000) 06/02 17:14:15 Image size of job updated: 10821024
	1533  -  MemoryUsage of job (MB)
	1569280  -  ResidentSetSize of job (KB)
...
006 (781.000.000) 06/02 17:19:15 Image size of job updated: 10862848
	1533  -  MemoryUsage of job (MB)
	1569280  -  ResidentSetSize of job (KB)
...
006 (781.000.000) 06/02 17:24:16 Image size of job updated: 10980196
	1533  -  MemoryUsage of job (MB)
	1569280  -  ResidentSetSize of job (KB)
...
006 (781.000.000) 06/02 17:29:17 Image size of job updated: 11143844
	2598  -  MemoryUsage of job (MB)
	2659468  -  ResidentSetSize of job (KB)
...
006 (781.000.000) 06/02 17:39:17 Image size of job updated: 11483124
	2598  -  MemoryUsage of job (MB)
	2659468  -  ResidentSetSize of job (KB)
...
006 (781.000.000) 06/02 17:49:18 Image size of job updated: 12067156
	2739  -  MemoryUsage of job (MB)
	2804064  -  ResidentSetSize of job (KB)
...
006 (781.000.000) 06/02 17:59:19 Image size of job updated: 12116512
	2739  -  MemoryUsage of job (MB)
	2804064  -  ResidentSetSize of job (KB)
...
006 (781.000.000) 06/02 18:09:20 Image size of job updated: 12585016
	4016  -  MemoryUsage of job (MB)
	4111804  -  ResidentSetSize of job (KB)
...
006 (781.000.000) 06/02 18:14:21 Image size of job updated: 12701908
	4130  -  MemoryUsage of job (MB)
	4228760  -  ResidentSetSize of job (KB)
...
006 (781.000.000) 06/02 18:19:22 Image size of job updated: 12755460
	4130  -  MemoryUsage of job (MB)
	4228760  -  ResidentSetSize of job (KB)
...
006 (781.000.000) 06/02 18:29:22 Image size of job updated: 13835976
	5238  -  MemoryUsage of job (MB)
	5362968  -  ResidentSetSize of job (KB)
...
006 (781.000.000) 06/02 18:39:23 Image size of job updated: 14333176
	5238  -  MemoryUsage of job (MB)
	5362968  -  ResidentSetSize of job (KB)
...
006 (781.000.000) 06/02 18:44:23 Image size of job updated: 14333176
	5665  -  MemoryUsage of job (MB)
	5800312  -  ResidentSetSize of job (KB)
...
006 (781.000.000) 06/02 18:59:25 Image size of job updated: 15230100
	6620  -  MemoryUsage of job (MB)
	6777884  -  ResidentSetSize of job (KB)
...
006 (781.000.000) 06/02 19:09:27 Image size of job updated: 15778712
	6620  -  MemoryUsage of job (MB)
	6777884  -  ResidentSetSize of job (KB)
...
006 (781.000.000) 06/02 19:14:27 Image size of job updated: 15778712
	6912  -  MemoryUsage of job (MB)
	7077336  -  ResidentSetSize of job (KB)
...
006 (781.000.000) 06/02 19:19:27 Image size of job updated: 15778712
	7032  -  MemoryUsage of job (MB)
	7200216  -  ResidentSetSize of job (KB)
...
006 (781.000.000) 06/02 19:24:28 Image size of job updated: 15778712
	7152  -  MemoryUsage of job (MB)
	7323304  -  ResidentSetSize of job (KB)
...
006 (781.000.000) 06/02 19:29:28 Image size of job updated: 16158584
	7152  -  MemoryUsage of job (MB)
	7323304  -  ResidentSetSize of job (KB)
...
006 (781.000.000) 06/02 19:34:28 Image size of job updated: 16158584
	7154  -  MemoryUsage of job (MB)
	7324896  -  ResidentSetSize of job (KB)
...
006 (781.000.000) 06/03 04:15:25 Image size of job updated: 17264172
	8787  -  MemoryUsage of job (MB)
	8997776  -  ResidentSetSize of job (KB)
...
006 (781.000.000) 06/03 04:30:26 Image size of job updated: 17912084
	9419  -  MemoryUsage of job (MB)
	9644880  -  ResidentSetSize of job (KB)
...
006 (781.000.000) 06/03 05:05:30 Image size of job updated: 17950516
	9419  -  MemoryUsage of job (MB)
	9644880  -  ResidentSetSize of job (KB)
...
006 (781.000.000) 06/03 10:36:07 Image size of job updated: 18272032
	9650  -  MemoryUsage of job (MB)
	9880836  -  ResidentSetSize of job (KB)
...
006 (781.000.000) 06/03 10:46:07 Image size of job updated: 18608076
	9650  -  MemoryUsage of job (MB)
	9880836  -  ResidentSetSize of job (KB)
...
006 (781.000.000) 06/03 17:16:48 Image size of job updated: 18608076
	9725  -  MemoryUsage of job (MB)
	9958196  -  ResidentSetSize of job (KB)
...
006 (781.000.000) 06/03 17:21:48 Image size of job updated: 18884440
	9814  -  MemoryUsage of job (MB)
	10048984  -  ResidentSetSize of job (KB)
...
006 (781.000.000) 06/03 17:36:50 Image size of job updated: 24789720
	13912  -  MemoryUsage of job (MB)
	14245612  -  ResidentSetSize of job (KB)
...
006 (781.000.000) 06/03 17:42:13 Image size of job updated: 24991048
	13912  -  MemoryUsage of job (MB)
	14245612  -  ResidentSetSize of job (KB)
...
005 (781.000.000) 06/03 17:42:13 Job terminated.
	(1) Normal termination (return value 0)
		Usr 9 01:17:43, Sys 0 02:11:33  -  Run Remote Usage
		Usr 0 00:00:00, Sys 0 00:00:00  -  Run Local Usage
		Usr 9 01:17:43, Sys 0 02:11:33  -  Total Remote Usage
		Usr 0 00:00:00, Sys 0 00:00:00  -  Total Local Usage
	0  -  Run Bytes Sent By Job
	0  -  Run Bytes Received By Job
	0  -  Total Bytes Sent By Job
	0  -  Total Bytes Received By Job
	Partitionable Resources :    Usage  Request Allocated 
	   Cpus                 :    12.97       16        24 
	   Disk (KB)            :     4           4   5755912 
	   Gpus                 :                           0 
	   Memory (MB)          : 13912           1     15626 
...
