Running: max_stable_set (rank=2)
==== max_stable_set TT-IPM Batch Run Started at Wed  3 Jun 16:16:31 BST 2026 ====

▶ Running dim=10 with config=configs/max_stable_set_10.yaml at Wed  3 Jun 16:16:31 BST 2026

===== Processing Rank: 2 =====
Running seed 588
Creating Problem...
===Terminated Graph Sampling=== rank:  [2, 2, 1, 1, 1, 1, 1, 1, 1]
it 000 | main   | XZ  | ineq=not_in_use | mu=4.00e+00 eta=1.00e-03 sigma=5.00e-01 | err c/p/d=5.71e-01/5.11e+02/1.60e+01 | ok=cpd | rmax X/Y/Z/T=1/1/1/-
it 001 | main   | XZ  | ineq=not_in_use | mu=6.10e-01 eta=1.00e-03 sigma=8.26e-02 | err c/p/d=6.56e-02/7.60e+01/5.60e+00 | ok=cpd | rmax X/Y/Z/T=5/3/5/-
it 002 | main   | XZ  | ineq=not_in_use | mu=1.77e-01 eta=1.00e-03 sigma=3.68e-01 | err c/p/d=1.90e-02/1.89e+01/4.87e-01 | ok=cpd | rmax X/Y/Z/T=20/8/13/-
it 003 | main   | AHO | ineq=not_in_use | mu=1.92e-02 eta=1.00e-03 sigma=1.05e-01 | err c/p/d=1.09e-02/1.38e+00/4.13e-01 | ok=cpd | rmax X/Y/Z/T=28/10/16/-
it 004 | main   | AHO | ineq=not_in_use | mu=5.92e-03 eta=1.00e-03 sigma=4.38e-01 | err c/p/d=3.35e-03/1.80e-01/7.54e-02 | ok=cpd | rmax X/Y/Z/T=23/12/15/-
it 005 | main   | AHO | ineq=not_in_use | mu=3.58e-03 eta=1.00e-03 sigma=7.83e-01 | err c/p/d=1.14e-03/8.37e-02/1.89e-02 | ok=cpd | rmax X/Y/Z/T=29/13/17/-
it 006 | main   | AHO | ineq=not_in_use | mu=2.37e-03 eta=1.00e-03 sigma=6.91e-01 | err c/p/d=6.50e-04/6.97e-02/9.65e-04 | ok=cpd | rmax X/Y/Z/T=28/12/15/-
it 007 | main   | AHO | ineq=not_in_use | mu=5.54e-04 eta=1.00e-03 sigma=8.22e-01 | err c/p/d=1.11e-04/5.60e-03/9.69e-04 | ok=cpd | rmax X/Y/Z/T=32/11/15/-
it 008 | main   | AHO | ineq=not_in_use | mu=2.03e-04 eta=4.07e-04 sigma=3.61e-02 | err c/p/d=3.77e-05/1.45e-02/8.44e-04 | ok=Cpd | rmax X/Y/Z/T=32/9/14/-
it 009 | repair | XZ  | ineq=not_in_use | mu=2.35e-04 eta=4.07e-04 sigma=0.00e+00 | err c/p/d=4.42e-05/6.04e-03/3.98e-04 | ok=CpD | rmax X/Y/Z/T=34/13/16/-
it 010 | main   | AHO | ineq=not_in_use | mu=2.80e-04 eta=4.07e-04 sigma=0.00e+00 | err c/p/d=5.29e-05/1.08e-02/8.35e-04 | ok=Cpd | rmax X/Y/Z/T=33/13/17/-
it 011 | main   | AHO | ineq=not_in_use | mu=3.09e-04 eta=4.07e-04 sigma=0.00e+00 | err c/p/d=5.91e-05/5.53e-03/3.73e-04 | ok=CpD | rmax X/Y/Z/T=33/14/16/-
it 012 | main   | AHO | ineq=not_in_use | mu=3.55e-04 eta=4.07e-04 sigma=0.00e+00 | err c/p/d=6.83e-05/8.14e-03/6.86e-04 | ok=Cpd | rmax X/Y/Z/T=32/13/16/-
it 013 | repair | XZ  | ineq=not_in_use | mu=3.93e-04 eta=4.07e-04 sigma=0.00e+00 | err c/p/d=7.63e-05/6.88e-03/1.97e-04 | ok=CpD | rmax X/Y/Z/T=32/13/16/-
it 014 | main   | AHO | ineq=not_in_use | mu=4.15e-04 eta=4.07e-04 sigma=0.00e+00 | err c/p/d=8.08e-05/7.24e-03/6.12e-04 | ok=Cpd | rmax X/Y/Z/T=32/20/26/-
it 015 | main   | AHO | ineq=not_in_use | mu=4.19e-04 eta=4.07e-04 sigma=0.00e+00 | err c/p/d=8.22e-05/9.56e-04/4.21e-04 | ok=CpD | rmax X/Y/Z/T=32/20/25/-
it 016 | main   | AHO | ineq=not_in_use | mu=4.22e-04 eta=4.07e-04 sigma=0.00e+00 | err c/p/d=8.29e-05/5.51e-04/7.35e-04 | ok=CPd | rmax X/Y/Z/T=32/19/24/-
it 017 | finish | AHO | ineq=not_in_use | mu=4.22e-04 eta=4.07e-04 sigma=0.00e+00 | err c/p/d=8.29e-05/5.66e-04/4.54e-05 | ok=CPD | rmax X/Y/Z/T=32/20/24/-
warn   | finish   | merit=worse | prev=5.66e-04 current=1.21e-02 | action=restore-stop
---Terminated---
Terminated in 18 iterations.
Ranks: X=[5, 17, 32, 22, 22, 10, 10, 9, 5], Z=[5, 10, 18, 24, 12, 8, 6, 6, 5], Y=[4, 8, 16, 20, 10, 4, 4, 4, 3], T=[0, 0, 0, 0, 0, 0, 0, 0, 0]
Run terminated after 18 iterations. Compl Slackness: 4.3179e-01. Feasibility error: 5.1256e-06. Dual Feasibility error: 3.3086e-08.
Run terminated in 2516.05s. Memory: 4639.56 MB.
Seed 588 terminated (feasibility error: 5.13e-06, dual feasibility error: 3.31e-08, slackness: 4.32e-01). Suggesting a new seed.
New seed suggested: 11
Creating Problem...
===Terminated Graph Sampling=== rank:  [1, 1, 1, 2, 2, 2, 1, 1, 1]
it 000 | main   | XZ  | ineq=not_in_use | mu=4.00e+00 eta=1.00e-03 sigma=5.00e-01 | err c/p/d=5.71e-01/5.11e+02/1.60e+01 | ok=cpd | rmax X/Y/Z/T=1/1/1/-
it 001 | main   | XZ  | ineq=not_in_use | mu=6.49e-01 eta=1.00e-03 sigma=9.03e-02 | err c/p/d=6.98e-02/8.06e+01/5.60e+00 | ok=cpd | rmax X/Y/Z/T=5/3/5/-
it 002 | main   | XZ  | ineq=not_in_use | mu=1.92e-01 eta=1.00e-03 sigma=4.33e-01 | err c/p/d=1.87e-02/2.06e+01/1.34e+00 | ok=cpd | rmax X/Y/Z/T=9/3/6/-
warn   | step-eig | target=miss | relres=inf > 1.00e-08 | action=keep-reset
warn   | step-eig | target=miss | relres=inf > 1.00e-08 | action=keep-reset
it 003 | main   | AHO | ineq=not_in_use | mu=2.08e-01 eta=1.00e-03 sigma=9.85e-01 | err c/p/d=2.03e-02/2.06e+01/1.07e+00 | ok=cpd | rmax X/Y/Z/T=9/4/6/-
warn   | step-eig | target=miss | relres=inf > 1.00e-08 | action=keep-reset
warn   | step-eig | target=miss | relres=inf > 1.00e-08 | action=keep-reset
it 004 | main   | AHO | ineq=not_in_use | mu=2.12e-01 eta=1.00e-03 sigma=9.82e-01 | err c/p/d=2.06e-02/2.06e+01/1.02e+00 | ok=cpd | rmax X/Y/Z/T=9/4/6/-
warn   | step-eig | target=miss | relres=inf > 1.00e-08 | action=keep-reset
warn   | step-eig | target=miss | relres=inf > 1.00e-08 | action=keep-reset
it 005 | main   | AHO | ineq=not_in_use | mu=2.12e-01 eta=1.00e-03 sigma=9.81e-01 | err c/p/d=2.07e-02/2.06e+01/1.01e+00 | ok=cpd | rmax X/Y/Z/T=9/4/6/-
warn   | step-eig | target=miss | relres=inf > 1.00e-08 | action=keep-reset
warn   | step-eig | target=miss | relres=inf > 1.00e-08 | action=keep-reset
it 006 | main   | AHO | ineq=not_in_use | mu=2.12e-01 eta=1.00e-03 sigma=9.81e-01 | err c/p/d=2.07e-02/2.06e+01/1.01e+00 | ok=cpd | rmax X/Y/Z/T=9/4/6/-
warn   | step-eig | target=miss | relres=inf > 1.00e-08 | action=keep-reset
warn   | step-eig | target=miss | relres=inf > 1.00e-08 | action=keep-reset
it 007 | main   | AHO | ineq=not_in_use | mu=2.12e-01 eta=1.00e-03 sigma=9.81e-01 | err c/p/d=2.07e-02/2.06e+01/1.01e+00 | ok=cpd | rmax X/Y/Z/T=9/4/6/-
warn   | step-eig | target=miss | relres=inf > 1.00e-08 | action=keep-reset
warn   | step-eig | target=miss | relres=inf > 1.00e-08 | action=keep-reset
============================================
 Hit PSD boundary! Entering finishing phase.
============================================
it 008 | finish | AHO | ineq=not_in_use | mu=2.12e-01 eta=1.00e-03 sigma=9.81e-01 | err c/p/d=2.07e-02/2.06e+01/1.01e+00 | ok=cpd | rmax X/Y/Z/T=9/4/6/-
warn   | step-eig | target=miss | relres=inf > 1.00e-08 | action=keep-reset
it 009 | finish | AHO | ineq=not_in_use | mu=2.08e-01 eta=1.00e-03 sigma=0.00e+00 | err c/p/d=2.03e-02/2.06e+01/1.02e-01 | ok=cpd | rmax X/Y/Z/T=9/4/6/-
warn   | step-eig | target=miss | relres=inf > 1.00e-08 | action=keep-reset
it 010 | finish | AHO | ineq=not_in_use | mu=2.03e-01 eta=1.00e-03 sigma=0.00e+00 | err c/p/d=1.98e-02/2.06e+01/1.05e-02 | ok=cpd | rmax X/Y/Z/T=9/4/6/-
warn   | step-eig | target=miss | relres=inf > 1.00e-08 | action=keep-reset
it 011 | finish | AHO | ineq=not_in_use | mu=1.98e-01 eta=1.00e-03 sigma=0.00e+00 | err c/p/d=1.93e-02/2.06e+01/1.30e-03 | ok=cpd | rmax X/Y/Z/T=9/4/6/-
warn   | step-eig | target=miss | relres=inf > 1.00e-08 | action=keep-reset
it 012 | finish | AHO | ineq=not_in_use | mu=1.96e-01 eta=1.00e-03 sigma=0.00e+00 | err c/p/d=1.91e-02/2.06e+01/8.00e-04 | ok=cpd | rmax X/Y/Z/T=9/4/6/-
warn   | step-eig | target=miss | relres=inf > 1.00e-08 | action=keep-reset
it 013 | finish | AHO | ineq=not_in_use | mu=1.96e-01 eta=1.00e-03 sigma=0.00e+00 | err c/p/d=1.91e-02/2.06e+01/7.25e-04 | ok=cpd | rmax X/Y/Z/T=9/4/6/-
---Terminated---
Terminated in 13 iterations.
Ranks: X=[5, 6, 6, 8, 9, 6, 4, 3, 3], Z=[4, 4, 4, 6, 6, 5, 4, 3, 3], Y=[2, 2, 2, 4, 4, 3, 2, 2, 2], T=[0, 0, 0, 0, 0, 0, 0, 0, 0]
Run failed after 13 iterations. Compl Slackness: 2.0037e+02. Feasibility error: 6.8017e+03. Dual Feasibility error: 8.3996e-06.
Run failed in 55.74s. Memory: 320.66 MB.
Rerun with new seed 11 failed. Feasibility error: 6.80e+03, dual feasibility error: 8.40e-06, slackness: 2.00e+02
Seed 11 failed (feasibility error: 6.80e+03, dual feasibility error: 8.40e-06, slackness: 2.00e+02). Suggesting a new seed.
New seed suggested: 143
Creating Problem...
===Terminated Graph Sampling=== rank:  [1, 2, 2, 1, 1, 1, 1, 1, 1]
it 000 | main   | XZ  | ineq=not_in_use | mu=4.00e+00 eta=1.00e-03 sigma=5.00e-01 | err c/p/d=5.71e-01/5.11e+02/1.60e+01 | ok=cpd | rmax X/Y/Z/T=1/1/1/-
it 001 | main   | XZ  | ineq=not_in_use | mu=9.88e-01 eta=1.00e-03 sigma=1.42e-01 | err c/p/d=1.11e-01/1.21e+02/5.13e+00 | ok=cpd | rmax X/Y/Z/T=6/4/6/-
it 002 | main   | XZ  | ineq=not_in_use | mu=4.76e-01 eta=1.00e-03 sigma=4.55e-01 | err c/p/d=5.26e-02/4.77e+01/2.27e-01 | ok=cpd | rmax X/Y/Z/T=13/6/8/-
it 003 | main   | AHO | ineq=not_in_use | mu=3.74e-01 eta=1.00e-03 sigma=2.68e-01 | err c/p/d=9.46e-02/3.19e+01/1.41e-01 | ok=cpd | rmax X/Y/Z/T=14/7/9/-
it 004 | main   | AHO | ineq=not_in_use | mu=3.89e-02 eta=1.00e-03 sigma=4.90e-02 | err c/p/d=3.10e-02/2.72e+00/1.20e-01 | ok=cpd | rmax X/Y/Z/T=11/7/9/-
it 005 | main   | AHO | ineq=not_in_use | mu=1.43e-02 eta=1.00e-03 sigma=6.05e-01 | err c/p/d=1.21e-02/5.48e-01/1.00e-01 | ok=cpd | rmax X/Y/Z/T=12/7/11/-
it 006 | main   | AHO | ineq=not_in_use | mu=9.25e-03 eta=1.00e-03 sigma=6.34e-01 | err c/p/d=5.16e-03/2.85e-01/5.55e-02 | ok=cpd | rmax X/Y/Z/T=13/8/12/-
it 007 | main   | AHO | ineq=not_in_use | mu=7.20e-03 eta=1.00e-03 sigma=3.78e-01 | err c/p/d=1.24e-03/1.42e-01/4.68e-02 | ok=cpd | rmax X/Y/Z/T=11/11/15/-
it 008 | main   | AHO | ineq=not_in_use | mu=1.70e-03 eta=1.00e-03 sigma=6.15e-02 | err c/p/d=2.52e-04/3.70e-02/9.19e-03 | ok=cpd | rmax X/Y/Z/T=12/12/15/-
it 009 | main   | AHO | ineq=not_in_use | mu=5.34e-04 eta=1.00e-03 sigma=1.09e-02 | err c/p/d=7.00e-05/3.21e-02/2.50e-03 | ok=Cpd | rmax X/Y/Z/T=10/16/21/-
it 010 | main   | AHO | ineq=not_in_use | mu=4.97e-04 eta=9.93e-04 sigma=0.00e+00 | err c/p/d=6.72e-05/8.35e-03/1.23e-03 | ok=Cpd | rmax X/Y/Z/T=10/16/20/-
it 011 | main   | AHO | ineq=not_in_use | mu=5.11e-04 eta=9.93e-04 sigma=0.00e+00 | err c/p/d=6.96e-05/3.75e-03/1.52e-03 | ok=Cpd | rmax X/Y/Z/T=10/27/36/-
it 012 | main   | AHO | ineq=not_in_use | mu=1.32e-03 eta=9.93e-04 sigma=0.00e+00 | err c/p/d=1.80e-04/3.90e-02/2.90e-03 | ok=cpd | rmax X/Y/Z/T=11/91/109/-
/vol/bitbucket/fjk20/projects/Tensor-Train-Interior-Point-Method/tt_ipm.sh: line 111: 1099127 Killed                  timeout "$CURRENT_TIMEOUT" "${cmd[@]}"

⚠️ Script resumed (was suspended). Memory may not have been cleaned up.
Process MemTimer-3:
❌ Error occurred for dim=10 (exit code 137)

==== All runs completed at Wed  3 Jun 18:26:26 BST 2026 ====
Traceback (most recent call last):
