000 (783.000.000) 06/03 16:15:28 Job submitted from host: <146.169.22.28:9618?addrs=146.169.22.28-9618+[2a0c-5bc0-80-110-494d-1845-2a15-2cd8]-9618&noUDP&sock=7662_6323_3>
...
001 (783.000.000) 06/03 16:16:29 Job executing on host: <146.169.52.7:9618?addrs=146.169.52.7-9618+[2a0c-5bc0-40-11c4-c8df-aa93-211e-a5e6]-9618&noUDP&sock=55301_c760_4>
...
006 (783.000.000) 06/03 16:16:37 Image size of job updated: 4
	6  -  MemoryUsage of job (MB)
	5320  -  ResidentSetSize of job (KB)
...
006 (783.000.000) 06/03 16:21:37 Image size of job updated: 9268124
	508  -  MemoryUsage of job (MB)
	519328  -  ResidentSetSize of job (KB)
...
006 (783.000.000) 06/03 16:26:38 Image size of job updated: 11105488
	2735  -  MemoryUsage of job (MB)
	2800488  -  ResidentSetSize of job (KB)
...
006 (783.000.000) 06/03 16:31:39 Image size of job updated: 12463036
	2735  -  MemoryUsage of job (MB)
	2800488  -  ResidentSetSize of job (KB)
...
006 (783.000.000) 06/03 16:41:40 Image size of job updated: 12624156
	4737  -  MemoryUsage of job (MB)
	4850664  -  ResidentSetSize of job (KB)
...
010 (783.000.000) 06/03 16:49:57 Job was suspended.
	Number of processes actually suspended: 7
...
011 (783.000.000) 06/03 16:55:02 Job was unsuspended.
...
006 (783.000.000) 06/03 17:31:46 Image size of job updated: 13111804
	5295  -  MemoryUsage of job (MB)
	5421848  -  ResidentSetSize of job (KB)
...
006 (783.000.000) 06/03 17:36:46 Image size of job updated: 14044692
	6206  -  MemoryUsage of job (MB)
	6354572  -  ResidentSetSize of job (KB)
...
006 (783.000.000) 06/03 17:41:46 Image size of job updated: 15163080
	7275  -  MemoryUsage of job (MB)
	7448832  -  ResidentSetSize of job (KB)
...
006 (783.000.000) 06/03 17:46:47 Image size of job updated: 18448764
	9890  -  MemoryUsage of job (MB)
	10126876  -  ResidentSetSize of job (KB)
...
006 (783.000.000) 06/03 17:51:47 Image size of job updated: 19071984
	10345  -  MemoryUsage of job (MB)
	10593244  -  ResidentSetSize of job (KB)
...
006 (783.000.000) 06/03 18:01:48 Image size of job updated: 20355740
	10345  -  MemoryUsage of job (MB)
	10593244  -  ResidentSetSize of job (KB)
...
006 (783.000.000) 06/03 18:06:48 Image size of job updated: 20355740
	10491  -  MemoryUsage of job (MB)
	10742784  -  ResidentSetSize of job (KB)
...
006 (783.000.000) 06/03 18:16:49 Image size of job updated: 21527360
	10491  -  MemoryUsage of job (MB)
	10742784  -  ResidentSetSize of job (KB)
...
005 (783.000.000) 06/03 18:26:26 Job terminated.
	(1) Normal termination (return value 0)
		Usr 0 19:33:34, Sys 0 00:12:28  -  Run Remote Usage
		Usr 0 00:00:00, Sys 0 00:00:00  -  Run Local Usage
		Usr 0 19:33:34, Sys 0 00:12:28  -  Total Remote Usage
		Usr 0 00:00:00, Sys 0 00:00:00  -  Total Local Usage
	0  -  Run Bytes Sent By Job
	0  -  Run Bytes Received By Job
	0  -  Total Bytes Sent By Job
	0  -  Total Bytes Received By Job
	Partitionable Resources :    Usage  Request Allocated 
	   Cpus                 :    10.65       16        24 
	   Disk (KB)            :     4           4   5810944 
	   Gpus                 :                           0 
	   Memory (MB)          : 10491           1     15626 
...
