Running: corr_clust (rank=1)
==== corr_clust TT-IPM Batch Run Started at Tue  2 Jun 12:14:04 BST 2026 ====

▶ Running dim=11 with config=configs/corr_clust_11.yaml at Tue  2 Jun 12:14:04 BST 2026

===== Processing Rank: 1 =====
Running seed 232
Creating Problem for dim=11, rank=1...
===Terminated Graph Sampling=== rank:  [1, 1, 1, 1, 1, 1, 1, 1, 1, 1]
===Terminated Graph Sampling=== rank:  [1, 1, 1, 1, 1, 1, 1, 1, 1, 1]
Actual graph TT-rank: [1, 1, 1, 1, 1, 1, 1, 1, 1, 1]
Obj TT-rank: [2, 2, 2, 2, 2, 2, 2, 2, 2, 2]
it 000 | main   | XZ  | ineq=active   | mu=1.60e-01 eta=1.00e-03 sigma=5.00e-01 | err c/p/d=8.86e-04/2.19e+01/2.31e+01 | ok=cpd | rmax X/Y/Z/T=2/1/1/1
it 001 | main   | XZ  | ineq=active   | mu=1.53e-02 eta=1.00e-03 sigma=1.03e-03 | err c/p/d=7.84e-04/1.62e+00/1.97e+01 | ok=cpd | rmax X/Y/Z/T=4/2/4/2
it 002 | main   | XZ  | ineq=active   | mu=8.26e-04 eta=1.00e-03 sigma=2.22e-02 | err c/p/d=1.95e-04/3.18e-01/1.59e+01 | ok=cpd | rmax X/Y/Z/T=4/2/4/2
it 003 | main   | AHO | ineq=active   | mu=7.78e-04 eta=1.00e-03 sigma=8.32e-01 | err c/p/d=1.66e-04/2.80e-01/1.43e+01 | ok=cpd | rmax X/Y/Z/T=4/2/4/2
it 004 | main   | AHO | ineq=active   | mu=7.11e-04 eta=1.00e-03 sigma=6.83e-01 | err c/p/d=1.50e-04/2.72e-01/1.31e+01 | ok=cpd | rmax X/Y/Z/T=4/2/4/2
it 005 | main   | AHO | ineq=active   | mu=6.81e-04 eta=1.00e-03 sigma=8.10e-01 | err c/p/d=1.43e-04/2.67e-01/1.24e+01 | ok=cpd | rmax X/Y/Z/T=4/2/4/2
it 006 | main   | AHO | ineq=active   | mu=7.95e-04 eta=1.00e-03 sigma=9.90e-01 | err c/p/d=1.44e-04/1.47e-01/1.23e+01 | ok=cpd | rmax X/Y/Z/T=4/2/4/2
it 007 | main   | AHO | ineq=active   | mu=7.57e-04 eta=1.00e-03 sigma=6.63e-01 | err c/p/d=1.33e-04/1.23e-01/1.12e+01 | ok=cpd | rmax X/Y/Z/T=4/2/4/2
it 008 | main   | AHO | ineq=active   | mu=7.43e-04 eta=1.00e-03 sigma=5.00e-01 | err c/p/d=1.14e-04/4.04e-03/9.41e+00 | ok=cpd | rmax X/Y/Z/T=4/2/4/2
warn   | step-eig | target=miss | relres=9.99e-01 > 1.00e-08 | action=keep-reset
warn   | step-eig | target=miss | relres=9.96e-01 > 1.00e-08 | action=keep-reset
warn   | step-eig | target=miss | relres=7.53e-01 > 1.00e-08 | action=keep-reset
it 009 | main   | AHO | ineq=active   | mu=7.42e-04 eta=1.00e-03 sigma=9.90e-01 | err c/p/d=1.14e-04/4.01e-03/9.41e+00 | ok=cpd | rmax X/Y/Z/T=4/2/4/2
warn   | step-eig | target=miss | relres=5.14e-01 > 1.00e-08 | action=keep-reset
warn   | step-eig | target=miss | relres=9.80e-01 > 1.00e-08 | action=keep-reset
warn   | step-eig | target=miss | relres=1.00e+00 > 1.00e-08 | action=keep-reset
============================================
 Hit PSD boundary! Entering finishing phase.
============================================
it 010 | finish | AHO | ineq=active   | mu=7.42e-04 eta=1.00e-03 sigma=9.90e-01 | err c/p/d=1.14e-04/4.01e-03/9.41e+00 | ok=cpd | rmax X/Y/Z/T=4/2/4/2
warn   | step-eig | target=miss | relres=1.15e-01 > 1.00e-08 | action=keep-reset
it 011 | finish | AHO | ineq=active   | mu=7.41e-04 eta=1.00e-03 sigma=0.00e+00 | err c/p/d=1.13e-04/3.47e-03/9.40e+00 | ok=cpd | rmax X/Y/Z/T=4/2/4/2
warn   | step-eig | target=miss | relres=8.51e-02 > 1.00e-08 | action=keep-reset
warn   | step-eig | target=miss | relres=9.99e-01 > 1.00e-08 | action=keep-reset
it 012 | finish | AHO | ineq=active   | mu=7.41e-04 eta=1.00e-03 sigma=0.00e+00 | err c/p/d=1.13e-04/3.53e-03/9.40e+00 | ok=cpd | rmax X/Y/Z/T=4/2/4/2
warn   | step-eig | target=miss | relres=3.64e-01 > 1.00e-08 | action=keep-reset
it 013 | finish | AHO | ineq=active   | mu=5.56e-04 eta=1.00e-03 sigma=0.00e+00 | err c/p/d=8.50e-05/3.55e-03/7.04e+00 | ok=Cpd | rmax X/Y/Z/T=4/2/4/2
warn   | step-eig | target=miss | relres=7.96e-01 > 1.00e-08 | action=keep-reset
it 014 | finish | AHO | ineq=active   | mu=4.98e-04 eta=9.95e-04 sigma=0.00e+00 | err c/p/d=7.60e-05/3.58e-03/6.30e+00 | ok=Cpd | rmax X/Y/Z/T=4/2/4/2
warn   | step-eig | target=miss | relres=7.93e-01 > 1.00e-08 | action=keep-reset
it 015 | finish | AHO | ineq=active   | mu=4.54e-04 eta=9.08e-04 sigma=0.00e+00 | err c/p/d=6.93e-05/3.62e-03/5.74e+00 | ok=Cpd | rmax X/Y/Z/T=4/2/4/2
	Attention: Linearly dependent initial approximations
	Attention: Linearly dependent initial approximations
	Attention: Linearly dependent initial approximations
	Attention: Linearly dependent initial approximations
	Attention: Linearly dependent initial approximations
	Attention: Linearly dependent initial approximations
	Attention: Linearly dependent initial approximations
	Attention: Linearly dependent initial approximations
	Attention: Linearly dependent initial approximations
	Attention: Linearly dependent initial approximations
	Attention: Linearly dependent initial approximations
	Attention: Linearly dependent initial approximations
	Attention: Linearly dependent initial approximations
	Attention: Linearly dependent initial approximations
	Attention: Linearly dependent initial approximations
	Attention: Linearly dependent initial approximations
	Attention: Linearly dependent initial approximations
	Attention: Linearly dependent initial approximations
	Attention: Linearly dependent initial approximations
	Attention: Linearly dependent initial approximations
	Attention: Linearly dependent initial approximations
	Attention: Linearly dependent initial approximations
	Attention: Linearly dependent initial approximations
	Attention: Linearly dependent initial approximations
	Attention: Linearly dependent initial approximations
	Attention: Linearly dependent initial approximations
	Attention: Linearly dependent initial approximations
	Attention: Linearly dependent initial approximations
	Attention: Linearly dependent initial approximations
	Attention: Linearly dependent initial approximations
	Attention: Linearly dependent initial approximations
	Attention: Linearly dependent initial approximations
	Attention: Linearly dependent initial approximations
	Attention: Linearly dependent initial approximations
	Attention: Linearly dependent initial approximations
	Attention: Linearly dependent initial approximations
	Attention: Linearly dependent initial approximations
	Attention: Linearly dependent initial approximations
	Attention: Linearly dependent initial approximations
	Attention: Linearly dependent initial approximations
	Attention: Linearly dependent initial approximations
	Attention: Linearly dependent initial approximations
	Attention: Linearly dependent initial approximations
	Attention: Linearly dependent initial approximations
	Attention: Linearly dependent initial approximations
	Attention: Linearly dependent initial approximations
	Attention: Linearly dependent initial approximations
warn   | step-eig | target=miss | relres=5.98e-01 > 1.00e-08 | action=keep-reset
	Attention: Linearly dependent initial approximations
	Attention: Linearly dependent initial approximations
	Attention: Linearly dependent initial approximations
warn   | step-eig | target=miss | relres=9.85e-01 > 1.00e-08 | action=keep-reset
it 016 | finish | AHO | ineq=active   | mu=4.53e-04 eta=9.07e-04 sigma=0.00e+00 | err c/p/d=6.92e-05/3.88e-03/5.73e+00 | ok=Cpd | rmax X/Y/Z/T=4/2/4/2
warn   | step-eig | target=miss | relres=1.88e-01 > 1.00e-08 | action=keep-reset
it 017 | finish | AHO | ineq=active   | mu=4.53e-04 eta=9.06e-04 sigma=0.00e+00 | err c/p/d=6.92e-05/3.96e-03/5.73e+00 | ok=Cpd | rmax X/Y/Z/T=4/2/4/2
	Attention: Linearly dependent initial approximations
	Attention: Linearly dependent initial approximations
	Attention: Linearly dependent initial approximations
	Attention: Linearly dependent initial approximations
	Attention: Linearly dependent initial approximations
	Attention: Linearly dependent initial approximations
	Attention: Linearly dependent initial approximations
	Attention: Linearly dependent initial approximations
	Attention: Linearly dependent initial approximations
	Attention: Linearly dependent initial approximations
	Attention: Linearly dependent initial approximations
	Attention: Linearly dependent initial approximations
	Attention: Linearly dependent initial approximations
	Attention: Linearly dependent initial approximations
	Attention: Linearly dependent initial approximations
	Attention: Linearly dependent initial approximations
	Attention: Linearly dependent initial approximations
	Attention: Linearly dependent initial approximations
	Attention: Linearly dependent initial approximations
	Attention: Linearly dependent initial approximations
	Attention: Linearly dependent initial approximations
	Attention: Linearly dependent initial approximations
	Attention: Linearly dependent initial approximations
	Attention: Linearly dependent initial approximations
	Attention: Linearly dependent initial approximations
	Attention: Linearly dependent initial approximations
	Attention: Linearly dependent initial approximations
	Attention: Linearly dependent initial approximations
	Attention: Linearly dependent initial approximations
	Attention: Linearly dependent initial approximations
	Attention: Linearly dependent initial approximations
	Attention: Linearly dependent initial approximations
	Attention: Linearly dependent initial approximations
	Attention: Linearly dependent initial approximations
	Attention: Linearly dependent initial approximations
	Attention: Linearly dependent initial approximations
	Attention: Linearly dependent initial approximations
	Attention: Linearly dependent initial approximations
warn   | step-eig | target=miss | relres=7.82e-01 > 1.00e-08 | action=keep-reset
	Attention: Linearly dependent initial approximations
	Attention: Linearly dependent initial approximations
warn   | step-eig | target=miss | relres=1.77e-01 > 1.00e-08 | action=keep-reset
it 018 | finish | AHO | ineq=active   | mu=4.52e-04 eta=9.04e-04 sigma=0.00e+00 | err c/p/d=6.89e-05/4.39e-03/5.71e+00 | ok=Cpd | rmax X/Y/Z/T=4/2/4/2
	Attention: Linearly dependent initial approximations
warn   | step-eig | target=miss | relres=1.78e-01 > 1.00e-08 | action=keep-reset
it 019 | finish | AHO | ineq=active   | mu=4.52e-04 eta=9.04e-04 sigma=0.00e+00 | err c/p/d=6.89e-05/4.54e-03/5.71e+00 | ok=Cpd | rmax X/Y/Z/T=4/2/4/2
---Terminated---
Terminated in 19 iterations.
Ranks: X=[4, 4, 4, 4, 4, 4, 4, 4, 3, 3], Z=[4, 3, 3, 3, 3, 3, 3, 3, 3, 3], Y=[2, 1, 1, 1, 1, 1, 1, 1, 1, 1], T=[2, 2, 2, 2, 2, 2, 2, 2, 2, 2]
Run failed after 19 iterations. Compl Slackness: 1.4967e+01. Feasibility error: 3.2948e-04. Dual Feasibility error: 5.2144e+02.
Run failed in 582.63s. Memory: 1269.66 MB.
Seed 232 failed (feasibility error: 3.29e-04, dual feasibility error: 5.21e+02, slackness: 1.50e+01). Suggesting a new seed.
New seed suggested: 237
Creating Problem for dim=11, rank=1...
===Terminated Graph Sampling=== rank:  [1, 1, 1, 1, 1, 1, 1, 1, 1, 1]
===Terminated Graph Sampling=== rank:  [1, 1, 1, 1, 1, 1, 1, 1, 1, 1]
Actual graph TT-rank: [1, 1, 1, 1, 1, 1, 1, 1, 1, 1]
Obj TT-rank: [2, 3, 3, 4, 4, 4, 4, 4, 4, 2]
it 000 | main   | XZ  | ineq=active   | mu=1.60e-01 eta=1.00e-03 sigma=5.00e-01 | err c/p/d=9.26e-04/2.19e+01/2.31e+01 | ok=cpd | rmax X/Y/Z/T=2/1/1/1
it 001 | main   | XZ  | ineq=active   | mu=2.78e-02 eta=1.00e-03 sigma=1.07e-03 | err c/p/d=8.29e-04/3.56e+00/1.95e+01 | ok=cpd | rmax X/Y/Z/T=8/2/5/3
it 002 | main   | XZ  | ineq=active   | mu=2.99e-03 eta=1.00e-03 sigma=1.07e-02 | err c/p/d=4.24e-04/6.50e-02/1.67e+01 | ok=cpd | rmax X/Y/Z/T=9/2/6/4
it 003 | main   | AHO | ineq=active   | mu=3.30e-04 eta=6.59e-04 sigma=2.77e-03 | err c/p/d=5.27e-05/5.43e-02/1.47e+00 | ok=Cpd | rmax X/Y/Z/T=9/2/6/4
it 004 | main   | AHO | ineq=active   | mu=3.28e-04 eta=6.56e-04 sigma=0.00e+00 | err c/p/d=4.93e-05/2.28e-03/7.37e-02 | ok=Cpd | rmax X/Y/Z/T=9/2/6/4
it 005 | main   | AHO | ineq=active   | mu=3.28e-04 eta=6.56e-04 sigma=0.00e+00 | err c/p/d=4.92e-05/9.51e-05/3.68e-03 | ok=CPd | rmax X/Y/Z/T=9/2/6/4
it 006 | finish | AHO | ineq=active   | mu=3.28e-04 eta=6.56e-04 sigma=0.00e+00 | err c/p/d=4.92e-05/9.46e-05/1.85e-04 | ok=CPD | rmax X/Y/Z/T=9/2/6/4
it 007 | finish | AHO | ineq=active   | mu=1.62e-04 eta=3.24e-04 sigma=0.00e+00 | err c/p/d=2.37e-05/3.57e-05/1.30e-04 | ok=CPD | rmax X/Y/Z/T=11/2/6/4
it 008 | finish | AHO | ineq=active   | mu=1.21e-04 eta=2.41e-04 sigma=0.00e+00 | err c/p/d=1.59e-05/3.13e-05/1.40e-04 | ok=CPD | rmax X/Y/Z/T=11/2/6/4
it 009 | finish | AHO | ineq=active   | mu=7.84e-05 eta=1.57e-04 sigma=0.00e+00 | err c/p/d=9.41e-06/1.53e-04/3.15e-04 | ok=CPD | rmax X/Y/Z/T=11/2/6/4
it 010 | finish | AHO | ineq=active   | mu=6.23e-05 eta=1.25e-04 sigma=0.00e+00 | err c/p/d=7.42e-06/1.42e-04/5.24e-04 | ok=CPD | rmax X/Y/Z/T=11/2/6/4
warn   | step-eig | target=miss | relres=8.41e-01 > 1.00e-08 | action=keep-reset
it 011 | finish | AHO | ineq=active   | mu=4.34e-05 eta=1.00e-04 sigma=0.00e+00 | err c/p/d=5.18e-06/1.42e-04/9.88e-04 | ok=CPD | rmax X/Y/Z/T=11/2/6/4
it 012 | finish | AHO | ineq=active   | mu=2.43e-05 eta=1.00e-04 sigma=0.00e+00 | err c/p/d=2.72e-06/3.13e-05/1.25e-03 | ok=CPd | rmax X/Y/Z/T=11/2/6/4
	Attention: Linearly dependent initial approximations
warn   | step-eig | target=miss | relres=9.75e-01 > 1.00e-08 | action=keep-reset
it 013 | finish | AHO | ineq=active   | mu=9.42e-06 eta=1.00e-04 sigma=0.00e+00 | err c/p/d=1.05e-06/3.13e-05/5.78e-04 | ok=CPD | rmax X/Y/Z/T=11/2/7/5
	Attention: Linearly dependent initial approximations
	Attention: Linearly dependent initial approximations
	Attention: Linearly dependent initial approximations
warn   | step-eig | target=miss | relres=9.99e-01 > 1.00e-08 | action=keep-reset
it 014 | finish | AHO | ineq=active   | mu=5.64e-06 eta=1.00e-04 sigma=0.00e+00 | err c/p/d=6.31e-07/3.13e-05/5.28e-04 | ok=CPD | rmax X/Y/Z/T=11/2/7/5
	Attention: Linearly dependent initial approximations
	Attention: Linearly dependent initial approximations
	Attention: Linearly dependent initial approximations
	Attention: Linearly dependent initial approximations
	Attention: Linearly dependent initial approximations
	Attention: Linearly dependent initial approximations
	Attention: Linearly dependent initial approximations
	Attention: Linearly dependent initial approximations
	Attention: Linearly dependent initial approximations
	Attention: Linearly dependent initial approximations
	Attention: Linearly dependent initial approximations
	Attention: Linearly dependent initial approximations
	Attention: Linearly dependent initial approximations
	Attention: Linearly dependent initial approximations
	Attention: Linearly dependent initial approximations
	Attention: Linearly dependent initial approximations
	Attention: Linearly dependent initial approximations
	Attention: Linearly dependent initial approximations
	Attention: Linearly dependent initial approximations
	Attention: Linearly dependent initial approximations
	Attention: Linearly dependent initial approximations
	Attention: Linearly dependent initial approximations
	Attention: Linearly dependent initial approximations
	Attention: Linearly dependent initial approximations
	Attention: Linearly dependent initial approximations
	Attention: Linearly dependent initial approximations
	Attention: Linearly dependent initial approximations
	Attention: Linearly dependent initial approximations
	Attention: Linearly dependent initial approximations
	Attention: Linearly dependent initial approximations
	Attention: Linearly dependent initial approximations
	Attention: Linearly dependent initial approximations
	Attention: Linearly dependent initial approximations
	Attention: Linearly dependent initial approximations
	Attention: Linearly dependent initial approximations
	Attention: Linearly dependent initial approximations
	Attention: Linearly dependent initial approximations
	Attention: Linearly dependent initial approximations
	Attention: Linearly dependent initial approximations
	Attention: Linearly dependent initial approximations
	Attention: Linearly dependent initial approximations
	Attention: Linearly dependent initial approximations
	Attention: Linearly dependent initial approximations
	Attention: Linearly dependent initial approximations
	Attention: Linearly dependent initial approximations
	Attention: Linearly dependent initial approximations
	Attention: Linearly dependent initial approximations
	Attention: Linearly dependent initial approximations
	Attention: Linearly dependent initial approximations
	Attention: Linearly dependent initial approximations
	Attention: Linearly dependent initial approximations
	Attention: Linearly dependent initial approximations
	Attention: Linearly dependent initial approximations
	Attention: Linearly dependent initial approximations
	Attention: Linearly dependent initial approximations
warn   | step-eig | target=miss | relres=1.00e+00 > 1.00e-08 | action=keep-reset
it 015 | finish | AHO | ineq=active   | mu=5.25e-06 eta=1.00e-04 sigma=0.00e+00 | err c/p/d=5.88e-07/3.83e-05/1.00e-03 | ok=CPD | rmax X/Y/Z/T=11/3/20/15
---Terminated---
Terminated in 15 iterations.
Ranks: X=[3, 5, 6, 11, 11, 10, 9, 9, 9, 3], Z=[4, 7, 10, 12, 20, 19, 17, 10, 6, 3], Y=[1, 1, 1, 2, 3, 3, 3, 2, 2, 1], T=[3, 5, 5, 10, 15, 12, 11, 7, 4, 2]
Run terminated after 15 iterations. Compl Slackness: 2.5501e-01. Feasibility error: 2.3497e-08. Dual Feasibility error: 1.6103e-05.
Run terminated in 2919.59s. Memory: 5949.22 MB.
Rerun with new seed 237 terminated. Feasibility error: 2.35e-08, dual feasibility error: 1.61e-05, slackness: 2.55e-01
Seed 237 terminated (feasibility error: 2.35e-08, dual feasibility error: 1.61e-05, slackness: 2.55e-01). Suggesting a new seed.
New seed suggested: 199
Creating Problem for dim=11, rank=1...
===Terminated Graph Sampling=== rank:  [1, 1, 1, 1, 1, 1, 1, 1, 1, 1]
===Terminated Graph Sampling=== rank:  [1, 1, 1, 1, 1, 1, 1, 1, 1, 1]
Actual graph TT-rank: [1, 1, 1, 1, 1, 1, 1, 1, 1, 1]
Obj TT-rank: [3, 4, 4, 4, 4, 4, 4, 4, 4, 3]
it 000 | main   | XZ  | ineq=active   | mu=1.04e-02 eta=1.00e-03 sigma=5.00e-01 | err c/p/d=4.15e-05/2.19e+01/2.33e+01 | ok=Cpd | rmax X/Y/Z/T=2/1/1/1
it 001 | main   | XZ  | ineq=active   | mu=4.16e-03 eta=1.00e-03 sigma=0.00e+00 | err c/p/d=7.85e-05/3.97e+00/1.32e+00 | ok=Cpd | rmax X/Y/Z/T=7/2/4/3
it 002 | main   | XZ  | ineq=active   | mu=1.51e-03 eta=1.00e-03 sigma=0.00e+00 | err c/p/d=1.32e-04/2.00e-01/6.63e-02 | ok=cpd | rmax X/Y/Z/T=10/2/5/3
it 003 | main   | AHO | ineq=active   | mu=1.17e-04 eta=2.34e-04 sigma=1.26e-02 | err c/p/d=1.58e-05/1.70e-01/4.37e-03 | ok=Cpd | rmax X/Y/Z/T=10/2/5/3
it 004 | main   | AHO | ineq=active   | mu=1.09e-04 eta=2.17e-04 sigma=0.00e+00 | err c/p/d=1.19e-05/8.17e-03/2.31e-03 | ok=Cpd | rmax X/Y/Z/T=11/2/5/3
it 005 | finish | AHO | ineq=active   | mu=1.09e-04 eta=2.17e-04 sigma=0.00e+00 | err c/p/d=1.18e-05/1.77e-04/5.47e-04 | ok=CPD | rmax X/Y/Z/T=11/2/5/3
it 006 | finish | AHO | ineq=active   | mu=1.27e-05 eta=1.00e-04 sigma=0.00e+00 | err c/p/d=1.37e-06/2.46e-04/2.43e-04 | ok=CPD | rmax X/Y/Z/T=12/2/7/5
it 007 | finish | AHO | ineq=active   | mu=7.69e-06 eta=1.00e-04 sigma=0.00e+00 | err c/p/d=8.28e-07/1.02e-04/2.63e-04 | ok=CPD | rmax X/Y/Z/T=16/2/8/6
it 008 | finish | AHO | ineq=active   | mu=7.09e-06 eta=1.00e-04 sigma=0.00e+00 | err c/p/d=7.49e-07/5.06e-05/1.16e-03 | ok=CPD | rmax X/Y/Z/T=18/2/8/6
it 009 | finish | AHO | ineq=active   | mu=4.66e-06 eta=1.00e-04 sigma=0.00e+00 | err c/p/d=4.40e-07/5.19e-05/9.48e-04 | ok=CPD | rmax X/Y/Z/T=19/2/11/9

	⚠️ Attention: 
	Number of restarts exhausted, Relative Error = 1.389832e+00. Consider increasing rank ceiling.

	==> Full traceback (most recent call last):
Traceback (most recent call last):
  File "/vol/bitbucket/fjk20/projects/Tensor-Train-Interior-Point-Method/psd_system/corr_clust/../../src/tt_ipm.py", line 762, in _tt_ipm_newton_step
    Delta_tt, _ = solver(
                  ~~~~~~^
        lhs_pred_tt,
        ^^^^^^^^^^^^
    ...<5 lines>...
        strict_first_attempt=status.aho_direction,
        ^^^^^^^^^^^^^^^^^^^^^^^^^^^^^^^^^^^^^^^^^^
    )
    ^
  File "/vol/bitbucket/fjk20/projects/Tensor-Train-Interior-Point-Method/psd_system/corr_clust/../../src/tt_ipm.py", line 1185, in <lambda>
    solver_ineq = lambda lhs, rhs, x0, nwsp, restriction, termination_tol, strict_first_attempt=False: tt_restarted_block_amen(
                                                                                                       ~~~~~~~~~~~~~~~~~~~~~~~^
        lhs,
        ^^^^
    ...<9 lines>...
        strict_first_attempt=strict_first_attempt
        ^^^^^^^^^^^^^^^^^^^^^^^^^^^^^^^^^^^^^^^^^
    )
    ^
  File "/vol/bitbucket/fjk20/projects/Tensor-Train-Interior-Point-Method/psd_system/corr_clust/../../src/tt_als.py", line 799, in tt_restarted_block_amen
    raise RuntimeError(f"\n\tTarget residual not reached after first AMEn attempt, Relative Error = {rhs_norm / orig_rhs_norm:.3e}.")
RuntimeError: 
	Target residual not reached after first AMEn attempt, Relative Error = 1.005e+01.

During handling of the above exception, another exception occurred:

Traceback (most recent call last):
  File "/vol/bitbucket/fjk20/projects/Tensor-Train-Interior-Point-Method/psd_system/corr_clust/../../src/tt_ipm.py", line 777, in _tt_ipm_newton_step
    Delta_tt, _ = solver(lhs_pred_tt, rhs_pred_tt, status.mals_delta0, status.kkt_iterations + status.is_last_iter, status.mals_rank_restriction, status.eta)
                  ~~~~~~^^^^^^^^^^^^^^^^^^^^^^^^^^^^^^^^^^^^^^^^^^^^^^^^^^^^^^^^^^^^^^^^^^^^^^^^^^^^^^^^^^^^^^^^^^^^^^^^^^^^^^^^^^^^^^^^^^^^^^^^^^^^^^^^^^^^^
  File "/vol/bitbucket/fjk20/projects/Tensor-Train-Interior-Point-Method/psd_system/corr_clust/../../src/tt_ipm.py", line 1185, in <lambda>
    solver_ineq = lambda lhs, rhs, x0, nwsp, restriction, termination_tol, strict_first_attempt=False: tt_restarted_block_amen(
                                                                                                       ~~~~~~~~~~~~~~~~~~~~~~~^
        lhs,
        ^^^^
    ...<9 lines>...
        strict_first_attempt=strict_first_attempt
        ^^^^^^^^^^^^^^^^^^^^^^^^^^^^^^^^^^^^^^^^^
    )
    ^
  File "/vol/bitbucket/fjk20/projects/Tensor-Train-Interior-Point-Method/psd_system/corr_clust/../../src/tt_als.py", line 828, in tt_restarted_block_amen
    raise RuntimeError(f"\n\tNumber of restarts exhausted, Relative Error = {rhs_norm / orig_rhs_norm:3e}. Consider increasing rank ceiling.")
RuntimeError: 
	Number of restarts exhausted, Relative Error = 1.389832e+00. Consider increasing rank ceiling.
---Terminated---
Terminated in 10 iterations.
Ranks: X=[5, 7, 7, 7, 7, 19, 18, 17, 5, 3], Z=[5, 6, 6, 6, 6, 11, 11, 11, 4, 3], Y=[2, 2, 2, 2, 2, 2, 2, 2, 1, 1], T=[4, 4, 4, 4, 4, 9, 9, 9, 3, 3]
Run terminated after 10 iterations. Compl Slackness: 3.5942e+00. Feasibility error: 4.3154e-08. Dual Feasibility error: 1.4388e-05.
Run terminated in 660.65s. Memory: 43.62 MB.
Rerun with new seed 199 terminated. Feasibility error: 4.32e-08, dual feasibility error: 1.44e-05, slackness: 3.59e+00
Seed 199 terminated (feasibility error: 4.32e-08, dual feasibility error: 1.44e-05, slackness: 3.59e+00). Suggesting a new seed.
New seed suggested: 513
Creating Problem for dim=11, rank=1...
===Terminated Graph Sampling=== rank:  [1, 1, 1, 1, 1, 1, 1, 1, 1, 1]
===Terminated Graph Sampling=== rank:  [1, 1, 1, 1, 1, 1, 1, 1, 1, 1]
Actual graph TT-rank: [1, 1, 1, 1, 1, 1, 1, 1, 1, 1]
Obj TT-rank: [3, 4, 4, 4, 4, 4, 4, 4, 4, 2]
it 000 | main   | XZ  | ineq=active   | mu=3.91e-03 eta=1.00e-03 sigma=5.00e-01 | err c/p/d=1.44e-05/2.19e+01/2.34e+01 | ok=Cpd | rmax X/Y/Z/T=2/1/1/1
it 001 | main   | XZ  | ineq=active   | mu=2.69e-03 eta=1.00e-03 sigma=0.00e+00 | err c/p/d=2.73e-05/7.40e+00/1.51e+00 | ok=Cpd | rmax X/Y/Z/T=5/2/4/3
it 002 | main   | XZ  | ineq=active   | mu=1.17e-03 eta=1.00e-03 sigma=0.00e+00 | err c/p/d=4.92e-05/1.15e+00/8.38e-02 | ok=Cpd | rmax X/Y/Z/T=5/2/4/3
it 003 | main   | AHO | ineq=active   | mu=7.87e-04 eta=1.00e-03 sigma=0.00e+00 | err c/p/d=7.37e-05/5.85e-02/5.61e-03 | ok=Cpd | rmax X/Y/Z/T=5/2/4/3
it 004 | main   | AHO | ineq=active   | mu=7.84e-04 eta=1.00e-03 sigma=0.00e+00 | err c/p/d=7.82e-05/3.08e-03/3.39e-04 | ok=CpD | rmax X/Y/Z/T=5/2/4/3
it 005 | finish | AHO | ineq=active   | mu=7.84e-04 eta=1.00e-03 sigma=0.00e+00 | err c/p/d=7.85e-05/1.62e-04/3.42e-04 | ok=CPD | rmax X/Y/Z/T=5/2/4/3
it 006 | finish | AHO | ineq=active   | mu=4.05e-05 eta=1.00e-04 sigma=0.00e+00 | err c/p/d=4.05e-06/1.16e-03/3.95e-04 | ok=CpD | rmax X/Y/Z/T=5/2/4/3
it 007 | finish | AHO | ineq=active   | mu=5.84e-06 eta=1.00e-04 sigma=0.00e+00 | err c/p/d=5.85e-07/6.55e-05/2.57e-04 | ok=CPD | rmax X/Y/Z/T=6/2/4/3
it 008 | finish | AHO | ineq=active   | mu=3.99e-06 eta=1.00e-04 sigma=0.00e+00 | err c/p/d=4.00e-07/9.83e-06/1.97e-04 | ok=CPD | rmax X/Y/Z/T=6/2/4/3
it 009 | finish | AHO | ineq=active   | mu=3.80e-06 eta=1.00e-04 sigma=0.00e+00 | err c/p/d=3.78e-07/9.38e-06/5.68e-04 | ok=CPD | rmax X/Y/Z/T=6/2/4/3
it 010 | finish | AHO | ineq=active   | mu=2.24e-06 eta=1.00e-04 sigma=0.00e+00 | err c/p/d=1.86e-07/1.78e-05/1.27e-03 | ok=CPd | rmax X/Y/Z/T=6/2/5/5
it 011 | finish | AHO | ineq=active   | mu=1.85e-06 eta=1.00e-04 sigma=0.00e+00 | err c/p/d=1.59e-07/1.77e-05/1.85e-03 | ok=CPd | rmax X/Y/Z/T=8/2/5/5
	Attention: Linearly dependent initial approximations
	Attention: Linearly dependent initial approximations
	Attention: Linearly dependent initial approximations
	Attention: Linearly dependent initial approximations
	Attention: Linearly dependent initial approximations
	Attention: Linearly dependent initial approximations
	Attention: Linearly dependent initial approximations
	Attention: Linearly dependent initial approximations
	Attention: Linearly dependent initial approximations
	Attention: Linearly dependent initial approximations
	Attention: Linearly dependent initial approximations
	Attention: Linearly dependent initial approximations
	Attention: Linearly dependent initial approximations
	Attention: Linearly dependent initial approximations
	Attention: Linearly dependent initial approximations
	Attention: Linearly dependent initial approximations
	Attention: Linearly dependent initial approximations
	Attention: Linearly dependent initial approximations
	Attention: Linearly dependent initial approximations
	Attention: Linearly dependent initial approximations
	Attention: Linearly dependent initial approximations
	Attention: Linearly dependent initial approximations
	Attention: Linearly dependent initial approximations
	Attention: Linearly dependent initial approximations
	Attention: Linearly dependent initial approximations
	Attention: Linearly dependent initial approximations
	Attention: Linearly dependent initial approximations
	Attention: Linearly dependent initial approximations
	Attention: Linearly dependent initial approximations
	Attention: Linearly dependent initial approximations
	Attention: Linearly dependent initial approximations
	Attention: Linearly dependent initial approximations
	Attention: Linearly dependent initial approximations
	Attention: Linearly dependent initial approximations
	Attention: Linearly dependent initial approximations
warn   | step-eig | target=miss | relres=9.99e-01 > 1.00e-08 | action=keep-reset
it 012 | finish | AHO | ineq=active   | mu=1.67e-06 eta=1.00e-04 sigma=0.00e+00 | err c/p/d=1.44e-07/1.92e-05/2.04e-03 | ok=CPd | rmax X/Y/Z/T=8/2/6/5
Process MemTimer-4:
/vol/bitbucket/fjk20/projects/Tensor-Train-Interior-Point-Method/tt_ipm.sh: line 111: 4101463 Killed                  timeout "$CURRENT_TIMEOUT" "${cmd[@]}"
❌ Error occurred for dim=11 (exit code 137)
Traceback (most recent call last):
  File "/homes/fjk20/miniforge3/envs/ttipm/lib/python3.14/multiprocessing/process.py", line 320, in _bootstrap
    self.run()
    ~~~~~~~~^^
  File "/homes/fjk20/miniforge3/envs/ttipm/lib/python3.14/site-packages/memory_profiler.py", line 252, in run
    cur_mem = _get_memory(
        self.monitor_pid, self.backend, timestamps=self.timestamps,
        include_children=self.include_children,)
  File "/homes/fjk20/miniforge3/envs/ttipm/lib/python3.14/site-packages/memory_profiler.py", line 221, in _get_memory
    return tools[backend]()
           ~~~~~~~~~~~~~~^^
  File "/homes/fjk20/miniforge3/envs/ttipm/lib/python3.14/site-packages/memory_profiler.py", line 140, in ps_util_tool
    mem = getattr(process, meminfo_attr)()[0] / _TWO_20
          ~~~~~~~~~~~~~~~~~~~~~~~~~~~~~~^^
  File "/homes/fjk20/miniforge3/envs/ttipm/lib/python3.14/site-packages/psutil/_common.py", line 377, in wrapper
    raise err from None
  File "/homes/fjk20/miniforge3/envs/ttipm/lib/python3.14/site-packages/psutil/_common.py", line 375, in wrapper
    return fun(self)
  File "/homes/fjk20/miniforge3/envs/ttipm/lib/python3.14/site-packages/psutil/__init__.py", line 1137, in memory_info
    return self._proc.memory_info()
           ~~~~~~~~~~~~~~~~~~~~~~^^
  File "/homes/fjk20/miniforge3/envs/ttipm/lib/python3.14/site-packages/psutil/_pslinux.py", line 1605, in wrapper
    raise NoSuchProcess(pid, name) from err
psutil.NoSuchProcess: process no longer exists (pid=4101464)

==== All runs completed at Tue  2 Jun 13:57:37 BST 2026 ====
