001 (089.000.000) 06/03 17:02:30 Job executing on host: <146.169.52.182:9618?addrs=146.169.52.182-9618+[2a0c-5bc0-40-11c4-1349-e06a-e052-3ca9]-9618&noUDP&sock=8320_3bb2_4>
...
010 (089.000.000) 06/03 21:32:58 Job was suspended.
	Number of processes actually suspended: 5
...
011 (089.000.000) 06/03 21:39:03 Job was unsuspended.
...
004 (089.000.000) 06/03 21:40:03 Job was evicted.
	(0) Job was not checkpointed.
		Usr 0 18:23:28, Sys 0 00:23:08  -  Run Remote Usage
		Usr 0 00:00:00, Sys 0 00:00:00  -  Run Local Usage
	0  -  Run Bytes Sent By Job
	0  -  Run Bytes Received By Job
	Partitionable Resources :    Usage  Request Allocated Assigned
	   Cpus                 :     5.30        1        16 
	   Disk (KB)            :     4           4  12544328 
	   Gpus                 :     0.01                  1 "CUDA0"
	   Memory (MB)          :  7325        7325     15777 
...
001 (089.000.000) 06/03 21:40:34 Job executing on host: <146.169.52.187:9618?addrs=146.169.52.187-9618+[2a0c-5bc0-40-11c4-db4f-8245-ad5f-257d]-9618&noUDP&sock=57440_f474_4>
...
