Running: maxcut (rank=1)
==== maxcut TT-IPM Batch Run Started at Tue  2 Jun 12:14:04 BST 2026 ====

▶ Running dim=13 with config=configs/maxcut_13.yaml at Tue  2 Jun 12:14:04 BST 2026

===== Processing Rank: 1 =====
Running seed 83
Creating Problem for dim=13, rank=1...
===Terminated Graph Sampling=== rank:  [1, 1, 1, 1, 1, 1, 1, 1, 1, 1, 1, 1]
it 000 | main   | XZ  | ineq=not_in_use | mu=1.00e+00 eta=1.00e-03 sigma=5.00e-01 | err c/p/d=6.07e-03/2.19e+01/2.31e+01 | ok=cpd | rmax X/Y/Z/T=1/1/1/-
it 001 | main   | XZ  | ineq=not_in_use | mu=8.99e-02 eta=1.00e-03 sigma=2.11e-03 | err c/p/d=5.23e-03/1.48e+00/1.96e+01 | ok=cpd | rmax X/Y/Z/T=4/3/4/-
it 002 | main   | XZ  | ineq=not_in_use | mu=1.06e-03 eta=1.00e-03 sigma=2.38e-02 | err c/p/d=5.19e-04/6.07e-01/1.72e+01 | ok=cpd | rmax X/Y/Z/T=3/3/4/-
it 003 | main   | AHO | ineq=not_in_use | mu=1.26e-03 eta=1.00e-03 sigma=6.40e-01 | err c/p/d=1.26e-04/4.92e-01/1.42e+01 | ok=cpd | rmax X/Y/Z/T=5/2/4/-
it 004 | main   | AHO | ineq=not_in_use | mu=5.61e-04 eta=1.00e-03 sigma=4.86e-01 | err c/p/d=8.27e-05/4.58e-02/5.31e+00 | ok=Cpd | rmax X/Y/Z/T=8/3/5/-
it 005 | main   | AHO | ineq=not_in_use | mu=5.39e-04 eta=1.00e-03 sigma=0.00e+00 | err c/p/d=8.22e-05/3.74e-03/3.27e+00 | ok=Cpd | rmax X/Y/Z/T=8/3/5/-
it 006 | main   | AHO | ineq=not_in_use | mu=5.14e-04 eta=1.00e-03 sigma=0.00e+00 | err c/p/d=7.54e-05/4.45e-04/2.53e+00 | ok=CPd | rmax X/Y/Z/T=8/2/5/-
it 007 | main   | AHO | ineq=not_in_use | mu=5.03e-04 eta=1.00e-03 sigma=0.00e+00 | err c/p/d=7.13e-05/4.73e-04/1.05e+00 | ok=CPd | rmax X/Y/Z/T=8/3/5/-
it 008 | main   | AHO | ineq=not_in_use | mu=4.99e-04 eta=9.99e-04 sigma=0.00e+00 | err c/p/d=7.00e-05/4.84e-04/3.67e-01 | ok=CPd | rmax X/Y/Z/T=8/3/5/-
it 009 | main   | AHO | ineq=not_in_use | mu=4.99e-04 eta=9.99e-04 sigma=0.00e+00 | err c/p/d=6.98e-05/4.87e-04/1.84e-02 | ok=CPd | rmax X/Y/Z/T=8/3/5/-
it 010 | main   | AHO | ineq=not_in_use | mu=4.99e-04 eta=9.99e-04 sigma=0.00e+00 | err c/p/d=6.98e-05/4.88e-04/9.18e-04 | ok=CPd | rmax X/Y/Z/T=8/3/5/-
it 011 | finish | AHO | ineq=not_in_use | mu=4.99e-04 eta=9.99e-04 sigma=0.00e+00 | err c/p/d=6.98e-05/4.89e-04/4.69e-05 | ok=CPD | rmax X/Y/Z/T=8/3/5/-
it 012 | finish | AHO | ineq=not_in_use | mu=3.18e-04 eta=6.35e-04 sigma=0.00e+00 | err c/p/d=4.14e-05/6.75e-04/2.96e-05 | ok=CpD | rmax X/Y/Z/T=8/3/5/-
it 013 | finish | AHO | ineq=not_in_use | mu=1.25e-04 eta=2.49e-04 sigma=0.00e+00 | err c/p/d=1.55e-05/5.38e-04/3.16e-06 | ok=CPD | rmax X/Y/Z/T=8/3/5/-
it 014 | finish | AHO | ineq=not_in_use | mu=6.39e-06 eta=1.00e-04 sigma=0.00e+00 | err c/p/d=7.16e-07/4.00e-04/1.65e-06 | ok=CPD | rmax X/Y/Z/T=8/3/5/-
it 015 | finish | AHO | ineq=not_in_use | mu=4.10e-07 eta=1.00e-04 sigma=0.00e+00 | err c/p/d=4.57e-08/2.34e-04/9.62e-07 | ok=CPD | rmax X/Y/Z/T=13/3/5/-
it 016 | finish | AHO | ineq=not_in_use | mu=9.75e-08 eta=1.00e-04 sigma=0.00e+00 | err c/p/d=1.09e-08/1.89e-04/2.21e-06 | ok=CPD | rmax X/Y/Z/T=16/3/5/-
---Terminated---
Terminated in 16 iterations.
Ranks: X=[3, 4, 5, 5, 5, 14, 16, 16, 16, 16, 11, 5], Z=[3, 4, 4, 4, 4, 5, 5, 5, 5, 5, 5, 4], Y=[2, 2, 2, 2, 2, 3, 3, 3, 3, 3, 3, 2], T=[0, 0, 0, 0, 0, 0, 0, 0, 0, 0, 0, 0]
Run accepted after 16 iterations. Compl Slackness: 7.9885e-04. Feasibility error: 5.6876e-07. Dual Feasibility error: 7.8817e-11.
Run accepted in 11107.15s. Memory: 9426.24 MB.
Running seed 491
Creating Problem for dim=13, rank=1...
===Terminated Graph Sampling=== rank:  [1, 1, 1, 1, 1, 1, 1, 1, 1, 1, 1, 1]
it 000 | main   | XZ  | ineq=not_in_use | mu=1.00e+00 eta=1.00e-03 sigma=5.00e-01 | err c/p/d=7.32e-03/2.19e+01/2.30e+01 | ok=cpd | rmax X/Y/Z/T=1/1/1/-
it 001 | main   | XZ  | ineq=not_in_use | mu=9.64e-02 eta=1.00e-03 sigma=3.68e-03 | err c/p/d=6.28e-03/1.64e+00/1.96e+01 | ok=cpd | rmax X/Y/Z/T=3/2/4/-
it 002 | main   | XZ  | ineq=not_in_use | mu=1.57e-03 eta=1.00e-03 sigma=2.20e-02 | err c/p/d=7.82e-04/5.82e-01/1.71e+01 | ok=cpd | rmax X/Y/Z/T=3/2/4/-
it 003 | main   | AHO | ineq=not_in_use | mu=2.44e-03 eta=1.00e-03 sigma=8.52e-01 | err c/p/d=2.92e-04/4.73e-01/1.37e+01 | ok=cpd | rmax X/Y/Z/T=3/2/4/-
it 004 | main   | AHO | ineq=not_in_use | mu=1.32e-03 eta=1.00e-03 sigma=5.90e-01 | err c/p/d=2.36e-04/4.95e-03/9.85e+00 | ok=cpd | rmax X/Y/Z/T=4/2/4/-
it 005 | main   | AHO | ineq=not_in_use | mu=1.15e-03 eta=1.00e-03 sigma=9.04e-01 | err c/p/d=1.57e-04/3.97e-03/9.48e+00 | ok=cpd | rmax X/Y/Z/T=5/2/4/-
it 006 | main   | AHO | ineq=not_in_use | mu=7.49e-04 eta=1.00e-03 sigma=6.30e-01 | err c/p/d=7.70e-05/9.15e-04/6.27e+00 | ok=Cpd | rmax X/Y/Z/T=5/2/4/-
it 007 | main   | AHO | ineq=not_in_use | mu=7.46e-04 eta=1.00e-03 sigma=0.00e+00 | err c/p/d=7.59e-05/2.44e-05/3.13e-01 | ok=CPd | rmax X/Y/Z/T=5/2/4/-
it 008 | main   | AHO | ineq=not_in_use | mu=7.46e-04 eta=1.00e-03 sigma=0.00e+00 | err c/p/d=7.59e-05/2.39e-05/1.57e-02 | ok=CPd | rmax X/Y/Z/T=5/2/4/-
it 009 | main   | AHO | ineq=not_in_use | mu=7.46e-04 eta=1.00e-03 sigma=0.00e+00 | err c/p/d=7.59e-05/2.39e-05/7.84e-04 | ok=CPd | rmax X/Y/Z/T=5/2/4/-
it 010 | finish | AHO | ineq=not_in_use | mu=7.46e-04 eta=1.00e-03 sigma=0.00e+00 | err c/p/d=7.59e-05/2.39e-05/3.96e-05 | ok=CPD | rmax X/Y/Z/T=5/2/4/-
it 011 | finish | AHO | ineq=not_in_use | mu=3.73e-05 eta=1.00e-04 sigma=0.00e+00 | err c/p/d=3.74e-06/4.33e-05/2.86e-06 | ok=CPD | rmax X/Y/Z/T=5/2/4/-
it 012 | finish | AHO | ineq=not_in_use | mu=1.89e-06 eta=1.00e-04 sigma=0.00e+00 | err c/p/d=1.89e-07/2.98e-05/5.27e-07 | ok=CPD | rmax X/Y/Z/T=5/2/4/-
it 013 | finish | AHO | ineq=not_in_use | mu=9.78e-08 eta=1.00e-04 sigma=0.00e+00 | err c/p/d=9.78e-09/5.11e-06/1.90e-07 | ok=CPD | rmax X/Y/Z/T=5/2/4/-
---Terminated---
Terminated in 13 iterations.
Ranks: X=[3, 4, 5, 5, 5, 5, 5, 5, 4, 4, 4, 3], Z=[3, 4, 4, 4, 4, 4, 4, 4, 3, 3, 3, 3], Y=[2, 2, 2, 2, 2, 2, 2, 2, 1, 1, 1, 1], T=[0, 0, 0, 0, 0, 0, 0, 0, 0, 0, 0, 0]
Run accepted after 13 iterations. Compl Slackness: 8.0081e-04. Feasibility error: 4.1804e-10. Dual Feasibility error: 6.2021e-13.
Run accepted in 646.64s. Memory: 1224.35 MB.
Running seed 23
Creating Problem for dim=13, rank=1...
===Terminated Graph Sampling=== rank:  [1, 1, 1, 1, 1, 1, 1, 1, 1, 1, 1, 1]
it 000 | main   | XZ  | ineq=not_in_use | mu=1.00e+00 eta=1.00e-03 sigma=5.00e-01 | err c/p/d=3.68e-03/2.19e+01/2.34e+01 | ok=cpd | rmax X/Y/Z/T=1/1/1/-
it 001 | main   | XZ  | ineq=not_in_use | mu=8.25e-02 eta=1.00e-03 sigma=1.03e-03 | err c/p/d=3.23e-03/1.30e+00/1.99e+01 | ok=cpd | rmax X/Y/Z/T=3/1/3/-
it 002 | main   | XZ  | ineq=not_in_use | mu=5.96e-04 eta=1.00e-03 sigma=2.59e-02 | err c/p/d=2.40e-04/6.26e-01/1.75e+01 | ok=cpd | rmax X/Y/Z/T=3/1/3/-
it 003 | main   | AHO | ineq=not_in_use | mu=1.19e-03 eta=1.00e-03 sigma=9.90e-01 | err c/p/d=7.44e-05/5.06e-01/1.49e+01 | ok=Cpd | rmax X/Y/Z/T=3/1/3/-
it 004 | main   | AHO | ineq=not_in_use | mu=9.50e-04 eta=1.00e-03 sigma=0.00e+00 | err c/p/d=9.05e-05/3.08e-02/3.95e+00 | ok=cpd | rmax X/Y/Z/T=3/1/3/-
it 005 | main   | AHO | ineq=not_in_use | mu=1.09e-04 eta=2.18e-04 sigma=4.72e-01 | err c/p/d=6.30e-06/2.47e-02/3.79e+00 | ok=Cpd | rmax X/Y/Z/T=3/1/3/-
it 006 | main   | AHO | ineq=not_in_use | mu=1.05e-04 eta=2.11e-04 sigma=0.00e+00 | err c/p/d=5.83e-06/1.23e-03/1.90e-01 | ok=Cpd | rmax X/Y/Z/T=3/1/3/-
it 007 | main   | AHO | ineq=not_in_use | mu=1.05e-04 eta=2.11e-04 sigma=0.00e+00 | err c/p/d=5.82e-06/6.17e-05/9.48e-03 | ok=CPd | rmax X/Y/Z/T=3/1/3/-
it 008 | finish | AHO | ineq=not_in_use | mu=1.05e-04 eta=2.11e-04 sigma=0.00e+00 | err c/p/d=5.82e-06/6.17e-05/4.74e-04 | ok=CPD | rmax X/Y/Z/T=3/1/3/-
it 009 | finish | AHO | ineq=not_in_use | mu=5.26e-06 eta=1.00e-04 sigma=0.00e+00 | err c/p/d=2.79e-07/3.08e-06/2.37e-05 | ok=CPD | rmax X/Y/Z/T=3/1/3/-
it 010 | finish | AHO | ineq=not_in_use | mu=2.63e-07 eta=1.00e-04 sigma=0.00e+00 | err c/p/d=1.39e-08/1.54e-07/1.18e-06 | ok=CPD | rmax X/Y/Z/T=3/1/3/-

	⚠️ Attention: 
	Absolute tolerance already reached: 0.000024 < 0.000100

	==> Full traceback (most recent call last):
Traceback (most recent call last):
  File "/vol/bitbucket/fjk20/projects/Tensor-Train-Interior-Point-Method/psd_system/maxcut/../../src/tt_ipm.py", line 762, in _tt_ipm_newton_step
    Delta_tt, _ = solver(
                  ~~~~~~^
        lhs_pred_tt,
        ^^^^^^^^^^^^
    ...<5 lines>...
        strict_first_attempt=status.aho_direction,
        ^^^^^^^^^^^^^^^^^^^^^^^^^^^^^^^^^^^^^^^^^^
    )
    ^
  File "/vol/bitbucket/fjk20/projects/Tensor-Train-Interior-Point-Method/psd_system/maxcut/../../src/tt_ipm.py", line 1198, in <lambda>
    solver_eq = lambda lhs, rhs, x0, nwsp, restriction, termination_tol, strict_first_attempt=False: tt_restarted_block_amen(
                                                                                                     ~~~~~~~~~~~~~~~~~~~~~~~^
        lhs,
        ^^^^
    ...<9 lines>...
        strict_first_attempt=strict_first_attempt
        ^^^^^^^^^^^^^^^^^^^^^^^^^^^^^^^^^^^^^^^^^
    )
    ^
  File "/vol/bitbucket/fjk20/projects/Tensor-Train-Interior-Point-Method/psd_system/maxcut/../../src/tt_als.py", line 782, in tt_restarted_block_amen
    raise RuntimeError(f"\n\tAbsolute tolerance already reached: {orig_rhs_norm:4f} < {op_tol:4f}")
RuntimeError: 
	Absolute tolerance already reached: 0.000024 < 0.000100
---Terminated---
Terminated in 11 iterations.
Ranks: X=[2, 3, 3, 3, 3, 3, 3, 3, 3, 3, 3, 2], Z=[2, 3, 3, 3, 3, 3, 3, 3, 3, 3, 3, 2], Y=[1, 1, 1, 1, 1, 1, 1, 1, 1, 1, 1, 1], T=[0, 0, 0, 0, 0, 0, 0, 0, 0, 0, 0, 0]
Run accepted after 11 iterations. Compl Slackness: 2.1551e-03. Feasibility error: 3.7870e-13. Dual Feasibility error: 2.2534e-11.
Run accepted in 8.12s. Memory: 46.82 MB.
Running seed 356
Creating Problem for dim=13, rank=1...
===Terminated Graph Sampling=== rank:  [1, 1, 1, 1, 1, 1, 1, 1, 1, 1, 1, 1]
it 000 | main   | XZ  | ineq=not_in_use | mu=1.00e+00 eta=1.00e-03 sigma=5.00e-01 | err c/p/d=6.07e-03/2.19e+01/2.31e+01 | ok=cpd | rmax X/Y/Z/T=1/1/1/-
it 001 | main   | XZ  | ineq=not_in_use | mu=9.02e-02 eta=1.00e-03 sigma=2.11e-03 | err c/p/d=5.24e-03/1.49e+00/1.96e+01 | ok=cpd | rmax X/Y/Z/T=3/2/3/-
it 002 | main   | XZ  | ineq=not_in_use | mu=1.09e-03 eta=1.00e-03 sigma=2.37e-02 | err c/p/d=5.30e-04/6.04e-01/1.72e+01 | ok=cpd | rmax X/Y/Z/T=3/2/4/-
it 003 | main   | AHO | ineq=not_in_use | mu=1.87e-03 eta=1.00e-03 sigma=9.28e-01 | err c/p/d=1.87e-04/4.91e-01/1.42e+01 | ok=cpd | rmax X/Y/Z/T=4/2/4/-
it 004 | main   | AHO | ineq=not_in_use | mu=1.00e-03 eta=1.00e-03 sigma=5.85e-01 | err c/p/d=1.52e-04/1.57e-02/1.00e+01 | ok=cpd | rmax X/Y/Z/T=7/2/4/-
it 005 | main   | AHO | ineq=not_in_use | mu=8.10e-04 eta=1.00e-03 sigma=8.75e-01 | err c/p/d=9.64e-05/9.39e-03/9.57e+00 | ok=cpd | rmax X/Y/Z/T=11/2/4/-
it 006 | main   | AHO | ineq=not_in_use | mu=7.74e-04 eta=1.00e-03 sigma=9.37e-01 | err c/p/d=9.13e-05/8.92e-03/8.56e+00 | ok=cpd | rmax X/Y/Z/T=11/3/5/-
it 007 | main   | AHO | ineq=not_in_use | mu=7.56e-04 eta=1.00e-03 sigma=9.67e-01 | err c/p/d=8.76e-05/8.25e-03/8.31e+00 | ok=cpd | rmax X/Y/Z/T=11/3/5/-
it 008 | main   | AHO | ineq=not_in_use | mu=7.47e-04 eta=1.00e-03 sigma=9.84e-01 | err c/p/d=8.57e-05/7.86e-03/8.21e+00 | ok=cpd | rmax X/Y/Z/T=11/3/5/-
it 009 | main   | AHO | ineq=not_in_use | mu=7.43e-04 eta=1.00e-03 sigma=9.90e-01 | err c/p/d=8.49e-05/7.73e-03/8.14e+00 | ok=cpd | rmax X/Y/Z/T=11/3/5/-
it 010 | main   | AHO | ineq=not_in_use | mu=7.39e-04 eta=1.00e-03 sigma=9.90e-01 | err c/p/d=8.44e-05/7.68e-03/8.05e+00 | ok=cpd | rmax X/Y/Z/T=11/3/5/-
it 011 | main   | AHO | ineq=not_in_use | mu=7.37e-04 eta=1.00e-03 sigma=9.90e-01 | err c/p/d=8.42e-05/7.65e-03/8.00e+00 | ok=cpd | rmax X/Y/Z/T=11/3/5/-
it 012 | main   | AHO | ineq=not_in_use | mu=7.36e-04 eta=1.00e-03 sigma=9.90e-01 | err c/p/d=8.39e-05/7.61e-03/7.97e+00 | ok=cpd | rmax X/Y/Z/T=11/3/5/-
it 013 | main   | AHO | ineq=not_in_use | mu=7.35e-04 eta=1.00e-03 sigma=9.90e-01 | err c/p/d=8.37e-05/7.54e-03/7.95e+00 | ok=cpd | rmax X/Y/Z/T=11/3/5/-
it 014 | main   | AHO | ineq=not_in_use | mu=7.34e-04 eta=1.00e-03 sigma=9.90e-01 | err c/p/d=8.36e-05/7.51e-03/7.92e+00 | ok=cpd | rmax X/Y/Z/T=11/3/5/-
warn   | step-eig | target=miss | relres=2.82e-08 > 1.00e-08 | action=keep
it 015 | main   | AHO | ineq=not_in_use | mu=7.33e-04 eta=1.00e-03 sigma=9.90e-01 | err c/p/d=8.34e-05/7.45e-03/7.90e+00 | ok=cpd | rmax X/Y/Z/T=11/3/5/-
it 016 | main   | AHO | ineq=not_in_use | mu=7.32e-04 eta=1.00e-03 sigma=9.90e-01 | err c/p/d=8.32e-05/7.38e-03/7.87e+00 | ok=Cpd | rmax X/Y/Z/T=11/3/5/-
it 017 | main   | AHO | ineq=not_in_use | mu=7.32e-04 eta=1.00e-03 sigma=0.00e+00 | err c/p/d=8.32e-05/7.36e-03/7.86e+00 | ok=Cpd | rmax X/Y/Z/T=11/3/5/-
it 018 | main   | AHO | ineq=not_in_use | mu=7.32e-04 eta=1.00e-03 sigma=0.00e+00 | err c/p/d=8.31e-05/7.36e-03/7.85e+00 | ok=Cpd | rmax X/Y/Z/T=11/3/5/-
it 019 | main   | AHO | ineq=not_in_use | mu=7.32e-04 eta=1.00e-03 sigma=0.00e+00 | err c/p/d=8.31e-05/7.35e-03/7.84e+00 | ok=Cpd | rmax X/Y/Z/T=11/3/5/-
it 020 | main   | AHO | ineq=not_in_use | mu=7.32e-04 eta=1.00e-03 sigma=0.00e+00 | err c/p/d=8.31e-05/7.35e-03/7.84e+00 | ok=Cpd | rmax X/Y/Z/T=11/3/5/-
it 021 | main   | AHO | ineq=not_in_use | mu=7.32e-04 eta=1.00e-03 sigma=0.00e+00 | err c/p/d=8.31e-05/7.35e-03/7.84e+00 | ok=Cpd | rmax X/Y/Z/T=11/3/5/-
============================================
 Hit PSD boundary! Entering finishing phase.
============================================
it 022 | finish | AHO | ineq=not_in_use | mu=7.32e-04 eta=1.00e-03 sigma=0.00e+00 | err c/p/d=8.31e-05/7.35e-03/7.84e+00 | ok=Cpd | rmax X/Y/Z/T=11/3/5/-
it 023 | finish | AHO | ineq=not_in_use | mu=6.69e-04 eta=1.00e-03 sigma=0.00e+00 | err c/p/d=7.59e-05/7.31e-03/6.82e+00 | ok=Cpd | rmax X/Y/Z/T=11/3/5/-
it 024 | finish | AHO | ineq=not_in_use | mu=5.81e-04 eta=1.00e-03 sigma=0.00e+00 | err c/p/d=6.32e-05/6.41e-03/5.86e+00 | ok=Cpd | rmax X/Y/Z/T=11/3/5/-
it 025 | finish | AHO | ineq=not_in_use | mu=4.69e-04 eta=9.38e-04 sigma=0.00e+00 | err c/p/d=4.87e-05/5.42e-03/4.53e+00 | ok=Cpd | rmax X/Y/Z/T=11/3/5/-
it 026 | finish | AHO | ineq=not_in_use | mu=3.14e-04 eta=6.28e-04 sigma=0.00e+00 | err c/p/d=3.09e-05/4.19e-03/2.59e+00 | ok=Cpd | rmax X/Y/Z/T=11/3/5/-
it 027 | finish | AHO | ineq=not_in_use | mu=1.23e-04 eta=2.47e-04 sigma=0.00e+00 | err c/p/d=1.14e-05/2.42e-03/2.07e-01 | ok=Cpd | rmax X/Y/Z/T=11/2/4/-
---Terminated---
Terminated in 27 iterations.
Ranks: X=[5, 9, 11, 11, 9, 9, 9, 9, 8, 7, 7, 5], Z=[4, 4, 4, 4, 4, 4, 4, 4, 4, 4, 4, 4], Y=[2, 2, 2, 2, 2, 2, 2, 2, 2, 2, 2, 2], T=[0, 0, 0, 0, 0, 0, 0, 0, 0, 0, 0, 0]
Run failed after 27 iterations. Compl Slackness: 1.0112e+00. Feasibility error: 9.3729e-05. Dual Feasibility error: 6.8375e-01.
Run failed in 2799.68s. Memory: 3705.03 MB.
Seed 356 failed (feasibility error: 9.37e-05, dual feasibility error: 6.84e-01, slackness: 1.01e+00). Suggesting a new seed.
New seed suggested: 805
Creating Problem for dim=13, rank=1...
===Terminated Graph Sampling=== rank:  [1, 1, 1, 1, 1, 1, 1, 1, 1, 1, 1, 1]
it 000 | main   | XZ  | ineq=not_in_use | mu=1.00e+00 eta=1.00e-03 sigma=5.00e-01 | err c/p/d=5.47e-03/2.19e+01/2.31e+01 | ok=cpd | rmax X/Y/Z/T=1/1/1/-
it 001 | main   | XZ  | ineq=not_in_use | mu=8.90e-02 eta=1.00e-03 sigma=1.93e-03 | err c/p/d=4.74e-03/1.46e+00/1.97e+01 | ok=cpd | rmax X/Y/Z/T=4/2/4/-
it 002 | main   | XZ  | ineq=not_in_use | mu=9.95e-04 eta=1.00e-03 sigma=2.40e-02 | err c/p/d=4.67e-04/6.10e-01/1.72e+01 | ok=cpd | rmax X/Y/Z/T=3/2/4/-
it 003 | main   | AHO | ineq=not_in_use | mu=1.77e-03 eta=1.00e-03 sigma=9.61e-01 | err c/p/d=1.61e-04/4.93e-01/1.44e+01 | ok=cpd | rmax X/Y/Z/T=5/2/4/-
it 004 | main   | AHO | ineq=not_in_use | mu=9.42e-04 eta=1.00e-03 sigma=5.86e-01 | err c/p/d=1.27e-04/1.95e-02/1.01e+01 | ok=cpd | rmax X/Y/Z/T=5/2/4/-
it 005 | main   | AHO | ineq=not_in_use | mu=6.16e-04 eta=1.00e-03 sigma=7.56e-01 | err c/p/d=5.56e-05/3.66e-03/9.51e+00 | ok=Cpd | rmax X/Y/Z/T=5/2/4/-
it 006 | main   | AHO | ineq=not_in_use | mu=6.31e-04 eta=1.00e-03 sigma=0.00e+00 | err c/p/d=5.61e-05/3.08e-03/5.70e+00 | ok=Cpd | rmax X/Y/Z/T=5/2/4/-
it 007 | main   | AHO | ineq=not_in_use | mu=6.21e-04 eta=1.00e-03 sigma=0.00e+00 | err c/p/d=5.42e-05/1.85e-03/4.61e+00 | ok=Cpd | rmax X/Y/Z/T=5/2/4/-
it 008 | main   | AHO | ineq=not_in_use | mu=6.14e-04 eta=1.00e-03 sigma=0.00e+00 | err c/p/d=5.31e-05/1.29e-03/4.24e+00 | ok=Cpd | rmax X/Y/Z/T=5/2/4/-
it 009 | main   | AHO | ineq=not_in_use | mu=6.13e-04 eta=1.00e-03 sigma=0.00e+00 | err c/p/d=5.28e-05/1.14e-03/4.00e+00 | ok=Cpd | rmax X/Y/Z/T=5/2/4/-
it 010 | main   | AHO | ineq=not_in_use | mu=6.13e-04 eta=1.00e-03 sigma=0.00e+00 | err c/p/d=5.28e-05/1.10e-03/3.72e+00 | ok=Cpd | rmax X/Y/Z/T=5/2/4/-
it 011 | main   | AHO | ineq=not_in_use | mu=6.14e-04 eta=1.00e-03 sigma=0.00e+00 | err c/p/d=5.29e-05/1.09e-03/3.56e+00 | ok=Cpd | rmax X/Y/Z/T=5/2/4/-
it 012 | main   | AHO | ineq=not_in_use | mu=6.14e-04 eta=1.00e-03 sigma=0.00e+00 | err c/p/d=5.29e-05/1.08e-03/3.50e+00 | ok=Cpd | rmax X/Y/Z/T=5/2/4/-
it 013 | main   | AHO | ineq=not_in_use | mu=6.14e-04 eta=1.00e-03 sigma=0.00e+00 | err c/p/d=5.29e-05/1.07e-03/3.48e+00 | ok=Cpd | rmax X/Y/Z/T=5/2/4/-
it 014 | main   | AHO | ineq=not_in_use | mu=6.14e-04 eta=1.00e-03 sigma=0.00e+00 | err c/p/d=5.28e-05/1.06e-03/3.48e+00 | ok=Cpd | rmax X/Y/Z/T=5/2/4/-
it 015 | main   | AHO | ineq=not_in_use | mu=6.14e-04 eta=1.00e-03 sigma=0.00e+00 | err c/p/d=5.28e-05/1.06e-03/3.48e+00 | ok=Cpd | rmax X/Y/Z/T=5/2/4/-
it 016 | main   | AHO | ineq=not_in_use | mu=6.14e-04 eta=1.00e-03 sigma=0.00e+00 | err c/p/d=5.28e-05/1.05e-03/3.47e+00 | ok=Cpd | rmax X/Y/Z/T=5/2/4/-
it 017 | main   | AHO | ineq=not_in_use | mu=6.17e-04 eta=1.00e-03 sigma=0.00e+00 | err c/p/d=5.30e-05/6.04e-04/3.47e+00 | ok=Cpd | rmax X/Y/Z/T=5/2/4/-
it 018 | main   | AHO | ineq=not_in_use | mu=6.16e-04 eta=1.00e-03 sigma=0.00e+00 | err c/p/d=5.29e-05/6.96e-04/3.45e+00 | ok=Cpd | rmax X/Y/Z/T=6/2/4/-
it 019 | main   | AHO | ineq=not_in_use | mu=6.17e-04 eta=1.00e-03 sigma=0.00e+00 | err c/p/d=5.30e-05/7.30e-04/3.40e+00 | ok=Cpd | rmax X/Y/Z/T=6/2/4/-
it 020 | main   | AHO | ineq=not_in_use | mu=6.17e-04 eta=1.00e-03 sigma=0.00e+00 | err c/p/d=5.30e-05/7.85e-04/3.38e+00 | ok=Cpd | rmax X/Y/Z/T=6/2/4/-
warn   | step-eig | target=miss | relres=4.84e-07 > 1.00e-08 | action=keep
it 021 | main   | AHO | ineq=not_in_use | mu=6.17e-04 eta=1.00e-03 sigma=0.00e+00 | err c/p/d=5.30e-05/9.94e-04/3.37e+00 | ok=Cpd | rmax X/Y/Z/T=6/2/4/-
warn   | step-eig | target=miss | relres=2.63e-07 > 1.00e-08 | action=keep
it 022 | main   | AHO | ineq=not_in_use | mu=6.19e-04 eta=1.00e-03 sigma=0.00e+00 | err c/p/d=5.31e-05/2.29e-03/3.36e+00 | ok=Cpd | rmax X/Y/Z/T=6/2/4/-
it 023 | main   | AHO | ineq=not_in_use | mu=6.19e-04 eta=1.00e-03 sigma=0.00e+00 | err c/p/d=5.31e-05/2.38e-03/3.36e+00 | ok=Cpd | rmax X/Y/Z/T=6/2/4/-
warn   | ipm      | limit=max_iter | action=finish
it 024 | finish | AHO | ineq=not_in_use | mu=6.19e-04 eta=1.00e-03 sigma=0.00e+00 | err c/p/d=5.31e-05/2.49e-03/3.35e+00 | ok=Cpd | rmax X/Y/Z/T=6/2/4/-
warn   | step-eig | target=miss | relres=3.95e-08 > 1.00e-08 | action=keep
it 025 | finish | AHO | ineq=not_in_use | mu=4.82e-04 eta=9.64e-04 sigma=0.00e+00 | err c/p/d=4.13e-05/2.82e-03/2.37e+00 | ok=Cpd | rmax X/Y/Z/T=6/2/4/-
it 026 | finish | AHO | ineq=not_in_use | mu=3.07e-04 eta=6.13e-04 sigma=0.00e+00 | err c/p/d=2.55e-05/2.11e-03/1.41e+00 | ok=Cpd | rmax X/Y/Z/T=6/2/4/-
it 027 | finish | AHO | ineq=not_in_use | mu=8.42e-05 eta=1.68e-04 sigma=0.00e+00 | err c/p/d=6.76e-06/1.31e-03/1.10e-01 | ok=Cpd | rmax X/Y/Z/T=6/2/4/-
it 028 | finish | AHO | ineq=not_in_use | mu=9.02e-06 eta=1.00e-04 sigma=0.00e+00 | err c/p/d=6.95e-07/2.70e-04/5.86e-03 | ok=CPd | rmax X/Y/Z/T=6/2/4/-
it 029 | finish | AHO | ineq=not_in_use | mu=4.64e-07 eta=1.00e-04 sigma=0.00e+00 | err c/p/d=3.56e-08/2.86e-05/2.93e-04 | ok=CPD | rmax X/Y/Z/T=6/2/4/-
---Terminated---
Terminated in 29 iterations.
Ranks: X=[4, 6, 6, 6, 6, 6, 6, 6, 5, 4, 4, 3], Z=[4, 4, 4, 4, 4, 4, 4, 4, 4, 3, 3, 3], Y=[2, 2, 2, 2, 2, 2, 2, 2, 2, 2, 2, 2], T=[0, 0, 0, 0, 0, 0, 0, 0, 0, 0, 0, 0]
Run accepted after 29 iterations. Compl Slackness: 3.8051e-03. Feasibility error: 1.3101e-08. Dual Feasibility error: 1.3736e-06.
Run accepted in 16171.80s. Memory: 6242.00 MB.
Rerun with new seed 805 accepted. Feasibility error: 1.31e-08, dual feasibility error: 1.37e-06, slackness: 3.81e-03
Running seed 12
Creating Problem for dim=13, rank=1...
===Terminated Graph Sampling=== rank:  [1, 1, 1, 1, 1, 1, 1, 1, 1, 1, 1, 1]
it 000 | main   | XZ  | ineq=not_in_use | mu=1.00e+00 eta=1.00e-03 sigma=5.00e-01 | err c/p/d=5.46e-03/2.19e+01/2.31e+01 | ok=cpd | rmax X/Y/Z/T=1/1/1/-
it 001 | main   | XZ  | ineq=not_in_use | mu=8.89e-02 eta=1.00e-03 sigma=1.94e-03 | err c/p/d=4.74e-03/1.46e+00/1.97e+01 | ok=cpd | rmax X/Y/Z/T=3/2/3/-
it 002 | main   | XZ  | ineq=not_in_use | mu=1.00e-03 eta=1.00e-03 sigma=2.41e-02 | err c/p/d=4.67e-04/6.08e-01/1.72e+01 | ok=cpd | rmax X/Y/Z/T=3/2/4/-
it 003 | main   | AHO | ineq=not_in_use | mu=1.77e-03 eta=1.00e-03 sigma=9.56e-01 | err c/p/d=1.61e-04/4.93e-01/1.44e+01 | ok=cpd | rmax X/Y/Z/T=3/2/4/-
it 004 | main   | AHO | ineq=not_in_use | mu=9.49e-04 eta=1.00e-03 sigma=5.88e-01 | err c/p/d=1.32e-04/1.53e-02/1.01e+01 | ok=cpd | rmax X/Y/Z/T=4/2/4/-
it 005 | main   | AHO | ineq=not_in_use | mu=7.37e-04 eta=1.00e-03 sigma=8.53e-01 | err c/p/d=7.94e-05/1.23e-02/9.75e+00 | ok=Cpd | rmax X/Y/Z/T=5/2/4/-
it 006 | main   | AHO | ineq=not_in_use | mu=7.59e-04 eta=1.00e-03 sigma=0.00e+00 | err c/p/d=7.94e-05/1.08e-02/6.88e+00 | ok=Cpd | rmax X/Y/Z/T=5/2/4/-
it 007 | main   | AHO | ineq=not_in_use | mu=7.45e-04 eta=1.00e-03 sigma=0.00e+00 | err c/p/d=7.50e-05/7.94e-03/6.02e+00 | ok=Cpd | rmax X/Y/Z/T=5/2/4/-
it 008 | main   | AHO | ineq=not_in_use | mu=7.34e-04 eta=1.00e-03 sigma=0.00e+00 | err c/p/d=7.24e-05/6.46e-03/5.74e+00 | ok=Cpd | rmax X/Y/Z/T=5/2/4/-
it 009 | main   | AHO | ineq=not_in_use | mu=7.30e-04 eta=1.00e-03 sigma=0.00e+00 | err c/p/d=7.16e-05/5.98e-03/5.56e+00 | ok=Cpd | rmax X/Y/Z/T=5/2/4/-
it 010 | main   | AHO | ineq=not_in_use | mu=7.31e-04 eta=1.00e-03 sigma=0.00e+00 | err c/p/d=7.16e-05/5.85e-03/5.37e+00 | ok=Cpd | rmax X/Y/Z/T=5/2/4/-
it 011 | main   | AHO | ineq=not_in_use | mu=7.32e-04 eta=1.00e-03 sigma=0.00e+00 | err c/p/d=7.16e-05/5.81e-03/5.25e+00 | ok=Cpd | rmax X/Y/Z/T=5/2/4/-
it 012 | main   | AHO | ineq=not_in_use | mu=7.33e-04 eta=1.00e-03 sigma=0.00e+00 | err c/p/d=7.17e-05/5.79e-03/5.20e+00 | ok=Cpd | rmax X/Y/Z/T=5/2/4/-
it 013 | main   | AHO | ineq=not_in_use | mu=7.33e-04 eta=1.00e-03 sigma=0.00e+00 | err c/p/d=7.16e-05/5.77e-03/5.19e+00 | ok=Cpd | rmax X/Y/Z/T=5/2/4/-
it 014 | main   | AHO | ineq=not_in_use | mu=7.33e-04 eta=1.00e-03 sigma=0.00e+00 | err c/p/d=7.16e-05/5.75e-03/5.18e+00 | ok=Cpd | rmax X/Y/Z/T=5/2/4/-
it 015 | main   | AHO | ineq=not_in_use | mu=7.33e-04 eta=1.00e-03 sigma=0.00e+00 | err c/p/d=7.16e-05/5.74e-03/5.18e+00 | ok=Cpd | rmax X/Y/Z/T=5/2/4/-
it 016 | main   | AHO | ineq=not_in_use | mu=7.33e-04 eta=1.00e-03 sigma=0.00e+00 | err c/p/d=7.16e-05/5.74e-03/5.18e+00 | ok=Cpd | rmax X/Y/Z/T=5/2/4/-
it 017 | main   | AHO | ineq=not_in_use | mu=7.33e-04 eta=1.00e-03 sigma=0.00e+00 | err c/p/d=7.16e-05/5.74e-03/5.18e+00 | ok=Cpd | rmax X/Y/Z/T=5/2/4/-
it 018 | main   | AHO | ineq=not_in_use | mu=7.33e-04 eta=1.00e-03 sigma=0.00e+00 | err c/p/d=7.16e-05/5.74e-03/5.18e+00 | ok=Cpd | rmax X/Y/Z/T=5/2/4/-
it 019 | main   | AHO | ineq=not_in_use | mu=7.33e-04 eta=1.00e-03 sigma=0.00e+00 | err c/p/d=7.16e-05/5.74e-03/5.18e+00 | ok=Cpd | rmax X/Y/Z/T=5/2/4/-
it 020 | main   | AHO | ineq=not_in_use | mu=7.33e-04 eta=1.00e-03 sigma=0.00e+00 | err c/p/d=7.16e-05/5.74e-03/5.18e+00 | ok=Cpd | rmax X/Y/Z/T=5/2/4/-
it 021 | main   | AHO | ineq=not_in_use | mu=7.33e-04 eta=1.00e-03 sigma=0.00e+00 | err c/p/d=7.16e-05/5.74e-03/5.18e+00 | ok=Cpd | rmax X/Y/Z/T=5/2/4/-
it 022 | main   | AHO | ineq=not_in_use | mu=7.33e-04 eta=1.00e-03 sigma=0.00e+00 | err c/p/d=7.16e-05/5.74e-03/5.17e+00 | ok=Cpd | rmax X/Y/Z/T=5/2/4/-
it 023 | main   | AHO | ineq=not_in_use | mu=7.33e-04 eta=1.00e-03 sigma=0.00e+00 | err c/p/d=7.16e-05/5.74e-03/5.17e+00 | ok=Cpd | rmax X/Y/Z/T=5/2/4/-
warn   | ipm      | limit=max_iter | action=finish
it 024 | finish | AHO | ineq=not_in_use | mu=7.33e-04 eta=1.00e-03 sigma=0.00e+00 | err c/p/d=7.16e-05/5.74e-03/5.17e+00 | ok=Cpd | rmax X/Y/Z/T=5/2/4/-
it 025 | finish | AHO | ineq=not_in_use | mu=3.39e-04 eta=6.78e-04 sigma=0.00e+00 | err c/p/d=3.31e-05/5.67e-03/5.22e-01 | ok=Cpd | rmax X/Y/Z/T=5/2/4/-
it 026 | finish | AHO | ineq=not_in_use | mu=7.92e-05 eta=1.58e-04 sigma=0.00e+00 | err c/p/d=6.27e-06/4.56e-04/3.10e-02 | ok=CPd | rmax X/Y/Z/T=5/2/4/-
it 027 | finish | AHO | ineq=not_in_use | mu=3.93e-06 eta=1.00e-04 sigma=0.00e+00 | err c/p/d=3.01e-07/1.27e-05/1.55e-03 | ok=CPd | rmax X/Y/Z/T=5/2/4/-
it 028 | finish | AHO | ineq=not_in_use | mu=1.97e-07 eta=1.00e-04 sigma=0.00e+00 | err c/p/d=1.50e-08/1.06e-06/7.76e-05 | ok=CPD | rmax X/Y/Z/T=6/2/4/-
it 029 | finish | AHO | ineq=not_in_use | mu=5.19e-07 eta=1.00e-04 sigma=0.00e+00 | err c/p/d=3.97e-08/4.48e-04/5.14e-05 | ok=CPD | rmax X/Y/Z/T=82/1/4/-
---Terminated---
Terminated in 29 iterations.
Ranks: X=[3, 7, 14, 26, 50, 76, 82, 58, 55, 36, 17, 5], Z=[3, 3, 3, 3, 3, 3, 3, 3, 4, 4, 4, 3], Y=[1, 1, 1, 1, 1, 1, 1, 1, 1, 1, 1, 1], T=[0, 0, 0, 0, 0, 0, 0, 0, 0, 0, 0, 0]
Run accepted after 29 iterations. Compl Slackness: 4.2493e-03. Feasibility error: 3.2170e-06. Dual Feasibility error: 4.2262e-08.
Run accepted in 14723.95s. Memory: 10325.82 MB.

================================================================================
                             FINAL RESULTS SUMMARY                              
================================================================================
Most metrics are reported as Mean ± Standard Deviation over successful seeds [83, 491, 23, 805, 12].

  Metric                       |                     Value
  ---------------------------- | -------------------------
  Solution Time (s)            |       8531.533 ± 6901.792
  Runtime Median [IQR] (s)     |     11107.152 [14077.318]
  Worst Runtime (s)            |                 16171.799
  Problem Creation (s)         |             0.031 ± 0.027
  Iterations                   |                19.6 ± 7.8
  Feasibility Error            |       7.60e-07 ± 1.25e-06
  Dual Feasibility Error       |       2.83e-07 ± 5.45e-07
  Duality Gap                  |       2.36e-03 ± 1.45e-03
  Peak Memory (MB)             |       5453.045 ± 4177.602
  Memory Median [IQR] (MB)     |       6242.000 [8201.887]
  Worst Memory (MB)            |                 10325.820
  ---------------------------- | -------------------------
  Rank Statistics                                        
    Ranks X                 : [3.0±0.6, 4.8±1.5, 6.6±3.8, 9.0±8.6, 13.8±18.1, 20.8±27.9, 22.4±30.1, 17.6±20.7, 16.6±19.8, 12.6±12.6, 7.8±5.4, 3.6±1.2]
    Ranks Y                 : [1.6±0.5, 1.6±0.5, 1.6±0.5, 1.6±0.5, 1.6±0.5, 1.8±0.7, 1.8±0.7, 1.8±0.7, 1.6±0.8, 1.6±0.8, 1.6±0.8, 1.4±0.5]
    Ranks Z                 : [3.0±0.6, 3.6±0.5, 3.6±0.5, 3.6±0.5, 3.6±0.5, 3.8±0.7, 3.8±0.7, 3.8±0.7, 3.8±0.7, 3.6±0.8, 3.6±0.8, 3.0±0.6]

================================================================================
✅ Completed dim=13 successfully

==== All runs completed at Wed  3 Jun 04:27:40 BST 2026 ====
