Running: maxcut_scs (rank=3)
==== maxcut SCS Batch Run Started at Thu  4 Jun 15:57:53 BST 2026 ====

▶ Running dim=11 with config=configs/maxcut_11.yaml at Thu  4 Jun 15:57:53 BST 2026
===Terminated Graph Sampling=== rank:  [1, 1, 1, 1, 1, 3, 3, 3, 3, 2]
------------------------------------------------------------------
	       SCS v3.2.9 - Splitting Conic Solver
	(c) Brendan O'Donoghue, Stanford University, 2012
------------------------------------------------------------------
problem:  variables n: 2098176, constraints m: 2100224
cones: 	  z: primal zero / dual free vars: 2048
	  s: psd vars: 2098176, ssize: 1
settings: eps_abs: 9.1e-07, eps_rel: 9.1e-07, eps_infeas: 1.0e-07
	  alpha: 1.50, scale: 1.00e-01, adaptive_scale: 1
	  max_iters: 100000, normalize: 1, rho_x: 1.00e-06
	  acceleration_lookback: 10, acceleration_interval: 10
lin-sys:  sparse-indirect-scs
	  nnz(A): 2100224, nnz(P): 0
------------------------------------------------------------------
 iter | pri res | dua res |   gap   |   obj   |  scale  | time (s)
------------------------------------------------------------------
     0| 2.74e+01  7.78e+01  2.45e+06 -1.45e+06  1.00e-01  4.76e+00 
   250| 4.87e-02  2.58e-01  4.12e+01 -2.18e+05  3.83e+01  9.18e+02 
   500| 5.07e-06  7.75e-05  6.69e-03 -2.17e+05  3.83e+01  1.93e+03 
   550| 4.02e-07  9.58e-06  5.37e-03 -2.17e+05  3.83e+01  2.13e+03 
------------------------------------------------------------------
status:  solved
timings: total: 2.13e+03s = setup: 8.29e-01s + solve: 2.13e+03s
	 lin-sys: 4.48e+01s, cones: 2.08e+03s, accel: 2.10e+00s
------------------------------------------------------------------
objective = -217408.197837
------------------------------------------------------------------
===Terminated Graph Sampling=== rank:  [2, 2, 3, 3, 3, 3, 3, 3, 3, 2]
