Running: maxcut_scs (rank=5)
==== maxcut SCS Batch Run Started at Wed  3 Jun 17:02:30 BST 2026 ====

▶ Running dim=11 with config=configs/maxcut_11.yaml at Wed  3 Jun 17:02:30 BST 2026
===Terminated Graph Sampling=== rank:  [3, 5, 5, 4, 5, 3, 2, 2, 2, 3]
------------------------------------------------------------------
	       SCS v3.2.9 - Splitting Conic Solver
	(c) Brendan O'Donoghue, Stanford University, 2012
------------------------------------------------------------------
problem:  variables n: 2098176, constraints m: 2100224
cones: 	  z: primal zero / dual free vars: 2048
	  s: psd vars: 2098176, ssize: 1
settings: eps_abs: 9.1e-07, eps_rel: 9.1e-07, eps_infeas: 1.0e-07
	  alpha: 1.50, scale: 1.00e-01, adaptive_scale: 1
	  max_iters: 100000, normalize: 1, rho_x: 1.00e-06
	  acceleration_lookback: 10, acceleration_interval: 10
lin-sys:  sparse-indirect-scs
	  nnz(A): 2100224, nnz(P): 0
------------------------------------------------------------------
 iter | pri res | dua res |   gap   |   obj   |  scale  | time (s)
------------------------------------------------------------------
     0| 5.72e+01  1.89e+02  6.06e+06 -3.56e+06  1.00e-01  4.13e+00 
   250| 2.52e-02  4.78e-02  4.09e+01 -5.24e+05  1.03e+02  8.55e+02 
   500| 1.00e-03  9.69e-03  8.91e-01 -5.24e+05  4.64e+02  1.73e+03 
   750| 1.47e-03  7.57e-01  2.96e-01 -5.24e+05  4.64e+02  2.56e+03 
  1000| 3.72e-04  7.70e-03  8.84e-01 -5.24e+05  4.64e+02  3.40e+03 
  1250| 2.18e-04  4.11e-03  8.97e-01 -5.24e+05  4.64e+02  4.23e+03 
  1500| 1.26e-04  5.04e-03  8.88e-01 -5.24e+05  4.64e+02  5.06e+03 
  1750| 7.61e-05  3.29e-03  8.97e-01 -5.24e+05  4.64e+02  5.89e+03 
  2000| 4.25e-05  3.28e-03  8.94e-01 -5.24e+05  4.64e+02  6.72e+03 
  2250| 2.50e-05  3.05e-03  8.98e-01 -5.24e+05  4.64e+02  7.55e+03 
  2500| 1.36e-05  3.01e-03  8.99e-01 -5.24e+05  4.64e+02  8.39e+03 
  2750| 1.19e-05  3.02e-03  9.01e-01 -5.24e+05  4.64e+02  9.22e+03 
  3000| 4.52e-06  3.04e-03  9.03e-01 -5.24e+05  4.64e+02  1.01e+04 
  3250| 3.64e-06  3.06e-03  9.05e-01 -5.24e+05  4.64e+02  1.09e+04 
  3500| 2.30e+00  1.81e+03  1.90e+06  9.31e+05  4.64e+02  1.17e+04 
  3750| 1.73e-06  3.08e-03  9.09e-01 -5.24e+05  4.64e+02  1.26e+04 
  4000| 1.45e-06  3.09e-03  9.12e-01 -5.24e+05  4.64e+02  1.34e+04 
  4250| 1.50e-06  3.09e-03  9.14e-01 -5.24e+05  4.64e+02  1.42e+04 
  4500| 1.47e-06  3.10e-03  9.16e-01 -5.24e+05  4.64e+02  1.51e+04 
  4750| 1.46e-06  3.10e-03  9.18e-01 -5.24e+05  4.64e+02  1.59e+04 
  5000| 1.47e-06  3.11e-03  9.20e-01 -5.24e+05  4.64e+02  1.67e+04 
  5250| 1.47e-06  3.12e-03  9.22e-01 -5.24e+05  4.64e+02  1.76e+04 
  5500| 1.47e-06  3.12e-03  9.25e-01 -5.24e+05  4.64e+02  1.84e+04 
  5750| 1.48e-06  3.12e-03  9.27e-01 -5.24e+05  4.64e+02  1.92e+04 
  6000| 1.48e-06  3.13e-03  9.29e-01 -5.24e+05  4.64e+02  2.01e+04 
  6250| 2.33e+00  1.85e+03  1.90e+06  9.31e+05  4.64e+02  2.09e+04 
  6500| 1.49e-06  3.13e-03  9.33e-01 -5.24e+05  4.64e+02  2.17e+04 
  6750| 1.49e-06  3.13e-03  9.36e-01 -5.24e+05  4.64e+02  2.26e+04 
  7000| 1.49e-06  3.14e-03  9.38e-01 -5.24e+05  4.64e+02  2.34e+04 
  7250| 1.50e-06  3.14e-03  9.40e-01 -5.24e+05  4.64e+02  2.42e+04 
  7500| 1.50e-06  3.14e-03  9.42e-01 -5.24e+05  4.64e+02  2.51e+04 
  7750| 1.50e-06  3.14e-03  9.45e-01 -5.24e+05  4.64e+02  2.59e+04 
  8000| 1.51e-06  3.15e-03  9.47e-01 -5.24e+05  4.64e+02  2.68e+04 
  8250| 1.51e-06  3.15e-03  9.49e-01 -5.24e+05  4.64e+02  2.76e+04 
  8450| 4.92e-08  2.82e-07  1.19e-07 -5.24e+05  4.64e+02  2.83e+04 
------------------------------------------------------------------
status:  solved
timings: total: 2.83e+04s = setup: 1.02e+00s + solve: 2.83e+04s
	 lin-sys: 6.94e+02s, cones: 2.74e+04s, accel: 2.88e+01s
------------------------------------------------------------------
objective = -524287.999678
------------------------------------------------------------------
===Terminated Graph Sampling=== rank:  [1, 2, 2, 2, 4, 5, 4, 2, 2, 1]
