Running: corr_clust_scs (rank=1)
==== corr_clust SCS Batch Run Started at Mon  1 Jun 16:06:53 BST 2026 ====

▶ Running dim=11 with config=configs/corr_clust_11.yaml at Mon  1 Jun 16:06:53 BST 2026
===Terminated Graph Sampling=== rank:  [1, 1, 1, 1, 1, 1, 1, 1, 1, 1]
===Terminated Graph Sampling=== rank:  [1, 1, 1, 1, 1, 1, 1, 1, 1, 1]
Actual graph TT-rank: [1, 1, 1, 1, 1, 1, 1, 1, 1, 1]
Obj TT-rank: [1, 1, 1, 1, 1, 1, 1, 1, 1, 1]
------------------------------------------------------------------
	       SCS v3.2.9 - Splitting Conic Solver
	(c) Brendan O'Donoghue, Stanford University, 2012
------------------------------------------------------------------
problem:  variables n: 2098176, constraints m: 2100224
cones: 	  z: primal zero / dual free vars: 2048
	  s: psd vars: 2098176, ssize: 1
settings: eps_abs: 9.1e-07, eps_rel: 9.1e-07, eps_infeas: 1.0e-07
	  alpha: 1.50, scale: 1.00e-01, adaptive_scale: 1
	  max_iters: 100000, normalize: 1, rho_x: 1.00e-06
	  acceleration_lookback: 10, acceleration_interval: 10
lin-sys:  sparse-indirect-scs
	  nnz(A): 2100224, nnz(P): 0
------------------------------------------------------------------
 iter | pri res | dua res |   gap   |   obj   |  scale  | time (s)
------------------------------------------------------------------
     0| 9.98e-01  2.00e-01  4.09e+02  2.05e+02  1.00e-01  2.14e+00 
    75| 2.12e-13  1.47e-12  2.99e-09 -1.51e-09  1.00e-01  1.79e+02 
------------------------------------------------------------------
status:  solved
timings: total: 1.79e+02s = setup: 1.09e+00s + solve: 1.78e+02s
	 lin-sys: 7.08e+00s, cones: 1.69e+02s, accel: 4.42e-01s
------------------------------------------------------------------
objective = -0.000000
------------------------------------------------------------------
===Terminated Graph Sampling=== rank:  [1, 1, 1, 1, 1, 1, 1, 1, 1, 1]
===Terminated Graph Sampling=== rank:  [1, 1, 1, 1, 1, 1, 1, 1, 1, 1]
Actual graph TT-rank: [1, 1, 1, 1, 1, 1, 1, 1, 1, 1]
Obj TT-rank: [2, 2, 2, 2, 2, 2, 2, 2, 2, 1]
------------------------------------------------------------------
	       SCS v3.2.9 - Splitting Conic Solver
	(c) Brendan O'Donoghue, Stanford University, 2012
------------------------------------------------------------------
problem:  variables n: 2098176, constraints m: 2173952
cones: 	  z: primal zero / dual free vars: 2048
	  l: linear vars: 73728
	  s: psd vars: 2098176, ssize: 1
settings: eps_abs: 9.1e-07, eps_rel: 9.1e-07, eps_infeas: 1.0e-07
	  alpha: 1.50, scale: 1.00e-01, adaptive_scale: 1
	  max_iters: 100000, normalize: 1, rho_x: 1.00e-06
	  acceleration_lookback: 10, acceleration_interval: 10
lin-sys:  sparse-indirect-scs
	  nnz(A): 2173952, nnz(P): 0
------------------------------------------------------------------
 iter | pri res | dua res |   gap   |   obj   |  scale  | time (s)
------------------------------------------------------------------
     0| 1.26e+01  2.54e+02  2.00e+06 -1.29e+06  1.00e-01  3.95e+00 
   125| 7.38e-07  1.16e-06  6.61e-04 -1.47e+05  4.69e+00  5.07e+02 
------------------------------------------------------------------
status:  solved
timings: total: 5.07e+02s = setup: 1.14e+00s + solve: 5.06e+02s
	 lin-sys: 1.23e+01s, cones: 4.90e+02s, accel: 6.74e-01s
------------------------------------------------------------------
objective = -147455.999479
------------------------------------------------------------------
===Terminated Graph Sampling=== rank:  [1, 1, 1, 1, 1, 1, 1, 1, 1, 1]
===Terminated Graph Sampling=== rank:  [1, 1, 1, 1, 1, 1, 1, 1, 1, 1]
Actual graph TT-rank: [1, 1, 1, 1, 1, 1, 1, 1, 1, 1]
Obj TT-rank: [1, 1, 1, 1, 1, 1, 1, 1, 1, 1]
------------------------------------------------------------------
	       SCS v3.2.9 - Splitting Conic Solver
	(c) Brendan O'Donoghue, Stanford University, 2012
------------------------------------------------------------------
problem:  variables n: 2098176, constraints m: 2100224
cones: 	  z: primal zero / dual free vars: 2048
	  s: psd vars: 2098176, ssize: 1
settings: eps_abs: 9.1e-07, eps_rel: 9.1e-07, eps_infeas: 1.0e-07
	  alpha: 1.50, scale: 1.00e-01, adaptive_scale: 1
	  max_iters: 100000, normalize: 1, rho_x: 1.00e-06
	  acceleration_lookback: 10, acceleration_interval: 10
lin-sys:  sparse-indirect-scs
	  nnz(A): 2100224, nnz(P): 0
------------------------------------------------------------------
 iter | pri res | dua res |   gap   |   obj   |  scale  | time (s)
------------------------------------------------------------------
     0| 9.98e-01  2.00e-01  4.09e+02  2.05e+02  1.00e-01  2.86e+00 
    75| 2.12e-13  1.47e-12  2.96e-09 -1.46e-09  1.00e-01  4.15e+02 
------------------------------------------------------------------
status:  solved
timings: total: 4.15e+02s = setup: 1.10e+00s + solve: 4.14e+02s
	 lin-sys: 7.14e+00s, cones: 4.04e+02s, accel: 4.36e-01s
------------------------------------------------------------------
objective = -0.000000
------------------------------------------------------------------
===Terminated Graph Sampling=== rank:  [1, 1, 1, 1, 1, 1, 1, 1, 1, 1]
===Terminated Graph Sampling=== rank:  [1, 1, 1, 1, 1, 1, 1, 1, 1, 1]
Actual graph TT-rank: [1, 1, 1, 1, 1, 1, 1, 1, 1, 1]
Obj TT-rank: [3, 4, 4, 4, 4, 4, 4, 2, 2, 2]
------------------------------------------------------------------
	       SCS v3.2.9 - Splitting Conic Solver
	(c) Brendan O'Donoghue, Stanford University, 2012
------------------------------------------------------------------
problem:  variables n: 2098176, constraints m: 2165760
cones: 	  z: primal zero / dual free vars: 2048
	  l: linear vars: 65536
	  s: psd vars: 2098176, ssize: 1
settings: eps_abs: 9.1e-07, eps_rel: 9.1e-07, eps_infeas: 1.0e-07
	  alpha: 1.50, scale: 1.00e-01, adaptive_scale: 1
	  max_iters: 100000, normalize: 1, rho_x: 1.00e-06
	  acceleration_lookback: 10, acceleration_interval: 10
lin-sys:  sparse-indirect-scs
	  nnz(A): 2165760, nnz(P): 0
------------------------------------------------------------------
 iter | pri res | dua res |   gap   |   obj   |  scale  | time (s)
------------------------------------------------------------------
     0| 2.64e+01  1.27e+02  1.62e+06 -1.06e+06  1.00e-01  5.82e+00 
   250| 7.98e-06  5.33e-05  9.36e-02 -1.30e+05  1.46e+01  9.17e+02 
   300| 3.88e-07  4.43e-06  7.77e-03 -1.30e+05  1.46e+01  1.09e+03 
------------------------------------------------------------------
status:  solved
timings: total: 1.09e+03s = setup: 1.16e+00s + solve: 1.08e+03s
	 lin-sys: 2.98e+01s, cones: 1.05e+03s, accel: 1.29e+00s
------------------------------------------------------------------
objective = -129919.995103
------------------------------------------------------------------
===Terminated Graph Sampling=== rank:  [1, 1, 1, 1, 1, 1, 1, 1, 1, 1]
===Terminated Graph Sampling=== rank:  [1, 1, 1, 1, 1, 1, 1, 1, 1, 1]
Actual graph TT-rank: [1, 1, 1, 1, 1, 1, 1, 1, 1, 1]
Obj TT-rank: [1, 1, 1, 1, 1, 1, 1, 1, 1, 1]
------------------------------------------------------------------
	       SCS v3.2.9 - Splitting Conic Solver
	(c) Brendan O'Donoghue, Stanford University, 2012
------------------------------------------------------------------
problem:  variables n: 2098176, constraints m: 2100224
cones: 	  z: primal zero / dual free vars: 2048
	  s: psd vars: 2098176, ssize: 1
settings: eps_abs: 9.1e-07, eps_rel: 9.1e-07, eps_infeas: 1.0e-07
	  alpha: 1.50, scale: 1.00e-01, adaptive_scale: 1
	  max_iters: 100000, normalize: 1, rho_x: 1.00e-06
	  acceleration_lookback: 10, acceleration_interval: 10
lin-sys:  sparse-indirect-scs
	  nnz(A): 2100224, nnz(P): 0
------------------------------------------------------------------
 iter | pri res | dua res |   gap   |   obj   |  scale  | time (s)
------------------------------------------------------------------
     0| 9.98e-01  2.00e-01  4.09e+02  2.05e+02  1.00e-01  2.09e+00 
    75| 2.12e-13  1.47e-12  2.99e-09 -1.51e-09  1.00e-01  1.22e+02 
------------------------------------------------------------------
status:  solved
timings: total: 1.22e+02s = setup: 1.09e+00s + solve: 1.21e+02s
	 lin-sys: 7.30e+00s, cones: 1.12e+02s, accel: 4.39e-01s
------------------------------------------------------------------
objective = -0.000000
------------------------------------------------------------------
Number of failed seeds: 0

================================================================================
                             FINAL RESULTS SUMMARY                              
================================================================================
Most metrics are reported as Mean ± Standard Deviation over successful seeds [235, 493, 324, 325, 9299].

  Metric                       |                     Value
  ---------------------------- | -------------------------
  Solution Time (s)            |         464.756 ± 342.927
  Runtime Median [IQR] (s)     |         417.740 [328.133]
  Worst Runtime (s)            |                  1088.089
  Problem Creation (s)         |             0.544 ± 0.222
  Iterations                   |              130.0 ± 87.2
  Feasibility Error            |       3.85e-10 ± 7.70e-10
  Dual Feasibility Error       |       4.19e-12 ± 7.72e-12
  Duality Gap                  |       5.72e-05 ± 1.14e-04
  Peak Memory (MB)             |        2269.162 ± 209.275
  Memory Median [IQR] (MB)     |        2285.453 [314.027]
  Worst Memory (MB)            |                  2558.801
  ---------------------------- | -------------------------
  Rank Statistics                                        
    Ranks X                 : [0.0±0.0]
    Ranks Y                 : [0.0±0.0]
    Ranks Z                 : [0.0±0.0]

================================================================================
✅ Completed dim=11 successfully

==== All runs completed at Mon  1 Jun 16:45:48 BST 2026 ====
