000 (009.000.000) 06/01 16:06:51 Job submitted from host: <146.169.53.168:9618?addrs=146.169.53.168-9618+[2a0c-5bc0-40-11c4-d106-335e-215-8219]-9618&noUDP&sock=53650_5484_3>
...
001 (009.000.000) 06/01 16:06:52 Job executing on host: <146.169.52.198:9618?addrs=146.169.52.198-9618+[2a0c-5bc0-40-11c4-3ef9-ca86-870f-9147]-9618&noUDP&sock=55755_2f5f_4>
...
006 (009.000.000) 06/01 16:07:00 Image size of job updated: 4
	6  -  MemoryUsage of job (MB)
	5168  -  ResidentSetSize of job (KB)
...
006 (009.000.000) 06/01 16:12:00 Image size of job updated: 11783604
	2271  -  MemoryUsage of job (MB)
	2325316  -  ResidentSetSize of job (KB)
...
006 (009.000.000) 06/01 16:17:00 Image size of job updated: 11783604
	2956  -  MemoryUsage of job (MB)
	3026372  -  ResidentSetSize of job (KB)
...
006 (009.000.000) 06/01 16:27:01 Image size of job updated: 11801556
	2956  -  MemoryUsage of job (MB)
	3026372  -  ResidentSetSize of job (KB)
...
006 (009.000.000) 06/01 16:37:01 Image size of job updated: 11801556
	3013  -  MemoryUsage of job (MB)
	3084648  -  ResidentSetSize of job (KB)
...
005 (009.000.000) 06/01 16:45:49 Job terminated.
	(1) Normal termination (return value 0)
		Usr 0 02:27:16, Sys 0 00:03:20  -  Run Remote Usage
		Usr 0 00:00:00, Sys 0 00:00:00  -  Run Local Usage
		Usr 0 02:27:16, Sys 0 00:03:20  -  Total Remote Usage
		Usr 0 00:00:00, Sys 0 00:00:00  -  Total Local Usage
	0  -  Run Bytes Sent By Job
	0  -  Run Bytes Received By Job
	0  -  Total Bytes Sent By Job
	0  -  Total Bytes Received By Job
	Partitionable Resources :    Usage  Request Allocated Assigned
	   Cpus                 :     7.72       16        16 
	   Disk (KB)            :     4           4  12998292 
	   Gpus                 :     0                     1 "CUDA0"
	   Memory (MB)          :  3013           1     15777 
...
